******************************************************************************
                  TI ARM Linker PC v18.1.6                     
******************************************************************************
>> Linked Thu Jul 25 11:21:45 2019

OUTPUT FILE NAME:   <sport_tag_FlashROM.out>
ENTRY POINT SYMBOL: "ResetISR"  address: 0000a501


MEMORY CONFIGURATION

         name            origin    length      used     unused   attr    fill
----------------------  --------  ---------  --------  --------  ----  --------
  FLASH_IMG_HDR         00000000   000000a8  000000a5  00000003  R  X
  ENTRY                 000000a8   00000040  0000003c  00000004  R  X
  FLASH                 000000e8   00012f98  0000d960  00005638  R  X
  SRAM                  20000000   00003f48  0000296d  000015db  RW X


SEGMENT ALLOCATION MAP

run origin  load origin   length   init length attrs members
----------  ----------- ---------- ----------- ----- -------
00000000    00000000    0000da4c   0000da4c    r-x
  00000000    00000000    000000a5   000000a5    r-- .img_hdr
  000000a8    000000a8    0000003c   0000003c    r-- .resetVecs
  000000e8    000000e8    00000f18   00000f18    r-x .text.1
  00001000    00001000    00000028   00000028    r-- .const:ti_sysbios_heaps_HeapMem_Module__FXNS__C
  00001028    00001028    00000024   00000024    r-- .const:ti_sysbios_gates_GateHwi_Module__FXNS__C
  0000104c    0000104c    00000024   00000024    r-- .const:ti_sysbios_gates_GateMutex_Module__FXNS__C
  00001070    00001070    00000020   00000020    r-- .const:ti_sysbios_family_arm_m3_Hwi_Object__DESC__C
  00001090    00001090    00000020   00000020    r-- .const:ti_sysbios_gates_GateHwi_Object__DESC__C
  000010b0    000010b0    00000020   00000020    r-- .const:ti_sysbios_gates_GateMutex_Object__DESC__C
  000010d0    000010d0    00000020   00000020    r-- .const:ti_sysbios_hal_Hwi_Object__DESC__C
  000010f0    000010f0    00000020   00000020    r-- .const:ti_sysbios_heaps_HeapMem_Object__DESC__C
  00001110    00001110    00000020   00000020    r-- .const:ti_sysbios_knl_Clock_Object__DESC__C
  00001130    00001130    00000020   00000020    r-- .const:ti_sysbios_knl_Event_Object__DESC__C
  00001150    00001150    00000020   00000020    r-- .const:ti_sysbios_knl_Mailbox_Object__DESC__C
  00001170    00001170    00000020   00000020    r-- .const:ti_sysbios_knl_Queue_Object__DESC__C
  00001190    00001190    00000020   00000020    r-- .const:ti_sysbios_knl_Semaphore_Object__DESC__C
  000011b0    000011b0    00000020   00000020    r-- .const:ti_sysbios_knl_Swi_Object__DESC__C
  000011d0    000011d0    00000020   00000020    r-- .const:ti_sysbios_knl_Task_Object__DESC__C
  000011f0    000011f0    00000008   00000008    r-- .const:ti_sysbios_knl_Idle_funcList__C
  000011f8    000011f8    00000004   00000004    r-- .const:ti_sysbios_family_arm_cc26xx_Timer_startupNeeded__C
  000011fc    000011fc    00000004   00000004    r-- .const:ti_sysbios_family_arm_m3_Hwi_E_alreadyDefined__C
  00001200    00001200    00000004   00000004    r-- .const:ti_sysbios_family_arm_m3_Hwi_E_hwiLimitExceeded__C
  00001204    00001204    00000004   00000004    r-- .const:ti_sysbios_family_arm_m3_Hwi_NUM_INTERRUPTS__C
  00001208    00001208    00000004   00000004    r-- .const:ti_sysbios_family_arm_m3_Hwi_Object__count__C
  0000120c    0000120c    00000004   00000004    r-- .const:ti_sysbios_family_arm_m3_Hwi_Object__table__C
  00001210    00001210    00000004   00000004    r-- .const:ti_sysbios_family_arm_m3_Hwi_ccr__C
  00001214    00001214    00000004   00000004    r-- .const:ti_sysbios_family_arm_m3_Hwi_excHandlerFunc__C
  00001218    00001218    00000004   00000004    r-- .const:ti_sysbios_family_arm_m3_Hwi_nullIsrFunc__C
  0000121c    0000121c    00000004   00000004    r-- .const:ti_sysbios_family_arm_m3_Hwi_numSparseInterrupts__C
  00001220    00001220    00000004   00000004    r-- .const:ti_sysbios_family_arm_m3_Hwi_priGroup__C
  00001224    00001224    00000004   00000004    r-- .const:ti_sysbios_family_arm_m3_TaskSupport_stackAlignment__C
  00001228    00001228    00000004   00000004    r-- .const:ti_sysbios_heaps_HeapMem_E_memory__C
  0000122c    0000122c    00000004   00000004    r-- .const:ti_sysbios_heaps_HeapMem_Module__gateObj__C
  00001230    00001230    00000004   00000004    r-- .const:ti_sysbios_heaps_HeapMem_Object__count__C
  00001234    00001234    00000004   00000004    r-- .const:ti_sysbios_heaps_HeapMem_Object__table__C
  00001238    00001238    00000004   00000004    r-- .const:ti_sysbios_heaps_HeapMem_reqAlign__C
  0000123c    0000123c    00000004   00000004    r-- .const:ti_sysbios_knl_Clock_triggerClock__C
  00001240    00001240    00000004   00000004    r-- .const:ti_sysbios_knl_Mailbox_Object__count__C
  00001244    00001244    00000004   00000004    r-- .const:ti_sysbios_knl_Mailbox_Object__table__C
  00001248    00001248    00000004   00000004    r-- .const:ti_sysbios_knl_Mailbox_maxTypeAlign__C
  0000124c    0000124c    00000004   00000004    r-- .const:ti_sysbios_knl_Queue_Object__count__C
  00001250    00001250    00000004   00000004    r-- .const:ti_sysbios_knl_Queue_Object__table__C
  00001254    00001254    00000004   00000004    r-- .const:ti_sysbios_knl_Semaphore_eventPost__C
  00001258    00001258    00000004   00000004    r-- .const:ti_sysbios_knl_Semaphore_eventSync__C
  0000125c    0000125c    00000004   00000004    r-- .const:ti_sysbios_knl_Swi_Object__count__C
  00001260    00001260    00000004   00000004    r-- .const:ti_sysbios_knl_Swi_Object__table__C
  00001264    00001264    00000004   00000004    r-- .const:ti_sysbios_knl_Swi_numPriorities__C
  00001268    00001268    00000004   00000004    r-- .const:ti_sysbios_knl_Task_Object__count__C
  0000126c    0000126c    00000004   00000004    r-- .const:ti_sysbios_knl_Task_Object__table__C
  00001270    00001270    00000004   00000004    r-- .const:ti_sysbios_knl_Task_allBlockedFunc__C
  00001274    00001274    00000004   00000004    r-- .const:ti_sysbios_knl_Task_defaultStackHeap__C
  00001278    00001278    00000004   00000004    r-- .const:ti_sysbios_knl_Task_defaultStackSize__C
  0000127c    0000127c    00000004   00000004    r-- .const:ti_sysbios_knl_Task_numConstructedTasks__C
  00001280    00001280    00000002   00000002    r-- .const:ti_sysbios_family_arm_cc26xx_Timer_Module__id__C
  00001282    00001282    00000002   00000002    r-- .const:ti_sysbios_family_arm_cc26xx_TimestampProvider_useClockTimer__C
  00001284    00001284    00000002   00000002    r-- .const:ti_sysbios_family_arm_m3_Hwi_Module__id__C
  00001286    00001286    00000002   00000002    r-- .const:ti_sysbios_gates_GateHwi_Module__id__C
  00001288    00001288    00000002   00000002    r-- .const:ti_sysbios_gates_GateMutex_Module__id__C
  0000128a    0000128a    00000002   00000002    r-- .const:ti_sysbios_heaps_HeapMem_Module__id__C
  0000128c    0000128c    00000002   00000002    r-- .const:ti_sysbios_knl_Task_initStackFlag__C
  0000128e    0000128e    00000001   00000001    r-- .const:ti_sysbios_knl_Clock_tickMode__C
  00001290    00001290    00000008   00000008    r-- .const:xdc_runtime_Startup_firstFxns__C
  00001298    00001298    00000008   00000008    r-- .const:xdc_runtime_Startup_lastFxns__C
  000012a0    000012a0    00000004   00000004    r-- .const:xdc_runtime_Assert_E_assertFailed__C
  000012a4    000012a4    00000004   00000004    r-- .const:xdc_runtime_Error_E_memory__C
  000012a8    000012a8    00000004   00000004    r-- .const:xdc_runtime_Error_policyFxn__C
  000012ac    000012ac    00000004   00000004    r-- .const:xdc_runtime_Error_raiseHook__C
  000012b0    000012b0    00000004   00000004    r-- .const:xdc_runtime_IGateProvider_Interface__BASE__C
  000012b4    000012b4    00000004   00000004    r-- .const:xdc_runtime_IHeap_Interface__BASE__C
  000012b8    000012b8    00000004   00000004    r-- .const:xdc_runtime_IModule_Interface__BASE__C
  000012bc    000012bc    00000004   00000004    r-- .const:xdc_runtime_Memory_defaultHeapInstance__C
  000012c0    000012c0    00000004   00000004    r-- .const:xdc_runtime_Startup_execImpl__C
  000012c4    000012c4    00000004   00000004    r-- .const:xdc_runtime_Startup_maxPasses__C
  000012c8    000012c8    00000004   00000004    r-- .const:xdc_runtime_Startup_sfxnRts__C
  000012cc    000012cc    00000004   00000004    r-- .const:xdc_runtime_Startup_sfxnTab__C
  000012d0    000012d0    00000004   00000004    r-- .const:xdc_runtime_Startup_startModsFxn__C
  000012d4    000012d4    00000004   00000004    r-- .const:xdc_runtime_SysCallback_abortFxn__C
  000012d8    000012d8    00000004   00000004    r-- .const:xdc_runtime_SysCallback_exitFxn__C
  000012dc    000012dc    00000004   00000004    r-- .const:xdc_runtime_System_abortFxn__C
  000012e0    000012e0    00000004   00000004    r-- .const:xdc_runtime_System_exitFxn__C
  000012e4    000012e4    00000004   00000004    r-- .const:xdc_runtime_System_maxAtexitHandlers__C
  000012e8    000012e8    00000004   00000004    r-- .const:xdc_runtime_Text_charTab__C
  000012ec    000012ec    00000004   00000004    r-- .const:xdc_runtime_Text_nameEmpty__C
  000012f0    000012f0    00000004   00000004    r-- .const:xdc_runtime_Text_nameStatic__C
  000012f4    000012f4    00000004   00000004    r-- .const:xdc_runtime_Text_nameUnknown__C
  000012f8    000012f8    00000002   00000002    r-- .const:xdc_runtime_Error_maxDepth__C
  000012fa    000012fa    00000002   00000002    r-- .const:xdc_runtime_Memory_Module__id__C
  000012fc    000012fc    00000002   00000002    r-- .const:xdc_runtime_Text_charCnt__C
  000012fe    000012fe    00000002   00000002    r-- .const:xdc_runtime_Text_isLoaded__C
  00001300    00001300    00000001   00000001    r-- .const:xdc_runtime_Error_policy__C
  00001304    00001304    00000004   00000004    r-- .const:ti_sysbios_rom_ROM_ti_sysbios_family_arm_cc26xx_Timer_getCount64__E
  00001308    00001308    00000004   00000004    r-- .const:ti_sysbios_rom_ROM_ti_sysbios_family_arm_cc26xx_Timer_getCurrentTick__E
  0000130c    0000130c    00000004   00000004    r-- .const:ti_sysbios_rom_ROM_ti_sysbios_family_arm_cc26xx_Timer_getMaxTicks__E
  00001310    00001310    00000004   00000004    r-- .const:ti_sysbios_rom_ROM_ti_sysbios_family_arm_cc26xx_Timer_initDevice__I
  00001314    00001314    00000004   00000004    r-- .const:ti_sysbios_rom_ROM_ti_sysbios_family_arm_cc26xx_Timer_setNextTick__E
  00001318    00001318    00000004   00000004    r-- .const:ti_sysbios_rom_ROM_ti_sysbios_family_arm_cc26xx_Timer_setThreshold__I
  0000131c    0000131c    00000004   00000004    r-- .const:ti_sysbios_rom_ROM_ti_sysbios_family_arm_cc26xx_Timer_start__E
  00001320    00001320    00000004   00000004    r-- .const:ti_sysbios_rom_ROM_ti_sysbios_family_arm_cc26xx_TimestampProvider_get32__E
  00001324    00001324    00000004   00000004    r-- .const:ti_sysbios_rom_ROM_xdc_runtime_Startup_getState__I
  00001328    00001328    00000004   00000004    r-- .const:ti_sysbios_rom_ROM_xdc_runtime_System_SupportProxy_abort__E
  0000132c    0000132c    00000004   00000004    r-- .const:ti_sysbios_rom_ROM_xdc_runtime_System_SupportProxy_exit__E
  00001330    00001330    0000b7bc   0000b7bc    r-x .text.2
  0000caec    0000caec    00000934   00000934    r-- .const
  0000d420    0000d420    00000058   00000058    r-- .ccfg
  0000d478    0000d478    000005d4   000005d4    r-- .cinit
20000100    20000100    00000106   00000000    rw-
  20000100    20000100    00000044   00000000    rw- .data:ti_sysbios_knl_Task_Module__state__V
  20000144    20000144    00000034   00000000    rw- .data:ti_sysbios_family_arm_m3_Hwi_Module__state__V
  20000178    20000178    0000002c   00000000    rw- .data:ti_sysbios_knl_Clock_Module__state__V
  200001a4    200001a4    00000024   00000000    rw- .data:ti_sysbios_BIOS_Module__state__V
  200001c8    200001c8    0000001c   00000000    rw- .data:ti_sysbios_knl_Swi_Module__state__V
  200001e4    200001e4    00000008   00000000    rw- .data:ti_sysbios_family_arm_cc26xx_Timer_Module__state__V
  200001ec    200001ec    00000004   00000000    rw- .data:ti_sysbios_family_arm_cc26xx_TimestampProvider_Module__state__V
  200001f0    200001f0    00000008   00000000    rw- .data:xdc_runtime_Startup_Module__state__V
  200001f8    200001f8    00000008   00000000    rw- .data:xdc_runtime_System_Module__state__V
  20000200    20000200    00000004   00000000    rw- .data:xdc_runtime_Memory_Module__state__V
  20000204    20000204    00000002   00000000    rw- .data:xdc_runtime_Error_Module__state__V
20000430    20000430    00000010   00000000    rw-
  20000430    20000430    00000010   00000000    rw- .TI.bound:dmaSpi0RxControlTableEntry
20000440    20000440    00000010   00000000    rw-
  20000440    20000440    00000010   00000000    rw- .TI.bound:dmaSpi0TxControlTableEntry
20000500    20000500    00000010   00000000    rw-
  20000500    20000500    00000010   00000000    rw- .TI.bound:dmaSpi1RxControlTableEntry
20000510    20000510    0000236f   00000000    rw-
  20000510    20000510    00000010   00000000    rw- .TI.bound:dmaSpi1TxControlTableEntry
  20000520    20000520    000016c8   00000000    rw- .data
  20001be8    20001be8    00000c97   00000000    rw- .bss
20003b48    20003b48    00000400   00000000    rw-
  20003b48    20003b48    00000400   00000000    rw- .stack


SECTION ALLOCATION MAP

 output                                  attributes/
section   page    origin      length       input sections
--------  ----  ----------  ----------   ----------------
.text.1    0    000000e8    00000f18     
                  000000e8    00000874     simple_peripheral_oad_offchip.obj (.text:SimplePeripheral_taskFxn$3)
                  0000095c    00000008     (.tramp.ti_sysbios_knl_Event_pend__E.1)
                  00000964    00000008     (.tramp.ti_sysbios_knl_Queue_get__E.1)
                  0000096c    00000008     (.tramp.ti_sysbios_knl_Queue_empty__E.1)
                  00000974    0000059c     peripheral_observer.obj (.text:gapRole_taskFxn$22)
                  00000f10    000000e4     drivers_cc26x0r2.aem3 : SPICC26XXDMA.oem3 (.text:SPICC26XXDMA_transferCancel)
                  00000ff4    00000008     (.tramp.ti_sysbios_family_arm_m3_Hwi_restoreFxn__E.1)
                  00000ffc    00000004     dpl_cc26x0r2.aem3 : PowerCC26XX_tirtos.oem3 (.text:CPUwfi)

.const:ti_sysbios_heaps_HeapMem_Module__FXNS__C 
*          0    00001000    00000028     
                  00001000    00000028     app_ble_pem3.oem3 (.const:ti_sysbios_heaps_HeapMem_Module__FXNS__C)

.const:ti_sysbios_gates_GateHwi_Module__FXNS__C 
*          0    00001028    00000024     
                  00001028    00000024     app_ble_pem3.oem3 (.const:ti_sysbios_gates_GateHwi_Module__FXNS__C)

.const:ti_sysbios_gates_GateMutex_Module__FXNS__C 
*          0    0000104c    00000024     
                  0000104c    00000024     app_ble_pem3.oem3 (.const:ti_sysbios_gates_GateMutex_Module__FXNS__C)

.const:ti_sysbios_family_arm_m3_Hwi_Object__DESC__C 
*          0    00001070    00000020     
                  00001070    00000020     app_ble_pem3.oem3 (.const:ti_sysbios_family_arm_m3_Hwi_Object__DESC__C)

.const:ti_sysbios_gates_GateHwi_Object__DESC__C 
*          0    00001090    00000020     
                  00001090    00000020     app_ble_pem3.oem3 (.const:ti_sysbios_gates_GateHwi_Object__DESC__C)

.const:ti_sysbios_gates_GateMutex_Object__DESC__C 
*          0    000010b0    00000020     
                  000010b0    00000020     app_ble_pem3.oem3 (.const:ti_sysbios_gates_GateMutex_Object__DESC__C)

.const:ti_sysbios_hal_Hwi_Object__DESC__C 
*          0    000010d0    00000020     
                  000010d0    00000020     app_ble_pem3.oem3 (.const:ti_sysbios_hal_Hwi_Object__DESC__C)

.const:ti_sysbios_heaps_HeapMem_Object__DESC__C 
*          0    000010f0    00000020     
                  000010f0    00000020     app_ble_pem3.oem3 (.const:ti_sysbios_heaps_HeapMem_Object__DESC__C)

.const:ti_sysbios_knl_Clock_Object__DESC__C 
*          0    00001110    00000020     
                  00001110    00000020     app_ble_pem3.oem3 (.const:ti_sysbios_knl_Clock_Object__DESC__C)

.const:ti_sysbios_knl_Event_Object__DESC__C 
*          0    00001130    00000020     
                  00001130    00000020     app_ble_pem3.oem3 (.const:ti_sysbios_knl_Event_Object__DESC__C)

.const:ti_sysbios_knl_Mailbox_Object__DESC__C 
*          0    00001150    00000020     
                  00001150    00000020     app_ble_pem3.oem3 (.const:ti_sysbios_knl_Mailbox_Object__DESC__C)

.const:ti_sysbios_knl_Queue_Object__DESC__C 
*          0    00001170    00000020     
                  00001170    00000020     app_ble_pem3.oem3 (.const:ti_sysbios_knl_Queue_Object__DESC__C)

.const:ti_sysbios_knl_Semaphore_Object__DESC__C 
*          0    00001190    00000020     
                  00001190    00000020     app_ble_pem3.oem3 (.const:ti_sysbios_knl_Semaphore_Object__DESC__C)

.const:ti_sysbios_knl_Swi_Object__DESC__C 
*          0    000011b0    00000020     
                  000011b0    00000020     app_ble_pem3.oem3 (.const:ti_sysbios_knl_Swi_Object__DESC__C)

.const:ti_sysbios_knl_Task_Object__DESC__C 
*          0    000011d0    00000020     
                  000011d0    00000020     app_ble_pem3.oem3 (.const:ti_sysbios_knl_Task_Object__DESC__C)

.const:ti_sysbios_knl_Idle_funcList__C 
*          0    000011f0    00000008     
                  000011f0    00000008     app_ble_pem3.oem3 (.const:ti_sysbios_knl_Idle_funcList__C)

.const:ti_sysbios_family_arm_cc26xx_Timer_startupNeeded__C 
*          0    000011f8    00000004     
                  000011f8    00000004     app_ble_pem3.oem3 (.const:ti_sysbios_family_arm_cc26xx_Timer_startupNeeded__C)

.const:ti_sysbios_family_arm_m3_Hwi_E_alreadyDefined__C 
*          0    000011fc    00000004     
                  000011fc    00000004     app_ble_pem3.oem3 (.const:ti_sysbios_family_arm_m3_Hwi_E_alreadyDefined__C)

.const:ti_sysbios_family_arm_m3_Hwi_E_hwiLimitExceeded__C 
*          0    00001200    00000004     
                  00001200    00000004     app_ble_pem3.oem3 (.const:ti_sysbios_family_arm_m3_Hwi_E_hwiLimitExceeded__C)

.const:ti_sysbios_family_arm_m3_Hwi_NUM_INTERRUPTS__C 
*          0    00001204    00000004     
                  00001204    00000004     app_ble_pem3.oem3 (.const:ti_sysbios_family_arm_m3_Hwi_NUM_INTERRUPTS__C)

.const:ti_sysbios_family_arm_m3_Hwi_Object__count__C 
*          0    00001208    00000004     
                  00001208    00000004     app_ble_pem3.oem3 (.const:ti_sysbios_family_arm_m3_Hwi_Object__count__C)

.const:ti_sysbios_family_arm_m3_Hwi_Object__table__C 
*          0    0000120c    00000004     
                  0000120c    00000004     app_ble_pem3.oem3 (.const:ti_sysbios_family_arm_m3_Hwi_Object__table__C)

.const:ti_sysbios_family_arm_m3_Hwi_ccr__C 
*          0    00001210    00000004     
                  00001210    00000004     app_ble_pem3.oem3 (.const:ti_sysbios_family_arm_m3_Hwi_ccr__C)

.const:ti_sysbios_family_arm_m3_Hwi_excHandlerFunc__C 
*          0    00001214    00000004     
                  00001214    00000004     app_ble_pem3.oem3 (.const:ti_sysbios_family_arm_m3_Hwi_excHandlerFunc__C)

.const:ti_sysbios_family_arm_m3_Hwi_nullIsrFunc__C 
*          0    00001218    00000004     
                  00001218    00000004     app_ble_pem3.oem3 (.const:ti_sysbios_family_arm_m3_Hwi_nullIsrFunc__C)

.const:ti_sysbios_family_arm_m3_Hwi_numSparseInterrupts__C 
*          0    0000121c    00000004     
                  0000121c    00000004     app_ble_pem3.oem3 (.const:ti_sysbios_family_arm_m3_Hwi_numSparseInterrupts__C)

.const:ti_sysbios_family_arm_m3_Hwi_priGroup__C 
*          0    00001220    00000004     
                  00001220    00000004     app_ble_pem3.oem3 (.const:ti_sysbios_family_arm_m3_Hwi_priGroup__C)

.const:ti_sysbios_family_arm_m3_TaskSupport_stackAlignment__C 
*          0    00001224    00000004     
                  00001224    00000004     app_ble_pem3.oem3 (.const:ti_sysbios_family_arm_m3_TaskSupport_stackAlignment__C)

.const:ti_sysbios_heaps_HeapMem_E_memory__C 
*          0    00001228    00000004     
                  00001228    00000004     app_ble_pem3.oem3 (.const:ti_sysbios_heaps_HeapMem_E_memory__C)

.const:ti_sysbios_heaps_HeapMem_Module__gateObj__C 
*          0    0000122c    00000004     
                  0000122c    00000004     app_ble_pem3.oem3 (.const:ti_sysbios_heaps_HeapMem_Module__gateObj__C)

.const:ti_sysbios_heaps_HeapMem_Object__count__C 
*          0    00001230    00000004     
                  00001230    00000004     app_ble_pem3.oem3 (.const:ti_sysbios_heaps_HeapMem_Object__count__C)

.const:ti_sysbios_heaps_HeapMem_Object__table__C 
*          0    00001234    00000004     
                  00001234    00000004     app_ble_pem3.oem3 (.const:ti_sysbios_heaps_HeapMem_Object__table__C)

.const:ti_sysbios_heaps_HeapMem_reqAlign__C 
*          0    00001238    00000004     
                  00001238    00000004     app_ble_pem3.oem3 (.const:ti_sysbios_heaps_HeapMem_reqAlign__C)

.const:ti_sysbios_knl_Clock_triggerClock__C 
*          0    0000123c    00000004     
                  0000123c    00000004     app_ble_pem3.oem3 (.const:ti_sysbios_knl_Clock_triggerClock__C)

.const:ti_sysbios_knl_Mailbox_Object__count__C 
*          0    00001240    00000004     
                  00001240    00000004     app_ble_pem3.oem3 (.const:ti_sysbios_knl_Mailbox_Object__count__C)

.const:ti_sysbios_knl_Mailbox_Object__table__C 
*          0    00001244    00000004     
                  00001244    00000004     app_ble_pem3.oem3 (.const:ti_sysbios_knl_Mailbox_Object__table__C)

.const:ti_sysbios_knl_Mailbox_maxTypeAlign__C 
*          0    00001248    00000004     
                  00001248    00000004     app_ble_pem3.oem3 (.const:ti_sysbios_knl_Mailbox_maxTypeAlign__C)

.const:ti_sysbios_knl_Queue_Object__count__C 
*          0    0000124c    00000004     
                  0000124c    00000004     app_ble_pem3.oem3 (.const:ti_sysbios_knl_Queue_Object__count__C)

.const:ti_sysbios_knl_Queue_Object__table__C 
*          0    00001250    00000004     
                  00001250    00000004     app_ble_pem3.oem3 (.const:ti_sysbios_knl_Queue_Object__table__C)

.const:ti_sysbios_knl_Semaphore_eventPost__C 
*          0    00001254    00000004     
                  00001254    00000004     app_ble_pem3.oem3 (.const:ti_sysbios_knl_Semaphore_eventPost__C)

.const:ti_sysbios_knl_Semaphore_eventSync__C 
*          0    00001258    00000004     
                  00001258    00000004     app_ble_pem3.oem3 (.const:ti_sysbios_knl_Semaphore_eventSync__C)

.const:ti_sysbios_knl_Swi_Object__count__C 
*          0    0000125c    00000004     
                  0000125c    00000004     app_ble_pem3.oem3 (.const:ti_sysbios_knl_Swi_Object__count__C)

.const:ti_sysbios_knl_Swi_Object__table__C 
*          0    00001260    00000004     
                  00001260    00000004     app_ble_pem3.oem3 (.const:ti_sysbios_knl_Swi_Object__table__C)

.const:ti_sysbios_knl_Swi_numPriorities__C 
*          0    00001264    00000004     
                  00001264    00000004     app_ble_pem3.oem3 (.const:ti_sysbios_knl_Swi_numPriorities__C)

.const:ti_sysbios_knl_Task_Object__count__C 
*          0    00001268    00000004     
                  00001268    00000004     app_ble_pem3.oem3 (.const:ti_sysbios_knl_Task_Object__count__C)

.const:ti_sysbios_knl_Task_Object__table__C 
*          0    0000126c    00000004     
                  0000126c    00000004     app_ble_pem3.oem3 (.const:ti_sysbios_knl_Task_Object__table__C)

.const:ti_sysbios_knl_Task_allBlockedFunc__C 
*          0    00001270    00000004     
                  00001270    00000004     app_ble_pem3.oem3 (.const:ti_sysbios_knl_Task_allBlockedFunc__C)

.const:ti_sysbios_knl_Task_defaultStackHeap__C 
*          0    00001274    00000004     
                  00001274    00000004     app_ble_pem3.oem3 (.const:ti_sysbios_knl_Task_defaultStackHeap__C)

.const:ti_sysbios_knl_Task_defaultStackSize__C 
*          0    00001278    00000004     
                  00001278    00000004     app_ble_pem3.oem3 (.const:ti_sysbios_knl_Task_defaultStackSize__C)

.const:ti_sysbios_knl_Task_numConstructedTasks__C 
*          0    0000127c    00000004     
                  0000127c    00000004     app_ble_pem3.oem3 (.const:ti_sysbios_knl_Task_numConstructedTasks__C)

.const:ti_sysbios_family_arm_cc26xx_Timer_Module__id__C 
*          0    00001280    00000002     
                  00001280    00000002     app_ble_pem3.oem3 (.const:ti_sysbios_family_arm_cc26xx_Timer_Module__id__C)

.const:ti_sysbios_family_arm_cc26xx_TimestampProvider_useClockTimer__C 
*          0    00001282    00000002     
                  00001282    00000002     app_ble_pem3.oem3 (.const:ti_sysbios_family_arm_cc26xx_TimestampProvider_useClockTimer__C)

.const:ti_sysbios_family_arm_m3_Hwi_Module__id__C 
*          0    00001284    00000002     
                  00001284    00000002     app_ble_pem3.oem3 (.const:ti_sysbios_family_arm_m3_Hwi_Module__id__C)

.const:ti_sysbios_gates_GateHwi_Module__id__C 
*          0    00001286    00000002     
                  00001286    00000002     app_ble_pem3.oem3 (.const:ti_sysbios_gates_GateHwi_Module__id__C)

.const:ti_sysbios_gates_GateMutex_Module__id__C 
*          0    00001288    00000002     
                  00001288    00000002     app_ble_pem3.oem3 (.const:ti_sysbios_gates_GateMutex_Module__id__C)

.const:ti_sysbios_heaps_HeapMem_Module__id__C 
*          0    0000128a    00000002     
                  0000128a    00000002     app_ble_pem3.oem3 (.const:ti_sysbios_heaps_HeapMem_Module__id__C)

.const:ti_sysbios_knl_Task_initStackFlag__C 
*          0    0000128c    00000002     
                  0000128c    00000002     app_ble_pem3.oem3 (.const:ti_sysbios_knl_Task_initStackFlag__C)

.const:ti_sysbios_knl_Clock_tickMode__C 
*          0    0000128e    00000001     
                  0000128e    00000001     app_ble_pem3.oem3 (.const:ti_sysbios_knl_Clock_tickMode__C)

.const:xdc_runtime_Startup_firstFxns__C 
*          0    00001290    00000008     
                  00001290    00000008     app_ble_pem3.oem3 (.const:xdc_runtime_Startup_firstFxns__C)

.const:xdc_runtime_Startup_lastFxns__C 
*          0    00001298    00000008     
                  00001298    00000008     app_ble_pem3.oem3 (.const:xdc_runtime_Startup_lastFxns__C)

.const:xdc_runtime_Assert_E_assertFailed__C 
*          0    000012a0    00000004     
                  000012a0    00000004     app_ble_pem3.oem3 (.const:xdc_runtime_Assert_E_assertFailed__C)

.const:xdc_runtime_Error_E_memory__C 
*          0    000012a4    00000004     
                  000012a4    00000004     app_ble_pem3.oem3 (.const:xdc_runtime_Error_E_memory__C)

.const:xdc_runtime_Error_policyFxn__C 
*          0    000012a8    00000004     
                  000012a8    00000004     app_ble_pem3.oem3 (.const:xdc_runtime_Error_policyFxn__C)

.const:xdc_runtime_Error_raiseHook__C 
*          0    000012ac    00000004     
                  000012ac    00000004     app_ble_pem3.oem3 (.const:xdc_runtime_Error_raiseHook__C)

.const:xdc_runtime_IGateProvider_Interface__BASE__C 
*          0    000012b0    00000004     
                  000012b0    00000004     app_ble_pem3.oem3 (.const:xdc_runtime_IGateProvider_Interface__BASE__C)

.const:xdc_runtime_IHeap_Interface__BASE__C 
*          0    000012b4    00000004     
                  000012b4    00000004     app_ble_pem3.oem3 (.const:xdc_runtime_IHeap_Interface__BASE__C)

.const:xdc_runtime_IModule_Interface__BASE__C 
*          0    000012b8    00000004     
                  000012b8    00000004     app_ble_pem3.oem3 (.const:xdc_runtime_IModule_Interface__BASE__C)

.const:xdc_runtime_Memory_defaultHeapInstance__C 
*          0    000012bc    00000004     
                  000012bc    00000004     app_ble_pem3.oem3 (.const:xdc_runtime_Memory_defaultHeapInstance__C)

.const:xdc_runtime_Startup_execImpl__C 
*          0    000012c0    00000004     
                  000012c0    00000004     app_ble_pem3.oem3 (.const:xdc_runtime_Startup_execImpl__C)

.const:xdc_runtime_Startup_maxPasses__C 
*          0    000012c4    00000004     
                  000012c4    00000004     app_ble_pem3.oem3 (.const:xdc_runtime_Startup_maxPasses__C)

.const:xdc_runtime_Startup_sfxnRts__C 
*          0    000012c8    00000004     
                  000012c8    00000004     app_ble_pem3.oem3 (.const:xdc_runtime_Startup_sfxnRts__C)

.const:xdc_runtime_Startup_sfxnTab__C 
*          0    000012cc    00000004     
                  000012cc    00000004     app_ble_pem3.oem3 (.const:xdc_runtime_Startup_sfxnTab__C)

.const:xdc_runtime_Startup_startModsFxn__C 
*          0    000012d0    00000004     
                  000012d0    00000004     app_ble_pem3.oem3 (.const:xdc_runtime_Startup_startModsFxn__C)

.const:xdc_runtime_SysCallback_abortFxn__C 
*          0    000012d4    00000004     
                  000012d4    00000004     app_ble_pem3.oem3 (.const:xdc_runtime_SysCallback_abortFxn__C)

.const:xdc_runtime_SysCallback_exitFxn__C 
*          0    000012d8    00000004     
                  000012d8    00000004     app_ble_pem3.oem3 (.const:xdc_runtime_SysCallback_exitFxn__C)

.const:xdc_runtime_System_abortFxn__C 
*          0    000012dc    00000004     
                  000012dc    00000004     app_ble_pem3.oem3 (.const:xdc_runtime_System_abortFxn__C)

.const:xdc_runtime_System_exitFxn__C 
*          0    000012e0    00000004     
                  000012e0    00000004     app_ble_pem3.oem3 (.const:xdc_runtime_System_exitFxn__C)

.const:xdc_runtime_System_maxAtexitHandlers__C 
*          0    000012e4    00000004     
                  000012e4    00000004     app_ble_pem3.oem3 (.const:xdc_runtime_System_maxAtexitHandlers__C)

.const:xdc_runtime_Text_charTab__C 
*          0    000012e8    00000004     
                  000012e8    00000004     app_ble_pem3.oem3 (.const:xdc_runtime_Text_charTab__C)

.const:xdc_runtime_Text_nameEmpty__C 
*          0    000012ec    00000004     
                  000012ec    00000004     app_ble_pem3.oem3 (.const:xdc_runtime_Text_nameEmpty__C)

.const:xdc_runtime_Text_nameStatic__C 
*          0    000012f0    00000004     
                  000012f0    00000004     app_ble_pem3.oem3 (.const:xdc_runtime_Text_nameStatic__C)

.const:xdc_runtime_Text_nameUnknown__C 
*          0    000012f4    00000004     
                  000012f4    00000004     app_ble_pem3.oem3 (.const:xdc_runtime_Text_nameUnknown__C)

.const:xdc_runtime_Error_maxDepth__C 
*          0    000012f8    00000002     
                  000012f8    00000002     app_ble_pem3.oem3 (.const:xdc_runtime_Error_maxDepth__C)

.const:xdc_runtime_Memory_Module__id__C 
*          0    000012fa    00000002     
                  000012fa    00000002     app_ble_pem3.oem3 (.const:xdc_runtime_Memory_Module__id__C)

.const:xdc_runtime_Text_charCnt__C 
*          0    000012fc    00000002     
                  000012fc    00000002     app_ble_pem3.oem3 (.const:xdc_runtime_Text_charCnt__C)

.const:xdc_runtime_Text_isLoaded__C 
*          0    000012fe    00000002     
                  000012fe    00000002     app_ble_pem3.oem3 (.const:xdc_runtime_Text_isLoaded__C)

.const:xdc_runtime_Error_policy__C 
*          0    00001300    00000001     
                  00001300    00000001     app_ble_pem3.oem3 (.const:xdc_runtime_Error_policy__C)

.const:ti_sysbios_rom_ROM_ti_sysbios_family_arm_cc26xx_Timer_getCount64__E 
*          0    00001304    00000004     
                  00001304    00000004     app_ble_pem3.oem3 (.const:ti_sysbios_rom_ROM_ti_sysbios_family_arm_cc26xx_Timer_getCount64__E)

.const:ti_sysbios_rom_ROM_ti_sysbios_family_arm_cc26xx_Timer_getCurrentTick__E 
*          0    00001308    00000004     
                  00001308    00000004     app_ble_pem3.oem3 (.const:ti_sysbios_rom_ROM_ti_sysbios_family_arm_cc26xx_Timer_getCurrentTick__E)

.const:ti_sysbios_rom_ROM_ti_sysbios_family_arm_cc26xx_Timer_getMaxTicks__E 
*          0    0000130c    00000004     
                  0000130c    00000004     app_ble_pem3.oem3 (.const:ti_sysbios_rom_ROM_ti_sysbios_family_arm_cc26xx_Timer_getMaxTicks__E)

.const:ti_sysbios_rom_ROM_ti_sysbios_family_arm_cc26xx_Timer_initDevice__I 
*          0    00001310    00000004     
                  00001310    00000004     app_ble_pem3.oem3 (.const:ti_sysbios_rom_ROM_ti_sysbios_family_arm_cc26xx_Timer_initDevice__I)

.const:ti_sysbios_rom_ROM_ti_sysbios_family_arm_cc26xx_Timer_setNextTick__E 
*          0    00001314    00000004     
                  00001314    00000004     app_ble_pem3.oem3 (.const:ti_sysbios_rom_ROM_ti_sysbios_family_arm_cc26xx_Timer_setNextTick__E)

.const:ti_sysbios_rom_ROM_ti_sysbios_family_arm_cc26xx_Timer_setThreshold__I 
*          0    00001318    00000004     
                  00001318    00000004     app_ble_pem3.oem3 (.const:ti_sysbios_rom_ROM_ti_sysbios_family_arm_cc26xx_Timer_setThreshold__I)

.const:ti_sysbios_rom_ROM_ti_sysbios_family_arm_cc26xx_Timer_start__E 
*          0    0000131c    00000004     
                  0000131c    00000004     app_ble_pem3.oem3 (.const:ti_sysbios_rom_ROM_ti_sysbios_family_arm_cc26xx_Timer_start__E)

.const:ti_sysbios_rom_ROM_ti_sysbios_family_arm_cc26xx_TimestampProvider_get32__E 
*          0    00001320    00000004     
                  00001320    00000004     app_ble_pem3.oem3 (.const:ti_sysbios_rom_ROM_ti_sysbios_family_arm_cc26xx_TimestampProvider_get32__E)

.const:ti_sysbios_rom_ROM_xdc_runtime_Startup_getState__I 
*          0    00001324    00000004     
                  00001324    00000004     app_ble_pem3.oem3 (.const:ti_sysbios_rom_ROM_xdc_runtime_Startup_getState__I)

.const:ti_sysbios_rom_ROM_xdc_runtime_System_SupportProxy_abort__E 
*          0    00001328    00000004     
                  00001328    00000004     app_ble_pem3.oem3 (.const:ti_sysbios_rom_ROM_xdc_runtime_System_SupportProxy_abort__E)

.const:ti_sysbios_rom_ROM_xdc_runtime_System_SupportProxy_exit__E 
*          0    0000132c    00000004     
                  0000132c    00000004     app_ble_pem3.oem3 (.const:ti_sysbios_rom_ROM_xdc_runtime_System_SupportProxy_exit__E)

.text.2    0    00001330    0000b7bc     
                  00001330    00000590     simple_peripheral_oad_offchip.obj (.text:SimplePeripheral_init$3)
                  000018c0    00000420     oad.obj (.text:oadImgBlockWrite$16)
                  00001ce0    00000418     oad.obj (.text:oadProcessExtControlCmd$16)
                  000020f8    00000318     simple_peripheral_oad_offchip.obj (.text:SimplePeripheral_processStackMsg$3)
                  00002410    00000314     drivers_cc26x0r2.aem3 : PowerCC26XX_calibrateRCOSC.oem3 (.text:PowerCC26XX_auxISR)
                  00002724    0000030c     rom_sysbios.aem3 : rom_sysbios.obj (.text:xdc_runtime_System_doPrint__I)
                  00002a30    000002b8     RFCC26XX_singleMode.obj (.text:RF_fsmActiveState$6)
                  00002ce8    00000290     peripheral_observer.obj (.text:GAPRole_SetParameter)
                  00002f78    0000027c     drivers_cc26x0r2.aem3 : CryptoCC26XX.oem3 (.text:cryptoTransactionExecute)
                  000031f4    00000258     simple_peripheral_oad_offchip.obj (.text:SimplePeripheral_processStateChangeEvt$3)
                  0000344c    0000022c     drivers_cc26x0r2.aem3 : PowerCC26XX.oem3 (.text:Power_sleep)
                  00003678    00000220     driverlib.lib : sys_ctrl.obj (.text:NOROM_SysCtrlSetRechargeBeforePowerDown)
                  00003898    0000021c     drivers_cc26x0r2.aem3 : SPICC26XXDMA.oem3 (.text:SPICC26XXDMA_transfer)
                  00003ab4    0000020c     RFCC26XX_singleMode.obj (.text:RF_open)
                  00003cc0    000001e0     ECCROMCC26XX.obj (.text:ECC_VerifyPublicKeyWeierstrass$5)
                  00003ea0    000001bc     main.obj (.text:AssertHandler)
                  0000405c    000001bc     RFCC26XX_singleMode.obj (.text:RF_fsmSetupState$6)
                  00004218    000001b0     drivers_cc26x0r2.aem3 : PINCC26XX.oem3 (.text:PIN_init)
                  000043c8    000001a4     ECCROMCC26XX.obj (.text:ECCROMCC26XX_genDHKey)
                  0000456c    00000198     icall.obj (.text:icall_directAPI)
                  00004704    00000190     drivers_cc26x0r2.aem3 : PowerCC26XX_calibrateRCOSC.oem3 (.text:PowerCC26XX_doCalibrate)
                  00004894    00000184     simple_peripheral_oad_offchip.obj (.text:SimplePeripheral_processCharValueChangeEvt$3)
                  00004a18    00000168     drivers_cc26x0r2.aem3 : PowerCC26XX.oem3 (.text:Power_shutdown)
                  00004b80    0000015c                           : UARTCC26XX.oem3 (.text:UARTCC26XX_open)
                  00004cdc    00000158                           : SPICC26XXDMA.oem3 (.text:SPICC26XXDMA_initIO)
                  00004e34    00000148     simple_peripheral_oad_offchip.obj (.text:ExecuteCommand$3)
                  00004f7c    00000148     drivers_cc26x0r2.aem3 : UARTCC26XX.oem3 (.text:UARTCC26XX_hwiIntFxn)
                  000050c4    00000140     simple_peripheral_oad_offchip.obj (.text:SendAsk$3)
                  00005204    00000140     myBlink.obj (.text:SendToBlink)
                  00005344    00000136     drivers_cc26x0r2.aem3 : UARTCC26XX.oem3 (.text:UARTCC26XX_read)
                  0000547a    00000002     ble_user_config.obj (.text:DefaultAssertCback)
                  0000547c    0000012c     drivers_cc26x0r2.aem3 : PowerCC26XX.oem3 (.text:Power_init)
                  000055a8    0000012c     simple_peripheral_oad_offchip.obj (.text:ReadStartParam$3)
                  000056d4    00000128     simple_peripheral_oad_offchip.obj (.text:ChangeWorkMode$3)
                  000057fc    00000128     ECCROMCC26XX.obj (.text:ECCROMCC26XX_genKeys)
                  00005924    00000124     peripheral_observer.obj (.text:GAPRole_GetParameter)
                  00005a48    0000011c     drivers_cc26x0r2.aem3 : SPICC26XXDMA.oem3 (.text:SPICC26XXDMA_open)
                  00005b64    00000114     main.obj (.text:main)
                  00005c78    0000010c     drivers_cc26x0r2.aem3 : SPICC26XXDMA.oem3 (.text:SPICC26XXDMA_configDMA)
                  00005d84    0000010c     oad.obj (.text:oadValidateCandidateHdr$16)
                  00005e90    000000f8     app_ble_pem3.oem3 (.text:xdc_runtime_System_printfExtend__I)
                  00005f88    000000f0     drivers_cc26x0r2.aem3 : PINCC26XX.oem3 (.text:PINCC26XX_setIoCfg)
                  00006078    000000f0     RFCC26XX_singleMode.obj (.text:RF_radioOpDoneCb$6)
                  00006168    000000e8     dpl_cc26x0r2.aem3 : PowerCC26XX_tirtos.oem3 (.text:PowerCC26XX_standbyPolicy)
                  00006250    000000e4     oad.obj (.text:oadWriteAttrCB$16)
                  00006334    000000e2     drivers_cc26x0r2.aem3 : UARTCC26XX.oem3 (.text:UARTCC26XX_write)
                  00006416    00000002     display.aem3 : DisplayUart.oem3 (.text:DisplayUartAnsi_init)
                  00006418    000000d8     drivers_cc26x0r2.aem3 : ADCCC26XX.oem3 (.text:ADCCC26XX_convert)
                  000064f0    000000d4     RFCC26XX_singleMode.obj (.text:RF_pendCmd)
                  000065c4    000000cc     RFCC26XX_singleMode.obj (.text:RF_swiHw$6)
                  00006690    000000c4     simple_peripheral_oad_offchip.obj (.text:GetAkkumVoltage$3)
                  00006754    000000c4     RFCC26XX_singleMode.obj (.text:RF_control)
                  00006818    000000c4     RFCC26XX_singleMode.obj (.text:RF_postCmd)
                  000068dc    000000c0     RFCC26XX_singleMode.obj (.text:RF_fsmPowerUpState$6)
                  0000699c    000000bc     drivers_cc26x0r2.aem3 : PowerCC26XX.oem3 (.text:Power_releaseDependency)
                  00006a58    000000b8     ExtFlash.obj (.text:ExtFlash_open)
                  00006b10    000000b8     driverlib.lib : aux_adc.obj (.text:NOROM_AUXADCEnableSync)
                  00006bc8    000000b4                   : setup.obj (.text:NOROM_SetupTrimDevice)
                  00006c7c    000000b4     drivers_cc26x0r2.aem3 : PowerCC26XX.oem3 (.text:Power_setDependency)
                  00006d30    000000b4     devinfoservice.obj (.text:devInfo_ReadAttrCB$18)
                  00006de4    000000b0     TRNGCC26XX.obj (.text:TRNGCC26XX_getNumber)
                  00006e94    000000b0     myDataTransfer.obj (.text:myDataTransfer_WriteAttrCB$21)
                  00006f44    000000ac     display.aem3 : DisplayUart.oem3 (.text:DisplayUartAnsi_clearLines)
                  00006ff0    000000ac     RFCC26XX_singleMode.obj (.text:RF_abortCmd$6)
                  0000709c    000000a7     display.aem3 : DisplayUart.oem3 (.text:DisplayUartAnsi_open)
                  00007143    00000001     --HOLE-- [fill = 0]
                  00007144    000000a6     rom_sysbios.aem3 : rom_sysbios.obj (.text:xdc_runtime_Text_putSite__E)
                  000071ea    00000002     RFCC26XX_singleMode.obj (.text:RF_defaultCallback$6)
                  000071ec    000000a4     drivers_cc26x0r2.aem3 : CryptoCC26XX.oem3 (.text:CryptoCC26XX_open)
                  00007290    000000a4     simple_peripheral_oad_offchip.obj (.text:MyPowerDown)
                  00007334    000000a4     RFCC26XX_singleMode.obj (.text:RF_ratRestartChannels$6)
                  000073d8    000000a4     drivers_cc26x0r2.aem3 : PowerCC26XX.oem3 (.text:switchXOSCHFclockFunc)
                  0000747c    000000a0                           : PINCC26XX.oem3 (.text:PIN_open)
                  0000751c    000000a0                           : SPICC26XXDMA.oem3 (.text:SPICC26XXDMA_hwiFxn)
                  000075bc    000000a0     auto_init.aem3 : auto_init.oem3 (.text)
                  0000765c    0000009f     display.aem3 : DisplayUart.oem3 (.text:DisplayUartAnsi_vprintf)
                  000076fb    00000001     --HOLE-- [fill = 0]
                  000076fc    0000009c     simple_peripheral_oad_offchip.obj (.text:ApplyParam$3)
                  00007798    0000009c     RFCC26XX_singleMode.obj (.text:RF_calculateDispatchTime$6)
                  00007834    0000009c     rtsv7M3_T_le_eabi.lib : memcpy_t2.asm.obj (.text)
                  000078d0    00000098     drivers_cc26x0r2.aem3 : UARTCC26XX.oem3 (.text:UARTCC26XX_initHw)
                  00007968    00000098                           : UARTCC26XX.oem3 (.text:UARTCC26XX_initIO)
                  00007a00    00000098     rom_sysbios.aem3 : rom_sysbios.obj (.text:ti_sysbios_knl_Clock_workFuncDynamic__E)
                  00007a98    00000098                      : rom_sysbios.obj (.text:xdc_runtime_Text_putMod__E)
                  00007b30    00000096     rtsv7M3_T_le_eabi.lib : ull_div_t2.asm.obj (.text)
                  00007bc6    00000002                           : _lock.c.obj (.text:_nop)
                  00007bc8    00000094     drivers_cc26x0r2.aem3 : CryptoCC26XX.oem3 (.text:CryptoCC26XX_allocateKey)
                  00007c5c    00000094     driverlib.lib : crypto.obj (.text:NOROM_CRYPTOAesLoadKey)
                  00007cf0    00000094     oad.obj (.text:oadFindCurrentImageHdr$16)
                  00007d84    00000090     drivers_cc26x0r2.aem3 : SPICC26XXDMA.oem3 (.text:SPICC26XXDMA_control)
                  00007e14    00000090     driverlib.lib : setup.obj (.text:TrimAfterColdResetWakeupFromShutDown$31)
                  00007ea4    00000090     rom_sysbios.aem3 : rom_sysbios.obj (.text:ti_sysbios_family_arm_cc26xx_Timer_start__E)
                  00007f34    0000008e     drivers_cc26x0r2.aem3 : UARTCC26XX.oem3 (.text:UARTCC26XX_writeCancel)
                  00007fc2    00000002                           : PowerCC26XX.oem3 (.text:emptyClockFunc)
                  00007fc4    0000008c     CC2640R2_LAUNCHXL_fxns.obj (.text:CC2640R2_LAUNCHXL_shutDownExtFlash)
                  00008050    0000008c     icall.obj (.text:ICall_heapMalloc)
                  000080dc    0000008c     drivers_cc26x0r2.aem3 : SPICC26XXDMA.oem3 (.text:SPICC26XXDMA_swiFxn)
                  00008168    00000088                           : ADCCC26XX.oem3 (.text:ADCCC26XX_open)
                  000081f0    00000088     driverlib.lib : aux_adc.obj (.text:NOROM_AUXADCDisable)
                  00008278    00000084     gattservapp_util.obj (.text:GATTServApp_ProcessCharCfg)
                  000082fc    00000084     icall.obj (.text:ICall_setTimer)
                  00008380    00000084     drivers_cc26x0r2.aem3 : UARTCC26XX.oem3 (.text:UARTCC26XX_close)
                  00008404    00000084     rom_sysbios.aem3 : rom_sysbios.obj (.text:ti_sysbios_hal_SecondsClock_Module_startup__E)
                  00008488    00000084     flash_interface_ext_rtos.obj (.text:writeFlashPg)
                  0000850c    00000080     RFCC26XX_singleMode.obj (.text:RF_dispatchNextCmd$6)
                  0000858c    00000080     RFCC26XX_singleMode.obj (.text:RF_ratFreeChannel$6)
                  0000860c    00000080     peripheral_observer.obj (.text:gapRole_startConnUpdate$22)
                  0000868c    00000080     drivers_cc26x0r2.aem3 : UARTCC26XX.oem3 (.text:writeTxFifoFlush)
                  0000870c    0000007e     gattservapp_util.obj (.text:gattServApp_SendNotiInd$20)
                  0000878a    00000002     drivers_cc26x0r2.aem3 : CryptoResourceCC26XX.oem3 (.text:errorSpin)
                  0000878c    0000007c     RFCC26XX_singleMode.obj (.text:RF_hwiCpe0Active$6)
                  00008808    0000007c     myDataTransfer.obj (.text:myDataTransfer_ReadAttrCB$21)
                  00008884    0000007c     oad.obj (.text:oadResetState$16)
                  00008900    0000007c     oad.obj (.text:oadSendNotification$16)
                  0000897c    0000007a     simple_peripheral_oad_offchip.obj (.text:SimpleBLEPeripheralObserver_StateChangeCB$3)
                  000089f6    0000007a     rtsv7M3_T_le_eabi.lib : memset_t2.asm.obj (.text)
                  00008a70    00000070     icall.obj (.text:ICall_heapGetStats)
                  00008ae0    00000070     icall.obj (.text:ICall_heapInit)
                  00008b50    00000070     driverlib.lib : sys_ctrl.obj (.text:NOROM_SysCtrlAdjustRechargeAfterPowerDown)
                  00008bc0    00000070     drivers_cc26x0r2.aem3 : PowerCC26XX.oem3 (.text:lfClockReadyCallback)
                  00008c30    0000006d     rom_sysbios.aem3 : rom_sysbios.obj (.text:xdc_runtime_System_formatNum__I)
                  00008c9d    00000001     --HOLE-- [fill = 0]
                  00008c9e    00000002     hal_assert.obj (.text:halAssertSpinlock)
                  00008ca0    0000006c     icall.obj (.text:ICall_send)
                  00008d0c    0000006c     icall.obj (.text:ICall_sendServiceComplete)
                  00008d78    0000006c     driverlib.lib : osc.obj (.text:NOROM_OSCHF_AttemptToSwitchToXosc)
                  00008de4    0000006c     drivers_cc26x0r2.aem3 : PowerCC26XX_calibrateRCOSC.oem3 (.text:PowerCC26XX_initiateCalibration)
                  00008e50    0000006c                           : PowerCC26XX.oem3 (.text:configureXOSCHF)
                  00008ebc    0000006c     oad.obj (.text:oadFindExtFlMetaPage$16)
                  00008f28    00000068     drivers_cc26x0r2.aem3 : CryptoCC26XX.oem3 (.text:CryptoCC26XX_loadKey)
                  00008f90    00000068     driverlib.lib : sys_ctrl.obj (.text:NOROM_SysCtrl_DCDC_VoltageConditionalControl)
                  00008ff8    00000068     drivers_cc26x0r2.aem3 : PINCC26XX.oem3 (.text:PIN_add)
                  00009060    00000068     RFCC26XX_singleMode.obj (.text:RF_getCurrentTime)
                  000090c8    00000068     RFCC26XX_singleMode.obj (.text:RF_hwiHw$6)
                  00009130    00000068     simple_peripheral_oad_offchip.obj (.text:ReadEprom_inter_osal$3)
                  00009198    00000068     simple_peripheral_oad_offchip.obj (.text:SimplePeripheral_freeAttRsp$3)
                  00009200    00000068     rtsv7M3_T_le_eabi.lib : copy_decompress_lzss.c.obj (.text:decompress:lzss:__TI_decompress_lzss)
                  00009268    00000064     simple_peripheral_oad_offchip.obj (.text:AddBaseToList$3)
                  000092cc    00000064     oad.obj (.text:OAD_getSWVersion)
                  00009330    00000064     flash_interface_ext_rtos.obj (.text:eraseFlashPg)
                  00009394    00000060     gattservapp_util.obj (.text:GATTServApp_ProcessCCCWriteReq)
                  000093f4    00000060     icall.obj (.text:ICall_createRemoteTasksAtRuntime)
                  00009454    00000060     icall.obj (.text:ICall_enrollService)
                  000094b4    00000060     drivers_cc26x0r2.aem3 : PowerCC26XX.oem3 (.text:PowerCC26XX_calibrate)
                  00009514    00000060     RFCC26XX_singleMode.obj (.text:RF_dispatchNextEvent$6)
                  00009574    00000060     simple_peripheral_oad_offchip.obj (.text:SaveBaseTable$3)
                  000095d4    0000005f     rom_sysbios.aem3 : rom_sysbios.obj (.text:xdc_runtime_Text_putLab__E)
                  00009633    00000001     --HOLE-- [fill = 0]
                  00009634    0000005e     icall.obj (.text:ICall_fetchMsg)
                  00009692    0000005e     drivers_cc26x0r2.aem3 : UARTCC26XX.oem3 (.text:UARTCC26XX_swiIntFxn)
                  000096f0    0000005c                           : CryptoResourceCC26XX.oem3 (.text:CryptoResourceCC26XX_constructRTOSObjects)
                  0000974c    0000005c     display.aem3 : Display.oem3 (.text:Display_doOpen)
                  000097a8    0000005c     ExtFlash.obj (.text:ExtFlash_waitReady$13)
                  00009804    0000005c     icall.obj (.text:ICall_pwrUpdActivityCounter)
                  00009860    0000005c     drivers_cc26x0r2.aem3 : PowerCC26XX_calibrateRCOSC.oem3 (.text:PowerCC26XX_RCOSC_clockFunc)
                  000098bc    0000005c     RFCC26XX_singleMode.obj (.text:RF_cmdDispatchTime$6)
                  00009918    0000005c     RFCC26XX_singleMode.obj (.text:RF_hwiCpe0PowerFsm$6)
                  00009974    0000005c     drivers_cc26x0r2.aem3 : UDMACC26XX.oem3 (.text:UDMACC26XX_open)
                  000099d0    0000005c     simple_peripheral_oad_offchip.obj (.text:WriteEprom_inter_osal$3)
                  00009a2c    0000005c     app_ble_pem3.oem3 (.text:xdc_runtime_Startup_getState__I)
                  00009a88    0000005a     RFCC26XX_singleMode.obj (.text:RF_syncCb$6)
                  00009ae2    00000058     icall.obj (.text:ICall_wait)
                  00009b3a    00000002     rtsv7M3_T_le_eabi.lib : div0.asm.obj (.text)
                  00009b3c    00000058     drivers_cc26x0r2.aem3 : PINCC26XX.oem3 (.text:PIN_remove)
                  00009b94    00000058     RFCC26XX_singleMode.obj (.text:RF_fsmXOSCState$6)
                  00009bec    00000058     RFCC26XX_singleMode.obj (.text:RF_getInfo)
                  00009c44    00000058     drivers_cc26x0r2.aem3 : UARTCC26XX.oem3 (.text:UARTCC26XX_control)
                  00009c9c    00000058     simple_peripheral_oad_offchip.obj (.text:Util_convertBytes2Str)
                  00009cf4    00000054     ExtFlash.obj (.text:ExtFlash_close)
                  00009d48    00000054     RFCC26XX_singleMode.obj (.text:RF_discardPendCmd$6)
                  00009d9c    00000054     drivers_cc26x0r2.aem3 : SPICC26XXDMA.oem3 (.text:SPICC26XXDMA_initHw)
                  00009df0    00000052                           : SPICC26XXDMA.oem3 (.text:SPICC26XXDMA_close)
                  00009e42    00000002     app_ble_pem3.oem3 (.text:ti_sysbios_BIOS_nullFunc__I)
                  00009e44    00000050     dpl_cc26x0r2.aem3 : ClockP_tirtos.oem3 (.text:ClockP_construct)
                  00009e94    00000050     ECCROMCC26XX.obj (.text:ECCROMCC26XX_Params_init)
                  00009ee4    00000050     icall.obj (.text:ICall_registerApp)
                  00009f34    00000050     myDataTransfer.obj (.text:MyDataTransfer_SetParameter)
                  00009f84    00000050     simple_peripheral_oad_offchip.obj (.text:SimplePeripheral_enqueueMsg$3)
                  00009fd4    00000050     util.obj (.text:Util_convertBdAddr2Str)
                  0000a024    00000050     oad.obj (.text:oadEnqueueMsg$16)
                  0000a074    00000050     drivers_cc26x0r2.aem3 : UARTCC26XX.oem3 (.text:startTxFifoEmptyClk)
                  0000a0c4    0000004c     board_key.obj (.text:Board_keyChangeHandler_short$0)
                  0000a110    0000004c     icall.obj (.text:ICall_newTask$8)
                  0000a15c    0000004c     RFCC26XX_singleMode.obj (.text:RF_wakeupNotification$6)
                  0000a1a8    0000004c     rtsv7M3_T_le_eabi.lib : cpy_tbl.c.obj (.text:copy_in)
                  0000a1f4    0000004a     drivers_cc26x0r2.aem3 : UARTCC26XX.oem3 (.text:UARTCC26XX_readCancel)
                  0000a23e    00000002     app_ble_pem3.oem3 (.text:ti_sysbios_rom_cortexm_cc26xx_r2_CC26xx_badRomRevision__E)
                  0000a240    00000048     CC2640R2_LAUNCHXL_fxns.obj (.text:CC2640R2_LAUNCHXL_wakeUpExtFlash)
                  0000a288    00000048     ECCROMCC26XX.obj (.text:ECC_initGlobals$5)
                  0000a2d0    00000048     drivers_cc26x0r2.aem3 : PINCC26XX.oem3 (.text:PIN_setOutputEnable)
                  0000a318    00000048     util.obj (.text:Util_constructClock)
                  0000a360    00000048     rom_sysbios.aem3 : rom_sysbios.obj (.text:ti_sysbios_family_arm_cc26xx_Timer_setThreshold__I)
                  0000a3a8    00000048     drivers_cc26x0r2.aem3 : UARTCC26XX.oem3 (.text:writeFinishedDoCallback)
                  0000a3f0    00000044     board_key.obj (.text:Board_keyChangeHandler_long$0)
                  0000a434    00000044     driverlib.lib : osc.obj (.text:NOROM_OSCHF_SwitchToRcOscTurnOffXosc)
                  0000a478    00000044     drivers_cc26x0r2.aem3 : RingBuf.oem3 (.text:RingBuf_put)
                  0000a4bc    00000044                           : SPICC26XXDMA.oem3 (.text:SPICC26XXDMA_csnCallback)
                  0000a500    00000044     boot.aem3 : boot.oem3 (.text)
                  0000a544    00000044     rom_sysbios.aem3 : rom_sysbios.obj (.text:ti_sysbios_hal_SecondsClock_increment__I)
                  0000a588    00000044                      : rom_sysbios.obj (.text:xdc_runtime_Text_xprintf__I)
                  0000a5cc    00000042     driverlib.lib : ssi.obj (.text:NOROM_SSIConfigSetExpClk)
                  0000a60e    00000002     rom_sysbios.aem3 : rom_sysbios.obj (.text:xdc_runtime_SysCallback_defaultAbort)
                  0000a610    00000040     drivers_cc26x0r2.aem3 : ADCCC26XX.oem3 (.text:ADCCC26XX_convertToMicroVolts)
                  0000a650    00000040                           : ADC.oem3 (.text:ADC_init)
                  0000a690    00000040                           : ADC.oem3 (.text:ADC_open)
                  0000a6d0    00000040     ECCROMCC26XX.obj (.text:ECCROMCC26XX_init)
                  0000a710    00000040     ExtFlash.obj (.text:ExtFlash_read)
                  0000a750    00000040     ExtFlash.obj (.text:ExtFlash_readInfo$13)
                  0000a790    00000040     peripheral_observer.obj (.text:GAPRole_createTask)
                  0000a7d0    00000040     drivers_cc26x0r2.aem3 : PINCC26XX.oem3 (.text:PINCC26XX_getConfig)
                  0000a810    00000040                           : PINCC26XX.oem3 (.text:PIN_swi)
                  0000a850    00000040                           : PowerCC26XX.oem3 (.text:PowerCC26XX_isStableXOSC_HF)
                  0000a890    00000040                           : SPI.oem3 (.text:SPI_init)
                  0000a8d0    00000040                           : SPI.oem3 (.text:SPI_open)
                  0000a910    00000040                           : UART.oem3 (.text:UART_init)
                  0000a950    00000040                           : UART.oem3 (.text:UART_open)
                  0000a990    00000040     oad.obj (.text:oadInactivityTimeout$16)
                  0000a9d0    00000040     rtsv7M3_T_le_eabi.lib : u_divt2.asm.obj (.text)
                  0000aa10    00000040     rom_sysbios.aem3 : rom_sysbios.obj (.text:ti_sysbios_heaps_HeapCallback_Module_startup__E)
                  0000aa50    0000003e     dpl_cc26x0r2.aem3 : HwiP_tirtos.oem3 (.text:HwiP_construct)
                  0000aa8e    0000003e     drivers_cc26x0r2.aem3 : RingBuf.oem3 (.text:RingBuf_get)
                  0000aacc    0000003c                           : ADCCC26XX.oem3 (.text:ADCCC26XX_close)
                  0000ab08    0000003c     board_key.obj (.text:Board_keyChangeHandler_verylong$0)
                  0000ab44    0000003c     driverlib.lib : osc.obj (.text:NOROM_OSC_HPOSCRelativeFrequencyOffsetGet)
                  0000ab80    0000003c     RFCC26XX_singleMode.obj (.text:RF_cmdStoreEvents$6)
                  0000abbc    0000003c     simple_peripheral_oad_offchip.obj (.text:SimplePeripheral_createTask)
                  0000abf8    0000003c     dpl_cc26x0r2.aem3 : SwiP_tirtos.oem3 (.text:SwiP_construct)
                  0000ac34    0000003c     drivers_cc26x0r2.aem3 : PowerCC26XX.oem3 (.text:disableLfClkQualifiersEnableClkLoss)
                  0000ac70    0000003c     rom_sysbios.aem3 : rom_sysbios.obj (.text:ti_sysbios_family_arm_m3_Hwi_construct2__E)
                  0000acac    00000038     myDataTransfer.obj (.text:MyDataTransfer_GetParameter)
                  0000ace4    00000038     drivers_cc26x0r2.aem3 : PINCC26XX.oem3 (.text:PIN_setConfig)
                  0000ad1c    00000038                           : PINCC26XX.oem3 (.text:PIN_setInterrupt)
                  0000ad54    00000038                           : PINCC26XX.oem3 (.text:PIN_setOutputValue)
                  0000ad8c    00000038     RFCC26XX_singleMode.obj (.text:RF_checkCmdFsError$6)
                  0000adc4    00000038     RFCC26XX_singleMode.obj (.text:RF_powerConstraintRelease)
                  0000adfc    00000038     util.obj (.text:Util_restartClock)
                  0000ae34    00000038     rom_sysbios.aem3 : rom_sysbios.obj (.text:ti_sysbios_family_arm_cc26xx_Seconds_get__E)
                  0000ae6c    00000038                      : rom_sysbios.obj (.text:ti_sysbios_family_arm_cc26xx_Timer_getCurrentTick__E)
                  0000aea4    00000036     drivers_cc26x0r2.aem3 : UDMACC26XX.oem3 (.text:UDMACC26XX_close)
                  0000aeda    00000036     rom_sysbios.aem3 : rom_sysbios.obj (.text:ti_sysbios_family_arm_cc26xx_Timer_setNextTick__E)
                  0000af10    00000034     peripheral_observer.obj (.text:GAPRole_StartDiscovery)
                  0000af44    00000034     icall.obj (.text:ICall_heapFree)
                  0000af78    00000034     icall.obj (.text:ICall_primEntityId2ServiceId$8)
                  0000afac    00000034     icall.obj (.text:ICall_searchServiceEntity)
                  0000afe0    00000034     drivers_cc26x0r2.aem3 : PowerCC26XX.oem3 (.text:Power_releaseConstraint)
                  0000b014    00000034     RFCC26XX_singleMode.obj (.text:RF_runDirectImmediateCmd$6)
                  0000b048    00000034     simple_peripheral_oad_offchip.obj (.text:SimplePeripheral_RegistertToAllConnectionEvent)
                  0000b07c    00000034     simple_peripheral_oad_offchip.obj (.text:SimplePeripheral_passcodeCB$3)
                  0000b0b0    00000034     drivers_cc26x0r2.aem3 : CryptoCC26XX.oem3 (.text:cryptoTransactionPend)
                  0000b0e4    00000034                           : PowerCC26XX.oem3 (.text:notify)
                  0000b118    00000034     rom_sysbios.aem3 : rom_sysbios.obj (.text:ti_sysbios_family_arm_cc26xx_Timer_initDevice__I)
                  0000b14c    00000034                      : rom_sysbios.obj (.text:ti_sysbios_knl_Swi_setPri__E)
                  0000b180    00000032     icall.obj (.text:ICall_fetchServiceMsg)
                  0000b1b2    00000002     rom_sysbios.aem3 : rom_sysbios.obj (.text:xdc_runtime_SysCallback_defaultExit)
                  0000b1b4    00000030     icall.obj (.text:ICall_dispatch$8)
                  0000b1e4    00000030     icall.obj (.text:ICall_msecs2Ticks$8)
                  0000b214    00000030     driverlib.lib : aux_adc.obj (.text:NOROM_AUXADCDisableInputScaling)
                  0000b244    00000030     drivers_cc26x0r2.aem3 : PINCC26XX.oem3 (.text:PINCC26XX_setMux)
                  0000b274    00000030                           : PowerCC26XX.oem3 (.text:Power_setConstraint)
                  0000b2a4    00000030     RFCC26XX_singleMode.obj (.text:RF_cmdGet$6)
                  0000b2d4    00000030     ExtFlash.obj (.text:Spi_read$13)
                  0000b304    00000030     ExtFlash.obj (.text:Spi_write$13)
                  0000b334    00000030     app_ble_pem3.oem3 (.text:ti_sysbios_BIOS_atExitFunc__I)
                  0000b364    00000030     app_ble_pem3.oem3 (.text:ti_sysbios_BIOS_startFunc__I)
                  0000b394    00000030     app_ble_pem3.oem3 (.text:ti_sysbios_heaps_HeapCallback_Object__create__S)
                  0000b3c4    0000002e     icall_cc2650.obj (.text:ICallPlatform_pwrDispenseImpl$9)
                  0000b3f2    0000002e     icall_cc2650.obj (.text:ICallPlatform_pwrRequireImpl$9)
                  0000b420    0000002e     drivers_cc26x0r2.aem3 : UARTCC26XX.oem3 (.text:readData)
                  0000b44e    0000002e     app_ble_pem3.oem3 (.text:ti_sysbios_rts_gnu_MemAlloc_alloc)
                  0000b47c    0000002e     drivers_cc26x0r2.aem3 : UARTCC26XX.oem3 (.text:writeData)
                  0000b4aa    00000002     rom_sysbios.aem3 : rom_sysbios.obj (.text:xdc_runtime_SysCallback_defaultPutch)
                  0000b4ac    0000002c     ExtFlash.obj (.text:ExtFlash_writeEnable$13)
                  0000b4d8    0000002c     peripheral_observer.obj (.text:GAPRole_TerminateConnection)
                  0000b504    0000002c     icall.obj (.text:ICall_msgEnqueue$8)
                  0000b530    0000002c     icall.obj (.text:ICall_searchTask$8)
                  0000b55c    0000002c     driverlib.lib : chipinfo.obj (.text:NOROM_ChipInfo_GetChipFamily)
                  0000b588    0000002c     RFCC26XX_singleMode.obj (.text:RF_calculateDeltaTimeUs$6)
                  0000b5b4    0000002c     RFCC26XX_singleMode.obj (.text:RF_executeDirectImmediateCmd$6)
                  0000b5e0    0000002c     driverlib.lib : adi.obj (.text:SafeHapiAuxAdiSelect)
                  0000b60c    0000002c     dpl_cc26x0r2.aem3 : SemaphoreP_tirtos.oem3 (.text:SemaphoreP_constructBinary)
                  0000b638    0000002c                       : SemaphoreP_tirtos.oem3 (.text:SemaphoreP_createBinary)
                  0000b664    0000002c     oad.obj (.text:oadGetNextBlockReq$16)
                  0000b690    0000002c     rom_sysbios.aem3 : rom_sysbios.obj (.text:ti_sysbios_knl_Clock_getTicksUntilInterrupt__E)
                  0000b6bc    0000002b                      : rom_sysbios.obj (.text:xdc_runtime_Text_printVisFxn__I)
                  0000b6e7    00000001     --HOLE-- [fill = 0]
                  0000b6e8    0000002a     display.aem3 : DisplayUart.oem3 (.text:DisplayUartAnsi_clear)
                  0000b712    0000002a                  : Display.oem3 (.text:Display_doPrintf)
                  0000b73c    0000002a     rom_sysbios.aem3 : rom_sysbios.obj (.text:ti_sysbios_knl_Clock_getTimeout__E)
                  0000b766    0000002a                      : rom_sysbios.obj (.text:xdc_runtime_System_putchar__I)
                  0000b790    00000028     drivers_cc26x0r2.aem3 : CryptoCC26XX.oem3 (.text:CryptoCC26XX_hwiIntFxn)
                  0000b7b8    00000028     driverlib.lib : chipinfo.obj (.text:NOROM_ChipInfo_GetChipType)
                  0000b7e0    00000028                   : rfc.obj (.text:NOROM_RFCDoorbellSendTo)
                  0000b808    00000028     drivers_cc26x0r2.aem3 : PINCC26XX.oem3 (.text:PINCC26XX_setWakeup)
                  0000b830    00000028                           : PowerCC26XX.oem3 (.text:Power_registerNotify)
                  0000b858    00000028     RFCC26XX_singleMode.obj (.text:RF_runCmd)
                  0000b880    00000028     drivers_cc26x0r2.aem3 : SPICC26XXDMA.oem3 (.text:SPICC26XXDMA_flushFifos)
                  0000b8a8    00000028     driverlib.lib : adi.obj (.text:SafeHapiVoid)
                  0000b8d0    00000028     TRNGCC26XX.obj (.text:TRNGCC26XX_init)
                  0000b8f8    00000028     bim_util.obj (.text:imgIDCheck)
                  0000b920    00000028     drivers_cc26x0r2.aem3 : UARTCC26XX.oem3 (.text:readData2RingBuf)
                  0000b948    00000024     board_key.obj (.text:Board_keyCallback$0)
                  0000b96c    00000024     icall.obj (.text:ICall_getLocalMsgEntityId)
                  0000b990    00000024     drivers_cc26x0r2.aem3 : List.oem3 (.text:List_remove)
                  0000b9b4    00000024     driverlib.lib : osc.obj (.text:NOROM_OSCHF_TurnOnXosc)
                  0000b9d8    00000024     rtsv7M3_T_le_eabi.lib : memcmp.c.obj (.text:memcmp)
                  0000b9fc    00000024     app_ble_pem3.oem3 (.text:ti_sysbios_BIOS_registerRTSLock__I)
                  0000ba20    00000024     app_ble_pem3.oem3 (.text:ti_sysbios_BIOS_removeRTSLock__I)
                  0000ba44    00000024     rom_sysbios.aem3 : rom_sysbios.obj (.text:ti_sysbios_family_arm_cc26xx_Seconds_set__E)
                  0000ba68    00000024                      : rom_sysbios.obj (.text:ti_sysbios_family_arm_cc26xx_Timer_getMaxTicks__E)
                  0000ba8c    00000024                      : rom_sysbios.obj (.text:ti_sysbios_family_arm_m3_Hwi_romInitNVIC__I)
                  0000bab0    00000022     icall.obj (.text:ICall_setTimerMSecs)
                  0000bad2    00000022     drivers_cc26x0r2.aem3 : List.oem3 (.text:List_get)
                  0000baf4    00000022                           : List.oem3 (.text:List_put)
                  0000bb16    00000022     driverlib.lib : aux_adc.obj (.text:NOROM_AUXADCAdjustValueForGainAndOffset)
                  0000bb38    00000022                   : uart.obj (.text:NOROM_UARTConfigSetExpClk)
                  0000bb5a    00000002     --HOLE-- [fill = 0]
                  0000bb5c    00000020     peripheral_observer.obj (.text:GAPRole_CancelDiscovery)
                  0000bb7c    00000020     gattservapp_util.obj (.text:GATTServApp_InitCharCfg)
                  0000bb9c    00000020     driverlib.lib : uart.obj (.text:NOROM_UARTDisable)
                  0000bbbc    00000020     drivers_cc26x0r2.aem3 : PINCC26XX.oem3 (.text:PINCC26XX_setIoCfgMux)
                  0000bbdc    00000020                           : PowerCC26XX.oem3 (.text:Power_unregisterNotify)
                  0000bbfc    00000020     RFCC26XX_singleMode.obj (.text:RF_clkPowerUp$6)
                  0000bc1c    00000020     RFCC26XX_singleMode.obj (.text:RF_ratIsRunning$6)
                  0000bc3c    00000020     gattservapp_util.obj (.text:gattServApp_FindCharCfgItem$20)
                  0000bc5c    00000020     drivers_cc26x0r2.aem3 : UARTCC26XX.oem3 (.text:threadSafeStdbyDisRelease)
                  0000bc7c    00000020                           : UARTCC26XX.oem3 (.text:threadSafeStdbyDisSet)
                  0000bc9c    00000020     app_ble_pem3.oem3 (.text:ti_sysbios_BIOS_rtsLock__I)
                  0000bcbc    00000020     rom_sysbios.aem3 : rom_sysbios.obj (.text:ti_sysbios_family_arm_cc26xx_Timer_dynamicStub__E)
                  0000bcdc    00000020                      : rom_sysbios.obj (.text:xdc_runtime_Registry_findById__E)
                  0000bcfc    0000001e     ECCROMCC26XX.obj (.text:ECC_ArrayAllZeros)
                  0000bd1a    0000001e     drivers_cc26x0r2.aem3 : PINCC26XX.oem3 (.text:PIN_close)
                  0000bd38    0000001e                           : PowerCC26XX.oem3 (.text:Power_getTransitionLatency)
                  0000bd56    00000002     --HOLE-- [fill = 0]
                  0000bd58    0000001c     icall_api_lite.obj (.text:GATT_bm_alloc)
                  0000bd74    0000001c     icall_api_lite.obj (.text:GATT_bm_free)
                  0000bd90    0000001c     simple_peripheral_oad_offchip.obj (.text:GetCRC8$3)
                  0000bdac    0000001c     icall.obj (.text:ICall_primRepostSync$8)
                  0000bdc8    0000001c     driverlib.lib : aux_adc.obj (.text:NOROM_AUXADCGetAdjustmentGain)
                  0000bde4    0000001c     drivers_cc26x0r2.aem3 : PINCC26XX.oem3 (.text:PIN_hwi)
                  0000be00    0000001c     RFCC26XX_singleMode.obj (.text:RF_clkInactivityCallback$6)
                  0000be1c    0000001c     RFCC26XX_singleMode.obj (.text:RF_getRssi)
                  0000be38    0000001c     RFCC26XX_singleMode.obj (.text:RF_powerConstraintSet)
                  0000be54    0000001c     TRNGCC26XX.obj (.text:TRNGCC26XX_open)
                  0000be70    0000001c     crc32.obj (.text:memCpy)
                  0000be8c    0000001c     TRNGCC26XX.obj (.text:openTRNG)
                  0000bea8    0000001c     rom_sysbios.aem3 : rom_sysbios.obj (.text:ti_sysbios_family_arm_m3_Hwi_clearInterrupt__E)
                  0000bec4    0000001c                      : rom_sysbios_config.obj (.text:ti_sysbios_knl_Clock_Module__startupDone__S)
                  0000bee0    0000001c                      : rom_sysbios.obj (.text:ti_sysbios_knl_Swi_construct2__E)
                  0000befc    0000001a     icall.obj (.text:ICall_enterCSImpl)
                  0000bf16    0000001a     dpl_cc26x0r2.aem3 : SystemP_tirtos.oem3 (.text:SystemP_snprintf)
                  0000bf30    00000018     board_key.obj (.text:Board_Power_down)
                  0000bf48    00000018     icall.obj (.text:ICall_mallocLimited)
                  0000bf60    00000018     driverlib.lib : aux_adc.obj (.text:NOROM_AUXADCGetAdjustmentOffset)
                  0000bf78    00000018                   : chipinfo.obj (.text:NOROM_ChipInfo_GetPackageType)
                  0000bf90    00000018                   : rfc.obj (.text:NOROM_RFCCpeIntGetAndClear)
                  0000bfa8    00000018     drivers_cc26x0r2.aem3 : PINCC26XX.oem3 (.text:PIN_getConfig)
                  0000bfc0    00000018     dpl_cc26x0r2.aem3 : PowerCC26XX_tirtos.oem3 (.text:PowerCC26XX_schedulerDisable)
                  0000bfd8    00000018                       : PowerCC26XX_tirtos.oem3 (.text:PowerCC26XX_schedulerRestore)
                  0000bff0    00000018     drivers_cc26x0r2.aem3 : PowerCC26XX.oem3 (.text:Power_idleFunc)
                  0000c008    00000018     RFCC26XX_singleMode.obj (.text:RF_swiFsm$6)
                  0000c020    00000018     simple_peripheral_oad_offchip.obj (.text:SimplePeripheral_connEvtCB$3)
                  0000c038    00000018     board_key.obj (.text:Task_sleepMS)
                  0000c050    00000018     drivers_cc26x0r2.aem3 : UART.oem3 (.text:UART_Params_init)
                  0000c068    00000018     rtsv7M3_T_le_eabi.lib : args_main.c.obj (.text:_args_main)
                  0000c080    00000018     drivers_cc26x0r2.aem3 : CryptoCC26XX.oem3 (.text:cryptoTransactionPoll)
                  0000c098    00000018     flash_interface_ext_rtos.obj (.text:flash_open)
                  0000c0b0    00000018     app_ble_pem3.oem3 (.text:free)
                  0000c0c8    00000018     flash_interface_ext_rtos.obj (.text:readFlashPg)
                  0000c0e0    00000018     rtsv7M3_T_le_eabi.lib : ll_mul_t2.asm.obj (.text)
                  0000c0f8    00000018     app_ble_pem3.oem3 (.text:ti_sysbios_BIOS_rtsUnlock__I)
                  0000c110    00000018     rom_sysbios.aem3 : rom_sysbios.obj (.text:ti_sysbios_heaps_HeapCallback_Instance_init__E)
                  0000c128    00000018                      : rom_sysbios.obj (.text:ti_sysbios_knl_Swi_or__E)
                  0000c140    00000018     app_ble_pem3.oem3 (.text:ti_sysbios_rom_cortexm_cc26xx_r2_CC26xx_checkRevision__E)
                  0000c158    00000018     rom_sysbios.aem3 : rom_sysbios.obj (.text:xdc_runtime_Error_init__E)
                  0000c170    00000016     display.aem3 : DisplayUart.oem3 (.text:DisplayUartAnsi_close)
                  0000c186    00000016     icall.obj (.text:ICall_leaveCSImpl)
                  0000c19c    00000016     icall.obj (.text:ICall_pwrDispense)
                  0000c1b2    00000016     icall.obj (.text:ICall_pwrRequire)
                  0000c1c8    00000016     RFCC26XX_singleMode.obj (.text:RF_restartClockTimeout$6)
                  0000c1de    00000016     ble_user_config.obj (.text:driverTable_fnSpinlock)
                  0000c1f4    00000016     oad.obj (.text:oadReadAttrCB$16)
                  0000c20a    00000016     app_ble_pem3.oem3 (.text:ti_sysbios_BIOS_errorRaiseHook__I)
                  0000c220    00000016     app_ble_pem3.oem3 (.text:ti_sysbios_BIOS_exitFunc__I)
                  0000c236    00000002     --HOLE-- [fill = 0]
                  0000c238    00000014     board_key.obj (.text:Board_setVibro)
                  0000c24c    00000014     drivers_cc26x0r2.aem3 : CryptoCC26XX.oem3 (.text:CryptoCC26XX_init)
                  0000c260    00000014                           : List.oem3 (.text:List_clearList)
                  0000c274    00000014     driverlib.lib : aux_adc.obj (.text:NOROM_AUXADCValueToMicrovolts)
                  0000c288    00000014     drivers_cc26x0r2.aem3 : PINCC26XX.oem3 (.text:PINCC26XX_getInputValue)
                  0000c29c    00000014     RFCC26XX_singleMode.obj (.text:RF_Params_init)
                  0000c2b0    00000014     RFCC26XX_singleMode.obj (.text:RF_dbellSyncOnAck$6)
                  0000c2c4    00000014     RFCC26XX_singleMode.obj (.text:RF_getCmdOp)
                  0000c2d8    00000014     RFCC26XX_singleMode.obj (.text:RF_ratGetChannel$6)
                  0000c2ec    00000014     drivers_cc26x0r2.aem3 : SPI.oem3 (.text:SPI_Params_init)
                  0000c300    00000014                           : PowerCC26XX.oem3 (.text:configureRFCoreClocks)
                  0000c314    00000014     flash_interface_ext_rtos.obj (.text:flash_close)
                  0000c328    00000014     rtsv7M3_T_le_eabi.lib : strlen.c.obj (.text:strlen)
                  0000c33c    00000014     rom_sysbios.aem3 : rom_sysbios.obj (.text:ti_sysbios_family_arm_cc26xx_Timer_getCount64__E)
                  0000c350    00000014     app_ble_pem3.oem3 (.text:ti_sysbios_heaps_HeapCallback_Object__get__S)
                  0000c364    00000014     app_ble_pem3.oem3 (.text:ti_sysbios_knl_Clock_doTick__I)
                  0000c378    00000012     gattservapp_util.obj (.text:GATTServApp_FindAttr)
                  0000c38a    00000012     drivers_cc26x0r2.aem3 : RingBuf.oem3 (.text:RingBuf_construct)
                  0000c39c    00000012     dpl_cc26x0r2.aem3 : SemaphoreP_tirtos.oem3 (.text:SemaphoreP_pend)
                  0000c3ae    00000012                       : SwiP_tirtos.oem3 (.text:SwiP_inISR)
                  0000c3c0    00000012     app_ble_pem3.oem3 (.text:xdc_runtime_Startup_exec__I)
                  0000c3d2    00000002     --HOLE-- [fill = 0]
                  0000c3d4    00000010     board_key.obj (.text:Board_setLed0_my)
                  0000c3e4    00000010     board_key.obj (.text:Board_setLed1_my)
                  0000c3f4    00000010     dpl_cc26x0r2.aem3 : ClockP_tirtos.oem3 (.text:ClockP_isActive)
                  0000c404    00000010     gattservapp_util.obj (.text:GATTServApp_ReadCharCfg)
                  0000c414    00000010     dpl_cc26x0r2.aem3 : HwiP_tirtos.oem3 (.text:HwiP_Params_init)
                  0000c424    00000010                       : HwiP_tirtos.oem3 (.text:HwiP_inISR)
                  0000c434    00000010     icall.obj (.text:ICall_taskEntry$8)
                  0000c444    00000010     driverlib.lib : aux_adc.obj (.text:NOROM_AUXADCFlushFifo)
                  0000c454    00000010                   : aux_adc.obj (.text:NOROM_AUXADCReadFifo)
                  0000c464    00000010     drivers_cc26x0r2.aem3 : PINCC26XX.oem3 (.text:PINCC26XX_getPinCount)
                  0000c474    00000010     RFCC26XX_singleMode.obj (.text:RF_dbellSubmitCmdAsync$6)
                  0000c484    00000010     simple_peripheral_oad_offchip.obj (.text:SimplePeripheral_clockHandler$3)
                  0000c494    00000010     simple_peripheral_oad_offchip.obj (.text:SimplePeripheral_processOadWriteCB$3)
                  0000c4a4    00000010     dpl_cc26x0r2.aem3 : SwiP_tirtos.oem3 (.text:SwiP_Params_init)
                  0000c4b4    00000010     util.obj (.text:Util_isActive)
                  0000c4c4    00000010     ExtFlash.obj (.text:extFlashDeselect$13)
                  0000c4d4    00000010     ExtFlash.obj (.text:extFlashSelect$13)
                  0000c4e4    00000010     peripheral_observer.obj (.text:gapRole_setEvent$22)
                  0000c4f4    00000010     hal_assert.obj (.text:halAssertHandlerExt)
                  0000c504    00000010     rom_sysbios.aem3 : rom_sysbios.obj (.text:ti_sysbios_family_arm_m3_Hwi_post__E)
                  0000c514    00000010                      : rom_sysbios.obj (.text:ti_sysbios_heaps_HeapCallback_alloc__E)
                  0000c524    00000010                      : rom_sysbios.obj (.text:ti_sysbios_heaps_HeapCallback_free__E)
                  0000c534    00000010                      : rom_sysbios.obj (.text:ti_sysbios_heaps_HeapCallback_getStats__E)
                  0000c544    00000010                      : rom_sysbios.obj (.text:ti_sysbios_heaps_HeapCallback_isBlocking__E)
                  0000c554    00000010     drivers_cc26x0r2.aem3 : UARTCC26XX.oem3 (.text:uartPostNotify)
                  0000c564    00000010     rom_sysbios.aem3 : rom_sysbios.obj (.text:xdc_runtime_SysCallback_putch__E)
                  0000c574    00000010                      : rom_sysbios.obj (.text:xdc_runtime_SysCallback_ready__E)
                  0000c584    00000010                      : rom_sysbios.obj (.text:xdc_runtime_System_vsnprintf__E)
                  0000c594    0000000e     icall.obj (.text:ICall_abort)
                  0000c5a2    0000000e     icall.obj (.text:ICall_signal)
                  0000c5b0    0000000e     driverlib.lib : uart.obj (.text:NOROM_UARTCharGetNonBlocking)
                  0000c5be    0000000e                   : uart.obj (.text:NOROM_UARTCharPutNonBlocking)
                  0000c5cc    0000000e     RFCC26XX_singleMode.obj (.text:RF_cancelCmd)
                  0000c5da    0000000e     drivers_cc26x0r2.aem3 : SPICC26XXDMA.oem3 (.text:SPICC26XXDMA_init)
                  0000c5e8    0000000e     rtsv7M3_T_le_eabi.lib : copy_decompress_none.c.obj (.text:decompress:none:__TI_decompress_none)
                  0000c5f6    0000000e     rom_sysbios.aem3 : rom_sysbios.obj (.text:ti_sysbios_family_arm_cc26xx_TimestampProvider_get32__E)
                  0000c604    0000000c     display.aem3 : Display.oem3 (.text:Display_doClearLines)
                  0000c610    0000000c                  : Display.oem3 (.text:Display_doClose)
                  0000c61c    0000000c     icall.obj (.text:ICall_clockFunc$8)
                  0000c628    0000000c     driverlib.lib : cpu.obj (.text:NOROM_CPUcpsid)
                  0000c634    0000000c                   : cpu.obj (.text:NOROM_CPUcpsie)
                  0000c640    0000000c                   : osc.obj (.text:NOROM_OSC_HPOSCRelativeFrequencyOffsetToRFCoreFormatConvert)
                  0000c64c    0000000c                   : ssi.obj (.text:NOROM_SSIDataGet)
                  0000c658    0000000c     drivers_cc26x0r2.aem3 : PINCC26XX.oem3 (.text:PIN_registerIntCb)
                  0000c664    0000000c                           : PowerCC26XX.oem3 (.text:Power_getConstraintMask)
[...]
1001c6bd  xdc_runtime_Error_check__E                                                
1001c6d5  xdc_runtime_System_exit__E                                                
1001c6ed  xdc_runtime_Text_ropeText__E                                              
1001c705  xdc_runtime_Memory_free__E                                                
1001c715  xdc_runtime_SysCallback_abort__E                                          
1001c715  xdc_runtime_System_SupportProxy_abort__E                                  
1001c725  xdc_runtime_SysCallback_exit__E                                           
1001c725  xdc_runtime_System_SupportProxy_exit__E                                   
1001c735  xdc_runtime_Timestamp_SupportProxy_get32__E                               
1001c735  xdc_runtime_Timestamp_get32__E                                            
1001c735  xdc_runtime_Timestamp_get32__E                                            
1001c751  xdc_runtime_Memory_calloc__E                                              
1001c75d  xdc_runtime_Memory_getMaxDefaultTypeAlign__E                              
1001c769  xdc_runtime_Startup_rtsDone__E                                            
1001c775  xdc_runtime_Memory_HeapProxy_alloc__E                                     
1001c77f  xdc_runtime_Memory_HeapProxy_free__E                                      
1001c789  xdc_runtime_Gate_leaveSystem__E                                           
1001c78f  xdc_runtime_System_Module_startup__E                                      
1001c795  xdc_runtime_Gate_enterSystem__E                                           
1001c799  xdc_runtime_System_Module_GateProxy_enter__E                              
1001c79d  xdc_runtime_System_Module_GateProxy_leave__E                              
1001c7a1  xdc_runtime_System_abortSpin__E                                           
1001c7a3  xdc_runtime_System_exitSpin__E                                            
1001c7a5  ti_sysbios_family_arm_m3_Hwi_dispatch__I                                  
1001c86d  ti_sysbios_family_arm_m3_TaskSupport_buildTaskStack                       
1001c8b9  ti_sysbios_family_arm_m3_Hwi_initStacks__E                                
1001c901  ti_sysbios_family_arm_m3_Hwi_excHandlerAsm__I                             
1001c921  ti_sysbios_family_xxx_Hwi_switchAndRunFunc                                
1001c93f  ti_sysbios_family_arm_m3_Hwi_pendSV__I                                    
1001c957  ti_sysbios_family_arm_m3_Hwi_return                                       
1001c959  ti_sysbios_family_arm_m3_TaskSupport_glue                                 
1001c969  ti_sysbios_family_arm_m3_TaskSupport_swap__E                              
1001c969  ti_sysbios_knl_Task_SupportProxy_swap__E                                  
1001c969  ti_sysbios_knl_Task_SupportProxy_swap__E__mangled__                       
1001c971  ti_sysbios_knl_Task_swapReturn                                            
1001c978  ti_sysbios_knl_Task_Object__PARAMS__C                                     
1001c9b4  ti_sysbios_knl_Mailbox_Object__PARAMS__C                                  
1001c9e8  ti_sysbios_family_arm_m3_Hwi_Object__PARAMS__C                            
1001ca18  ti_sysbios_hal_Hwi_Object__PARAMS__C                                      
1001ca44  ti_sysbios_knl_Swi_Object__PARAMS__C                                      
1001ca6c  ti_sysbios_heaps_HeapMem_Object__PARAMS__C                                
1001ca90  ti_sysbios_knl_Clock_Object__PARAMS__C                                    
1001cab4  ti_sysbios_knl_Semaphore_Object__PARAMS__C                                
1001cad8  ti_sysbios_gates_GateHwi_Object__PARAMS__C                                
1001caf0  ti_sysbios_gates_GateMutex_Object__PARAMS__C                              
1001cb08  ti_sysbios_knl_Event_Object__PARAMS__C                                    
1001cb20  ti_sysbios_knl_Queue_Object__PARAMS__C                                    
1001cb68  ti_sysbios_gates_GateMutex_Instance_State_sem__O                          
1001cb6c  ti_sysbios_knl_Clock_Module_State_clockQ__O                               
1001cb70  ti_sysbios_knl_Event_Instance_State_pendQ__O                              
1001cb74  ti_sysbios_knl_Mailbox_Instance_State_dataQue__O                          
1001cb78  ti_sysbios_knl_Mailbox_Instance_State_dataSem__O                          
1001cb7c  ti_sysbios_knl_Mailbox_Instance_State_freeQue__O                          
1001cb80  ti_sysbios_knl_Mailbox_Instance_State_freeSem__O                          
1001cb84  ti_sysbios_knl_Semaphore_Instance_State_pendQ__O                          
1001cb88  ti_sysbios_knl_Task_Module_State_inactiveQ__O                             
20000000  __UNUSED_SRAM_start__                                                     
20000000  ti_sysbios_family_arm_m3_Hwi_ramVectors                                   
20000100  ti_sysbios_knl_Task_Module__state__V                                      
20000144  ti_sysbios_family_arm_m3_Hwi_Module__state__V                             
20000178  ti_sysbios_knl_Clock_Module__state__V                                     
200001a4  ti_sysbios_BIOS_Module__state__V                                          
200001c8  ti_sysbios_knl_Swi_Module__state__V                                       
200001e4  ti_sysbios_family_arm_cc26xx_Timer_Module__state__V                       
200001ec  ti_sysbios_family_arm_cc26xx_TimestampProvider_Module__state__V           
200001f0  xdc_runtime_Startup_Module__state__V                                      
200001f8  xdc_runtime_System_Module__state__V                                       
20000200  xdc_runtime_Memory_Module__state__V                                       
20000204  xdc_runtime_Error_Module__state__V                                        
20000520  ramStartHere                                                              
20000524  previonsMode                                                              
20000525  iExpectedCrc                                                              
20000526  iCurrCmd                                                                  
20000527  NumLastBase                                                               
20000528  currPosBaseTable                                                          
2000052a  iRecivedLen                                                               
2000052c  iSendedLen                                                                
2000052e  iExpectedLen                                                              
20000530  iBuffInLen                                                                
20000532  iBuffOutLen                                                               
20000534  dispHandle                                                                
20000548  pBuffIn                                                                   
2000054c  pBuffOut                                                                  
20000550  TimeLastBase                                                              
20000554  timeShutdown                                                              
20000558  SoftVersion                                                               
20000564  connectionEventRegisterCauseBitMap                                        
20000568  curCmd                                                                    
20000594  AdvTypeStrings                                                            
20000600  sbpTask                                                                   
200006ae  cur_tag_settings                                                          
2000073a  arBaseTable                                                               
20000838  sbpTaskStack                                                              
20000b58  linkDBNumConns                                                            
20000c6c  gapRoleTask                                                               
20000cc0  gapRoleTaskStack                                                          
20000eb2  metaPage                                                                  
20001378  pinUpperBound                                                             
2000137c  pinLowerBound                                                             
20001410  pinHandleTable                                                            
2000148c  PowerCC26XX_module                                                        
200015a0  maxR                                                                      
200015a1  outR                                                                      
200015a2  maxG                                                                      
200015a3  outG                                                                      
200015a4  maxV                                                                      
200015a5  outV                                                                      
200015a6  iR                                                                        
200015a7  valR                                                                      
200015a8  iG                                                                        
200015a9  valG                                                                      
200015aa  iV                                                                        
200015ab  valV                                                                      
200015ac  cntR                                                                      
200015ad  cntG                                                                      
200015ae  cntV                                                                      
200015af  ignoreR                                                                   
200015b0  ignoreG                                                                   
200015b1  ignoreV                                                                   
200015b2  change_md                                                                 
200015ba  run_md                                                                    
200015c2  conn_md                                                                   
200015ca  on_pw                                                                     
200015d2  off_pw                                                                    
200015da  simpleblink                                                               
200015e6  akk_full                                                                  
200015f2  akk_medium                                                                
200015fe  akk_low                                                                   
2000160a  start_st                                                                  
20001616  finish_st                                                                 
20001624  redBP                                                                     
20001630  greenBP                                                                   
2000163c  vibroBP                                                                   
20001648  normal_st                                                                 
20001660  appKeyChangeHandler                                                       
20001664  hKeyPins                                                                  
20001668  ledPinHandle                                                              
2000166c  ButtonTableWakeUp                                                         
20001674  keyPinsCfg                                                                
20001680  keyPins                                                                   
2000168c  ledPinState                                                               
20001698  ledPinTable                                                               
2000171c  ICall_enterCriticalSection                                                
20001720  ICall_leaveCriticalSection                                                
20001730  heapmgrMemFreeTotal                                                       
2000173c  HEAPMGR_SIZE                                                              
20001740  ICall_dispatcher                                                          
20001820  CryptoResourceCC26XX_accessSemaphore                                      
2000183c  CryptoResourceCC26XX_operationSemaphore                                   
20001858  CryptoResourceCC26XX_hwi                                                  
20001874  ti_sysbios_knl_Task_Object__table__V                                      
200018c0  ti_sysbios_family_arm_cc26xx_Timer_Object__table__V                       
20001908  ti_sysbios_hal_SecondsClock_Module__state__V                              
20001944  ti_sysbios_gates_GateMutex_Object__table__V                               
2000197c  rfRegTbl                                                                  
200019ac  ti_sysbios_knl_Swi_Module_State_0_readyQ__A                               
200019dc  ti_sysbios_knl_Swi_Object__table__V                                       
20001a0c  ti_sysbios_knl_Task_Module_State_0_readyQ__A                              
20001a44  K2_mont                                                                   
20001a84  ti_sysbios_knl_Clock_Object__table__V                                     
20001aa4  xdc_runtime_Error_IgnoreBlock                                             
20001ac4  ti_sysbios_family_arm_m3_Hwi_Object__table__V                             
20001adc  stackImageHeader                                                          
20001ae0  user0Cfg                                                                  
20001af0  bleAppServiceInfoTable                                                    
20001b00  rfModeOverride                                                            
20001b10  ti_sysbios_heaps_HeapCallback_Object__table__V                            
20001b30  pfnBMAlloc                                                                
20001b34  pfnBMFree                                                                 
20001b38  assertSubcause                                                            
20001b39  legacyMode                                                                
20001b3c  halAssertCback                                                            
20001b40  _lock                                                                     
20001b44  _unlock                                                                   
20001b48  pRfErrCb                                                                  
20001b4c  lastAppOpcodeIdxSent                                                      
20001b50  ti_sysbios_family_arm_cc26xx_Seconds_Module__state__V                     
20001b58  ti_sysbios_family_arm_m3_Hwi_Module__root__V                              
20001b60  ti_sysbios_gates_GateHwi_Module__root__V                                  
20001b68  ti_sysbios_gates_GateMutex_Module__root__V                                
20001b70  ti_sysbios_hal_Hwi_Module__root__V                                        
20001b78  ti_sysbios_heaps_HeapCallback_Module__root__V                             
20001b80  ti_sysbios_heaps_HeapMem_Module__root__V                                  
20001b88  ti_sysbios_knl_Clock_Module__root__V                                      
20001b90  ti_sysbios_knl_Event_Module__root__V                                      
20001b98  ti_sysbios_knl_Mailbox_Module__root__V                                    
20001ba0  ti_sysbios_knl_Queue_Module__root__V                                      
20001ba8  ti_sysbios_knl_Semaphore_Module__root__V                                  
20001bb0  ti_sysbios_knl_Swi_Module__root__V                                        
20001bb8  ti_sysbios_knl_Task_Module__root__V                                       
20001bc0  xdc_runtime_Registry_Module__state__V                                     
20001bc8  appAssertCback                                                            
20001bd0  main_func_sp                                                              
20001bd4  ti_sysbios_family_arm_m3_Hwi_Module_State_0_excContext__A                 
20001bd8  ti_sysbios_family_arm_m3_Hwi_Module_State_0_excStack__A                   
20001bdc  ti_sysbios_knl_Task_Module_State_0_idleTask__A                            
20001be0  ti_sysbios_family_arm_m3_Hwi_Module_State_0_excActive__A                  
20001f88  ti_sysbios_knl_Task_Instance_State_0_stack__A                             
20002188  spiCC26XXDMAObjects                                                       
20002350  uartCC26XXObjects                                                         
2000247c  crcBuf                                                                    
2000257c  adcCC26xxObjects                                                          
20002658  ti_sysbios_family_arm_m3_Hwi_dispatchTable                                
200027a0  cryptoCC26XXObjects                                                       
200027e0  uartCC26XXRingBuffer                                                      
20002800  udmaObjects                                                               
20002858  displayUartObject                                                         
20002864  PowerCC26XX_taskKey                                                       
20002868  PowerCC26XX_swiKey                                                        
20002874  ClockP_tickPeriod                                                         
20002878  trngCC26XXObjects                                                         
2000287e  driverlib_release_0_54539                                                 
2000287f  heapStart                                                                 
20003b48  __stack                                                                   
20003b48  heapEnd                                                                   
20003f48  __STACK_END                                                               
20003f48  __STACK_TOP                                                               
20004f80  eccRom_param_Gx                                                           
20004f84  eccRom_param_Gy                                                           
20004f88  eccRom_workzone                                                           
20004f8c  eccRom_param_p                                                            
20004f90  eccRom_param_r                                                            
20004f94  eccRom_param_a                                                            
20004f98  eccRom_param_b                                                            
20004f9c  eccRom_windowSize                                                         
20005000  __UNUSED_SRAM_end__                                                       
e000e000  ti_sysbios_family_arm_m3_Hwi_nvic                                         
ffffffff  __TI_pprof_out_hndl                                                       
ffffffff  __TI_prof_data_size                                                       
ffffffff  __TI_prof_data_start                                                      
ffffffff  __binit__                                                                 
ffffffff  __c_args__                                                                
ffffffff  binit                                                                     
UNDEFED   SHT$$INIT_ARRAY$$Base                                                     
UNDEFED   SHT$$INIT_ARRAY$$Limit                                                    

[1219 symbols]
