******************************************************************************
                  TI ARM Linker PC v18.1.6                     
******************************************************************************
>> Linked Thu Oct  3 11:21:55 2019

OUTPUT FILE NAME:   <sport_tag_FlashROM.out>
ENTRY POINT SYMBOL: "ResetISR"  address: 0000ac0d


MEMORY CONFIGURATION

         name            origin    length      used     unused   attr    fill
----------------------  --------  ---------  --------  --------  ----  --------
  FLASH_IMG_HDR         00000000   000000a8  000000a5  00000003  R  X
  ENTRY                 000000a8   00000040  0000003c  00000004  R  X
  FLASH                 000000e8   00012f98  0000e43a  00004b5e  R  X
  SRAM                  20000000   00003f48  00002ced  0000125b  RW X


SEGMENT ALLOCATION MAP

run origin  load origin   length   init length attrs members
----------  ----------- ---------- ----------- ----- -------
00000000    00000000    0000e52c   0000e52c    r-x
  00000000    00000000    000000a5   000000a5    r-- .img_hdr
  000000a8    000000a8    0000003c   0000003c    r-- .resetVecs
  000000e8    000000e8    00000f18   00000f18    r-x .text.1
  00001000    00001000    00000028   00000028    r-- .const:ti_sysbios_heaps_HeapMem_Module__FXNS__C
  00001028    00001028    00000024   00000024    r-- .const:ti_sysbios_gates_GateHwi_Module__FXNS__C
  0000104c    0000104c    00000024   00000024    r-- .const:ti_sysbios_gates_GateMutex_Module__FXNS__C
  00001070    00001070    00000020   00000020    r-- .const:ti_sysbios_family_arm_m3_Hwi_Object__DESC__C
  00001090    00001090    00000020   00000020    r-- .const:ti_sysbios_gates_GateHwi_Object__DESC__C
  000010b0    000010b0    00000020   00000020    r-- .const:ti_sysbios_gates_GateMutex_Object__DESC__C
  000010d0    000010d0    00000020   00000020    r-- .const:ti_sysbios_hal_Hwi_Object__DESC__C
  000010f0    000010f0    00000020   00000020    r-- .const:ti_sysbios_heaps_HeapMem_Object__DESC__C
  00001110    00001110    00000020   00000020    r-- .const:ti_sysbios_knl_Clock_Object__DESC__C
  00001130    00001130    00000020   00000020    r-- .const:ti_sysbios_knl_Event_Object__DESC__C
  00001150    00001150    00000020   00000020    r-- .const:ti_sysbios_knl_Mailbox_Object__DESC__C
  00001170    00001170    00000020   00000020    r-- .const:ti_sysbios_knl_Queue_Object__DESC__C
  00001190    00001190    00000020   00000020    r-- .const:ti_sysbios_knl_Semaphore_Object__DESC__C
  000011b0    000011b0    00000020   00000020    r-- .const:ti_sysbios_knl_Swi_Object__DESC__C
  000011d0    000011d0    00000020   00000020    r-- .const:ti_sysbios_knl_Task_Object__DESC__C
  000011f0    000011f0    00000008   00000008    r-- .const:ti_sysbios_knl_Idle_funcList__C
  000011f8    000011f8    00000004   00000004    r-- .const:ti_sysbios_family_arm_cc26xx_Timer_startupNeeded__C
  000011fc    000011fc    00000004   00000004    r-- .const:ti_sysbios_family_arm_m3_Hwi_E_alreadyDefined__C
  00001200    00001200    00000004   00000004    r-- .const:ti_sysbios_family_arm_m3_Hwi_E_hwiLimitExceeded__C
  00001204    00001204    00000004   00000004    r-- .const:ti_sysbios_family_arm_m3_Hwi_NUM_INTERRUPTS__C
  00001208    00001208    00000004   00000004    r-- .const:ti_sysbios_family_arm_m3_Hwi_Object__count__C
  0000120c    0000120c    00000004   00000004    r-- .const:ti_sysbios_family_arm_m3_Hwi_Object__table__C
  00001210    00001210    00000004   00000004    r-- .const:ti_sysbios_family_arm_m3_Hwi_ccr__C
  00001214    00001214    00000004   00000004    r-- .const:ti_sysbios_family_arm_m3_Hwi_excHandlerFunc__C
  00001218    00001218    00000004   00000004    r-- .const:ti_sysbios_family_arm_m3_Hwi_nullIsrFunc__C
  0000121c    0000121c    00000004   00000004    r-- .const:ti_sysbios_family_arm_m3_Hwi_numSparseInterrupts__C
  00001220    00001220    00000004   00000004    r-- .const:ti_sysbios_family_arm_m3_Hwi_priGroup__C
  00001224    00001224    00000004   00000004    r-- .const:ti_sysbios_family_arm_m3_TaskSupport_stackAlignment__C
  00001228    00001228    00000004   00000004    r-- .const:ti_sysbios_heaps_HeapMem_E_memory__C
  0000122c    0000122c    00000004   00000004    r-- .const:ti_sysbios_heaps_HeapMem_Module__gateObj__C
  00001230    00001230    00000004   00000004    r-- .const:ti_sysbios_heaps_HeapMem_Object__count__C
  00001234    00001234    00000004   00000004    r-- .const:ti_sysbios_heaps_HeapMem_Object__table__C
  00001238    00001238    00000004   00000004    r-- .const:ti_sysbios_heaps_HeapMem_reqAlign__C
  0000123c    0000123c    00000004   00000004    r-- .const:ti_sysbios_knl_Clock_triggerClock__C
  00001240    00001240    00000004   00000004    r-- .const:ti_sysbios_knl_Mailbox_Object__count__C
  00001244    00001244    00000004   00000004    r-- .const:ti_sysbios_knl_Mailbox_Object__table__C
  00001248    00001248    00000004   00000004    r-- .const:ti_sysbios_knl_Mailbox_maxTypeAlign__C
  0000124c    0000124c    00000004   00000004    r-- .const:ti_sysbios_knl_Queue_Object__count__C
  00001250    00001250    00000004   00000004    r-- .const:ti_sysbios_knl_Queue_Object__table__C
  00001254    00001254    00000004   00000004    r-- .const:ti_sysbios_knl_Semaphore_eventPost__C
  00001258    00001258    00000004   00000004    r-- .const:ti_sysbios_knl_Semaphore_eventSync__C
  0000125c    0000125c    00000004   00000004    r-- .const:ti_sysbios_knl_Swi_Object__count__C
  00001260    00001260    00000004   00000004    r-- .const:ti_sysbios_knl_Swi_Object__table__C
  00001264    00001264    00000004   00000004    r-- .const:ti_sysbios_knl_Swi_numPriorities__C
  00001268    00001268    00000004   00000004    r-- .const:ti_sysbios_knl_Task_Object__count__C
  0000126c    0000126c    00000004   00000004    r-- .const:ti_sysbios_knl_Task_Object__table__C
  00001270    00001270    00000004   00000004    r-- .const:ti_sysbios_knl_Task_allBlockedFunc__C
  00001274    00001274    00000004   00000004    r-- .const:ti_sysbios_knl_Task_defaultStackHeap__C
  00001278    00001278    00000004   00000004    r-- .const:ti_sysbios_knl_Task_defaultStackSize__C
  0000127c    0000127c    00000004   00000004    r-- .const:ti_sysbios_knl_Task_numConstructedTasks__C
  00001280    00001280    00000002   00000002    r-- .const:ti_sysbios_family_arm_cc26xx_Timer_Module__id__C
  00001282    00001282    00000002   00000002    r-- .const:ti_sysbios_family_arm_cc26xx_TimestampProvider_useClockTimer__C
  00001284    00001284    00000002   00000002    r-- .const:ti_sysbios_family_arm_m3_Hwi_Module__id__C
  00001286    00001286    00000002   00000002    r-- .const:ti_sysbios_gates_GateHwi_Module__id__C
  00001288    00001288    00000002   00000002    r-- .const:ti_sysbios_gates_GateMutex_Module__id__C
  0000128a    0000128a    00000002   00000002    r-- .const:ti_sysbios_heaps_HeapMem_Module__id__C
  0000128c    0000128c    00000002   00000002    r-- .const:ti_sysbios_knl_Task_initStackFlag__C
  0000128e    0000128e    00000001   00000001    r-- .const:ti_sysbios_knl_Clock_tickMode__C
  00001290    00001290    00000008   00000008    r-- .const:xdc_runtime_Startup_firstFxns__C
  00001298    00001298    00000008   00000008    r-- .const:xdc_runtime_Startup_lastFxns__C
  000012a0    000012a0    00000004   00000004    r-- .const:xdc_runtime_Assert_E_assertFailed__C
  000012a4    000012a4    00000004   00000004    r-- .const:xdc_runtime_Error_E_memory__C
  000012a8    000012a8    00000004   00000004    r-- .const:xdc_runtime_Error_policyFxn__C
  000012ac    000012ac    00000004   00000004    r-- .const:xdc_runtime_Error_raiseHook__C
  000012b0    000012b0    00000004   00000004    r-- .const:xdc_runtime_IGateProvider_Interface__BASE__C
  000012b4    000012b4    00000004   00000004    r-- .const:xdc_runtime_IHeap_Interface__BASE__C
  000012b8    000012b8    00000004   00000004    r-- .const:xdc_runtime_IModule_Interface__BASE__C
  000012bc    000012bc    00000004   00000004    r-- .const:xdc_runtime_Memory_defaultHeapInstance__C
  000012c0    000012c0    00000004   00000004    r-- .const:xdc_runtime_Startup_execImpl__C
  000012c4    000012c4    00000004   00000004    r-- .const:xdc_runtime_Startup_maxPasses__C
  000012c8    000012c8    00000004   00000004    r-- .const:xdc_runtime_Startup_sfxnRts__C
  000012cc    000012cc    00000004   00000004    r-- .const:xdc_runtime_Startup_sfxnTab__C
  000012d0    000012d0    00000004   00000004    r-- .const:xdc_runtime_Startup_startModsFxn__C
  000012d4    000012d4    00000004   00000004    r-- .const:xdc_runtime_SysCallback_abortFxn__C
  000012d8    000012d8    00000004   00000004    r-- .const:xdc_runtime_SysCallback_exitFxn__C
  000012dc    000012dc    00000004   00000004    r-- .const:xdc_runtime_System_abortFxn__C
  000012e0    000012e0    00000004   00000004    r-- .const:xdc_runtime_System_exitFxn__C
  000012e4    000012e4    00000004   00000004    r-- .const:xdc_runtime_System_maxAtexitHandlers__C
  000012e8    000012e8    00000004   00000004    r-- .const:xdc_runtime_Text_charTab__C
  000012ec    000012ec    00000004   00000004    r-- .const:xdc_runtime_Text_nameEmpty__C
  000012f0    000012f0    00000004   00000004    r-- .const:xdc_runtime_Text_nameStatic__C
  000012f4    000012f4    00000004   00000004    r-- .const:xdc_runtime_Text_nameUnknown__C
  000012f8    000012f8    00000002   00000002    r-- .const:xdc_runtime_Error_maxDepth__C
  000012fa    000012fa    00000002   00000002    r-- .const:xdc_runtime_Memory_Module__id__C
  000012fc    000012fc    00000002   00000002    r-- .const:xdc_runtime_Text_charCnt__C
  000012fe    000012fe    00000002   00000002    r-- .const:xdc_runtime_Text_isLoaded__C
  00001300    00001300    00000001   00000001    r-- .const:xdc_runtime_Error_policy__C
  00001304    00001304    00000004   00000004    r-- .const:ti_sysbios_rom_ROM_ti_sysbios_family_arm_cc26xx_Timer_getCount64__E
  00001308    00001308    00000004   00000004    r-- .const:ti_sysbios_rom_ROM_ti_sysbios_family_arm_cc26xx_Timer_getCurrentTick__E
  0000130c    0000130c    00000004   00000004    r-- .const:ti_sysbios_rom_ROM_ti_sysbios_family_arm_cc26xx_Timer_getMaxTicks__E
  00001310    00001310    00000004   00000004    r-- .const:ti_sysbios_rom_ROM_ti_sysbios_family_arm_cc26xx_Timer_initDevice__I
  00001314    00001314    00000004   00000004    r-- .const:ti_sysbios_rom_ROM_ti_sysbios_family_arm_cc26xx_Timer_setNextTick__E
  00001318    00001318    00000004   00000004    r-- .const:ti_sysbios_rom_ROM_ti_sysbios_family_arm_cc26xx_Timer_setThreshold__I
  0000131c    0000131c    00000004   00000004    r-- .const:ti_sysbios_rom_ROM_ti_sysbios_family_arm_cc26xx_Timer_start__E
  00001320    00001320    00000004   00000004    r-- .const:ti_sysbios_rom_ROM_ti_sysbios_family_arm_cc26xx_TimestampProvider_get32__E
  00001324    00001324    00000004   00000004    r-- .const:ti_sysbios_rom_ROM_xdc_runtime_Startup_getState__I
  00001328    00001328    00000004   00000004    r-- .const:ti_sysbios_rom_ROM_xdc_runtime_System_SupportProxy_abort__E
  0000132c    0000132c    00000004   00000004    r-- .const:ti_sysbios_rom_ROM_xdc_runtime_System_SupportProxy_exit__E
  00001330    00001330    0000c158   0000c158    r-x .text.2
  0000d488    0000d488    00000a52   00000a52    r-- .const
  0000dedc    0000dedc    00000058   00000058    r-- .ccfg
  0000df38    0000df38    000005f4   000005f4    r-- .cinit
20000100    20000100    00000106   00000000    rw-
  20000100    20000100    00000044   00000000    rw- .data:ti_sysbios_knl_Task_Module__state__V
  20000144    20000144    00000034   00000000    rw- .data:ti_sysbios_family_arm_m3_Hwi_Module__state__V
  20000178    20000178    0000002c   00000000    rw- .data:ti_sysbios_knl_Clock_Module__state__V
  200001a4    200001a4    00000024   00000000    rw- .data:ti_sysbios_BIOS_Module__state__V
  200001c8    200001c8    0000001c   00000000    rw- .data:ti_sysbios_knl_Swi_Module__state__V
  200001e4    200001e4    00000008   00000000    rw- .data:ti_sysbios_family_arm_cc26xx_Timer_Module__state__V
  200001ec    200001ec    00000004   00000000    rw- .data:ti_sysbios_family_arm_cc26xx_TimestampProvider_Module__state__V
  200001f0    200001f0    00000008   00000000    rw- .data:xdc_runtime_Startup_Module__state__V
  200001f8    200001f8    00000008   00000000    rw- .data:xdc_runtime_System_Module__state__V
  20000200    20000200    00000004   00000000    rw- .data:xdc_runtime_Memory_Module__state__V
  20000204    20000204    00000002   00000000    rw- .data:xdc_runtime_Error_Module__state__V
20000430    20000430    00000010   00000000    rw-
  20000430    20000430    00000010   00000000    rw- .TI.bound:dmaSpi0RxControlTableEntry
20000440    20000440    00000010   00000000    rw-
  20000440    20000440    00000010   00000000    rw- .TI.bound:dmaSpi0TxControlTableEntry
20000500    20000500    00000010   00000000    rw-
  20000500    20000500    00000010   00000000    rw- .TI.bound:dmaSpi1RxControlTableEntry
20000510    20000510    000026ef   00000000    rw-
  20000510    20000510    00000010   00000000    rw- .TI.bound:dmaSpi1TxControlTableEntry
  20000520    20000520    00001821   00000000    rw- .data
  20001d48    20001d48    00000eb7   00000000    rw- .bss
20003b48    20003b48    00000400   00000000    rw-
  20003b48    20003b48    00000400   00000000    rw- .stack


SECTION ALLOCATION MAP

 output                                  attributes/
section   page    origin      length       input sections
--------  ----  ----------  ----------   ----------------
.text.1    0    000000e8    00000f18     
                  000000e8    00000898     simple_peripheral_oad_offchip.obj (.text:SimplePeripheral_taskFxn$3)
                  00000980    00000008     (.tramp.ti_sysbios_knl_Event_pend__E.1)
                  00000988    00000008     (.tramp.ti_sysbios_knl_Queue_get__E.1)
                  00000990    00000008     (.tramp.ti_sysbios_knl_Queue_empty__E.1)
                  00000998    000005f0     simple_peripheral_oad_offchip.obj (.text:SimplePeripheral_init$3)
                  00000f88    00000008     (.tramp.ti_sysbios_knl_Queue_construct.1)
                  00000f90    00000070     icall.obj (.text:ICall_heapGetStats)

.const:ti_sysbios_heaps_HeapMem_Module__FXNS__C 
*          0    00001000    00000028     
                  00001000    00000028     app_ble_pem3.oem3 (.const:ti_sysbios_heaps_HeapMem_Module__FXNS__C)

.const:ti_sysbios_gates_GateHwi_Module__FXNS__C 
*          0    00001028    00000024     
                  00001028    00000024     app_ble_pem3.oem3 (.const:ti_sysbios_gates_GateHwi_Module__FXNS__C)

.const:ti_sysbios_gates_GateMutex_Module__FXNS__C 
*          0    0000104c    00000024     
                  0000104c    00000024     app_ble_pem3.oem3 (.const:ti_sysbios_gates_GateMutex_Module__FXNS__C)

.const:ti_sysbios_family_arm_m3_Hwi_Object__DESC__C 
*          0    00001070    00000020     
                  00001070    00000020     app_ble_pem3.oem3 (.const:ti_sysbios_family_arm_m3_Hwi_Object__DESC__C)

.const:ti_sysbios_gates_GateHwi_Object__DESC__C 
*          0    00001090    00000020     
                  00001090    00000020     app_ble_pem3.oem3 (.const:ti_sysbios_gates_GateHwi_Object__DESC__C)

.const:ti_sysbios_gates_GateMutex_Object__DESC__C 
*          0    000010b0    00000020     
                  000010b0    00000020     app_ble_pem3.oem3 (.const:ti_sysbios_gates_GateMutex_Object__DESC__C)

.const:ti_sysbios_hal_Hwi_Object__DESC__C 
*          0    000010d0    00000020     
                  000010d0    00000020     app_ble_pem3.oem3 (.const:ti_sysbios_hal_Hwi_Object__DESC__C)

.const:ti_sysbios_heaps_HeapMem_Object__DESC__C 
*          0    000010f0    00000020     
                  000010f0    00000020     app_ble_pem3.oem3 (.const:ti_sysbios_heaps_HeapMem_Object__DESC__C)

.const:ti_sysbios_knl_Clock_Object__DESC__C 
*          0    00001110    00000020     
                  00001110    00000020     app_ble_pem3.oem3 (.const:ti_sysbios_knl_Clock_Object__DESC__C)

.const:ti_sysbios_knl_Event_Object__DESC__C 
*          0    00001130    00000020     
                  00001130    00000020     app_ble_pem3.oem3 (.const:ti_sysbios_knl_Event_Object__DESC__C)

.const:ti_sysbios_knl_Mailbox_Object__DESC__C 
*          0    00001150    00000020     
                  00001150    00000020     app_ble_pem3.oem3 (.const:ti_sysbios_knl_Mailbox_Object__DESC__C)

.const:ti_sysbios_knl_Queue_Object__DESC__C 
*          0    00001170    00000020     
                  00001170    00000020     app_ble_pem3.oem3 (.const:ti_sysbios_knl_Queue_Object__DESC__C)

.const:ti_sysbios_knl_Semaphore_Object__DESC__C 
*          0    00001190    00000020     
                  00001190    00000020     app_ble_pem3.oem3 (.const:ti_sysbios_knl_Semaphore_Object__DESC__C)

.const:ti_sysbios_knl_Swi_Object__DESC__C 
*          0    000011b0    00000020     
                  000011b0    00000020     app_ble_pem3.oem3 (.const:ti_sysbios_knl_Swi_Object__DESC__C)

.const:ti_sysbios_knl_Task_Object__DESC__C 
*          0    000011d0    00000020     
                  000011d0    00000020     app_ble_pem3.oem3 (.const:ti_sysbios_knl_Task_Object__DESC__C)

.const:ti_sysbios_knl_Idle_funcList__C 
*          0    000011f0    00000008     
                  000011f0    00000008     app_ble_pem3.oem3 (.const:ti_sysbios_knl_Idle_funcList__C)

.const:ti_sysbios_family_arm_cc26xx_Timer_startupNeeded__C 
*          0    000011f8    00000004     
                  000011f8    00000004     app_ble_pem3.oem3 (.const:ti_sysbios_family_arm_cc26xx_Timer_startupNeeded__C)

.const:ti_sysbios_family_arm_m3_Hwi_E_alreadyDefined__C 
*          0    000011fc    00000004     
                  000011fc    00000004     app_ble_pem3.oem3 (.const:ti_sysbios_family_arm_m3_Hwi_E_alreadyDefined__C)

.const:ti_sysbios_family_arm_m3_Hwi_E_hwiLimitExceeded__C 
*          0    00001200    00000004     
                  00001200    00000004     app_ble_pem3.oem3 (.const:ti_sysbios_family_arm_m3_Hwi_E_hwiLimitExceeded__C)

.const:ti_sysbios_family_arm_m3_Hwi_NUM_INTERRUPTS__C 
*          0    00001204    00000004     
                  00001204    00000004     app_ble_pem3.oem3 (.const:ti_sysbios_family_arm_m3_Hwi_NUM_INTERRUPTS__C)

.const:ti_sysbios_family_arm_m3_Hwi_Object__count__C 
*          0    00001208    00000004     
                  00001208    00000004     app_ble_pem3.oem3 (.const:ti_sysbios_family_arm_m3_Hwi_Object__count__C)

.const:ti_sysbios_family_arm_m3_Hwi_Object__table__C 
*          0    0000120c    00000004     
                  0000120c    00000004     app_ble_pem3.oem3 (.const:ti_sysbios_family_arm_m3_Hwi_Object__table__C)

.const:ti_sysbios_family_arm_m3_Hwi_ccr__C 
*          0    00001210    00000004     
                  00001210    00000004     app_ble_pem3.oem3 (.const:ti_sysbios_family_arm_m3_Hwi_ccr__C)

.const:ti_sysbios_family_arm_m3_Hwi_excHandlerFunc__C 
*          0    00001214    00000004     
                  00001214    00000004     app_ble_pem3.oem3 (.const:ti_sysbios_family_arm_m3_Hwi_excHandlerFunc__C)

.const:ti_sysbios_family_arm_m3_Hwi_nullIsrFunc__C 
*          0    00001218    00000004     
                  00001218    00000004     app_ble_pem3.oem3 (.const:ti_sysbios_family_arm_m3_Hwi_nullIsrFunc__C)

.const:ti_sysbios_family_arm_m3_Hwi_numSparseInterrupts__C 
*          0    0000121c    00000004     
                  0000121c    00000004     app_ble_pem3.oem3 (.const:ti_sysbios_family_arm_m3_Hwi_numSparseInterrupts__C)

.const:ti_sysbios_family_arm_m3_Hwi_priGroup__C 
*          0    00001220    00000004     
                  00001220    00000004     app_ble_pem3.oem3 (.const:ti_sysbios_family_arm_m3_Hwi_priGroup__C)

.const:ti_sysbios_family_arm_m3_TaskSupport_stackAlignment__C 
*          0    00001224    00000004     
                  00001224    00000004     app_ble_pem3.oem3 (.const:ti_sysbios_family_arm_m3_TaskSupport_stackAlignment__C)

.const:ti_sysbios_heaps_HeapMem_E_memory__C 
*          0    00001228    00000004     
                  00001228    00000004     app_ble_pem3.oem3 (.const:ti_sysbios_heaps_HeapMem_E_memory__C)

.const:ti_sysbios_heaps_HeapMem_Module__gateObj__C 
*          0    0000122c    00000004     
                  0000122c    00000004     app_ble_pem3.oem3 (.const:ti_sysbios_heaps_HeapMem_Module__gateObj__C)

.const:ti_sysbios_heaps_HeapMem_Object__count__C 
*          0    00001230    00000004     
                  00001230    00000004     app_ble_pem3.oem3 (.const:ti_sysbios_heaps_HeapMem_Object__count__C)

.const:ti_sysbios_heaps_HeapMem_Object__table__C 
*          0    00001234    00000004     
                  00001234    00000004     app_ble_pem3.oem3 (.const:ti_sysbios_heaps_HeapMem_Object__table__C)

.const:ti_sysbios_heaps_HeapMem_reqAlign__C 
*          0    00001238    00000004     
                  00001238    00000004     app_ble_pem3.oem3 (.const:ti_sysbios_heaps_HeapMem_reqAlign__C)

.const:ti_sysbios_knl_Clock_triggerClock__C 
*          0    0000123c    00000004     
                  0000123c    00000004     app_ble_pem3.oem3 (.const:ti_sysbios_knl_Clock_triggerClock__C)

.const:ti_sysbios_knl_Mailbox_Object__count__C 
*          0    00001240    00000004     
                  00001240    00000004     app_ble_pem3.oem3 (.const:ti_sysbios_knl_Mailbox_Object__count__C)

.const:ti_sysbios_knl_Mailbox_Object__table__C 
*          0    00001244    00000004     
                  00001244    00000004     app_ble_pem3.oem3 (.const:ti_sysbios_knl_Mailbox_Object__table__C)

.const:ti_sysbios_knl_Mailbox_maxTypeAlign__C 
*          0    00001248    00000004     
                  00001248    00000004     app_ble_pem3.oem3 (.const:ti_sysbios_knl_Mailbox_maxTypeAlign__C)

.const:ti_sysbios_knl_Queue_Object__count__C 
*          0    0000124c    00000004     
                  0000124c    00000004     app_ble_pem3.oem3 (.const:ti_sysbios_knl_Queue_Object__count__C)

.const:ti_sysbios_knl_Queue_Object__table__C 
*          0    00001250    00000004     
                  00001250    00000004     app_ble_pem3.oem3 (.const:ti_sysbios_knl_Queue_Object__table__C)

.const:ti_sysbios_knl_Semaphore_eventPost__C 
*          0    00001254    00000004     
                  00001254    00000004     app_ble_pem3.oem3 (.const:ti_sysbios_knl_Semaphore_eventPost__C)

.const:ti_sysbios_knl_Semaphore_eventSync__C 
*          0    00001258    00000004     
                  00001258    00000004     app_ble_pem3.oem3 (.const:ti_sysbios_knl_Semaphore_eventSync__C)

.const:ti_sysbios_knl_Swi_Object__count__C 
*          0    0000125c    00000004     
                  0000125c    00000004     app_ble_pem3.oem3 (.const:ti_sysbios_knl_Swi_Object__count__C)

.const:ti_sysbios_knl_Swi_Object__table__C 
*          0    00001260    00000004     
                  00001260    00000004     app_ble_pem3.oem3 (.const:ti_sysbios_knl_Swi_Object__table__C)

.const:ti_sysbios_knl_Swi_numPriorities__C 
*          0    00001264    00000004     
                  00001264    00000004     app_ble_pem3.oem3 (.const:ti_sysbios_knl_Swi_numPriorities__C)

.const:ti_sysbios_knl_Task_Object__count__C 
*          0    00001268    00000004     
                  00001268    00000004     app_ble_pem3.oem3 (.const:ti_sysbios_knl_Task_Object__count__C)

.const:ti_sysbios_knl_Task_Object__table__C 
*          0    0000126c    00000004     
                  0000126c    00000004     app_ble_pem3.oem3 (.const:ti_sysbios_knl_Task_Object__table__C)

.const:ti_sysbios_knl_Task_allBlockedFunc__C 
*          0    00001270    00000004     
                  00001270    00000004     app_ble_pem3.oem3 (.const:ti_sysbios_knl_Task_allBlockedFunc__C)

.const:ti_sysbios_knl_Task_defaultStackHeap__C 
*          0    00001274    00000004     
                  00001274    00000004     app_ble_pem3.oem3 (.const:ti_sysbios_knl_Task_defaultStackHeap__C)

.const:ti_sysbios_knl_Task_defaultStackSize__C 
*          0    00001278    00000004     
                  00001278    00000004     app_ble_pem3.oem3 (.const:ti_sysbios_knl_Task_defaultStackSize__C)

.const:ti_sysbios_knl_Task_numConstructedTasks__C 
*          0    0000127c    00000004     
                  0000127c    00000004     app_ble_pem3.oem3 (.const:ti_sysbios_knl_Task_numConstructedTasks__C)

.const:ti_sysbios_family_arm_cc26xx_Timer_Module__id__C 
*          0    00001280    00000002     
                  00001280    00000002     app_ble_pem3.oem3 (.const:ti_sysbios_family_arm_cc26xx_Timer_Module__id__C)

.const:ti_sysbios_family_arm_cc26xx_TimestampProvider_useClockTimer__C 
*          0    00001282    00000002     
                  00001282    00000002     app_ble_pem3.oem3 (.const:ti_sysbios_family_arm_cc26xx_TimestampProvider_useClockTimer__C)

.const:ti_sysbios_family_arm_m3_Hwi_Module__id__C 
*          0    00001284    00000002     
                  00001284    00000002     app_ble_pem3.oem3 (.const:ti_sysbios_family_arm_m3_Hwi_Module__id__C)

.const:ti_sysbios_gates_GateHwi_Module__id__C 
*          0    00001286    00000002     
                  00001286    00000002     app_ble_pem3.oem3 (.const:ti_sysbios_gates_GateHwi_Module__id__C)

.const:ti_sysbios_gates_GateMutex_Module__id__C 
*          0    00001288    00000002     
                  00001288    00000002     app_ble_pem3.oem3 (.const:ti_sysbios_gates_GateMutex_Module__id__C)

.const:ti_sysbios_heaps_HeapMem_Module__id__C 
*          0    0000128a    00000002     
                  0000128a    00000002     app_ble_pem3.oem3 (.const:ti_sysbios_heaps_HeapMem_Module__id__C)

.const:ti_sysbios_knl_Task_initStackFlag__C 
*          0    0000128c    00000002     
                  0000128c    00000002     app_ble_pem3.oem3 (.const:ti_sysbios_knl_Task_initStackFlag__C)

.const:ti_sysbios_knl_Clock_tickMode__C 
*          0    0000128e    00000001     
                  0000128e    00000001     app_ble_pem3.oem3 (.const:ti_sysbios_knl_Clock_tickMode__C)

.const:xdc_runtime_Startup_firstFxns__C 
*          0    00001290    00000008     
                  00001290    00000008     app_ble_pem3.oem3 (.const:xdc_runtime_Startup_firstFxns__C)

.const:xdc_runtime_Startup_lastFxns__C 
*          0    00001298    00000008     
                  00001298    00000008     app_ble_pem3.oem3 (.const:xdc_runtime_Startup_lastFxns__C)

.const:xdc_runtime_Assert_E_assertFailed__C 
*          0    000012a0    00000004     
                  000012a0    00000004     app_ble_pem3.oem3 (.const:xdc_runtime_Assert_E_assertFailed__C)

.const:xdc_runtime_Error_E_memory__C 
*          0    000012a4    00000004     
                  000012a4    00000004     app_ble_pem3.oem3 (.const:xdc_runtime_Error_E_memory__C)

.const:xdc_runtime_Error_policyFxn__C 
*          0    000012a8    00000004     
                  000012a8    00000004     app_ble_pem3.oem3 (.const:xdc_runtime_Error_policyFxn__C)

.const:xdc_runtime_Error_raiseHook__C 
*          0    000012ac    00000004     
                  000012ac    00000004     app_ble_pem3.oem3 (.const:xdc_runtime_Error_raiseHook__C)

.const:xdc_runtime_IGateProvider_Interface__BASE__C 
*          0    000012b0    00000004     
                  000012b0    00000004     app_ble_pem3.oem3 (.const:xdc_runtime_IGateProvider_Interface__BASE__C)

.const:xdc_runtime_IHeap_Interface__BASE__C 
*          0    000012b4    00000004     
                  000012b4    00000004     app_ble_pem3.oem3 (.const:xdc_runtime_IHeap_Interface__BASE__C)

.const:xdc_runtime_IModule_Interface__BASE__C 
*          0    000012b8    00000004     
                  000012b8    00000004     app_ble_pem3.oem3 (.const:xdc_runtime_IModule_Interface__BASE__C)

.const:xdc_runtime_Memory_defaultHeapInstance__C 
*          0    000012bc    00000004     
                  000012bc    00000004     app_ble_pem3.oem3 (.const:xdc_runtime_Memory_defaultHeapInstance__C)

.const:xdc_runtime_Startup_execImpl__C 
*          0    000012c0    00000004     
                  000012c0    00000004     app_ble_pem3.oem3 (.const:xdc_runtime_Startup_execImpl__C)

.const:xdc_runtime_Startup_maxPasses__C 
*          0    000012c4    00000004     
                  000012c4    00000004     app_ble_pem3.oem3 (.const:xdc_runtime_Startup_maxPasses__C)

.const:xdc_runtime_Startup_sfxnRts__C 
*          0    000012c8    00000004     
                  000012c8    00000004     app_ble_pem3.oem3 (.const:xdc_runtime_Startup_sfxnRts__C)

.const:xdc_runtime_Startup_sfxnTab__C 
*          0    000012cc    00000004     
                  000012cc    00000004     app_ble_pem3.oem3 (.const:xdc_runtime_Startup_sfxnTab__C)

.const:xdc_runtime_Startup_startModsFxn__C 
*          0    000012d0    00000004     
                  000012d0    00000004     app_ble_pem3.oem3 (.const:xdc_runtime_Startup_startModsFxn__C)

.const:xdc_runtime_SysCallback_abortFxn__C 
*          0    000012d4    00000004     
                  000012d4    00000004     app_ble_pem3.oem3 (.const:xdc_runtime_SysCallback_abortFxn__C)

.const:xdc_runtime_SysCallback_exitFxn__C 
*          0    000012d8    00000004     
                  000012d8    00000004     app_ble_pem3.oem3 (.const:xdc_runtime_SysCallback_exitFxn__C)

.const:xdc_runtime_System_abortFxn__C 
*          0    000012dc    00000004     
                  000012dc    00000004     app_ble_pem3.oem3 (.const:xdc_runtime_System_abortFxn__C)

.const:xdc_runtime_System_exitFxn__C 
*          0    000012e0    00000004     
                  000012e0    00000004     app_ble_pem3.oem3 (.const:xdc_runtime_System_exitFxn__C)

.const:xdc_runtime_System_maxAtexitHandlers__C 
*          0    000012e4    00000004     
                  000012e4    00000004     app_ble_pem3.oem3 (.const:xdc_runtime_System_maxAtexitHandlers__C)

.const:xdc_runtime_Text_charTab__C 
*          0    000012e8    00000004     
                  000012e8    00000004     app_ble_pem3.oem3 (.const:xdc_runtime_Text_charTab__C)

.const:xdc_runtime_Text_nameEmpty__C 
*          0    000012ec    00000004     
                  000012ec    00000004     app_ble_pem3.oem3 (.const:xdc_runtime_Text_nameEmpty__C)

.const:xdc_runtime_Text_nameStatic__C 
*          0    000012f0    00000004     
                  000012f0    00000004     app_ble_pem3.oem3 (.const:xdc_runtime_Text_nameStatic__C)

.const:xdc_runtime_Text_nameUnknown__C 
*          0    000012f4    00000004     
                  000012f4    00000004     app_ble_pem3.oem3 (.const:xdc_runtime_Text_nameUnknown__C)

.const:xdc_runtime_Error_maxDepth__C 
*          0    000012f8    00000002     
                  000012f8    00000002     app_ble_pem3.oem3 (.const:xdc_runtime_Error_maxDepth__C)

.const:xdc_runtime_Memory_Module__id__C 
*          0    000012fa    00000002     
                  000012fa    00000002     app_ble_pem3.oem3 (.const:xdc_runtime_Memory_Module__id__C)

.const:xdc_runtime_Text_charCnt__C 
*          0    000012fc    00000002     
                  000012fc    00000002     app_ble_pem3.oem3 (.const:xdc_runtime_Text_charCnt__C)

.const:xdc_runtime_Text_isLoaded__C 
*          0    000012fe    00000002     
                  000012fe    00000002     app_ble_pem3.oem3 (.const:xdc_runtime_Text_isLoaded__C)

.const:xdc_runtime_Error_policy__C 
*          0    00001300    00000001     
                  00001300    00000001     app_ble_pem3.oem3 (.const:xdc_runtime_Error_policy__C)

.const:ti_sysbios_rom_ROM_ti_sysbios_family_arm_cc26xx_Timer_getCount64__E 
*          0    00001304    00000004     
                  00001304    00000004     app_ble_pem3.oem3 (.const:ti_sysbios_rom_ROM_ti_sysbios_family_arm_cc26xx_Timer_getCount64__E)

.const:ti_sysbios_rom_ROM_ti_sysbios_family_arm_cc26xx_Timer_getCurrentTick__E 
*          0    00001308    00000004     
                  00001308    00000004     app_ble_pem3.oem3 (.const:ti_sysbios_rom_ROM_ti_sysbios_family_arm_cc26xx_Timer_getCurrentTick__E)

.const:ti_sysbios_rom_ROM_ti_sysbios_family_arm_cc26xx_Timer_getMaxTicks__E 
*          0    0000130c    00000004     
                  0000130c    00000004     app_ble_pem3.oem3 (.const:ti_sysbios_rom_ROM_ti_sysbios_family_arm_cc26xx_Timer_getMaxTicks__E)

.const:ti_sysbios_rom_ROM_ti_sysbios_family_arm_cc26xx_Timer_initDevice__I 
*          0    00001310    00000004     
                  00001310    00000004     app_ble_pem3.oem3 (.const:ti_sysbios_rom_ROM_ti_sysbios_family_arm_cc26xx_Timer_initDevice__I)

.const:ti_sysbios_rom_ROM_ti_sysbios_family_arm_cc26xx_Timer_setNextTick__E 
*          0    00001314    00000004     
                  00001314    00000004     app_ble_pem3.oem3 (.const:ti_sysbios_rom_ROM_ti_sysbios_family_arm_cc26xx_Timer_setNextTick__E)

.const:ti_sysbios_rom_ROM_ti_sysbios_family_arm_cc26xx_Timer_setThreshold__I 
*          0    00001318    00000004     
                  00001318    00000004     app_ble_pem3.oem3 (.const:ti_sysbios_rom_ROM_ti_sysbios_family_arm_cc26xx_Timer_setThreshold__I)

.const:ti_sysbios_rom_ROM_ti_sysbios_family_arm_cc26xx_Timer_start__E 
*          0    0000131c    00000004     
                  0000131c    00000004     app_ble_pem3.oem3 (.const:ti_sysbios_rom_ROM_ti_sysbios_family_arm_cc26xx_Timer_start__E)

.const:ti_sysbios_rom_ROM_ti_sysbios_family_arm_cc26xx_TimestampProvider_get32__E 
*          0    00001320    00000004     
                  00001320    00000004     app_ble_pem3.oem3 (.const:ti_sysbios_rom_ROM_ti_sysbios_family_arm_cc26xx_TimestampProvider_get32__E)

.const:ti_sysbios_rom_ROM_xdc_runtime_Startup_getState__I 
*          0    00001324    00000004     
                  00001324    00000004     app_ble_pem3.oem3 (.const:ti_sysbios_rom_ROM_xdc_runtime_Startup_getState__I)

.const:ti_sysbios_rom_ROM_xdc_runtime_System_SupportProxy_abort__E 
*          0    00001328    00000004     
                  00001328    00000004     app_ble_pem3.oem3 (.const:ti_sysbios_rom_ROM_xdc_runtime_System_SupportProxy_abort__E)

.const:ti_sysbios_rom_ROM_xdc_runtime_System_SupportProxy_exit__E 
*          0    0000132c    00000004     
                  0000132c    00000004     app_ble_pem3.oem3 (.const:ti_sysbios_rom_ROM_xdc_runtime_System_SupportProxy_exit__E)

.text.2    0    00001330    0000c158     
                  00001330    0000059c     peripheral_observer.obj (.text:gapRole_taskFxn$22)
                  000018cc    00000420     oad.obj (.text:oadImgBlockWrite$16)
                  00001cec    00000418     oad.obj (.text:oadProcessExtControlCmd$16)
                  00002104    000003d4     simple_peripheral_oad_offchip.obj (.text:SimplePeripheral_processStackMsg$3)
                  000024d8    00000314     drivers_cc26x0r2.aem3 : PowerCC26XX_calibrateRCOSC.oem3 (.text:PowerCC26XX_auxISR)
                  000027ec    0000030c     rom_sysbios.aem3 : rom_sysbios.obj (.text:xdc_runtime_System_doPrint__I)
                  00002af8    000002b8     RFCC26XX_singleMode.obj (.text:RF_fsmActiveState$6)
                  00002db0    00000290     peripheral_observer.obj (.text:GAPRole_SetParameter)
                  00003040    0000027c     drivers_cc26x0r2.aem3 : CryptoCC26XX.oem3 (.text:cryptoTransactionExecute)
                  000032bc    00000264     simple_peripheral_oad_offchip.obj (.text:SimplePeripheral_processStateChangeEvt$3)
                  00003520    0000022c     drivers_cc26x0r2.aem3 : PowerCC26XX.oem3 (.text:Power_sleep)
                  0000374c    00000220     driverlib.lib : sys_ctrl.obj (.text:NOROM_SysCtrlSetRechargeBeforePowerDown)
                  0000396c    0000021c     drivers_cc26x0r2.aem3 : SPICC26XXDMA.oem3 (.text:SPICC26XXDMA_transfer)
                  00003b88    0000020c     RFCC26XX_singleMode.obj (.text:RF_open)
                  00003d94    000001e0     ECCROMCC26XX.obj (.text:ECC_VerifyPublicKeyWeierstrass$5)
                  00003f74    000001bc     main.obj (.text:AssertHandler)
                  00004130    000001bc     RFCC26XX_singleMode.obj (.text:RF_fsmSetupState$6)
                  000042ec    000001b8     myBlink.obj (.text:SendToBlink)
                  000044a4    000001b0     drivers_cc26x0r2.aem3 : PINCC26XX.oem3 (.text:PIN_init)
                  00004654    000001a4     ECCROMCC26XX.obj (.text:ECCROMCC26XX_genDHKey)
                  000047f8    00000198     icall.obj (.text:icall_directAPI)
                  00004990    00000190     drivers_cc26x0r2.aem3 : PowerCC26XX_calibrateRCOSC.oem3 (.text:PowerCC26XX_doCalibrate)
                  00004b20    00000184     simple_peripheral_oad_offchip.obj (.text:SimplePeripheral_processCharValueChangeEvt$3)
                  00004ca4    00000180     simple_peripheral_oad_offchip.obj (.text:ChangeWorkMode$3)
                  00004e24    00000168     drivers_cc26x0r2.aem3 : PowerCC26XX.oem3 (.text:Power_shutdown)
                  00004f8c    0000015c                           : UARTCC26XX.oem3 (.text:UARTCC26XX_open)
                  000050e8    00000158                           : SPICC26XXDMA.oem3 (.text:SPICC26XXDMA_initIO)
                  00005240    00000148     simple_peripheral_oad_offchip.obj (.text:ExecuteCommand$3)
                  00005388    00000148     drivers_cc26x0r2.aem3 : UARTCC26XX.oem3 (.text:UARTCC26XX_hwiIntFxn)
                  000054d0    00000140     simple_peripheral_oad_offchip.obj (.text:SendAsk$3)
                  00005610    00000136     drivers_cc26x0r2.aem3 : UARTCC26XX.oem3 (.text:UARTCC26XX_read)
                  00005746    00000002     ble_user_config.obj (.text:DefaultAssertCback)
                  00005748    0000012c     drivers_cc26x0r2.aem3 : PowerCC26XX.oem3 (.text:Power_init)
                  00005874    0000012c     simple_peripheral_oad_offchip.obj (.text:ReadStartParam$3)
                  000059a0    00000128     ECCROMCC26XX.obj (.text:ECCROMCC26XX_genKeys)
                  00005ac8    00000124     peripheral_observer.obj (.text:GAPRole_GetParameter)
                  00005bec    0000011c     drivers_cc26x0r2.aem3 : SPICC26XXDMA.oem3 (.text:SPICC26XXDMA_open)
                  00005d08    00000114     main.obj (.text:main)
                  00005e1c    0000010c     drivers_cc26x0r2.aem3 : SPICC26XXDMA.oem3 (.text:SPICC26XXDMA_configDMA)
                  00005f28    0000010c     oad.obj (.text:oadValidateCandidateHdr$16)
                  00006034    000000f8     app_ble_pem3.oem3 (.text:xdc_runtime_System_printfExtend__I)
                  0000612c    000000f0     drivers_cc26x0r2.aem3 : PINCC26XX.oem3 (.text:PINCC26XX_setIoCfg)
                  0000621c    000000f0     RFCC26XX_singleMode.obj (.text:RF_radioOpDoneCb$6)
                  0000630c    000000e8     dpl_cc26x0r2.aem3 : PowerCC26XX_tirtos.oem3 (.text:PowerCC26XX_standbyPolicy)
                  000063f4    000000e4     drivers_cc26x0r2.aem3 : SPICC26XXDMA.oem3 (.text:SPICC26XXDMA_transferCancel)
                  000064d8    000000e4     oad.obj (.text:oadWriteAttrCB$16)
                  000065bc    000000e2     drivers_cc26x0r2.aem3 : UARTCC26XX.oem3 (.text:UARTCC26XX_write)
                  0000669e    00000002     display.aem3 : DisplayUart.oem3 (.text:DisplayUartAnsi_init)
                  000066a0    000000d8     drivers_cc26x0r2.aem3 : ADCCC26XX.oem3 (.text:ADCCC26XX_convert)
                  00006778    000000d8                           : PWMTimerCC26XX.oem3 (.text:PWMTimerCC26XX_open)
                  00006850    000000d4     RFCC26XX_singleMode.obj (.text:RF_pendCmd)
                  00006924    000000d0     simple_peripheral_oad_offchip.obj (.text:ChangeDiscoveryMode)
                  000069f4    000000d0     drivers_cc26x0r2.aem3 : GPTimerCC26XX.oem3 (.text:GPTimerCC26XX_open)
                  00006ac4    000000cc     RFCC26XX_singleMode.obj (.text:RF_swiHw$6)
                  00006b90    000000c4     simple_peripheral_oad_offchip.obj (.text:GetAkkumVoltage$3)
                  00006c54    000000c4     RFCC26XX_singleMode.obj (.text:RF_control)
                  00006d18    000000c4     RFCC26XX_singleMode.obj (.text:RF_postCmd)
                  00006ddc    000000c0     RFCC26XX_singleMode.obj (.text:RF_fsmPowerUpState$6)
                  00006e9c    000000bc     drivers_cc26x0r2.aem3 : PowerCC26XX.oem3 (.text:Power_releaseDependency)
                  00006f58    000000b8     ExtFlash.obj (.text:ExtFlash_open)
                  00007010    000000b8     driverlib.lib : aux_adc.obj (.text:NOROM_AUXADCEnableSync)
                  000070c8    000000b4                   : setup.obj (.text:NOROM_SetupTrimDevice)
                  0000717c    000000b4     drivers_cc26x0r2.aem3 : PowerCC26XX.oem3 (.text:Power_setDependency)
                  00007230    000000b4     devinfoservice.obj (.text:devInfo_ReadAttrCB$18)
                  000072e4    000000b0     TRNGCC26XX.obj (.text:TRNGCC26XX_getNumber)
                  00007394    000000b0     myDataTransfer.obj (.text:myDataTransfer_WriteAttrCB$21)
                  00007444    000000ac     display.aem3 : DisplayUart.oem3 (.text:DisplayUartAnsi_clearLines)
                  000074f0    000000ac     RFCC26XX_singleMode.obj (.text:RF_abortCmd$6)
                  0000759c    000000a7     display.aem3 : DisplayUart.oem3 (.text:DisplayUartAnsi_open)
                  00007643    00000001     --HOLE-- [fill = 0]
                  00007644    000000a6     rom_sysbios.aem3 : rom_sysbios.obj (.text:xdc_runtime_Text_putSite__E)
                  000076ea    00000002     drivers_cc26x0r2.aem3 : PWMTimerCC26XX.oem3 (.text:PWMTimerCC26XX_init)
                  000076ec    000000a4                           : CryptoCC26XX.oem3 (.text:CryptoCC26XX_open)
                  00007790    000000a4                           : GPTimerCC26XX.oem3 (.text:GPTimerCC26XX_close)
                  00007834    000000a4     RFCC26XX_singleMode.obj (.text:RF_ratRestartChannels$6)
                  000078d8    000000a4     drivers_cc26x0r2.aem3 : PowerCC26XX.oem3 (.text:switchXOSCHFclockFunc)
                  0000797c    000000a0                           : PINCC26XX.oem3 (.text:PIN_open)
                  00007a1c    000000a0                           : SPICC26XXDMA.oem3 (.text:SPICC26XXDMA_hwiFxn)
                  00007abc    000000a0     auto_init.aem3 : auto_init.oem3 (.text)
                  00007b5c    0000009f     display.aem3 : DisplayUart.oem3 (.text:DisplayUartAnsi_vprintf)
                  00007bfb    00000001     --HOLE-- [fill = 0]
                  00007bfc    0000009c     simple_peripheral_oad_offchip.obj (.text:ApplyParam$3)
                  00007c98    0000009c     simple_peripheral_oad_offchip.obj (.text:MyPowerDown)
                  00007d34    0000009c     drivers_cc26x0r2.aem3 : PWMTimerCC26XX.oem3 (.text:PWMTimerCC26XX_setDutyAndPeriod)
                  00007dd0    0000009c     RFCC26XX_singleMode.obj (.text:RF_calculateDispatchTime$6)
                  00007e6c    0000009c     rtsv7M3_T_le_eabi.lib : memcpy_t2.asm.obj (.text)
                  00007f08    00000098     drivers_cc26x0r2.aem3 : UARTCC26XX.oem3 (.text:UARTCC26XX_initHw)
                  00007fa0    00000098                           : UARTCC26XX.oem3 (.text:UARTCC26XX_initIO)
                  00008038    00000098     rom_sysbios.aem3 : rom_sysbios.obj (.text:ti_sysbios_knl_Clock_workFuncDynamic__E)
                  000080d0    00000098                      : rom_sysbios.obj (.text:xdc_runtime_Text_putMod__E)
                  00008168    00000096     rtsv7M3_T_le_eabi.lib : ull_div_t2.asm.obj (.text)
                  000081fe    00000002     RFCC26XX_singleMode.obj (.text:RF_defaultCallback$6)
                  00008200    00000094     drivers_cc26x0r2.aem3 : CryptoCC26XX.oem3 (.text:CryptoCC26XX_allocateKey)
                  00008294    00000094     driverlib.lib : crypto.obj (.text:NOROM_CRYPTOAesLoadKey)
                  00008328    00000094     oad.obj (.text:oadFindCurrentImageHdr$16)
                  000083bc    00000090     drivers_cc26x0r2.aem3 : SPICC26XXDMA.oem3 (.text:SPICC26XXDMA_control)
                  0000844c    00000090     driverlib.lib : setup.obj (.text:TrimAfterColdResetWakeupFromShutDown$31)
                  000084dc    00000090     rom_sysbios.aem3 : rom_sysbios.obj (.text:ti_sysbios_family_arm_cc26xx_Timer_start__E)
                  0000856c    0000008e     drivers_cc26x0r2.aem3 : UARTCC26XX.oem3 (.text:UARTCC26XX_writeCancel)
                  000085fa    00000002     rtsv7M3_T_le_eabi.lib : _lock.c.obj (.text:_nop)
                  000085fc    0000008c     CC2640R2_LAUNCHXL_fxns.obj (.text:CC2640R2_LAUNCHXL_shutDownExtFlash)
                  00008688    0000008c     icall.obj (.text:ICall_heapMalloc)
                  00008714    0000008c     drivers_cc26x0r2.aem3 : SPICC26XXDMA.oem3 (.text:SPICC26XXDMA_swiFxn)
                  000087a0    00000088                           : ADCCC26XX.oem3 (.text:ADCCC26XX_open)
                  00008828    00000088     driverlib.lib : aux_adc.obj (.text:NOROM_AUXADCDisable)
                  000088b0    00000084     gattservapp_util.obj (.text:GATTServApp_ProcessCharCfg)
                  00008934    00000084     icall.obj (.text:ICall_setTimer)
                  000089b8    00000084     drivers_cc26x0r2.aem3 : UARTCC26XX.oem3 (.text:UARTCC26XX_close)
                  00008a3c    00000084     rom_sysbios.aem3 : rom_sysbios.obj (.text:ti_sysbios_hal_SecondsClock_Module_startup__E)
                  00008ac0    00000084     flash_interface_ext_rtos.obj (.text:writeFlashPg)
                  00008b44    00000080     RFCC26XX_singleMode.obj (.text:RF_dispatchNextCmd$6)
                  00008bc4    00000080     RFCC26XX_singleMode.obj (.text:RF_ratFreeChannel$6)
                  00008c44    00000080     peripheral_observer.obj (.text:gapRole_startConnUpdate$22)
                  00008cc4    00000080     drivers_cc26x0r2.aem3 : UARTCC26XX.oem3 (.text:writeTxFifoFlush)
                  00008d44    0000007e     gattservapp_util.obj (.text:gattServApp_SendNotiInd$20)
                  00008dc2    00000002     drivers_cc26x0r2.aem3 : PowerCC26XX.oem3 (.text:emptyClockFunc)
                  00008dc4    0000007c     RFCC26XX_singleMode.obj (.text:RF_hwiCpe0Active$6)
                  00008e40    0000007c     myDataTransfer.obj (.text:myDataTransfer_ReadAttrCB$21)
                  00008ebc    0000007c     oad.obj (.text:oadResetState$16)
                  00008f38    0000007c     oad.obj (.text:oadSendNotification$16)
                  00008fb4    0000007a     simple_peripheral_oad_offchip.obj (.text:SimpleBLEPeripheralObserver_StateChangeCB$3)
                  0000902e    0000007a     rtsv7M3_T_le_eabi.lib : memset_t2.asm.obj (.text)
                  000090a8    00000070     icall.obj (.text:ICall_heapInit)
                  00009118    00000070     driverlib.lib : sys_ctrl.obj (.text:NOROM_SysCtrlAdjustRechargeAfterPowerDown)
                  00009188    00000070     drivers_cc26x0r2.aem3 : PowerCC26XX.oem3 (.text:lfClockReadyCallback)
                  000091f8    0000006d     rom_sysbios.aem3 : rom_sysbios.obj (.text:xdc_runtime_System_formatNum__I)
                  00009265    00000001     --HOLE-- [fill = 0]
                  00009266    00000002     drivers_cc26x0r2.aem3 : CryptoResourceCC26XX.oem3 (.text:errorSpin)
                  00009268    0000006c     icall.obj (.text:ICall_send)
                  000092d4    0000006c     icall.obj (.text:ICall_sendServiceComplete)
                  00009340    0000006c     driverlib.lib : osc.obj (.text:NOROM_OSCHF_AttemptToSwitchToXosc)
                  000093ac    0000006c     drivers_cc26x0r2.aem3 : PowerCC26XX_calibrateRCOSC.oem3 (.text:PowerCC26XX_initiateCalibration)
                  00009418    0000006c                           : PowerCC26XX.oem3 (.text:configureXOSCHF)
                  00009484    0000006c     oad.obj (.text:oadFindExtFlMetaPage$16)
                  000094f0    00000068     drivers_cc26x0r2.aem3 : CryptoCC26XX.oem3 (.text:CryptoCC26XX_loadKey)
                  00009558    00000068     driverlib.lib : sys_ctrl.obj (.text:NOROM_SysCtrl_DCDC_VoltageConditionalControl)
                  000095c0    00000068     drivers_cc26x0r2.aem3 : PINCC26XX.oem3 (.text:PIN_add)
                  00009628    00000068     RFCC26XX_singleMode.obj (.text:RF_getCurrentTime)
                  00009690    00000068     RFCC26XX_singleMode.obj (.text:RF_hwiHw$6)
                  000096f8    00000068     simple_peripheral_oad_offchip.obj (.text:ReadEprom_inter_osal$3)
                  00009760    00000068     simple_peripheral_oad_offchip.obj (.text:SaveBaseTable$3)
                  000097c8    00000068     simple_peripheral_oad_offchip.obj (.text:SimplePeripheral_freeAttRsp$3)
                  00009830    00000068     rtsv7M3_T_le_eabi.lib : copy_decompress_lzss.c.obj (.text:decompress:lzss:__TI_decompress_lzss)
                  00009898    00000064     simple_peripheral_oad_offchip.obj (.text:AddBaseToList$3)
                  000098fc    00000064     oad.obj (.text:OAD_getSWVersion)
                  00009960    00000064     flash_interface_ext_rtos.obj (.text:eraseFlashPg)
                  000099c4    00000060     gattservapp_util.obj (.text:GATTServApp_ProcessCCCWriteReq)
                  00009a24    00000060     icall.obj (.text:ICall_createRemoteTasksAtRuntime)
                  00009a84    00000060     icall.obj (.text:ICall_enrollService)
                  00009ae4    00000060     drivers_cc26x0r2.aem3 : PowerCC26XX.oem3 (.text:PowerCC26XX_calibrate)
                  00009b44    00000060     RFCC26XX_singleMode.obj (.text:RF_dispatchNextEvent$6)
                  00009ba4    0000005f     rom_sysbios.aem3 : rom_sysbios.obj (.text:xdc_runtime_Text_putLab__E)
                  00009c03    00000001     --HOLE-- [fill = 0]
                  00009c04    0000005e     icall.obj (.text:ICall_fetchMsg)
                  00009c62    0000005e     drivers_cc26x0r2.aem3 : UARTCC26XX.oem3 (.text:UARTCC26XX_swiIntFxn)
                  00009cc0    0000005c                           : CryptoResourceCC26XX.oem3 (.text:CryptoResourceCC26XX_constructRTOSObjects)
                  00009d1c    0000005c     display.aem3 : Display.oem3 (.text:Display_doOpen)
                  00009d78    0000005c     ExtFlash.obj (.text:ExtFlash_waitReady$13)
                  00009dd4    0000005c     icall.obj (.text:ICall_pwrUpdActivityCounter)
                  00009e30    0000005c     drivers_cc26x0r2.aem3 : PWMTimerCC26XX.oem3 (.text:PWMTimerCC26XX_setPeriod)
                  00009e8c    0000005c                           : PowerCC26XX_calibrateRCOSC.oem3 (.text:PowerCC26XX_RCOSC_clockFunc)
                  00009ee8    0000005c     RFCC26XX_singleMode.obj (.text:RF_cmdDispatchTime$6)
                  00009f44    0000005c     RFCC26XX_singleMode.obj (.text:RF_hwiCpe0PowerFsm$6)
                  00009fa0    0000005c     drivers_cc26x0r2.aem3 : UDMACC26XX.oem3 (.text:UDMACC26XX_open)
                  00009ffc    0000005c     simple_peripheral_oad_offchip.obj (.text:WriteEprom_inter_osal$3)
                  0000a058    0000005c     app_ble_pem3.oem3 (.text:xdc_runtime_Startup_getState__I)
                  0000a0b4    0000005a     RFCC26XX_singleMode.obj (.text:RF_syncCb$6)
                  0000a10e    00000002     hal_assert.obj (.text:halAssertSpinlock)
                  0000a110    00000058     drivers_cc26x0r2.aem3 : GPTimerCC26XX.oem3 (.text:GPTimerCC26XX_stop)
                  0000a168    00000058     icall.obj (.text:ICall_wait)
                  0000a1c0    00000058     drivers_cc26x0r2.aem3 : PINCC26XX.oem3 (.text:PIN_remove)
                  0000a218    00000058     RFCC26XX_singleMode.obj (.text:RF_fsmXOSCState$6)
                  0000a270    00000058     RFCC26XX_singleMode.obj (.text:RF_getInfo)
                  0000a2c8    00000058     drivers_cc26x0r2.aem3 : UARTCC26XX.oem3 (.text:UARTCC26XX_control)
                  0000a320    00000054     ExtFlash.obj (.text:ExtFlash_close)
                  0000a374    00000054     RFCC26XX_singleMode.obj (.text:RF_discardPendCmd$6)
                  0000a3c8    00000054     drivers_cc26x0r2.aem3 : SPICC26XXDMA.oem3 (.text:SPICC26XXDMA_initHw)
                  0000a41c    00000052                           : SPICC26XXDMA.oem3 (.text:SPICC26XXDMA_close)
                  0000a46e    00000002     rtsv7M3_T_le_eabi.lib : div0.asm.obj (.text)
                  0000a470    00000050     dpl_cc26x0r2.aem3 : ClockP_tirtos.oem3 (.text:ClockP_construct)
                  0000a4c0    00000050     ECCROMCC26XX.obj (.text:ECCROMCC26XX_Params_init)
                  0000a510    00000050     icall.obj (.text:ICall_registerApp)
                  0000a560    00000050     myDataTransfer.obj (.text:MyDataTransfer_SetParameter)
                  0000a5b0    00000050     drivers_cc26x0r2.aem3 : PWMTimerCC26XX.oem3 (.text:PWMTimerCC26XX_getdutyCounts)
                  0000a600    00000050     simple_peripheral_oad_offchip.obj (.text:SimplePeripheral_enqueueMsg$3)
                  0000a650    00000050     util.obj (.text:Util_convertBdAddr2Str)
                  0000a6a0    00000050     oad.obj (.text:oadEnqueueMsg$16)
                  0000a6f0    00000050     drivers_cc26x0r2.aem3 : UARTCC26XX.oem3 (.text:startTxFifoEmptyClk)
                  0000a740    0000004c     board_key.obj (.text:Board_keyChangeHandler_short$0)
                  0000a78c    0000004c     drivers_cc26x0r2.aem3 : GPTimerCC26XX.oem3 (.text:GPTimerCC26XX_start)
                  0000a7d8    0000004c     icall.obj (.text:ICall_newTask$8)
                  0000a824    0000004c     RFCC26XX_singleMode.obj (.text:RF_wakeupNotification$6)
                  0000a870    0000004c     rtsv7M3_T_le_eabi.lib : cpy_tbl.c.obj (.text:copy_in)
                  0000a8bc    0000004a     drivers_cc26x0r2.aem3 : UARTCC26XX.oem3 (.text:UARTCC26XX_readCancel)
                  0000a906    00000002     app_ble_pem3.oem3 (.text:ti_sysbios_BIOS_nullFunc__I)
                  0000a908    00000048     CC2640R2_LAUNCHXL_fxns.obj (.text:CC2640R2_LAUNCHXL_wakeUpExtFlash)
                  0000a950    00000048     ECCROMCC26XX.obj (.text:ECC_initGlobals$5)
                  0000a998    00000048     drivers_cc26x0r2.aem3 : PINCC26XX.oem3 (.text:PIN_setOutputEnable)
                  0000a9e0    00000048     util.obj (.text:Util_constructClock)
                  0000aa28    00000048     rom_sysbios.aem3 : rom_sysbios.obj (.text:ti_sysbios_family_arm_cc26xx_Timer_setThreshold__I)
                  0000aa70    00000048     drivers_cc26x0r2.aem3 : UARTCC26XX.oem3 (.text:writeFinishedDoCallback)
                  0000aab8    00000044     board_key.obj (.text:Board_keyChangeHandler_long$0)
                  0000aafc    00000044     driverlib.lib : osc.obj (.text:NOROM_OSCHF_SwitchToRcOscTurnOffXosc)
                  0000ab40    00000044     drivers_cc26x0r2.aem3 : PWMTimerCC26XX.oem3 (.text:PWMTimerCC26XX_setDuty)
                  0000ab84    00000044                           : RingBuf.oem3 (.text:RingBuf_put)
                  0000abc8    00000044                           : SPICC26XXDMA.oem3 (.text:SPICC26XXDMA_csnCallback)
                  0000ac0c    00000044     boot.aem3 : boot.oem3 (.text)
                  0000ac50    00000044     rom_sysbios.aem3 : rom_sysbios.obj (.text:ti_sysbios_hal_SecondsClock_increment__I)
                  0000ac94    00000044                      : rom_sysbios.obj (.text:xdc_runtime_Text_xprintf__I)
                  0000acd8    00000042     driverlib.lib : ssi.obj (.text:NOROM_SSIConfigSetExpClk)
                  0000ad1a    00000002     app_ble_pem3.oem3 (.text:ti_sysbios_rom_cortexm_cc26xx_r2_CC26xx_badRomRevision__E)
                  0000ad1c    00000040     drivers_cc26x0r2.aem3 : ADCCC26XX.oem3 (.text:ADCCC26XX_convertToMicroVolts)
                  0000ad5c    00000040                           : ADC.oem3 (.text:ADC_init)
                  0000ad9c    00000040                           : ADC.oem3 (.text:ADC_open)
                  0000addc    00000040     ECCROMCC26XX.obj (.text:ECCROMCC26XX_init)
                  0000ae1c    00000040     ExtFlash.obj (.text:ExtFlash_read)
                  0000ae5c    00000040     ExtFlash.obj (.text:ExtFlash_readInfo$13)
                  0000ae9c    00000040     peripheral_observer.obj (.text:GAPRole_createTask)
                  0000aedc    00000040     drivers_cc26x0r2.aem3 : PINCC26XX.oem3 (.text:PINCC26XX_getConfig)
                  0000af1c    00000040                           : PINCC26XX.oem3 (.text:PIN_swi)
                  0000af5c    00000040                           : PWM.oem3 (.text:PWM_init)
                  0000af9c    00000040                           : PWM.oem3 (.text:PWM_open)
                  0000afdc    00000040                           : PowerCC26XX.oem3 (.text:PowerCC26XX_isStableXOSC_HF)
                  0000b01c    00000040                           : SPI.oem3 (.text:SPI_init)
                  0000b05c    00000040                           : SPI.oem3 (.text:SPI_open)
                  0000b09c    00000040                           : UART.oem3 (.text:UART_init)
                  0000b0dc    00000040                           : UART.oem3 (.text:UART_open)
                  0000b11c    00000040     oad.obj (.text:oadInactivityTimeout$16)
                  0000b15c    00000040     rtsv7M3_T_le_eabi.lib : u_divt2.asm.obj (.text)
                  0000b19c    00000040     rom_sysbios.aem3 : rom_sysbios.obj (.text:ti_sysbios_heaps_HeapCallback_Module_startup__E)
                  0000b1dc    0000003e     dpl_cc26x0r2.aem3 : HwiP_tirtos.oem3 (.text:HwiP_construct)
                  0000b21a    0000003e     drivers_cc26x0r2.aem3 : RingBuf.oem3 (.text:RingBuf_get)
                  0000b258    0000003c                           : ADCCC26XX.oem3 (.text:ADCCC26XX_close)
                  0000b294    0000003c     board_key.obj (.text:Board_keyChangeHandler_verylong$0)
                  0000b2d0    0000003c     driverlib.lib : osc.obj (.text:NOROM_OSC_HPOSCRelativeFrequencyOffsetGet)
                  0000b30c    0000003c     RFCC26XX_singleMode.obj (.text:RF_cmdStoreEvents$6)
                  0000b348    0000003c     simple_peripheral_oad_offchip.obj (.text:SimplePeripheral_createTask)
                  0000b384    0000003c     dpl_cc26x0r2.aem3 : SwiP_tirtos.oem3 (.text:SwiP_construct)
                  0000b3c0    0000003c     drivers_cc26x0r2.aem3 : PowerCC26XX.oem3 (.text:disableLfClkQualifiersEnableClkLoss)
                  0000b3fc    0000003c     rom_sysbios.aem3 : rom_sysbios.obj (.text:ti_sysbios_family_arm_m3_Hwi_construct2__E)
                  0000b438    00000038     board_key.obj (.text:Board_setSound)
                  0000b470    00000038     myDataTransfer.obj (.text:MyDataTransfer_GetParameter)
                  0000b4a8    00000038     drivers_cc26x0r2.aem3 : PINCC26XX.oem3 (.text:PIN_setConfig)
                  0000b4e0    00000038                           : PINCC26XX.oem3 (.text:PIN_setInterrupt)
                  0000b518    00000038                           : PINCC26XX.oem3 (.text:PIN_setOutputValue)
                  0000b550    00000038     RFCC26XX_singleMode.obj (.text:RF_checkCmdFsError$6)
                  0000b588    00000038     RFCC26XX_singleMode.obj (.text:RF_powerConstraintRelease)
                  0000b5c0    00000038     util.obj (.text:Util_restartClock)
                  0000b5f8    00000038     rom_sysbios.aem3 : rom_sysbios.obj (.text:ti_sysbios_family_arm_cc26xx_Seconds_get__E)
                  0000b630    00000038                      : rom_sysbios.obj (.text:ti_sysbios_family_arm_cc26xx_Timer_getCurrentTick__E)
                  0000b668    00000036     drivers_cc26x0r2.aem3 : UDMACC26XX.oem3 (.text:UDMACC26XX_close)
                  0000b69e    00000036     rom_sysbios.aem3 : rom_sysbios.obj (.text:ti_sysbios_family_arm_cc26xx_Timer_setNextTick__E)
                  0000b6d4    00000034     drivers_cc26x0r2.aem3 : GPTimerCC26XX.oem3 (.text:GPTimerCC26XXSetLoadMatch)
                  0000b708    00000034     icall.obj (.text:ICall_heapFree)
                  0000b73c    00000034     icall.obj (.text:ICall_primEntityId2ServiceId$8)
                  0000b770    00000034     icall.obj (.text:ICall_searchServiceEntity)
                  0000b7a4    00000034     drivers_cc26x0r2.aem3 : PWMTimerCC26XX.oem3 (.text:PWMTimerCC26XX_getperiodCounts)
                  0000b7d8    00000034                           : PowerCC26XX.oem3 (.text:Power_releaseConstraint)
                  0000b80c    00000034     RFCC26XX_singleMode.obj (.text:RF_runDirectImmediateCmd$6)
                  0000b840    00000034     simple_peripheral_oad_offchip.obj (.text:SimplePeripheral_RegistertToAllConnectionEvent)
                  0000b874    00000034     simple_peripheral_oad_offchip.obj (.text:SimplePeripheral_passcodeCB$3)
                  0000b8a8    00000034     drivers_cc26x0r2.aem3 : CryptoCC26XX.oem3 (.text:cryptoTransactionPend)
                  0000b8dc    00000034                           : PowerCC26XX.oem3 (.text:notify)
                  0000b910    00000034     rom_sysbios.aem3 : rom_sysbios.obj (.text:ti_sysbios_family_arm_cc26xx_Timer_initDevice__I)
                  0000b944    00000034                      : rom_sysbios.obj (.text:ti_sysbios_knl_Swi_setPri__E)
                  0000b978    00000032     icall.obj (.text:ICall_fetchServiceMsg)
                  0000b9aa    00000002     rom_sysbios.aem3 : rom_sysbios.obj (.text:xdc_runtime_SysCallback_defaultAbort)
                  0000b9ac    00000030     peripheral_observer.obj (.text:GAPRole_StartDiscovery)
                  0000b9dc    00000030     icall.obj (.text:ICall_dispatch$8)
                  0000ba0c    00000030     icall.obj (.text:ICall_msecs2Ticks$8)
                  0000ba3c    00000030     driverlib.lib : aux_adc.obj (.text:NOROM_AUXADCDisableInputScaling)
                  0000ba6c    00000030     drivers_cc26x0r2.aem3 : PINCC26XX.oem3 (.text:PINCC26XX_setMux)
                  0000ba9c    00000030                           : PWMTimerCC26XX.oem3 (.text:PWMTimerCC26XX_start)
                  0000bacc    00000030                           : PowerCC26XX.oem3 (.text:Power_setConstraint)
                  0000bafc    00000030     RFCC26XX_singleMode.obj (.text:RF_cmdGet$6)
                  0000bb2c    00000030     ExtFlash.obj (.text:Spi_read$13)
                  0000bb5c    00000030     ExtFlash.obj (.text:Spi_write$13)
                  0000bb8c    00000030     app_ble_pem3.oem3 (.text:ti_sysbios_BIOS_atExitFunc__I)
                  0000bbbc    00000030     app_ble_pem3.oem3 (.text:ti_sysbios_BIOS_startFunc__I)
                  0000bbec    00000030     app_ble_pem3.oem3 (.text:ti_sysbios_heaps_HeapCallback_Object__create__S)
                  0000bc1c    0000002e     icall_cc2650.obj (.text:ICallPlatform_pwrDispenseImpl$9)
                  0000bc4a    0000002e     icall_cc2650.obj (.text:ICallPlatform_pwrRequireImpl$9)
                  0000bc78    0000002e     drivers_cc26x0r2.aem3 : UARTCC26XX.oem3 (.text:readData)
                  0000bca6    0000002e     app_ble_pem3.oem3 (.text:ti_sysbios_rts_gnu_MemAlloc_alloc)
                  0000bcd4    0000002e     drivers_cc26x0r2.aem3 : UARTCC26XX.oem3 (.text:writeData)
                  0000bd02    00000002     rom_sysbios.aem3 : rom_sysbios.obj (.text:xdc_runtime_SysCallback_defaultExit)
                  0000bd04    0000002c     ExtFlash.obj (.text:ExtFlash_writeEnable$13)
                  0000bd30    0000002c     peripheral_observer.obj (.text:GAPRole_TerminateConnection)
                  0000bd5c    0000002c     drivers_cc26x0r2.aem3 : GPTimerCC26XX.oem3 (.text:GPTimerCC26XX_getTimerValue)
                  0000bd88    0000002c     icall.obj (.text:ICall_msgEnqueue$8)
                  0000bdb4    0000002c     icall.obj (.text:ICall_searchTask$8)
                  0000bde0    0000002c     driverlib.lib : chipinfo.obj (.text:NOROM_ChipInfo_GetChipFamily)
                  0000be0c    0000002c     drivers_cc26x0r2.aem3 : PWMTimerCC26XX.oem3 (.text:PWMTimerCC26XX_close)
                  0000be38    0000002c                           : PWMTimerCC26XX.oem3 (.text:PWMTimerCC26XX_stop)
                  0000be64    0000002c     RFCC26XX_singleMode.obj (.text:RF_calculateDeltaTimeUs$6)
                  0000be90    0000002c     RFCC26XX_singleMode.obj (.text:RF_executeDirectImmediateCmd$6)
                  0000bebc    0000002c     driverlib.lib : adi.obj (.text:SafeHapiAuxAdiSelect)
                  0000bee8    0000002c     dpl_cc26x0r2.aem3 : SemaphoreP_tirtos.oem3 (.text:SemaphoreP_constructBinary)
                  0000bf14    0000002c                       : SemaphoreP_tirtos.oem3 (.text:SemaphoreP_createBinary)
                  0000bf40    0000002c     oad.obj (.text:oadGetNextBlockReq$16)
                  0000bf6c    0000002c     rom_sysbios.aem3 : rom_sysbios.obj (.text:ti_sysbios_knl_Clock_getTicksUntilInterrupt__E)
                  0000bf98    0000002b                      : rom_sysbios.obj (.text:xdc_runtime_Text_printVisFxn__I)
                  0000bfc3    00000001     --HOLE-- [fill = 0]
                  0000bfc4    0000002a     display.aem3 : DisplayUart.oem3 (.text:DisplayUartAnsi_clear)
                  0000bfee    0000002a                  : Display.oem3 (.text:Display_doPrintf)
                  0000c018    0000002a     rom_sysbios.aem3 : rom_sysbios.obj (.text:ti_sysbios_knl_Clock_getTimeout__E)
                  0000c042    0000002a                      : rom_sysbios.obj (.text:xdc_runtime_System_putchar__I)
                  0000c06c    00000028     board_key.obj (.text:Board_Power_down)
                  0000c094    00000028     drivers_cc26x0r2.aem3 : CryptoCC26XX.oem3 (.text:CryptoCC26XX_hwiIntFxn)
                  0000c0bc    00000028                           : GPTimerCC26XX.oem3 (.text:GPTimerCC26XX_configureDebugStall)
                  0000c0e4    00000028     driverlib.lib : chipinfo.obj (.text:NOROM_ChipInfo_GetChipType)
                  0000c10c    00000028                   : rfc.obj (.text:NOROM_RFCDoorbellSendTo)
                  0000c134    00000028     drivers_cc26x0r2.aem3 : PINCC26XX.oem3 (.text:PINCC26XX_setWakeup)
                  0000c15c    00000028                           : PowerCC26XX.oem3 (.text:Power_registerNotify)
                  0000c184    00000028     RFCC26XX_singleMode.obj (.text:RF_runCmd)
                  0000c1ac    00000028     drivers_cc26x0r2.aem3 : SPICC26XXDMA.oem3 (.text:SPICC26XXDMA_flushFifos)
                  0000c1d4    00000028     driverlib.lib : adi.obj (.text:SafeHapiVoid)
                  0000c1fc    00000028     TRNGCC26XX.obj (.text:TRNGCC26XX_init)
                  0000c224    00000028     bim_util.obj (.text:imgIDCheck)
                  0000c24c    00000028     drivers_cc26x0r2.aem3 : UARTCC26XX.oem3 (.text:readData2RingBuf)
                  0000c274    00000024     board_key.obj (.text:Board_keyCallback$0)
                  0000c298    00000024     icall.obj (.text:ICall_getLocalMsgEntityId)
                  0000c2bc    00000024     drivers_cc26x0r2.aem3 : List.oem3 (.text:List_remove)
                  0000c2e0    00000024     driverlib.lib : osc.obj (.text:NOROM_OSCHF_TurnOnXosc)
                  0000c304    00000024     rtsv7M3_T_le_eabi.lib : memcmp.c.obj (.text:memcmp)
                  0000c328    00000024     app_ble_pem3.oem3 (.text:ti_sysbios_BIOS_registerRTSLock__I)
                  0000c34c    00000024     app_ble_pem3.oem3 (.text:ti_sysbios_BIOS_removeRTSLock__I)
                  0000c370    00000024     rom_sysbios.aem3 : rom_sysbios.obj (.text:ti_sysbios_family_arm_cc26xx_Seconds_set__E)
                  0000c394    00000024                      : rom_sysbios.obj (.text:ti_sysbios_family_arm_cc26xx_Timer_getMaxTicks__E)
                  0000c3b8    00000024                      : rom_sysbios.obj (.text:ti_sysbios_family_arm_m3_Hwi_romInitNVIC__I)
                  0000c3dc    00000022     icall.obj (.text:ICall_setTimerMSecs)
                  0000c3fe    00000022     drivers_cc26x0r2.aem3 : List.oem3 (.text:List_get)
                  0000c420    00000022                           : List.oem3 (.text:List_put)
                  0000c442    00000022     driverlib.lib : aux_adc.obj (.text:NOROM_AUXADCAdjustValueForGainAndOffset)
                  0000c464    00000022                   : uart.obj (.text:NOROM_UARTConfigSetExpClk)
                  0000c486    00000002     rom_sysbios.aem3 : rom_sysbios.obj (.text:xdc_runtime_SysCallback_defaultPutch)
                  0000c488    00000020     peripheral_observer.obj (.text:GAPRole_CancelDiscovery)
                  0000c4a8    00000020     gattservapp_util.obj (.text:GATTServApp_InitCharCfg)
                  0000c4c8    00000020     driverlib.lib : uart.obj (.text:NOROM_UARTDisable)
                  0000c4e8    00000020     drivers_cc26x0r2.aem3 : PINCC26XX.oem3 (.text:PINCC26XX_setIoCfgMux)
                  0000c508    00000020                           : PowerCC26XX.oem3 (.text:Power_unregisterNotify)
                  0000c528    00000020     RFCC26XX_singleMode.obj (.text:RF_clkPowerUp$6)
                  0000c548    00000020     RFCC26XX_singleMode.obj (.text:RF_ratIsRunning$6)
                  0000c568    00000020     gattservapp_util.obj (.text:gattServApp_FindCharCfgItem$20)
                  0000c588    00000020     drivers_cc26x0r2.aem3 : UARTCC26XX.oem3 (.text:threadSafeStdbyDisRelease)
                  0000c5a8    00000020                           : UARTCC26XX.oem3 (.text:threadSafeStdbyDisSet)
                  0000c5c8    00000020     app_ble_pem3.oem3 (.text:ti_sysbios_BIOS_rtsLock__I)
                  0000c5e8    00000020     rom_sysbios.aem3 : rom_sysbios.obj (.text:ti_sysbios_family_arm_cc26xx_Timer_dynamicStub__E)
                  0000c608    00000020                      : rom_sysbios.obj (.text:xdc_runtime_Registry_findById__E)
                  0000c628    0000001e     ECCROMCC26XX.obj (.text:ECC_ArrayAllZeros)
                  0000c646    0000001e     drivers_cc26x0r2.aem3 : PINCC26XX.oem3 (.text:PIN_close)
                  0000c664    0000001e                           : PowerCC26XX.oem3 (.text:Power_getTransitionLatency)
                  0000c682    00000002     --HOLE-- [fill = 0]
                  0000c684    0000001c     icall_api_lite.obj (.text:GATT_bm_alloc)
                  0000c6a0    0000001c     icall_api_lite.obj (.text:GATT_bm_free)
                  0000c6bc    0000001c     simple_peripheral_oad_offchip.obj (.text:GetCRC8$3)
                  0000c6d8    0000001c     icall.obj (.text:ICall_primRepostSync$8)
                  0000c6f4    0000001c     driverlib.lib : aux_adc.obj (.text:NOROM_AUXADCGetAdjustmentGain)
                  0000c710    0000001c     drivers_cc26x0r2.aem3 : PINCC26XX.oem3 (.text:PIN_hwi)
                  0000c72c    0000001c     RFCC26XX_singleMode.obj (.text:RF_clkInactivityCallback$6)
                  0000c748    0000001c     RFCC26XX_singleMode.obj (.text:RF_getRssi)
                  0000c764    0000001c     RFCC26XX_singleMode.obj (.text:RF_powerConstraintSet)
                  0000c780    0000001c     TRNGCC26XX.obj (.text:TRNGCC26XX_open)
                  0000c79c    0000001c     crc32.obj (.text:memCpy)
                  0000c7b8    0000001c     TRNGCC26XX.obj (.text:openTRNG)
                  0000c7d4    0000001c     rom_sysbios.aem3 : rom_sysbios.obj (.text:ti_sysbios_family_arm_m3_Hwi_clearInterrupt__E)
                  0000c7f0    0000001c                      : rom_sysbios_config.obj (.text:ti_sysbios_knl_Clock_Module__startupDone__S)
                  0000c80c    0000001c                      : rom_sysbios.obj (.text:ti_sysbios_knl_Swi_construct2__E)
                  0000c828    0000001a     icall.obj (.text:ICall_enterCSImpl)
                  0000c842    0000001a     drivers_cc26x0r2.aem3 : PWMTimerCC26XX.oem3 (.text:PWMTimerCC26XX_control)
                  0000c85c    0000001a     dpl_cc26x0r2.aem3 : SystemP_tirtos.oem3 (.text:SystemP_snprintf)
                  0000c876    00000002     --HOLE-- [fill = 0]
                  0000c878    00000018     icall.obj (.text:ICall_mallocLimited)
                  0000c890    00000018     driverlib.lib : aux_adc.obj (.text:NOROM_AUXADCGetAdjustmentOffset)
                  0000c8a8    00000018                   : chipinfo.obj (.text:NOROM_ChipInfo_GetPackageType)
                  0000c8c0    00000018                   : rfc.obj (.text:NOROM_RFCCpeIntGetAndClear)
                  0000c8d8    00000018                   : timer.obj (.text:NOROM_TimerStallControl)
                  0000c8f0    00000018     drivers_cc26x0r2.aem3 : PINCC26XX.oem3 (.text:PIN_getConfig)
                  0000c908    00000018     dpl_cc26x0r2.aem3 : PowerCC26XX_tirtos.oem3 (.text:PowerCC26XX_schedulerDisable)
                  0000c920    00000018                       : PowerCC26XX_tirtos.oem3 (.text:PowerCC26XX_schedulerRestore)
                  0000c938    00000018     drivers_cc26x0r2.aem3 : PowerCC26XX.oem3 (.text:Power_idleFunc)
                  0000c950    00000018     RFCC26XX_singleMode.obj (.text:RF_swiFsm$6)
                  0000c968    00000018     simple_peripheral_oad_offchip.obj (.text:SimplePeripheral_connEvtCB$3)
                  0000c980    00000018     board_key.obj (.text:Task_sleepMS)
                  0000c998    00000018     drivers_cc26x0r2.aem3 : UART.oem3 (.text:UART_Params_init)
                  0000c9b0    00000018     rtsv7M3_T_le_eabi.lib : args_main.c.obj (.text:_args_main)
                  0000c9c8    00000018     drivers_cc26x0r2.aem3 : CryptoCC26XX.oem3 (.text:cryptoTransactionPoll)
                  0000c9e0    00000018     flash_interface_ext_rtos.obj (.text:flash_open)
                  0000c9f8    00000018     app_ble_pem3.oem3 (.text:free)
                  0000ca10    00000018     flash_interface_ext_rtos.obj (.text:readFlashPg)
                  0000ca28    00000018     rtsv7M3_T_le_eabi.lib : ll_mul_t2.asm.obj (.text)
                  0000ca40    00000018     app_ble_pem3.oem3 (.text:ti_sysbios_BIOS_rtsUnlock__I)
                  0000ca58    00000018     rom_sysbios.aem3 : rom_sysbios.obj (.text:ti_sysbios_heaps_HeapCallback_Instance_init__E)
                  0000ca70    00000018                      : rom_sysbios.obj (.text:ti_sysbios_knl_Swi_or__E)
                  0000ca88    00000018     app_ble_pem3.oem3 (.text:ti_sysbios_rom_cortexm_cc26xx_r2_CC26xx_checkRevision__E)
                  0000caa0    00000018     rom_sysbios.aem3 : rom_sysbios.obj (.text:xdc_runtime_Error_init__E)
                  0000cab8    00000016     display.aem3 : DisplayUart.oem3 (.text:DisplayUartAnsi_close)
                  0000cace    00000016     icall.obj (.text:ICall_leaveCSImpl)
                  0000cae4    00000016     icall.obj (.text:ICall_pwrDispense)
                  0000cafa    00000016     icall.obj (.text:ICall_pwrRequire)
                  0000cb10    00000016     RFCC26XX_singleMode.obj (.text:RF_restartClockTimeout$6)
                  0000cb26    00000016     ble_user_config.obj (.text:driverTable_fnSpinlock)
                  0000cb3c    00000016     oad.obj (.text:oadReadAttrCB$16)
                  0000cb52    00000016     app_ble_pem3.oem3 (.text:ti_sysbios_BIOS_errorRaiseHook__I)
                  0000cb68    00000016     app_ble_pem3.oem3 (.text:ti_sysbios_BIOS_exitFunc__I)
                  0000cb7e    00000002     --HOLE-- [fill = 0]
                  0000cb80    00000014     drivers_cc26x0r2.aem3 : CryptoCC26XX.oem3 (.text:CryptoCC26XX_init)
                  0000cb94    00000014                           : List.oem3 (.text:List_clearList)
                  0000cba8    00000014     driverlib.lib : aux_adc.obj (.text:NOROM_AUXADCValueToMicrovolts)
                  0000cbbc    00000014     drivers_cc26x0r2.aem3 : PINCC26XX.oem3 (.text:PINCC26XX_getInputValue)
                  0000cbd0    00000014                           : PWM.oem3 (.text:PWM_Params_init)
                  0000cbe4    00000014     RFCC26XX_singleMode.obj (.text:RF_Params_init)
                  0000cbf8    00000014     RFCC26XX_singleMode.obj (.text:RF_dbellSyncOnAck$6)
                  0000cc0c    00000014     RFCC26XX_singleMode.obj (.text:RF_getCmdOp)
                  0000cc20    00000014     RFCC26XX_singleMode.obj (.text:RF_ratGetChannel$6)
                  0000cc34    00000014     drivers_cc26x0r2.aem3 : SPI.oem3 (.text:SPI_Params_init)
                  0000cc48    00000014                           : PowerCC26XX.oem3 (.text:configureRFCoreClocks)
                  0000cc5c    00000014     flash_interface_ext_rtos.obj (.text:flash_close)
                  0000cc70    00000014     rtsv7M3_T_le_eabi.lib : strlen.c.obj (.text:strlen)
                  0000cc84    00000014     rom_sysbios.aem3 : rom_sysbios.obj (.text:ti_sysbios_family_arm_cc26xx_Timer_getCount64__E)
                  0000cc98    00000014     app_ble_pem3.oem3 (.text:ti_sysbios_heaps_HeapCallback_Object__get__S)
                  0000ccac    00000014     app_ble_pem3.oem3 (.text:ti_sysbios_knl_Clock_doTick__I)
                  0000ccc0    00000012     gattservapp_util.obj (.text:GATTServApp_FindAttr)
                  0000ccd2    00000012     drivers_cc26x0r2.aem3 : GPTimerCC26XX.oem3 (.text:GPTimerCC26XX_Params_init)
                  0000cce4    00000012                           : RingBuf.oem3 (.text:RingBuf_construct)
                  0000ccf6    00000012     dpl_cc26x0r2.aem3 : SemaphoreP_tirtos.oem3 (.text:SemaphoreP_pend)
                  0000cd08    00000012                       : SwiP_tirtos.oem3 (.text:SwiP_inISR)
                  0000cd1a    00000012     app_ble_pem3.oem3 (.text:xdc_runtime_Startup_exec__I)
                  0000cd2c    00000010     board_key.obj (.text:Board_setLed0_my)
                  0000cd3c    00000010     board_key.obj (.text:Board_setLed1_my)
                  0000cd4c    00000010     dpl_cc26x0r2.aem3 : ClockP_tirtos.oem3 (.text:ClockP_isActive)
                  0000cd5c    00000010     gattservapp_util.obj (.text:GATTServApp_ReadCharCfg)
                  0000cd6c    00000010     dpl_cc26x0r2.aem3 : HwiP_tirtos.oem3 (.text:HwiP_Params_init)
                  0000cd7c    00000010                       : HwiP_tirtos.oem3 (.text:HwiP_inISR)
                  0000cd8c    00000010     icall.obj (.text:ICall_taskEntry$8)
                  0000cd9c    00000010     driverlib.lib : aux_adc.obj (.text:NOROM_AUXADCFlushFifo)
                  0000cdac    00000010                   : aux_adc.obj (.text:NOROM_AUXADCReadFifo)
                  0000cdbc    00000010     drivers_cc26x0r2.aem3 : PINCC26XX.oem3 (.text:PINCC26XX_getPinCount)
                  0000cdcc    00000010     RFCC26XX_singleMode.obj (.text:RF_dbellSubmitCmdAsync$6)
                  0000cddc    00000010     simple_peripheral_oad_offchip.obj (.text:SimplePeripheral_clockHandler$3)
                  0000cdec    00000010     simple_peripheral_oad_offchip.obj (.text:SimplePeripheral_processOadWriteCB$3)
                  0000cdfc    00000010     dpl_cc26x0r2.aem3 : SwiP_tirtos.oem3 (.text:SwiP_Params_init)
                  0000ce0c    00000010     util.obj (.text:Util_isActive)
                  0000ce1c    00000010     ExtFlash.obj (.text:extFlashDeselect$13)
                  0000ce2c    00000010     ExtFlash.obj (.text:extFlashSelect$13)
                  0000ce3c    00000010     peripheral_observer.obj (.text:gapRole_setEvent$22)
                  0000ce4c    00000010     hal_assert.obj (.text:halAssertHandlerExt)
                  0000ce5c    00000010     rom_sysbios.aem3 : rom_sysbios.obj (.text:ti_sysbios_family_arm_m3_Hwi_post__E)
                  0000ce6c    00000010                      : rom_sysbios.obj (.text:ti_sysbios_heaps_HeapCallback_alloc__E)
                  0000ce7c    00000010                      : rom_sysbios.obj (.text:ti_sysbios_heaps_HeapCallback_free__E)
[...]
1001c735  xdc_runtime_Timestamp_get32__E                                            
1001c751  xdc_runtime_Memory_calloc__E                                              
1001c75d  xdc_runtime_Memory_getMaxDefaultTypeAlign__E                              
1001c769  xdc_runtime_Startup_rtsDone__E                                            
1001c775  xdc_runtime_Memory_HeapProxy_alloc__E                                     
1001c77f  xdc_runtime_Memory_HeapProxy_free__E                                      
1001c789  xdc_runtime_Gate_leaveSystem__E                                           
1001c78f  xdc_runtime_System_Module_startup__E                                      
1001c795  xdc_runtime_Gate_enterSystem__E                                           
1001c799  xdc_runtime_System_Module_GateProxy_enter__E                              
1001c79d  xdc_runtime_System_Module_GateProxy_leave__E                              
1001c7a1  xdc_runtime_System_abortSpin__E                                           
1001c7a3  xdc_runtime_System_exitSpin__E                                            
1001c7a5  ti_sysbios_family_arm_m3_Hwi_dispatch__I                                  
1001c86d  ti_sysbios_family_arm_m3_TaskSupport_buildTaskStack                       
1001c8b9  ti_sysbios_family_arm_m3_Hwi_initStacks__E                                
1001c901  ti_sysbios_family_arm_m3_Hwi_excHandlerAsm__I                             
1001c921  ti_sysbios_family_xxx_Hwi_switchAndRunFunc                                
1001c93f  ti_sysbios_family_arm_m3_Hwi_pendSV__I                                    
1001c957  ti_sysbios_family_arm_m3_Hwi_return                                       
1001c959  ti_sysbios_family_arm_m3_TaskSupport_glue                                 
1001c969  ti_sysbios_family_arm_m3_TaskSupport_swap__E                              
1001c969  ti_sysbios_knl_Task_SupportProxy_swap__E                                  
1001c969  ti_sysbios_knl_Task_SupportProxy_swap__E__mangled__                       
1001c971  ti_sysbios_knl_Task_swapReturn                                            
1001c978  ti_sysbios_knl_Task_Object__PARAMS__C                                     
1001c9b4  ti_sysbios_knl_Mailbox_Object__PARAMS__C                                  
1001c9e8  ti_sysbios_family_arm_m3_Hwi_Object__PARAMS__C                            
1001ca18  ti_sysbios_hal_Hwi_Object__PARAMS__C                                      
1001ca44  ti_sysbios_knl_Swi_Object__PARAMS__C                                      
1001ca6c  ti_sysbios_heaps_HeapMem_Object__PARAMS__C                                
1001ca90  ti_sysbios_knl_Clock_Object__PARAMS__C                                    
1001cab4  ti_sysbios_knl_Semaphore_Object__PARAMS__C                                
1001cad8  ti_sysbios_gates_GateHwi_Object__PARAMS__C                                
1001caf0  ti_sysbios_gates_GateMutex_Object__PARAMS__C                              
1001cb08  ti_sysbios_knl_Event_Object__PARAMS__C                                    
1001cb20  ti_sysbios_knl_Queue_Object__PARAMS__C                                    
1001cb68  ti_sysbios_gates_GateMutex_Instance_State_sem__O                          
1001cb6c  ti_sysbios_knl_Clock_Module_State_clockQ__O                               
1001cb70  ti_sysbios_knl_Event_Instance_State_pendQ__O                              
1001cb74  ti_sysbios_knl_Mailbox_Instance_State_dataQue__O                          
1001cb78  ti_sysbios_knl_Mailbox_Instance_State_dataSem__O                          
1001cb7c  ti_sysbios_knl_Mailbox_Instance_State_freeQue__O                          
1001cb80  ti_sysbios_knl_Mailbox_Instance_State_freeSem__O                          
1001cb84  ti_sysbios_knl_Semaphore_Instance_State_pendQ__O                          
1001cb88  ti_sysbios_knl_Task_Module_State_inactiveQ__O                             
20000000  __UNUSED_SRAM_start__                                                     
20000000  ti_sysbios_family_arm_m3_Hwi_ramVectors                                   
20000100  ti_sysbios_knl_Task_Module__state__V                                      
20000144  ti_sysbios_family_arm_m3_Hwi_Module__state__V                             
20000178  ti_sysbios_knl_Clock_Module__state__V                                     
200001a4  ti_sysbios_BIOS_Module__state__V                                          
200001c8  ti_sysbios_knl_Swi_Module__state__V                                       
200001e4  ti_sysbios_family_arm_cc26xx_Timer_Module__state__V                       
200001ec  ti_sysbios_family_arm_cc26xx_TimestampProvider_Module__state__V           
200001f0  xdc_runtime_Startup_Module__state__V                                      
200001f8  xdc_runtime_System_Module__state__V                                       
20000200  xdc_runtime_Memory_Module__state__V                                       
20000204  xdc_runtime_Error_Module__state__V                                        
20000520  ramStartHere                                                              
20000524  previonsMode                                                              
20000525  iExpectedCrc                                                              
20000526  iCurrCmd                                                                  
20000527  NumLastBase                                                               
20000528  currPosBaseTable                                                          
20000529  iCountDisco                                                               
2000052a  bLockEprom                                                                
2000052c  iRecivedLen                                                               
2000052e  iSendedLen                                                                
20000530  iExpectedLen                                                              
20000532  iBuffInLen                                                                
20000534  iBuffOutLen                                                               
20000538  dispHandle                                                                
2000054c  iRssiOld                                                                  
20000550  pBuffIn                                                                   
20000554  pBuffOut                                                                  
20000558  curCmd                                                                    
2000055c  TimeLastBase                                                              
20000560  timeShutdown                                                              
20000564  SoftVersion                                                               
20000570  connectionEventRegisterCauseBitMap                                        
20000618  sbpTask                                                                   
200006c6  cur_tag_settings                                                          
20000752  arBaseTable                                                               
20000850  sbpTaskStack                                                              
20000bc8  linkDBNumConns                                                            
20000cdc  gapRoleTask                                                               
20000d30  gapRoleTaskStack                                                          
20000fc2  metaPage                                                                  
20001488  pinUpperBound                                                             
2000148c  pinLowerBound                                                             
20001520  pinHandleTable                                                            
2000159c  PowerCC26XX_module                                                        
200016b0  maxR                                                                      
200016b1  outR                                                                      
200016b2  maxG                                                                      
200016b3  outG                                                                      
200016b4  maxV                                                                      
200016b5  outV                                                                      
200016b6  iR                                                                        
200016b7  valR                                                                      
200016b8  iG                                                                        
200016b9  valG                                                                      
200016ba  iV                                                                        
200016bb  valV                                                                      
200016bc  cntR                                                                      
200016bd  cntG                                                                      
200016be  cntV                                                                      
200016bf  ignoreR                                                                   
200016c0  ignoreG                                                                   
200016c1  ignoreV                                                                   
200016c2  change_md                                                                 
200016ca  run_md_n                                                                  
200016d2  run_md_t                                                                  
200016da  conn_md                                                                   
200016e2  on_pw                                                                     
200016ea  off_pw                                                                    
200016f2  simpleblink                                                               
200016fe  simpleblink_v                                                             
2000170a  akk_full                                                                  
20001716  akk_medium                                                                
20001722  akk_low                                                                   
2000172e  start_st                                                                  
2000173a  normal_st_v                                                               
20001746  finish_st                                                                 
20001754  redBP                                                                     
20001760  greenBP                                                                   
2000176c  vibroBP                                                                   
20001778  normal_st                                                                 
2000178d  bSoundActive                                                              
20001790  appKeyChangeHandler                                                       
20001794  hKeyPins                                                                  
20001798  ledPinHandle                                                              
2000179c  pwm1                                                                      
200017a0  ButtonTableWakeUp                                                         
200017a8  keyPinsCfg                                                                
200017b4  keyPins                                                                   
200017c0  ledPinState                                                               
200017cc  ledPinTable                                                               
200017d8  params                                                                    
20001864  ICall_enterCriticalSection                                                
20001868  ICall_leaveCriticalSection                                                
20001878  heapmgrMemFreeTotal                                                       
20001884  HEAPMGR_SIZE                                                              
20001888  ICall_dispatcher                                                          
20001968  CryptoResourceCC26XX_accessSemaphore                                      
20001984  CryptoResourceCC26XX_operationSemaphore                                   
200019a0  CryptoResourceCC26XX_hwi                                                  
200019bc  ti_sysbios_knl_Task_Object__table__V                                      
20001a08  ti_sysbios_family_arm_cc26xx_Timer_Object__table__V                       
20001a50  ti_sysbios_hal_SecondsClock_Module__state__V                              
20001a8c  ti_sysbios_gates_GateMutex_Object__table__V                               
20001ac4  rfRegTbl                                                                  
20001af4  ti_sysbios_knl_Swi_Module_State_0_readyQ__A                               
20001b24  ti_sysbios_knl_Swi_Object__table__V                                       
20001b54  ti_sysbios_knl_Task_Module_State_0_readyQ__A                              
20001b8c  K2_mont                                                                   
20001bcc  ti_sysbios_knl_Clock_Object__table__V                                     
20001bec  xdc_runtime_Error_IgnoreBlock                                             
20001c0c  ti_sysbios_family_arm_m3_Hwi_Object__table__V                             
20001c24  stackImageHeader                                                          
20001c28  user0Cfg                                                                  
20001c48  bleAppServiceInfoTable                                                    
20001c58  rfModeOverride                                                            
20001c68  ti_sysbios_heaps_HeapCallback_Object__table__V                            
20001c88  pfnBMAlloc                                                                
20001c8c  pfnBMFree                                                                 
20001c90  assertSubcause                                                            
20001c91  legacyMode                                                                
20001c94  halAssertCback                                                            
20001c98  _lock                                                                     
20001c9c  _unlock                                                                   
20001ca0  pRfErrCb                                                                  
20001ca4  lastAppOpcodeIdxSent                                                      
20001ca8  ti_sysbios_family_arm_cc26xx_Seconds_Module__state__V                     
20001cb0  ti_sysbios_family_arm_m3_Hwi_Module__root__V                              
20001cb8  ti_sysbios_gates_GateHwi_Module__root__V                                  
20001cc0  ti_sysbios_gates_GateMutex_Module__root__V                                
20001cc8  ti_sysbios_hal_Hwi_Module__root__V                                        
20001cd0  ti_sysbios_heaps_HeapCallback_Module__root__V                             
20001cd8  ti_sysbios_heaps_HeapMem_Module__root__V                                  
20001ce0  ti_sysbios_knl_Clock_Module__root__V                                      
20001ce8  ti_sysbios_knl_Event_Module__root__V                                      
20001cf0  ti_sysbios_knl_Mailbox_Module__root__V                                    
20001cf8  ti_sysbios_knl_Queue_Module__root__V                                      
20001d00  ti_sysbios_knl_Semaphore_Module__root__V                                  
20001d08  ti_sysbios_knl_Swi_Module__root__V                                        
20001d10  ti_sysbios_knl_Task_Module__root__V                                       
20001d18  xdc_runtime_Registry_Module__state__V                                     
20001d20  appAssertCback                                                            
20001d28  main_func_sp                                                              
20001d2c  ti_sysbios_family_arm_m3_Hwi_Module_State_0_excContext__A                 
20001d30  ti_sysbios_family_arm_m3_Hwi_Module_State_0_excStack__A                   
20001d34  ti_sysbios_knl_Task_Module_State_0_idleTask__A                            
20001d38  ti_sysbios_family_arm_m3_Hwi_Module_State_0_excActive__A                  
200020e8  ti_sysbios_knl_Task_Instance_State_0_stack__A                             
200022e8  spiCC26XXDMAObjects                                                       
200024b0  uartCC26XXObjects                                                         
200025dc  gptimerCC26XXObjects                                                      
200026fc  crcBuf                                                                    
200027fc  pwmtimerCC26xxObjects                                                     
200028fc  adcCC26xxObjects                                                          
200029d8  ti_sysbios_family_arm_m3_Hwi_dispatchTable                                
20002b20  cryptoCC26XXObjects                                                       
20002b60  uartCC26XXRingBuffer                                                      
20002b80  udmaObjects                                                               
20002bd8  displayUartObject                                                         
20002be4  PowerCC26XX_taskKey                                                       
20002be8  PowerCC26XX_swiKey                                                        
20002bf4  ClockP_tickPeriod                                                         
20002bf8  trngCC26XXObjects                                                         
20002bfe  driverlib_release_0_54539                                                 
20002bff  heapStart                                                                 
20003b48  __stack                                                                   
20003b48  heapEnd                                                                   
20003f48  __STACK_END                                                               
20003f48  __STACK_TOP                                                               
20004f80  eccRom_param_Gx                                                           
20004f84  eccRom_param_Gy                                                           
20004f88  eccRom_workzone                                                           
20004f8c  eccRom_param_p                                                            
20004f90  eccRom_param_r                                                            
20004f94  eccRom_param_a                                                            
20004f98  eccRom_param_b                                                            
20004f9c  eccRom_windowSize                                                         
20005000  __UNUSED_SRAM_end__                                                       
e000e000  ti_sysbios_family_arm_m3_Hwi_nvic                                         
ffffffff  __TI_pprof_out_hndl                                                       
ffffffff  __TI_prof_data_size                                                       
ffffffff  __TI_prof_data_start                                                      
ffffffff  __binit__                                                                 
ffffffff  __c_args__                                                                
ffffffff  binit                                                                     
UNDEFED   SHT$$INIT_ARRAY$$Base                                                     
UNDEFED   SHT$$INIT_ARRAY$$Limit                                                    

[1261 symbols]
