******************************************************************************
                  TI ARM Linker PC v18.1.6                     
******************************************************************************
>> Linked Fri Oct 11 12:43:37 2019

OUTPUT FILE NAME:   <sport_tag_FlashROM.out>
ENTRY POINT SYMBOL: "ResetISR"  address: 0000acd9


MEMORY CONFIGURATION

         name            origin    length      used     unused   attr    fill
----------------------  --------  ---------  --------  --------  ----  --------
  FLASH_IMG_HDR         00000000   000000a8  000000a5  00000003  R  X
  ENTRY                 000000a8   00000040  0000003c  00000004  R  X
  FLASH                 000000e8   00012f98  0000e5a2  000049f6  R  X
  SRAM                  20000000   00003f48  00002a0d  0000153b  RW X


SEGMENT ALLOCATION MAP

run origin  load origin   length   init length attrs members
----------  ----------- ---------- ----------- ----- -------
00000000    00000000    0000e694   0000e694    r-x
  00000000    00000000    000000a5   000000a5    r-- .img_hdr
  000000a8    000000a8    0000003c   0000003c    r-- .resetVecs
  000000e8    000000e8    00000f18   00000f18    r-x .text.1
  00001000    00001000    00000028   00000028    r-- .const:ti_sysbios_heaps_HeapMem_Module__FXNS__C
  00001028    00001028    00000024   00000024    r-- .const:ti_sysbios_gates_GateHwi_Module__FXNS__C
  0000104c    0000104c    00000024   00000024    r-- .const:ti_sysbios_gates_GateMutex_Module__FXNS__C
  00001070    00001070    00000020   00000020    r-- .const:ti_sysbios_family_arm_m3_Hwi_Object__DESC__C
  00001090    00001090    00000020   00000020    r-- .const:ti_sysbios_gates_GateHwi_Object__DESC__C
  000010b0    000010b0    00000020   00000020    r-- .const:ti_sysbios_gates_GateMutex_Object__DESC__C
  000010d0    000010d0    00000020   00000020    r-- .const:ti_sysbios_hal_Hwi_Object__DESC__C
  000010f0    000010f0    00000020   00000020    r-- .const:ti_sysbios_heaps_HeapMem_Object__DESC__C
  00001110    00001110    00000020   00000020    r-- .const:ti_sysbios_knl_Clock_Object__DESC__C
  00001130    00001130    00000020   00000020    r-- .const:ti_sysbios_knl_Event_Object__DESC__C
  00001150    00001150    00000020   00000020    r-- .const:ti_sysbios_knl_Mailbox_Object__DESC__C
  00001170    00001170    00000020   00000020    r-- .const:ti_sysbios_knl_Queue_Object__DESC__C
  00001190    00001190    00000020   00000020    r-- .const:ti_sysbios_knl_Semaphore_Object__DESC__C
  000011b0    000011b0    00000020   00000020    r-- .const:ti_sysbios_knl_Swi_Object__DESC__C
  000011d0    000011d0    00000020   00000020    r-- .const:ti_sysbios_knl_Task_Object__DESC__C
  000011f0    000011f0    00000008   00000008    r-- .const:ti_sysbios_knl_Idle_funcList__C
  000011f8    000011f8    00000004   00000004    r-- .const:ti_sysbios_family_arm_cc26xx_Timer_startupNeeded__C
  000011fc    000011fc    00000004   00000004    r-- .const:ti_sysbios_family_arm_m3_Hwi_E_alreadyDefined__C
  00001200    00001200    00000004   00000004    r-- .const:ti_sysbios_family_arm_m3_Hwi_E_hwiLimitExceeded__C
  00001204    00001204    00000004   00000004    r-- .const:ti_sysbios_family_arm_m3_Hwi_NUM_INTERRUPTS__C
  00001208    00001208    00000004   00000004    r-- .const:ti_sysbios_family_arm_m3_Hwi_Object__count__C
  0000120c    0000120c    00000004   00000004    r-- .const:ti_sysbios_family_arm_m3_Hwi_Object__table__C
  00001210    00001210    00000004   00000004    r-- .const:ti_sysbios_family_arm_m3_Hwi_ccr__C
  00001214    00001214    00000004   00000004    r-- .const:ti_sysbios_family_arm_m3_Hwi_excHandlerFunc__C
  00001218    00001218    00000004   00000004    r-- .const:ti_sysbios_family_arm_m3_Hwi_nullIsrFunc__C
  0000121c    0000121c    00000004   00000004    r-- .const:ti_sysbios_family_arm_m3_Hwi_numSparseInterrupts__C
  00001220    00001220    00000004   00000004    r-- .const:ti_sysbios_family_arm_m3_Hwi_priGroup__C
  00001224    00001224    00000004   00000004    r-- .const:ti_sysbios_family_arm_m3_TaskSupport_stackAlignment__C
  00001228    00001228    00000004   00000004    r-- .const:ti_sysbios_heaps_HeapMem_E_memory__C
  0000122c    0000122c    00000004   00000004    r-- .const:ti_sysbios_heaps_HeapMem_Module__gateObj__C
  00001230    00001230    00000004   00000004    r-- .const:ti_sysbios_heaps_HeapMem_Object__count__C
  00001234    00001234    00000004   00000004    r-- .const:ti_sysbios_heaps_HeapMem_Object__table__C
  00001238    00001238    00000004   00000004    r-- .const:ti_sysbios_heaps_HeapMem_reqAlign__C
  0000123c    0000123c    00000004   00000004    r-- .const:ti_sysbios_knl_Clock_triggerClock__C
  00001240    00001240    00000004   00000004    r-- .const:ti_sysbios_knl_Mailbox_Object__count__C
  00001244    00001244    00000004   00000004    r-- .const:ti_sysbios_knl_Mailbox_Object__table__C
  00001248    00001248    00000004   00000004    r-- .const:ti_sysbios_knl_Mailbox_maxTypeAlign__C
  0000124c    0000124c    00000004   00000004    r-- .const:ti_sysbios_knl_Queue_Object__count__C
  00001250    00001250    00000004   00000004    r-- .const:ti_sysbios_knl_Queue_Object__table__C
  00001254    00001254    00000004   00000004    r-- .const:ti_sysbios_knl_Semaphore_eventPost__C
  00001258    00001258    00000004   00000004    r-- .const:ti_sysbios_knl_Semaphore_eventSync__C
  0000125c    0000125c    00000004   00000004    r-- .const:ti_sysbios_knl_Swi_Object__count__C
  00001260    00001260    00000004   00000004    r-- .const:ti_sysbios_knl_Swi_Object__table__C
  00001264    00001264    00000004   00000004    r-- .const:ti_sysbios_knl_Swi_numPriorities__C
  00001268    00001268    00000004   00000004    r-- .const:ti_sysbios_knl_Task_Object__count__C
  0000126c    0000126c    00000004   00000004    r-- .const:ti_sysbios_knl_Task_Object__table__C
  00001270    00001270    00000004   00000004    r-- .const:ti_sysbios_knl_Task_allBlockedFunc__C
  00001274    00001274    00000004   00000004    r-- .const:ti_sysbios_knl_Task_defaultStackHeap__C
  00001278    00001278    00000004   00000004    r-- .const:ti_sysbios_knl_Task_defaultStackSize__C
  0000127c    0000127c    00000004   00000004    r-- .const:ti_sysbios_knl_Task_numConstructedTasks__C
  00001280    00001280    00000002   00000002    r-- .const:ti_sysbios_family_arm_cc26xx_Timer_Module__id__C
  00001282    00001282    00000002   00000002    r-- .const:ti_sysbios_family_arm_cc26xx_TimestampProvider_useClockTimer__C
  00001284    00001284    00000002   00000002    r-- .const:ti_sysbios_family_arm_m3_Hwi_Module__id__C
  00001286    00001286    00000002   00000002    r-- .const:ti_sysbios_gates_GateHwi_Module__id__C
  00001288    00001288    00000002   00000002    r-- .const:ti_sysbios_gates_GateMutex_Module__id__C
  0000128a    0000128a    00000002   00000002    r-- .const:ti_sysbios_heaps_HeapMem_Module__id__C
  0000128c    0000128c    00000002   00000002    r-- .const:ti_sysbios_knl_Task_initStackFlag__C
  0000128e    0000128e    00000001   00000001    r-- .const:ti_sysbios_knl_Clock_tickMode__C
  00001290    00001290    00000008   00000008    r-- .const:xdc_runtime_Startup_firstFxns__C
  00001298    00001298    00000008   00000008    r-- .const:xdc_runtime_Startup_lastFxns__C
  000012a0    000012a0    00000004   00000004    r-- .const:xdc_runtime_Assert_E_assertFailed__C
  000012a4    000012a4    00000004   00000004    r-- .const:xdc_runtime_Error_E_memory__C
  000012a8    000012a8    00000004   00000004    r-- .const:xdc_runtime_Error_policyFxn__C
  000012ac    000012ac    00000004   00000004    r-- .const:xdc_runtime_Error_raiseHook__C
  000012b0    000012b0    00000004   00000004    r-- .const:xdc_runtime_IGateProvider_Interface__BASE__C
  000012b4    000012b4    00000004   00000004    r-- .const:xdc_runtime_IHeap_Interface__BASE__C
  000012b8    000012b8    00000004   00000004    r-- .const:xdc_runtime_IModule_Interface__BASE__C
  000012bc    000012bc    00000004   00000004    r-- .const:xdc_runtime_Memory_defaultHeapInstance__C
  000012c0    000012c0    00000004   00000004    r-- .const:xdc_runtime_Startup_execImpl__C
  000012c4    000012c4    00000004   00000004    r-- .const:xdc_runtime_Startup_maxPasses__C
  000012c8    000012c8    00000004   00000004    r-- .const:xdc_runtime_Startup_sfxnRts__C
  000012cc    000012cc    00000004   00000004    r-- .const:xdc_runtime_Startup_sfxnTab__C
  000012d0    000012d0    00000004   00000004    r-- .const:xdc_runtime_Startup_startModsFxn__C
  000012d4    000012d4    00000004   00000004    r-- .const:xdc_runtime_SysCallback_abortFxn__C
  000012d8    000012d8    00000004   00000004    r-- .const:xdc_runtime_SysCallback_exitFxn__C
  000012dc    000012dc    00000004   00000004    r-- .const:xdc_runtime_System_abortFxn__C
  000012e0    000012e0    00000004   00000004    r-- .const:xdc_runtime_System_exitFxn__C
  000012e4    000012e4    00000004   00000004    r-- .const:xdc_runtime_System_maxAtexitHandlers__C
  000012e8    000012e8    00000004   00000004    r-- .const:xdc_runtime_Text_charTab__C
  000012ec    000012ec    00000004   00000004    r-- .const:xdc_runtime_Text_nameEmpty__C
  000012f0    000012f0    00000004   00000004    r-- .const:xdc_runtime_Text_nameStatic__C
  000012f4    000012f4    00000004   00000004    r-- .const:xdc_runtime_Text_nameUnknown__C
  000012f8    000012f8    00000002   00000002    r-- .const:xdc_runtime_Error_maxDepth__C
  000012fa    000012fa    00000002   00000002    r-- .const:xdc_runtime_Memory_Module__id__C
  000012fc    000012fc    00000002   00000002    r-- .const:xdc_runtime_Text_charCnt__C
  000012fe    000012fe    00000002   00000002    r-- .const:xdc_runtime_Text_isLoaded__C
  00001300    00001300    00000001   00000001    r-- .const:xdc_runtime_Error_policy__C
  00001304    00001304    00000004   00000004    r-- .const:ti_sysbios_rom_ROM_ti_sysbios_family_arm_cc26xx_Timer_getCount64__E
  00001308    00001308    00000004   00000004    r-- .const:ti_sysbios_rom_ROM_ti_sysbios_family_arm_cc26xx_Timer_getCurrentTick__E
  0000130c    0000130c    00000004   00000004    r-- .const:ti_sysbios_rom_ROM_ti_sysbios_family_arm_cc26xx_Timer_getMaxTicks__E
  00001310    00001310    00000004   00000004    r-- .const:ti_sysbios_rom_ROM_ti_sysbios_family_arm_cc26xx_Timer_initDevice__I
  00001314    00001314    00000004   00000004    r-- .const:ti_sysbios_rom_ROM_ti_sysbios_family_arm_cc26xx_Timer_setNextTick__E
  00001318    00001318    00000004   00000004    r-- .const:ti_sysbios_rom_ROM_ti_sysbios_family_arm_cc26xx_Timer_setThreshold__I
  0000131c    0000131c    00000004   00000004    r-- .const:ti_sysbios_rom_ROM_ti_sysbios_family_arm_cc26xx_Timer_start__E
  00001320    00001320    00000004   00000004    r-- .const:ti_sysbios_rom_ROM_ti_sysbios_family_arm_cc26xx_TimestampProvider_get32__E
  00001324    00001324    00000004   00000004    r-- .const:ti_sysbios_rom_ROM_xdc_runtime_Startup_getState__I
  00001328    00001328    00000004   00000004    r-- .const:ti_sysbios_rom_ROM_xdc_runtime_System_SupportProxy_abort__E
  0000132c    0000132c    00000004   00000004    r-- .const:ti_sysbios_rom_ROM_xdc_runtime_System_SupportProxy_exit__E
  00001330    00001330    0000c2a4   0000c2a4    r-x .text.2
  0000d5d4    0000d5d4    00000af6   00000af6    r-- .const
  0000e0cc    0000e0cc    00000058   00000058    r-- .ccfg
  0000e128    0000e128    0000056c   0000056c    r-- .cinit
20000100    20000100    00000106   00000000    rw-
  20000100    20000100    00000044   00000000    rw- .data:ti_sysbios_knl_Task_Module__state__V
  20000144    20000144    00000034   00000000    rw- .data:ti_sysbios_family_arm_m3_Hwi_Module__state__V
  20000178    20000178    0000002c   00000000    rw- .data:ti_sysbios_knl_Clock_Module__state__V
  200001a4    200001a4    00000024   00000000    rw- .data:ti_sysbios_BIOS_Module__state__V
  200001c8    200001c8    0000001c   00000000    rw- .data:ti_sysbios_knl_Swi_Module__state__V
  200001e4    200001e4    00000008   00000000    rw- .data:ti_sysbios_family_arm_cc26xx_Timer_Module__state__V
  200001ec    200001ec    00000004   00000000    rw- .data:ti_sysbios_family_arm_cc26xx_TimestampProvider_Module__state__V
  200001f0    200001f0    00000008   00000000    rw- .data:xdc_runtime_Startup_Module__state__V
  200001f8    200001f8    00000008   00000000    rw- .data:xdc_runtime_System_Module__state__V
  20000200    20000200    00000004   00000000    rw- .data:xdc_runtime_Memory_Module__state__V
  20000204    20000204    00000002   00000000    rw- .data:xdc_runtime_Error_Module__state__V
20000430    20000430    00000010   00000000    rw-
  20000430    20000430    00000010   00000000    rw- .TI.bound:dmaSpi0RxControlTableEntry
20000440    20000440    00000010   00000000    rw-
  20000440    20000440    00000010   00000000    rw- .TI.bound:dmaSpi0TxControlTableEntry
20000500    20000500    00000010   00000000    rw-
  20000500    20000500    00000010   00000000    rw- .TI.bound:dmaSpi1RxControlTableEntry
20000510    20000510    0000240f   00000000    rw-
  20000510    20000510    00000010   00000000    rw- .TI.bound:dmaSpi1TxControlTableEntry
  20000520    20000520    00001545   00000000    rw- .data
  20001a68    20001a68    00000eb7   00000000    rw- .bss
20003b48    20003b48    00000400   00000000    rw-
  20003b48    20003b48    00000400   00000000    rw- .stack


SECTION ALLOCATION MAP

 output                                  attributes/
section   page    origin      length       input sections
--------  ----  ----------  ----------   ----------------
.text.1    0    000000e8    00000f18     
                  000000e8    000008a0     simple_peripheral_oad_offchip.obj (.text:SimplePeripheral_taskFxn$3)
                  00000988    00000008     (.tramp.ti_sysbios_knl_Event_pend__E.1)
                  00000990    00000008     (.tramp.ti_sysbios_knl_Queue_get__E.1)
                  00000998    00000008     (.tramp.ti_sysbios_knl_Queue_empty__E.1)
                  000009a0    000005fc     simple_peripheral_oad_offchip.obj (.text:SimplePeripheral_init$3)
                  00000f9c    00000008     (.tramp.ti_sysbios_knl_Queue_construct.1)
                  00000fa4    0000005c     display.aem3 : Display.oem3 (.text:Display_doOpen)

.const:ti_sysbios_heaps_HeapMem_Module__FXNS__C 
*          0    00001000    00000028     
                  00001000    00000028     app_ble_pem3.oem3 (.const:ti_sysbios_heaps_HeapMem_Module__FXNS__C)

.const:ti_sysbios_gates_GateHwi_Module__FXNS__C 
*          0    00001028    00000024     
                  00001028    00000024     app_ble_pem3.oem3 (.const:ti_sysbios_gates_GateHwi_Module__FXNS__C)

.const:ti_sysbios_gates_GateMutex_Module__FXNS__C 
*          0    0000104c    00000024     
                  0000104c    00000024     app_ble_pem3.oem3 (.const:ti_sysbios_gates_GateMutex_Module__FXNS__C)

.const:ti_sysbios_family_arm_m3_Hwi_Object__DESC__C 
*          0    00001070    00000020     
                  00001070    00000020     app_ble_pem3.oem3 (.const:ti_sysbios_family_arm_m3_Hwi_Object__DESC__C)

.const:ti_sysbios_gates_GateHwi_Object__DESC__C 
*          0    00001090    00000020     
                  00001090    00000020     app_ble_pem3.oem3 (.const:ti_sysbios_gates_GateHwi_Object__DESC__C)

.const:ti_sysbios_gates_GateMutex_Object__DESC__C 
*          0    000010b0    00000020     
                  000010b0    00000020     app_ble_pem3.oem3 (.const:ti_sysbios_gates_GateMutex_Object__DESC__C)

.const:ti_sysbios_hal_Hwi_Object__DESC__C 
*          0    000010d0    00000020     
                  000010d0    00000020     app_ble_pem3.oem3 (.const:ti_sysbios_hal_Hwi_Object__DESC__C)

.const:ti_sysbios_heaps_HeapMem_Object__DESC__C 
*          0    000010f0    00000020     
                  000010f0    00000020     app_ble_pem3.oem3 (.const:ti_sysbios_heaps_HeapMem_Object__DESC__C)

.const:ti_sysbios_knl_Clock_Object__DESC__C 
*          0    00001110    00000020     
                  00001110    00000020     app_ble_pem3.oem3 (.const:ti_sysbios_knl_Clock_Object__DESC__C)

.const:ti_sysbios_knl_Event_Object__DESC__C 
*          0    00001130    00000020     
                  00001130    00000020     app_ble_pem3.oem3 (.const:ti_sysbios_knl_Event_Object__DESC__C)

.const:ti_sysbios_knl_Mailbox_Object__DESC__C 
*          0    00001150    00000020     
                  00001150    00000020     app_ble_pem3.oem3 (.const:ti_sysbios_knl_Mailbox_Object__DESC__C)

.const:ti_sysbios_knl_Queue_Object__DESC__C 
*          0    00001170    00000020     
                  00001170    00000020     app_ble_pem3.oem3 (.const:ti_sysbios_knl_Queue_Object__DESC__C)

.const:ti_sysbios_knl_Semaphore_Object__DESC__C 
*          0    00001190    00000020     
                  00001190    00000020     app_ble_pem3.oem3 (.const:ti_sysbios_knl_Semaphore_Object__DESC__C)

.const:ti_sysbios_knl_Swi_Object__DESC__C 
*          0    000011b0    00000020     
                  000011b0    00000020     app_ble_pem3.oem3 (.const:ti_sysbios_knl_Swi_Object__DESC__C)

.const:ti_sysbios_knl_Task_Object__DESC__C 
*          0    000011d0    00000020     
                  000011d0    00000020     app_ble_pem3.oem3 (.const:ti_sysbios_knl_Task_Object__DESC__C)

.const:ti_sysbios_knl_Idle_funcList__C 
*          0    000011f0    00000008     
                  000011f0    00000008     app_ble_pem3.oem3 (.const:ti_sysbios_knl_Idle_funcList__C)

.const:ti_sysbios_family_arm_cc26xx_Timer_startupNeeded__C 
*          0    000011f8    00000004     
                  000011f8    00000004     app_ble_pem3.oem3 (.const:ti_sysbios_family_arm_cc26xx_Timer_startupNeeded__C)

.const:ti_sysbios_family_arm_m3_Hwi_E_alreadyDefined__C 
*          0    000011fc    00000004     
                  000011fc    00000004     app_ble_pem3.oem3 (.const:ti_sysbios_family_arm_m3_Hwi_E_alreadyDefined__C)

.const:ti_sysbios_family_arm_m3_Hwi_E_hwiLimitExceeded__C 
*          0    00001200    00000004     
                  00001200    00000004     app_ble_pem3.oem3 (.const:ti_sysbios_family_arm_m3_Hwi_E_hwiLimitExceeded__C)

.const:ti_sysbios_family_arm_m3_Hwi_NUM_INTERRUPTS__C 
*          0    00001204    00000004     
                  00001204    00000004     app_ble_pem3.oem3 (.const:ti_sysbios_family_arm_m3_Hwi_NUM_INTERRUPTS__C)

.const:ti_sysbios_family_arm_m3_Hwi_Object__count__C 
*          0    00001208    00000004     
                  00001208    00000004     app_ble_pem3.oem3 (.const:ti_sysbios_family_arm_m3_Hwi_Object__count__C)

.const:ti_sysbios_family_arm_m3_Hwi_Object__table__C 
*          0    0000120c    00000004     
                  0000120c    00000004     app_ble_pem3.oem3 (.const:ti_sysbios_family_arm_m3_Hwi_Object__table__C)

.const:ti_sysbios_family_arm_m3_Hwi_ccr__C 
*          0    00001210    00000004     
                  00001210    00000004     app_ble_pem3.oem3 (.const:ti_sysbios_family_arm_m3_Hwi_ccr__C)

.const:ti_sysbios_family_arm_m3_Hwi_excHandlerFunc__C 
*          0    00001214    00000004     
                  00001214    00000004     app_ble_pem3.oem3 (.const:ti_sysbios_family_arm_m3_Hwi_excHandlerFunc__C)

.const:ti_sysbios_family_arm_m3_Hwi_nullIsrFunc__C 
*          0    00001218    00000004     
                  00001218    00000004     app_ble_pem3.oem3 (.const:ti_sysbios_family_arm_m3_Hwi_nullIsrFunc__C)

.const:ti_sysbios_family_arm_m3_Hwi_numSparseInterrupts__C 
*          0    0000121c    00000004     
                  0000121c    00000004     app_ble_pem3.oem3 (.const:ti_sysbios_family_arm_m3_Hwi_numSparseInterrupts__C)

.const:ti_sysbios_family_arm_m3_Hwi_priGroup__C 
*          0    00001220    00000004     
                  00001220    00000004     app_ble_pem3.oem3 (.const:ti_sysbios_family_arm_m3_Hwi_priGroup__C)

.const:ti_sysbios_family_arm_m3_TaskSupport_stackAlignment__C 
*          0    00001224    00000004     
                  00001224    00000004     app_ble_pem3.oem3 (.const:ti_sysbios_family_arm_m3_TaskSupport_stackAlignment__C)

.const:ti_sysbios_heaps_HeapMem_E_memory__C 
*          0    00001228    00000004     
                  00001228    00000004     app_ble_pem3.oem3 (.const:ti_sysbios_heaps_HeapMem_E_memory__C)

.const:ti_sysbios_heaps_HeapMem_Module__gateObj__C 
*          0    0000122c    00000004     
                  0000122c    00000004     app_ble_pem3.oem3 (.const:ti_sysbios_heaps_HeapMem_Module__gateObj__C)

.const:ti_sysbios_heaps_HeapMem_Object__count__C 
*          0    00001230    00000004     
                  00001230    00000004     app_ble_pem3.oem3 (.const:ti_sysbios_heaps_HeapMem_Object__count__C)

.const:ti_sysbios_heaps_HeapMem_Object__table__C 
*          0    00001234    00000004     
                  00001234    00000004     app_ble_pem3.oem3 (.const:ti_sysbios_heaps_HeapMem_Object__table__C)

.const:ti_sysbios_heaps_HeapMem_reqAlign__C 
*          0    00001238    00000004     
                  00001238    00000004     app_ble_pem3.oem3 (.const:ti_sysbios_heaps_HeapMem_reqAlign__C)

.const:ti_sysbios_knl_Clock_triggerClock__C 
*          0    0000123c    00000004     
                  0000123c    00000004     app_ble_pem3.oem3 (.const:ti_sysbios_knl_Clock_triggerClock__C)

.const:ti_sysbios_knl_Mailbox_Object__count__C 
*          0    00001240    00000004     
                  00001240    00000004     app_ble_pem3.oem3 (.const:ti_sysbios_knl_Mailbox_Object__count__C)

.const:ti_sysbios_knl_Mailbox_Object__table__C 
*          0    00001244    00000004     
                  00001244    00000004     app_ble_pem3.oem3 (.const:ti_sysbios_knl_Mailbox_Object__table__C)

.const:ti_sysbios_knl_Mailbox_maxTypeAlign__C 
*          0    00001248    00000004     
                  00001248    00000004     app_ble_pem3.oem3 (.const:ti_sysbios_knl_Mailbox_maxTypeAlign__C)

.const:ti_sysbios_knl_Queue_Object__count__C 
*          0    0000124c    00000004     
                  0000124c    00000004     app_ble_pem3.oem3 (.const:ti_sysbios_knl_Queue_Object__count__C)

.const:ti_sysbios_knl_Queue_Object__table__C 
*          0    00001250    00000004     
                  00001250    00000004     app_ble_pem3.oem3 (.const:ti_sysbios_knl_Queue_Object__table__C)

.const:ti_sysbios_knl_Semaphore_eventPost__C 
*          0    00001254    00000004     
                  00001254    00000004     app_ble_pem3.oem3 (.const:ti_sysbios_knl_Semaphore_eventPost__C)

.const:ti_sysbios_knl_Semaphore_eventSync__C 
*          0    00001258    00000004     
                  00001258    00000004     app_ble_pem3.oem3 (.const:ti_sysbios_knl_Semaphore_eventSync__C)

.const:ti_sysbios_knl_Swi_Object__count__C 
*          0    0000125c    00000004     
                  0000125c    00000004     app_ble_pem3.oem3 (.const:ti_sysbios_knl_Swi_Object__count__C)

.const:ti_sysbios_knl_Swi_Object__table__C 
*          0    00001260    00000004     
                  00001260    00000004     app_ble_pem3.oem3 (.const:ti_sysbios_knl_Swi_Object__table__C)

.const:ti_sysbios_knl_Swi_numPriorities__C 
*          0    00001264    00000004     
                  00001264    00000004     app_ble_pem3.oem3 (.const:ti_sysbios_knl_Swi_numPriorities__C)

.const:ti_sysbios_knl_Task_Object__count__C 
*          0    00001268    00000004     
                  00001268    00000004     app_ble_pem3.oem3 (.const:ti_sysbios_knl_Task_Object__count__C)

.const:ti_sysbios_knl_Task_Object__table__C 
*          0    0000126c    00000004     
                  0000126c    00000004     app_ble_pem3.oem3 (.const:ti_sysbios_knl_Task_Object__table__C)

.const:ti_sysbios_knl_Task_allBlockedFunc__C 
*          0    00001270    00000004     
                  00001270    00000004     app_ble_pem3.oem3 (.const:ti_sysbios_knl_Task_allBlockedFunc__C)

.const:ti_sysbios_knl_Task_defaultStackHeap__C 
*          0    00001274    00000004     
                  00001274    00000004     app_ble_pem3.oem3 (.const:ti_sysbios_knl_Task_defaultStackHeap__C)

.const:ti_sysbios_knl_Task_defaultStackSize__C 
*          0    00001278    00000004     
                  00001278    00000004     app_ble_pem3.oem3 (.const:ti_sysbios_knl_Task_defaultStackSize__C)

.const:ti_sysbios_knl_Task_numConstructedTasks__C 
*          0    0000127c    00000004     
                  0000127c    00000004     app_ble_pem3.oem3 (.const:ti_sysbios_knl_Task_numConstructedTasks__C)

.const:ti_sysbios_family_arm_cc26xx_Timer_Module__id__C 
*          0    00001280    00000002     
                  00001280    00000002     app_ble_pem3.oem3 (.const:ti_sysbios_family_arm_cc26xx_Timer_Module__id__C)

.const:ti_sysbios_family_arm_cc26xx_TimestampProvider_useClockTimer__C 
*          0    00001282    00000002     
                  00001282    00000002     app_ble_pem3.oem3 (.const:ti_sysbios_family_arm_cc26xx_TimestampProvider_useClockTimer__C)

.const:ti_sysbios_family_arm_m3_Hwi_Module__id__C 
*          0    00001284    00000002     
                  00001284    00000002     app_ble_pem3.oem3 (.const:ti_sysbios_family_arm_m3_Hwi_Module__id__C)

.const:ti_sysbios_gates_GateHwi_Module__id__C 
*          0    00001286    00000002     
                  00001286    00000002     app_ble_pem3.oem3 (.const:ti_sysbios_gates_GateHwi_Module__id__C)

.const:ti_sysbios_gates_GateMutex_Module__id__C 
*          0    00001288    00000002     
                  00001288    00000002     app_ble_pem3.oem3 (.const:ti_sysbios_gates_GateMutex_Module__id__C)

.const:ti_sysbios_heaps_HeapMem_Module__id__C 
*          0    0000128a    00000002     
                  0000128a    00000002     app_ble_pem3.oem3 (.const:ti_sysbios_heaps_HeapMem_Module__id__C)

.const:ti_sysbios_knl_Task_initStackFlag__C 
*          0    0000128c    00000002     
                  0000128c    00000002     app_ble_pem3.oem3 (.const:ti_sysbios_knl_Task_initStackFlag__C)

.const:ti_sysbios_knl_Clock_tickMode__C 
*          0    0000128e    00000001     
                  0000128e    00000001     app_ble_pem3.oem3 (.const:ti_sysbios_knl_Clock_tickMode__C)

.const:xdc_runtime_Startup_firstFxns__C 
*          0    00001290    00000008     
                  00001290    00000008     app_ble_pem3.oem3 (.const:xdc_runtime_Startup_firstFxns__C)

.const:xdc_runtime_Startup_lastFxns__C 
*          0    00001298    00000008     
                  00001298    00000008     app_ble_pem3.oem3 (.const:xdc_runtime_Startup_lastFxns__C)

.const:xdc_runtime_Assert_E_assertFailed__C 
*          0    000012a0    00000004     
                  000012a0    00000004     app_ble_pem3.oem3 (.const:xdc_runtime_Assert_E_assertFailed__C)

.const:xdc_runtime_Error_E_memory__C 
*          0    000012a4    00000004     
                  000012a4    00000004     app_ble_pem3.oem3 (.const:xdc_runtime_Error_E_memory__C)

.const:xdc_runtime_Error_policyFxn__C 
*          0    000012a8    00000004     
                  000012a8    00000004     app_ble_pem3.oem3 (.const:xdc_runtime_Error_policyFxn__C)

.const:xdc_runtime_Error_raiseHook__C 
*          0    000012ac    00000004     
                  000012ac    00000004     app_ble_pem3.oem3 (.const:xdc_runtime_Error_raiseHook__C)

.const:xdc_runtime_IGateProvider_Interface__BASE__C 
*          0    000012b0    00000004     
                  000012b0    00000004     app_ble_pem3.oem3 (.const:xdc_runtime_IGateProvider_Interface__BASE__C)

.const:xdc_runtime_IHeap_Interface__BASE__C 
*          0    000012b4    00000004     
                  000012b4    00000004     app_ble_pem3.oem3 (.const:xdc_runtime_IHeap_Interface__BASE__C)

.const:xdc_runtime_IModule_Interface__BASE__C 
*          0    000012b8    00000004     
                  000012b8    00000004     app_ble_pem3.oem3 (.const:xdc_runtime_IModule_Interface__BASE__C)

.const:xdc_runtime_Memory_defaultHeapInstance__C 
*          0    000012bc    00000004     
                  000012bc    00000004     app_ble_pem3.oem3 (.const:xdc_runtime_Memory_defaultHeapInstance__C)

.const:xdc_runtime_Startup_execImpl__C 
*          0    000012c0    00000004     
                  000012c0    00000004     app_ble_pem3.oem3 (.const:xdc_runtime_Startup_execImpl__C)

.const:xdc_runtime_Startup_maxPasses__C 
*          0    000012c4    00000004     
                  000012c4    00000004     app_ble_pem3.oem3 (.const:xdc_runtime_Startup_maxPasses__C)

.const:xdc_runtime_Startup_sfxnRts__C 
*          0    000012c8    00000004     
                  000012c8    00000004     app_ble_pem3.oem3 (.const:xdc_runtime_Startup_sfxnRts__C)

.const:xdc_runtime_Startup_sfxnTab__C 
*          0    000012cc    00000004     
                  000012cc    00000004     app_ble_pem3.oem3 (.const:xdc_runtime_Startup_sfxnTab__C)

.const:xdc_runtime_Startup_startModsFxn__C 
*          0    000012d0    00000004     
                  000012d0    00000004     app_ble_pem3.oem3 (.const:xdc_runtime_Startup_startModsFxn__C)

.const:xdc_runtime_SysCallback_abortFxn__C 
*          0    000012d4    00000004     
                  000012d4    00000004     app_ble_pem3.oem3 (.const:xdc_runtime_SysCallback_abortFxn__C)

.const:xdc_runtime_SysCallback_exitFxn__C 
*          0    000012d8    00000004     
                  000012d8    00000004     app_ble_pem3.oem3 (.const:xdc_runtime_SysCallback_exitFxn__C)

.const:xdc_runtime_System_abortFxn__C 
*          0    000012dc    00000004     
                  000012dc    00000004     app_ble_pem3.oem3 (.const:xdc_runtime_System_abortFxn__C)

.const:xdc_runtime_System_exitFxn__C 
*          0    000012e0    00000004     
                  000012e0    00000004     app_ble_pem3.oem3 (.const:xdc_runtime_System_exitFxn__C)

.const:xdc_runtime_System_maxAtexitHandlers__C 
*          0    000012e4    00000004     
                  000012e4    00000004     app_ble_pem3.oem3 (.const:xdc_runtime_System_maxAtexitHandlers__C)

.const:xdc_runtime_Text_charTab__C 
*          0    000012e8    00000004     
                  000012e8    00000004     app_ble_pem3.oem3 (.const:xdc_runtime_Text_charTab__C)

.const:xdc_runtime_Text_nameEmpty__C 
*          0    000012ec    00000004     
                  000012ec    00000004     app_ble_pem3.oem3 (.const:xdc_runtime_Text_nameEmpty__C)

.const:xdc_runtime_Text_nameStatic__C 
*          0    000012f0    00000004     
                  000012f0    00000004     app_ble_pem3.oem3 (.const:xdc_runtime_Text_nameStatic__C)

.const:xdc_runtime_Text_nameUnknown__C 
*          0    000012f4    00000004     
                  000012f4    00000004     app_ble_pem3.oem3 (.const:xdc_runtime_Text_nameUnknown__C)

.const:xdc_runtime_Error_maxDepth__C 
*          0    000012f8    00000002     
                  000012f8    00000002     app_ble_pem3.oem3 (.const:xdc_runtime_Error_maxDepth__C)

.const:xdc_runtime_Memory_Module__id__C 
*          0    000012fa    00000002     
                  000012fa    00000002     app_ble_pem3.oem3 (.const:xdc_runtime_Memory_Module__id__C)

.const:xdc_runtime_Text_charCnt__C 
*          0    000012fc    00000002     
                  000012fc    00000002     app_ble_pem3.oem3 (.const:xdc_runtime_Text_charCnt__C)

.const:xdc_runtime_Text_isLoaded__C 
*          0    000012fe    00000002     
                  000012fe    00000002     app_ble_pem3.oem3 (.const:xdc_runtime_Text_isLoaded__C)

.const:xdc_runtime_Error_policy__C 
*          0    00001300    00000001     
                  00001300    00000001     app_ble_pem3.oem3 (.const:xdc_runtime_Error_policy__C)

.const:ti_sysbios_rom_ROM_ti_sysbios_family_arm_cc26xx_Timer_getCount64__E 
*          0    00001304    00000004     
                  00001304    00000004     app_ble_pem3.oem3 (.const:ti_sysbios_rom_ROM_ti_sysbios_family_arm_cc26xx_Timer_getCount64__E)

.const:ti_sysbios_rom_ROM_ti_sysbios_family_arm_cc26xx_Timer_getCurrentTick__E 
*          0    00001308    00000004     
                  00001308    00000004     app_ble_pem3.oem3 (.const:ti_sysbios_rom_ROM_ti_sysbios_family_arm_cc26xx_Timer_getCurrentTick__E)

.const:ti_sysbios_rom_ROM_ti_sysbios_family_arm_cc26xx_Timer_getMaxTicks__E 
*          0    0000130c    00000004     
                  0000130c    00000004     app_ble_pem3.oem3 (.const:ti_sysbios_rom_ROM_ti_sysbios_family_arm_cc26xx_Timer_getMaxTicks__E)

.const:ti_sysbios_rom_ROM_ti_sysbios_family_arm_cc26xx_Timer_initDevice__I 
*          0    00001310    00000004     
                  00001310    00000004     app_ble_pem3.oem3 (.const:ti_sysbios_rom_ROM_ti_sysbios_family_arm_cc26xx_Timer_initDevice__I)

.const:ti_sysbios_rom_ROM_ti_sysbios_family_arm_cc26xx_Timer_setNextTick__E 
*          0    00001314    00000004     
                  00001314    00000004     app_ble_pem3.oem3 (.const:ti_sysbios_rom_ROM_ti_sysbios_family_arm_cc26xx_Timer_setNextTick__E)

.const:ti_sysbios_rom_ROM_ti_sysbios_family_arm_cc26xx_Timer_setThreshold__I 
*          0    00001318    00000004     
                  00001318    00000004     app_ble_pem3.oem3 (.const:ti_sysbios_rom_ROM_ti_sysbios_family_arm_cc26xx_Timer_setThreshold__I)

.const:ti_sysbios_rom_ROM_ti_sysbios_family_arm_cc26xx_Timer_start__E 
*          0    0000131c    00000004     
                  0000131c    00000004     app_ble_pem3.oem3 (.const:ti_sysbios_rom_ROM_ti_sysbios_family_arm_cc26xx_Timer_start__E)

.const:ti_sysbios_rom_ROM_ti_sysbios_family_arm_cc26xx_TimestampProvider_get32__E 
*          0    00001320    00000004     
                  00001320    00000004     app_ble_pem3.oem3 (.const:ti_sysbios_rom_ROM_ti_sysbios_family_arm_cc26xx_TimestampProvider_get32__E)

.const:ti_sysbios_rom_ROM_xdc_runtime_Startup_getState__I 
*          0    00001324    00000004     
                  00001324    00000004     app_ble_pem3.oem3 (.const:ti_sysbios_rom_ROM_xdc_runtime_Startup_getState__I)

.const:ti_sysbios_rom_ROM_xdc_runtime_System_SupportProxy_abort__E 
*          0    00001328    00000004     
                  00001328    00000004     app_ble_pem3.oem3 (.const:ti_sysbios_rom_ROM_xdc_runtime_System_SupportProxy_abort__E)

.const:ti_sysbios_rom_ROM_xdc_runtime_System_SupportProxy_exit__E 
*          0    0000132c    00000004     
                  0000132c    00000004     app_ble_pem3.oem3 (.const:ti_sysbios_rom_ROM_xdc_runtime_System_SupportProxy_exit__E)

.text.2    0    00001330    0000c2a4     
                  00001330    0000059c     peripheral_observer.obj (.text:gapRole_taskFxn$22)
                  000018cc    00000420     oad.obj (.text:oadImgBlockWrite$16)
                  00001cec    00000418     oad.obj (.text:oadProcessExtControlCmd$16)
                  00002104    00000374     simple_peripheral_oad_offchip.obj (.text:SimplePeripheral_processStackMsg$3)
                  00002478    00000350     myBlink.obj (.text:SendToBlink)
                  000027c8    00000314     drivers_cc26x0r2.aem3 : PowerCC26XX_calibrateRCOSC.oem3 (.text:PowerCC26XX_auxISR)
                  00002adc    0000030c     rom_sysbios.aem3 : rom_sysbios.obj (.text:xdc_runtime_System_doPrint__I)
                  00002de8    000002b8     RFCC26XX_singleMode.obj (.text:RF_fsmActiveState$6)
                  000030a0    00000290     peripheral_observer.obj (.text:GAPRole_SetParameter)
                  00003330    0000027c     drivers_cc26x0r2.aem3 : CryptoCC26XX.oem3 (.text:cryptoTransactionExecute)
                  000035ac    00000264     simple_peripheral_oad_offchip.obj (.text:SimplePeripheral_processStateChangeEvt$3)
                  00003810    0000022c     drivers_cc26x0r2.aem3 : PowerCC26XX.oem3 (.text:Power_sleep)
                  00003a3c    00000220     driverlib.lib : sys_ctrl.obj (.text:NOROM_SysCtrlSetRechargeBeforePowerDown)
                  00003c5c    0000021c     drivers_cc26x0r2.aem3 : SPICC26XXDMA.oem3 (.text:SPICC26XXDMA_transfer)
                  00003e78    0000020c     RFCC26XX_singleMode.obj (.text:RF_open)
                  00004084    000001e0     ECCROMCC26XX.obj (.text:ECC_VerifyPublicKeyWeierstrass$5)
                  00004264    000001bc     RFCC26XX_singleMode.obj (.text:RF_fsmSetupState$6)
                  00004420    000001b0     drivers_cc26x0r2.aem3 : PINCC26XX.oem3 (.text:PIN_init)
                  000045d0    000001a4     ECCROMCC26XX.obj (.text:ECCROMCC26XX_genDHKey)
                  00004774    00000198     simple_peripheral_oad_offchip.obj (.text:ChangeWorkMode$3)
                  0000490c    00000198     icall.obj (.text:icall_directAPI)
                  00004aa4    00000190     drivers_cc26x0r2.aem3 : PowerCC26XX_calibrateRCOSC.oem3 (.text:PowerCC26XX_doCalibrate)
                  00004c34    00000184     simple_peripheral_oad_offchip.obj (.text:SimplePeripheral_processCharValueChangeEvt$3)
                  00004db8    00000168     drivers_cc26x0r2.aem3 : PowerCC26XX.oem3 (.text:Power_shutdown)
                  00004f20    0000015c                           : UARTCC26XX.oem3 (.text:UARTCC26XX_open)
                  0000507c    00000158                           : SPICC26XXDMA.oem3 (.text:SPICC26XXDMA_initIO)
                  000051d4    00000148     simple_peripheral_oad_offchip.obj (.text:ExecuteCommand$3)
                  0000531c    00000148     drivers_cc26x0r2.aem3 : UARTCC26XX.oem3 (.text:UARTCC26XX_hwiIntFxn)
                  00005464    00000140     simple_peripheral_oad_offchip.obj (.text:SendAsk$3)
                  000055a4    00000136     drivers_cc26x0r2.aem3 : UARTCC26XX.oem3 (.text:UARTCC26XX_read)
                  000056da    00000002     ble_user_config.obj (.text:DefaultAssertCback)
                  000056dc    0000012c     drivers_cc26x0r2.aem3 : PowerCC26XX.oem3 (.text:Power_init)
                  00005808    0000012c     simple_peripheral_oad_offchip.obj (.text:ReadStartParam$3)
                  00005934    00000128     ECCROMCC26XX.obj (.text:ECCROMCC26XX_genKeys)
                  00005a5c    00000124     peripheral_observer.obj (.text:GAPRole_GetParameter)
                  00005b80    0000011c     drivers_cc26x0r2.aem3 : SPICC26XXDMA.oem3 (.text:SPICC26XXDMA_open)
                  00005c9c    00000114     main.obj (.text:main)
                  00005db0    0000010c     drivers_cc26x0r2.aem3 : SPICC26XXDMA.oem3 (.text:SPICC26XXDMA_configDMA)
                  00005ebc    0000010c     oad.obj (.text:oadValidateCandidateHdr$16)
                  00005fc8    000000f8     app_ble_pem3.oem3 (.text:xdc_runtime_System_printfExtend__I)
                  000060c0    000000f0     drivers_cc26x0r2.aem3 : PINCC26XX.oem3 (.text:PINCC26XX_setIoCfg)
                  000061b0    000000f0     RFCC26XX_singleMode.obj (.text:RF_radioOpDoneCb$6)
                  000062a0    000000ec     icall.obj (.text:ICall_heapMalloc)
                  0000638c    000000e8     dpl_cc26x0r2.aem3 : PowerCC26XX_tirtos.oem3 (.text:PowerCC26XX_standbyPolicy)
                  00006474    000000e4     drivers_cc26x0r2.aem3 : SPICC26XXDMA.oem3 (.text:SPICC26XXDMA_transferCancel)
                  00006558    000000e4     oad.obj (.text:oadWriteAttrCB$16)
                  0000663c    000000e2     drivers_cc26x0r2.aem3 : UARTCC26XX.oem3 (.text:UARTCC26XX_write)
                  0000671e    00000002     display.aem3 : DisplayUart.oem3 (.text:DisplayUartAnsi_init)
                  00006720    000000d8     drivers_cc26x0r2.aem3 : ADCCC26XX.oem3 (.text:ADCCC26XX_convert)
                  000067f8    000000d8                           : PWMTimerCC26XX.oem3 (.text:PWMTimerCC26XX_open)
                  000068d0    000000d4     RFCC26XX_singleMode.obj (.text:RF_pendCmd)
                  000069a4    000000d0     simple_peripheral_oad_offchip.obj (.text:ChangeDiscoveryMode)
                  00006a74    000000d0     drivers_cc26x0r2.aem3 : GPTimerCC26XX.oem3 (.text:GPTimerCC26XX_open)
                  00006b44    000000cc     RFCC26XX_singleMode.obj (.text:RF_swiHw$6)
                  00006c10    000000c4     simple_peripheral_oad_offchip.obj (.text:GetAkkumVoltage$3)
                  00006cd4    000000c4     RFCC26XX_singleMode.obj (.text:RF_control)
                  00006d98    000000c4     RFCC26XX_singleMode.obj (.text:RF_postCmd)
                  00006e5c    000000c0     RFCC26XX_singleMode.obj (.text:RF_fsmPowerUpState$6)
                  00006f1c    000000bc     drivers_cc26x0r2.aem3 : PowerCC26XX.oem3 (.text:Power_releaseDependency)
                  00006fd8    000000b8     ExtFlash.obj (.text:ExtFlash_open)
                  00007090    000000b8     driverlib.lib : aux_adc.obj (.text:NOROM_AUXADCEnableSync)
                  00007148    000000b4                   : setup.obj (.text:NOROM_SetupTrimDevice)
                  000071fc    000000b4     drivers_cc26x0r2.aem3 : PowerCC26XX.oem3 (.text:Power_setDependency)
                  000072b0    000000b4     devinfoservice.obj (.text:devInfo_ReadAttrCB$18)
                  00007364    000000b0     TRNGCC26XX.obj (.text:TRNGCC26XX_getNumber)
                  00007414    000000b0     myDataTransfer.obj (.text:myDataTransfer_WriteAttrCB$21)
                  000074c4    000000ac     display.aem3 : DisplayUart.oem3 (.text:DisplayUartAnsi_clearLines)
                  00007570    000000ac     RFCC26XX_singleMode.obj (.text:RF_abortCmd$6)
                  0000761c    000000a7     display.aem3 : DisplayUart.oem3 (.text:DisplayUartAnsi_open)
                  000076c3    00000001     --HOLE-- [fill = 0]
                  000076c4    000000a6     rom_sysbios.aem3 : rom_sysbios.obj (.text:xdc_runtime_Text_putSite__E)
                  0000776a    00000002     drivers_cc26x0r2.aem3 : PWMTimerCC26XX.oem3 (.text:PWMTimerCC26XX_init)
                  0000776c    000000a4                           : CryptoCC26XX.oem3 (.text:CryptoCC26XX_open)
                  00007810    000000a4                           : GPTimerCC26XX.oem3 (.text:GPTimerCC26XX_close)
                  000078b4    000000a4     RFCC26XX_singleMode.obj (.text:RF_ratRestartChannels$6)
                  00007958    000000a4     drivers_cc26x0r2.aem3 : PowerCC26XX.oem3 (.text:switchXOSCHFclockFunc)
                  000079fc    000000a0     simple_peripheral_oad_offchip.obj (.text:MyPowerDown)
                  00007a9c    000000a0     drivers_cc26x0r2.aem3 : PINCC26XX.oem3 (.text:PIN_open)
                  00007b3c    000000a0                           : SPICC26XXDMA.oem3 (.text:SPICC26XXDMA_hwiFxn)
                  00007bdc    000000a0     auto_init.aem3 : auto_init.oem3 (.text)
                  00007c7c    0000009f     display.aem3 : DisplayUart.oem3 (.text:DisplayUartAnsi_vprintf)
                  00007d1b    00000001     --HOLE-- [fill = 0]
                  00007d1c    0000009c     simple_peripheral_oad_offchip.obj (.text:ApplyParam$3)
                  00007db8    0000009c     drivers_cc26x0r2.aem3 : PWMTimerCC26XX.oem3 (.text:PWMTimerCC26XX_setDutyAndPeriod)
                  00007e54    0000009c     RFCC26XX_singleMode.obj (.text:RF_calculateDispatchTime$6)
                  00007ef0    0000009c     rtsv7M3_T_le_eabi.lib : memcpy_t2.asm.obj (.text)
                  00007f8c    00000098     drivers_cc26x0r2.aem3 : UARTCC26XX.oem3 (.text:UARTCC26XX_initHw)
                  00008024    00000098                           : UARTCC26XX.oem3 (.text:UARTCC26XX_initIO)
                  000080bc    00000098     rom_sysbios.aem3 : rom_sysbios.obj (.text:ti_sysbios_knl_Clock_workFuncDynamic__E)
                  00008154    00000098                      : rom_sysbios.obj (.text:xdc_runtime_Text_putMod__E)
                  000081ec    00000096     rtsv7M3_T_le_eabi.lib : ull_div_t2.asm.obj (.text)
                  00008282    00000002     RFCC26XX_singleMode.obj (.text:RF_defaultCallback$6)
                  00008284    00000094     drivers_cc26x0r2.aem3 : CryptoCC26XX.oem3 (.text:CryptoCC26XX_allocateKey)
                  00008318    00000094     driverlib.lib : crypto.obj (.text:NOROM_CRYPTOAesLoadKey)
                  000083ac    00000094     oad.obj (.text:oadFindCurrentImageHdr$16)
                  00008440    00000090     drivers_cc26x0r2.aem3 : SPICC26XXDMA.oem3 (.text:SPICC26XXDMA_control)
                  000084d0    00000090     driverlib.lib : setup.obj (.text:TrimAfterColdResetWakeupFromShutDown$31)
                  00008560    00000090     rom_sysbios.aem3 : rom_sysbios.obj (.text:ti_sysbios_family_arm_cc26xx_Timer_start__E)
                  000085f0    0000008e     drivers_cc26x0r2.aem3 : UARTCC26XX.oem3 (.text:UARTCC26XX_writeCancel)
                  0000867e    00000002     rtsv7M3_T_le_eabi.lib : _lock.c.obj (.text:_nop)
                  00008680    0000008c     CC2640R2_LAUNCHXL_fxns.obj (.text:CC2640R2_LAUNCHXL_shutDownExtFlash)
                  0000870c    0000008c     drivers_cc26x0r2.aem3 : SPICC26XXDMA.oem3 (.text:SPICC26XXDMA_swiFxn)
                  00008798    00000088                           : ADCCC26XX.oem3 (.text:ADCCC26XX_open)
                  00008820    00000088     driverlib.lib : aux_adc.obj (.text:NOROM_AUXADCDisable)
                  000088a8    00000084     gattservapp_util.obj (.text:GATTServApp_ProcessCharCfg)
                  0000892c    00000084     icall.obj (.text:ICall_setTimer)
                  000089b0    00000084     drivers_cc26x0r2.aem3 : UARTCC26XX.oem3 (.text:UARTCC26XX_close)
                  00008a34    00000084     rom_sysbios.aem3 : rom_sysbios.obj (.text:ti_sysbios_hal_SecondsClock_Module_startup__E)
                  00008ab8    00000084     flash_interface_ext_rtos.obj (.text:writeFlashPg)
                  00008b3c    00000080     RFCC26XX_singleMode.obj (.text:RF_dispatchNextCmd$6)
                  00008bbc    00000080     RFCC26XX_singleMode.obj (.text:RF_ratFreeChannel$6)
                  00008c3c    00000080     peripheral_observer.obj (.text:gapRole_startConnUpdate$22)
                  00008cbc    00000080     drivers_cc26x0r2.aem3 : UARTCC26XX.oem3 (.text:writeTxFifoFlush)
                  00008d3c    0000007e     gattservapp_util.obj (.text:gattServApp_SendNotiInd$20)
                  00008dba    00000002     drivers_cc26x0r2.aem3 : PowerCC26XX.oem3 (.text:emptyClockFunc)
                  00008dbc    0000007c     icall.obj (.text:ICall_heapInit)
                  00008e38    0000007c     RFCC26XX_singleMode.obj (.text:RF_hwiCpe0Active$6)
                  00008eb4    0000007c     myDataTransfer.obj (.text:myDataTransfer_ReadAttrCB$21)
                  00008f30    0000007c     oad.obj (.text:oadResetState$16)
                  00008fac    0000007c     oad.obj (.text:oadSendNotification$16)
                  00009028    0000007a     simple_peripheral_oad_offchip.obj (.text:SimpleBLEPeripheralObserver_StateChangeCB$3)
                  000090a2    0000007a     rtsv7M3_T_le_eabi.lib : memset_t2.asm.obj (.text)
                  0000911c    00000074     simple_peripheral_oad_offchip.obj (.text:FindInList$3)
                  00009190    00000070     icall.obj (.text:ICall_heapGetStats)
                  00009200    00000070     driverlib.lib : sys_ctrl.obj (.text:NOROM_SysCtrlAdjustRechargeAfterPowerDown)
                  00009270    00000070     drivers_cc26x0r2.aem3 : PowerCC26XX.oem3 (.text:lfClockReadyCallback)
                  000092e0    0000006d     rom_sysbios.aem3 : rom_sysbios.obj (.text:xdc_runtime_System_formatNum__I)
                  0000934d    00000001     --HOLE-- [fill = 0]
                  0000934e    00000002     drivers_cc26x0r2.aem3 : CryptoResourceCC26XX.oem3 (.text:errorSpin)
                  00009350    0000006c     icall.obj (.text:ICall_send)
                  000093bc    0000006c     icall.obj (.text:ICall_sendServiceComplete)
                  00009428    0000006c     driverlib.lib : osc.obj (.text:NOROM_OSCHF_AttemptToSwitchToXosc)
                  00009494    0000006c     drivers_cc26x0r2.aem3 : PowerCC26XX_calibrateRCOSC.oem3 (.text:PowerCC26XX_initiateCalibration)
                  00009500    0000006c                           : PowerCC26XX.oem3 (.text:configureXOSCHF)
                  0000956c    0000006c     oad.obj (.text:oadFindExtFlMetaPage$16)
                  000095d8    00000068     drivers_cc26x0r2.aem3 : CryptoCC26XX.oem3 (.text:CryptoCC26XX_loadKey)
                  00009640    00000068     driverlib.lib : sys_ctrl.obj (.text:NOROM_SysCtrl_DCDC_VoltageConditionalControl)
                  000096a8    00000068     drivers_cc26x0r2.aem3 : PINCC26XX.oem3 (.text:PIN_add)
                  00009710    00000068     RFCC26XX_singleMode.obj (.text:RF_getCurrentTime)
                  00009778    00000068     RFCC26XX_singleMode.obj (.text:RF_hwiHw$6)
                  000097e0    00000068     simple_peripheral_oad_offchip.obj (.text:ReadEprom_inter_osal$3)
                  00009848    00000068     simple_peripheral_oad_offchip.obj (.text:SaveBaseTable$3)
                  000098b0    00000068     simple_peripheral_oad_offchip.obj (.text:SimplePeripheral_freeAttRsp$3)
                  00009918    00000068     rtsv7M3_T_le_eabi.lib : copy_decompress_lzss.c.obj (.text:decompress:lzss:__TI_decompress_lzss)
                  00009980    00000064     oad.obj (.text:OAD_getSWVersion)
                  000099e4    00000064     flash_interface_ext_rtos.obj (.text:eraseFlashPg)
                  00009a48    00000060     simple_peripheral_oad_offchip.obj (.text:AddBaseToList$3)
                  00009aa8    00000060     gattservapp_util.obj (.text:GATTServApp_ProcessCCCWriteReq)
                  00009b08    00000060     icall.obj (.text:ICall_createRemoteTasksAtRuntime)
                  00009b68    00000060     icall.obj (.text:ICall_enrollService)
                  00009bc8    00000060     drivers_cc26x0r2.aem3 : PowerCC26XX.oem3 (.text:PowerCC26XX_calibrate)
                  00009c28    00000060     RFCC26XX_singleMode.obj (.text:RF_dispatchNextEvent$6)
                  00009c88    0000005f     rom_sysbios.aem3 : rom_sysbios.obj (.text:xdc_runtime_Text_putLab__E)
                  00009ce7    00000001     --HOLE-- [fill = 0]
                  00009ce8    0000005e     icall.obj (.text:ICall_fetchMsg)
                  00009d46    0000005e     drivers_cc26x0r2.aem3 : UARTCC26XX.oem3 (.text:UARTCC26XX_swiIntFxn)
                  00009da4    0000005c                           : CryptoResourceCC26XX.oem3 (.text:CryptoResourceCC26XX_constructRTOSObjects)
                  00009e00    0000005c     ExtFlash.obj (.text:ExtFlash_waitReady$13)
                  00009e5c    0000005c     icall.obj (.text:ICall_pwrUpdActivityCounter)
                  00009eb8    0000005c     drivers_cc26x0r2.aem3 : PWMTimerCC26XX.oem3 (.text:PWMTimerCC26XX_setPeriod)
                  00009f14    0000005c                           : PowerCC26XX_calibrateRCOSC.oem3 (.text:PowerCC26XX_RCOSC_clockFunc)
                  00009f70    0000005c     RFCC26XX_singleMode.obj (.text:RF_cmdDispatchTime$6)
                  00009fcc    0000005c     RFCC26XX_singleMode.obj (.text:RF_hwiCpe0PowerFsm$6)
                  0000a028    0000005c     drivers_cc26x0r2.aem3 : UDMACC26XX.oem3 (.text:UDMACC26XX_open)
                  0000a084    0000005c     simple_peripheral_oad_offchip.obj (.text:WriteEprom_inter_osal$3)
                  0000a0e0    0000005c     app_ble_pem3.oem3 (.text:xdc_runtime_Startup_getState__I)
                  0000a13c    0000005a     RFCC26XX_singleMode.obj (.text:RF_syncCb$6)
                  0000a196    00000002     hal_assert.obj (.text:halAssertSpinlock)
                  0000a198    00000058     drivers_cc26x0r2.aem3 : GPTimerCC26XX.oem3 (.text:GPTimerCC26XX_stop)
                  0000a1f0    00000058     icall.obj (.text:ICall_wait)
                  0000a248    00000058     drivers_cc26x0r2.aem3 : PINCC26XX.oem3 (.text:PIN_remove)
                  0000a2a0    00000058     RFCC26XX_singleMode.obj (.text:RF_fsmXOSCState$6)
                  0000a2f8    00000058     RFCC26XX_singleMode.obj (.text:RF_getInfo)
                  0000a350    00000058     drivers_cc26x0r2.aem3 : UARTCC26XX.oem3 (.text:UARTCC26XX_control)
                  0000a3a8    00000054     ExtFlash.obj (.text:ExtFlash_close)
                  0000a3fc    00000054     RFCC26XX_singleMode.obj (.text:RF_discardPendCmd$6)
                  0000a450    00000054     drivers_cc26x0r2.aem3 : SPICC26XXDMA.oem3 (.text:SPICC26XXDMA_initHw)
                  0000a4a4    00000052                           : SPICC26XXDMA.oem3 (.text:SPICC26XXDMA_close)
                  0000a4f6    00000002     rtsv7M3_T_le_eabi.lib : div0.asm.obj (.text)
                  0000a4f8    00000050     dpl_cc26x0r2.aem3 : ClockP_tirtos.oem3 (.text:ClockP_construct)
                  0000a548    00000050     ECCROMCC26XX.obj (.text:ECCROMCC26XX_Params_init)
                  0000a598    00000050     icall.obj (.text:ICall_registerApp)
                  0000a5e8    00000050     myDataTransfer.obj (.text:MyDataTransfer_SetParameter)
                  0000a638    00000050     drivers_cc26x0r2.aem3 : PWMTimerCC26XX.oem3 (.text:PWMTimerCC26XX_getdutyCounts)
                  0000a688    00000050     simple_peripheral_oad_offchip.obj (.text:SimplePeripheral_enqueueMsg$3)
                  0000a6d8    00000050     util.obj (.text:Util_convertBdAddr2Str)
                  0000a728    00000050     oad.obj (.text:oadEnqueueMsg$16)
                  0000a778    00000050     drivers_cc26x0r2.aem3 : UARTCC26XX.oem3 (.text:startTxFifoEmptyClk)
                  0000a7c8    0000004c     board_key.obj (.text:Board_keyChangeHandler_short$0)
                  0000a814    0000004c     drivers_cc26x0r2.aem3 : GPTimerCC26XX.oem3 (.text:GPTimerCC26XX_start)
                  0000a860    0000004c     icall.obj (.text:ICall_newTask$8)
                  0000a8ac    0000004c     RFCC26XX_singleMode.obj (.text:RF_wakeupNotification$6)
                  0000a8f8    0000004c     rtsv7M3_T_le_eabi.lib : cpy_tbl.c.obj (.text:copy_in)
                  0000a944    0000004a     drivers_cc26x0r2.aem3 : UARTCC26XX.oem3 (.text:UARTCC26XX_readCancel)
                  0000a98e    00000002     app_ble_pem3.oem3 (.text:ti_sysbios_BIOS_nullFunc__I)
                  0000a990    00000048     CC2640R2_LAUNCHXL_fxns.obj (.text:CC2640R2_LAUNCHXL_wakeUpExtFlash)
                  0000a9d8    00000048     ECCROMCC26XX.obj (.text:ECC_initGlobals$5)
                  0000aa20    00000048     drivers_cc26x0r2.aem3 : PINCC26XX.oem3 (.text:PIN_setOutputEnable)
                  0000aa68    00000048     util.obj (.text:Util_constructClock)
                  0000aab0    00000048     rom_sysbios.aem3 : rom_sysbios.obj (.text:ti_sysbios_family_arm_cc26xx_Timer_setThreshold__I)
                  0000aaf8    00000048     drivers_cc26x0r2.aem3 : UARTCC26XX.oem3 (.text:writeFinishedDoCallback)
                  0000ab40    00000044     board_key.obj (.text:Board_keyChangeHandler_long$0)
                  0000ab84    00000044     icall.obj (.text:ICall_heapFree)
                  0000abc8    00000044     driverlib.lib : osc.obj (.text:NOROM_OSCHF_SwitchToRcOscTurnOffXosc)
                  0000ac0c    00000044     drivers_cc26x0r2.aem3 : PWMTimerCC26XX.oem3 (.text:PWMTimerCC26XX_setDuty)
                  0000ac50    00000044                           : RingBuf.oem3 (.text:RingBuf_put)
                  0000ac94    00000044                           : SPICC26XXDMA.oem3 (.text:SPICC26XXDMA_csnCallback)
                  0000acd8    00000044     boot.aem3 : boot.oem3 (.text)
                  0000ad1c    00000044     rom_sysbios.aem3 : rom_sysbios.obj (.text:ti_sysbios_hal_SecondsClock_increment__I)
                  0000ad60    00000044                      : rom_sysbios.obj (.text:xdc_runtime_Text_xprintf__I)
                  0000ada4    00000042     driverlib.lib : ssi.obj (.text:NOROM_SSIConfigSetExpClk)
                  0000ade6    00000002     app_ble_pem3.oem3 (.text:ti_sysbios_rom_cortexm_cc26xx_r2_CC26xx_badRomRevision__E)
                  0000ade8    00000040     drivers_cc26x0r2.aem3 : ADCCC26XX.oem3 (.text:ADCCC26XX_convertToMicroVolts)
                  0000ae28    00000040                           : ADC.oem3 (.text:ADC_init)
                  0000ae68    00000040                           : ADC.oem3 (.text:ADC_open)
                  0000aea8    00000040     ECCROMCC26XX.obj (.text:ECCROMCC26XX_init)
                  0000aee8    00000040     ExtFlash.obj (.text:ExtFlash_read)
                  0000af28    00000040     ExtFlash.obj (.text:ExtFlash_readInfo$13)
                  0000af68    00000040     peripheral_observer.obj (.text:GAPRole_createTask)
                  0000afa8    00000040     drivers_cc26x0r2.aem3 : PINCC26XX.oem3 (.text:PINCC26XX_getConfig)
                  0000afe8    00000040                           : PINCC26XX.oem3 (.text:PIN_swi)
                  0000b028    00000040                           : PWM.oem3 (.text:PWM_init)
                  0000b068    00000040                           : PWM.oem3 (.text:PWM_open)
                  0000b0a8    00000040                           : PowerCC26XX.oem3 (.text:PowerCC26XX_isStableXOSC_HF)
                  0000b0e8    00000040                           : SPI.oem3 (.text:SPI_init)
                  0000b128    00000040                           : SPI.oem3 (.text:SPI_open)
                  0000b168    00000040                           : UART.oem3 (.text:UART_init)
                  0000b1a8    00000040                           : UART.oem3 (.text:UART_open)
                  0000b1e8    00000040     oad.obj (.text:oadInactivityTimeout$16)
                  0000b228    00000040     rtsv7M3_T_le_eabi.lib : u_divt2.asm.obj (.text)
                  0000b268    00000040     rom_sysbios.aem3 : rom_sysbios.obj (.text:ti_sysbios_heaps_HeapCallback_Module_startup__E)
                  0000b2a8    0000003e     dpl_cc26x0r2.aem3 : HwiP_tirtos.oem3 (.text:HwiP_construct)
                  0000b2e6    0000003e     drivers_cc26x0r2.aem3 : RingBuf.oem3 (.text:RingBuf_get)
                  0000b324    0000003c                           : ADCCC26XX.oem3 (.text:ADCCC26XX_close)
                  0000b360    0000003c     board_key.obj (.text:Board_keyChangeHandler_verylong$0)
                  0000b39c    0000003c     driverlib.lib : osc.obj (.text:NOROM_OSC_HPOSCRelativeFrequencyOffsetGet)
                  0000b3d8    0000003c     RFCC26XX_singleMode.obj (.text:RF_cmdStoreEvents$6)
                  0000b414    0000003c     simple_peripheral_oad_offchip.obj (.text:SimplePeripheral_createTask)
                  0000b450    0000003c     dpl_cc26x0r2.aem3 : SwiP_tirtos.oem3 (.text:SwiP_construct)
                  0000b48c    0000003c     drivers_cc26x0r2.aem3 : PowerCC26XX.oem3 (.text:disableLfClkQualifiersEnableClkLoss)
                  0000b4c8    0000003c     rom_sysbios.aem3 : rom_sysbios.obj (.text:ti_sysbios_family_arm_m3_Hwi_construct2__E)
                  0000b504    00000038     main.obj (.text:AssertHandler)
                  0000b53c    00000038     board_key.obj (.text:Board_setSound)
                  0000b574    00000038     myDataTransfer.obj (.text:MyDataTransfer_GetParameter)
                  0000b5ac    00000038     drivers_cc26x0r2.aem3 : PINCC26XX.oem3 (.text:PIN_setConfig)
                  0000b5e4    00000038                           : PINCC26XX.oem3 (.text:PIN_setInterrupt)
                  0000b61c    00000038                           : PINCC26XX.oem3 (.text:PIN_setOutputValue)
                  0000b654    00000038     RFCC26XX_singleMode.obj (.text:RF_checkCmdFsError$6)
                  0000b68c    00000038     RFCC26XX_singleMode.obj (.text:RF_powerConstraintRelease)
                  0000b6c4    00000038     util.obj (.text:Util_restartClock)
                  0000b6fc    00000038     rom_sysbios.aem3 : rom_sysbios.obj (.text:ti_sysbios_family_arm_cc26xx_Seconds_get__E)
                  0000b734    00000038                      : rom_sysbios.obj (.text:ti_sysbios_family_arm_cc26xx_Timer_getCurrentTick__E)
                  0000b76c    00000036     drivers_cc26x0r2.aem3 : UDMACC26XX.oem3 (.text:UDMACC26XX_close)
                  0000b7a2    00000036     rom_sysbios.aem3 : rom_sysbios.obj (.text:ti_sysbios_family_arm_cc26xx_Timer_setNextTick__E)
                  0000b7d8    00000034     drivers_cc26x0r2.aem3 : GPTimerCC26XX.oem3 (.text:GPTimerCC26XXSetLoadMatch)
                  0000b80c    00000034     icall.obj (.text:ICall_primEntityId2ServiceId$8)
                  0000b840    00000034     icall.obj (.text:ICall_searchServiceEntity)
                  0000b874    00000034     drivers_cc26x0r2.aem3 : PWMTimerCC26XX.oem3 (.text:PWMTimerCC26XX_getperiodCounts)
                  0000b8a8    00000034                           : PowerCC26XX.oem3 (.text:Power_releaseConstraint)
                  0000b8dc    00000034     RFCC26XX_singleMode.obj (.text:RF_runDirectImmediateCmd$6)
                  0000b910    00000034     simple_peripheral_oad_offchip.obj (.text:SimplePeripheral_RegistertToAllConnectionEvent)
                  0000b944    00000034     simple_peripheral_oad_offchip.obj (.text:SimplePeripheral_passcodeCB$3)
                  0000b978    00000034     drivers_cc26x0r2.aem3 : CryptoCC26XX.oem3 (.text:cryptoTransactionPend)
                  0000b9ac    00000034     myBlink.obj (.text:normal_st)
                  0000b9e0    00000034     drivers_cc26x0r2.aem3 : PowerCC26XX.oem3 (.text:notify)
                  0000ba14    00000034     rom_sysbios.aem3 : rom_sysbios.obj (.text:ti_sysbios_family_arm_cc26xx_Timer_initDevice__I)
                  0000ba48    00000034                      : rom_sysbios.obj (.text:ti_sysbios_knl_Swi_setPri__E)
                  0000ba7c    00000032     icall.obj (.text:ICall_fetchServiceMsg)
                  0000baae    00000002     rom_sysbios.aem3 : rom_sysbios.obj (.text:xdc_runtime_SysCallback_defaultAbort)
                  0000bab0    00000030     peripheral_observer.obj (.text:GAPRole_StartDiscovery)
                  0000bae0    00000030     icall.obj (.text:ICall_dispatch$8)
                  0000bb10    00000030     icall.obj (.text:ICall_msecs2Ticks$8)
                  0000bb40    00000030     driverlib.lib : aux_adc.obj (.text:NOROM_AUXADCDisableInputScaling)
                  0000bb70    00000030     drivers_cc26x0r2.aem3 : PINCC26XX.oem3 (.text:PINCC26XX_setMux)
                  0000bba0    00000030                           : PWMTimerCC26XX.oem3 (.text:PWMTimerCC26XX_start)
                  0000bbd0    00000030                           : PowerCC26XX.oem3 (.text:Power_setConstraint)
                  0000bc00    00000030     RFCC26XX_singleMode.obj (.text:RF_cmdGet$6)
                  0000bc30    00000030     ExtFlash.obj (.text:Spi_read$13)
                  0000bc60    00000030     ExtFlash.obj (.text:Spi_write$13)
                  0000bc90    00000030     app_ble_pem3.oem3 (.text:ti_sysbios_BIOS_atExitFunc__I)
                  0000bcc0    00000030     app_ble_pem3.oem3 (.text:ti_sysbios_BIOS_startFunc__I)
                  0000bcf0    00000030     app_ble_pem3.oem3 (.text:ti_sysbios_heaps_HeapCallback_Object__create__S)
                  0000bd20    0000002e     icall_cc2650.obj (.text:ICallPlatform_pwrDispenseImpl$9)
                  0000bd4e    0000002e     icall_cc2650.obj (.text:ICallPlatform_pwrRequireImpl$9)
                  0000bd7c    0000002e     drivers_cc26x0r2.aem3 : UARTCC26XX.oem3 (.text:readData)
                  0000bdaa    0000002e     app_ble_pem3.oem3 (.text:ti_sysbios_rts_gnu_MemAlloc_alloc)
                  0000bdd8    0000002e     drivers_cc26x0r2.aem3 : UARTCC26XX.oem3 (.text:writeData)
                  0000be06    00000002     rom_sysbios.aem3 : rom_sysbios.obj (.text:xdc_runtime_SysCallback_defaultExit)
                  0000be08    0000002c     board_key.obj (.text:Board_Power_down)
                  0000be34    0000002c     ExtFlash.obj (.text:ExtFlash_writeEnable$13)
                  0000be60    0000002c     peripheral_observer.obj (.text:GAPRole_TerminateConnection)
                  0000be8c    0000002c     drivers_cc26x0r2.aem3 : GPTimerCC26XX.oem3 (.text:GPTimerCC26XX_getTimerValue)
                  0000beb8    0000002c     icall.obj (.text:ICall_msgEnqueue$8)
                  0000bee4    0000002c     icall.obj (.text:ICall_searchTask$8)
                  0000bf10    0000002c     driverlib.lib : chipinfo.obj (.text:NOROM_ChipInfo_GetChipFamily)
                  0000bf3c    0000002c     drivers_cc26x0r2.aem3 : PWMTimerCC26XX.oem3 (.text:PWMTimerCC26XX_close)
                  0000bf68    0000002c                           : PWMTimerCC26XX.oem3 (.text:PWMTimerCC26XX_stop)
                  0000bf94    0000002c     RFCC26XX_singleMode.obj (.text:RF_calculateDeltaTimeUs$6)
                  0000bfc0    0000002c     RFCC26XX_singleMode.obj (.text:RF_executeDirectImmediateCmd$6)
                  0000bfec    0000002c     driverlib.lib : adi.obj (.text:SafeHapiAuxAdiSelect)
                  0000c018    0000002c     dpl_cc26x0r2.aem3 : SemaphoreP_tirtos.oem3 (.text:SemaphoreP_constructBinary)
                  0000c044    0000002c                       : SemaphoreP_tirtos.oem3 (.text:SemaphoreP_createBinary)
                  0000c070    0000002c     oad.obj (.text:oadGetNextBlockReq$16)
                  0000c09c    0000002c     rom_sysbios.aem3 : rom_sysbios.obj (.text:ti_sysbios_knl_Clock_getTicksUntilInterrupt__E)
                  0000c0c8    0000002b                      : rom_sysbios.obj (.text:xdc_runtime_Text_printVisFxn__I)
                  0000c0f3    00000001     --HOLE-- [fill = 0]
                  0000c0f4    0000002a     display.aem3 : DisplayUart.oem3 (.text:DisplayUartAnsi_clear)
                  0000c11e    0000002a                  : Display.oem3 (.text:Display_doPrintf)
                  0000c148    0000002a     rom_sysbios.aem3 : rom_sysbios.obj (.text:ti_sysbios_knl_Clock_getTimeout__E)
                  0000c172    0000002a                      : rom_sysbios.obj (.text:xdc_runtime_System_putchar__I)
                  0000c19c    00000028     drivers_cc26x0r2.aem3 : CryptoCC26XX.oem3 (.text:CryptoCC26XX_hwiIntFxn)
                  0000c1c4    00000028                           : GPTimerCC26XX.oem3 (.text:GPTimerCC26XX_configureDebugStall)
                  0000c1ec    00000028     driverlib.lib : chipinfo.obj (.text:NOROM_ChipInfo_GetChipType)
                  0000c214    00000028                   : rfc.obj (.text:NOROM_RFCDoorbellSendTo)
                  0000c23c    00000028     drivers_cc26x0r2.aem3 : PINCC26XX.oem3 (.text:PINCC26XX_setWakeup)
                  0000c264    00000028                           : PowerCC26XX.oem3 (.text:Power_registerNotify)
                  0000c28c    00000028     RFCC26XX_singleMode.obj (.text:RF_runCmd)
                  0000c2b4    00000028     drivers_cc26x0r2.aem3 : SPICC26XXDMA.oem3 (.text:SPICC26XXDMA_flushFifos)
                  0000c2dc    00000028     driverlib.lib : adi.obj (.text:SafeHapiVoid)
                  0000c304    00000028     TRNGCC26XX.obj (.text:TRNGCC26XX_init)
                  0000c32c    00000028     myBlink.obj (.text:change_md)
                  0000c354    00000028     bim_util.obj (.text:imgIDCheck)
                  0000c37c    00000028     drivers_cc26x0r2.aem3 : UARTCC26XX.oem3 (.text:readData2RingBuf)
                  0000c3a4    00000024     board_key.obj (.text:Board_keyCallback$0)
                  0000c3c8    00000024     icall.obj (.text:ICall_getLocalMsgEntityId)
                  0000c3ec    00000024     drivers_cc26x0r2.aem3 : List.oem3 (.text:List_remove)
                  0000c410    00000024     driverlib.lib : osc.obj (.text:NOROM_OSCHF_TurnOnXosc)
                  0000c434    00000024     rtsv7M3_T_le_eabi.lib : memcmp.c.obj (.text:memcmp)
                  0000c458    00000024     app_ble_pem3.oem3 (.text:ti_sysbios_BIOS_registerRTSLock__I)
                  0000c47c    00000024     app_ble_pem3.oem3 (.text:ti_sysbios_BIOS_removeRTSLock__I)
                  0000c4a0    00000024     rom_sysbios.aem3 : rom_sysbios.obj (.text:ti_sysbios_family_arm_cc26xx_Seconds_set__E)
                  0000c4c4    00000024                      : rom_sysbios.obj (.text:ti_sysbios_family_arm_cc26xx_Timer_getMaxTicks__E)
                  0000c4e8    00000024                      : rom_sysbios.obj (.text:ti_sysbios_family_arm_m3_Hwi_romInitNVIC__I)
                  0000c50c    00000022     icall.obj (.text:ICall_setTimerMSecs)
                  0000c52e    00000022     drivers_cc26x0r2.aem3 : List.oem3 (.text:List_get)
                  0000c550    00000022                           : List.oem3 (.text:List_put)
                  0000c572    00000022     driverlib.lib : aux_adc.obj (.text:NOROM_AUXADCAdjustValueForGainAndOffset)
                  0000c594    00000022                   : uart.obj (.text:NOROM_UARTConfigSetExpClk)
                  0000c5b6    00000002     rom_sysbios.aem3 : rom_sysbios.obj (.text:xdc_runtime_SysCallback_defaultPutch)
                  0000c5b8    00000020     peripheral_observer.obj (.text:GAPRole_CancelDiscovery)
                  0000c5d8    00000020     gattservapp_util.obj (.text:GATTServApp_InitCharCfg)
                  0000c5f8    00000020     driverlib.lib : uart.obj (.text:NOROM_UARTDisable)
                  0000c618    00000020     drivers_cc26x0r2.aem3 : PINCC26XX.oem3 (.text:PINCC26XX_setIoCfgMux)
                  0000c638    00000020                           : PowerCC26XX.oem3 (.text:Power_unregisterNotify)
                  0000c658    00000020     RFCC26XX_singleMode.obj (.text:RF_clkPowerUp$6)
                  0000c678    00000020     RFCC26XX_singleMode.obj (.text:RF_ratIsRunning$6)
                  0000c698    00000020     gattservapp_util.obj (.text:gattServApp_FindCharCfgItem$20)
                  0000c6b8    00000020     drivers_cc26x0r2.aem3 : UARTCC26XX.oem3 (.text:threadSafeStdbyDisRelease)
                  0000c6d8    00000020                           : UARTCC26XX.oem3 (.text:threadSafeStdbyDisSet)
                  0000c6f8    00000020     app_ble_pem3.oem3 (.text:ti_sysbios_BIOS_rtsLock__I)
                  0000c718    00000020     rom_sysbios.aem3 : rom_sysbios.obj (.text:ti_sysbios_family_arm_cc26xx_Timer_dynamicStub__E)
                  0000c738    00000020                      : rom_sysbios.obj (.text:xdc_runtime_Registry_findById__E)
                  0000c758    0000001e     ECCROMCC26XX.obj (.text:ECC_ArrayAllZeros)
                  0000c776    0000001e     drivers_cc26x0r2.aem3 : PINCC26XX.oem3 (.text:PIN_close)
                  0000c794    0000001e                           : PowerCC26XX.oem3 (.text:Power_getTransitionLatency)
                  0000c7b2    00000002     --HOLE-- [fill = 0]
                  0000c7b4    0000001c     icall_api_lite.obj (.text:GATT_bm_alloc)
                  0000c7d0    0000001c     icall_api_lite.obj (.text:GATT_bm_free)
                  0000c7ec    0000001c     simple_peripheral_oad_offchip.obj (.text:GetCRC8$3)
                  0000c808    0000001c     icall.obj (.text:ICall_primRepostSync$8)
                  0000c824    0000001c     driverlib.lib : aux_adc.obj (.text:NOROM_AUXADCGetAdjustmentGain)
                  0000c840    0000001c     drivers_cc26x0r2.aem3 : PINCC26XX.oem3 (.text:PIN_hwi)
                  0000c85c    0000001c     RFCC26XX_singleMode.obj (.text:RF_clkInactivityCallback$6)
                  0000c878    0000001c     RFCC26XX_singleMode.obj (.text:RF_getRssi)
                  0000c894    0000001c     RFCC26XX_singleMode.obj (.text:RF_powerConstraintSet)
                  0000c8b0    0000001c     TRNGCC26XX.obj (.text:TRNGCC26XX_open)
                  0000c8cc    0000001c     crc32.obj (.text:memCpy)
                  0000c8e8    0000001c     TRNGCC26XX.obj (.text:openTRNG)
                  0000c904    0000001c     rom_sysbios.aem3 : rom_sysbios.obj (.text:ti_sysbios_family_arm_m3_Hwi_clearInterrupt__E)
                  0000c920    0000001c                      : rom_sysbios_config.obj (.text:ti_sysbios_knl_Clock_Module__startupDone__S)
                  0000c93c    0000001c                      : rom_sysbios.obj (.text:ti_sysbios_knl_Swi_construct2__E)
                  0000c958    0000001a     icall.obj (.text:ICall_enterCSImpl)
                  0000c972    0000001a     drivers_cc26x0r2.aem3 : PWMTimerCC26XX.oem3 (.text:PWMTimerCC26XX_control)
                  0000c98c    0000001a     dpl_cc26x0r2.aem3 : SystemP_tirtos.oem3 (.text:SystemP_snprintf)
                  0000c9a6    00000002     --HOLE-- [fill = 0]
                  0000c9a8    00000018     icall.obj (.text:ICall_mallocLimited)
                  0000c9c0    00000018     driverlib.lib : aux_adc.obj (.text:NOROM_AUXADCGetAdjustmentOffset)
                  0000c9d8    00000018                   : chipinfo.obj (.text:NOROM_ChipInfo_GetPackageType)
                  0000c9f0    00000018                   : rfc.obj (.text:NOROM_RFCCpeIntGetAndClear)
                  0000ca08    00000018                   : timer.obj (.text:NOROM_TimerStallControl)
                  0000ca20    00000018     drivers_cc26x0r2.aem3 : PINCC26XX.oem3 (.text:PIN_getConfig)
                  0000ca38    00000018     dpl_cc26x0r2.aem3 : PowerCC26XX_tirtos.oem3 (.text:PowerCC26XX_schedulerDisable)
                  0000ca50    00000018                       : PowerCC26XX_tirtos.oem3 (.text:PowerCC26XX_schedulerRestore)
                  0000ca68    00000018     drivers_cc26x0r2.aem3 : PowerCC26XX.oem3 (.text:Power_idleFunc)
                  0000ca80    00000018     RFCC26XX_singleMode.obj (.text:RF_swiFsm$6)
                  0000ca98    00000018     simple_peripheral_oad_offchip.obj (.text:SimplePeripheral_connEvtCB$3)
                  0000cab0    00000018     board_key.obj (.text:Task_sleepMS)
                  0000cac8    00000018     drivers_cc26x0r2.aem3 : UART.oem3 (.text:UART_Params_init)
                  0000cae0    00000018     rtsv7M3_T_le_eabi.lib : args_main.c.obj (.text:_args_main)
                  0000caf8    00000018     drivers_cc26x0r2.aem3 : CryptoCC26XX.oem3 (.text:cryptoTransactionPoll)
                  0000cb10    00000018     flash_interface_ext_rtos.obj (.text:flash_open)
                  0000cb28    00000018     app_ble_pem3.oem3 (.text:free)
                  0000cb40    00000018     flash_interface_ext_rtos.obj (.text:readFlashPg)
                  0000cb58    00000018     rtsv7M3_T_le_eabi.lib : ll_mul_t2.asm.obj (.text)
                  0000cb70    00000018     app_ble_pem3.oem3 (.text:ti_sysbios_BIOS_rtsUnlock__I)
                  0000cb88    00000018     rom_sysbios.aem3 : rom_sysbios.obj (.text:ti_sysbios_heaps_HeapCallback_Instance_init__E)
                  0000cba0    00000018                      : rom_sysbios.obj (.text:ti_sysbios_knl_Swi_or__E)
                  0000cbb8    00000018     app_ble_pem3.oem3 (.text:ti_sysbios_rom_cortexm_cc26xx_r2_CC26xx_checkRevision__E)
                  0000cbd0    00000018     rom_sysbios.aem3 : rom_sysbios.obj (.text:xdc_runtime_Error_init__E)
                  0000cbe8    00000016     display.aem3 : DisplayUart.oem3 (.text:DisplayUartAnsi_close)
                  0000cbfe    00000016     icall.obj (.text:ICall_leaveCSImpl)
                  0000cc14    00000016     icall.obj (.text:ICall_pwrDispense)
                  0000cc2a    00000016     icall.obj (.text:ICall_pwrRequire)
                  0000cc40    00000016     RFCC26XX_singleMode.obj (.text:RF_restartClockTimeout$6)
                  0000cc56    00000016     ble_user_config.obj (.text:driverTable_fnSpinlock)
                  0000cc6c    00000016     oad.obj (.text:oadReadAttrCB$16)
                  0000cc82    00000016     app_ble_pem3.oem3 (.text:ti_sysbios_BIOS_errorRaiseHook__I)
                  0000cc98    00000016     app_ble_pem3.oem3 (.text:ti_sysbios_BIOS_exitFunc__I)
                  0000ccae    00000002     --HOLE-- [fill = 0]
                  0000ccb0    00000014     drivers_cc26x0r2.aem3 : CryptoCC26XX.oem3 (.text:CryptoCC26XX_init)
                  0000ccc4    00000014                           : List.oem3 (.text:List_clearList)
                  0000ccd8    00000014     driverlib.lib : aux_adc.obj (.text:NOROM_AUXADCValueToMicrovolts)
                  0000ccec    00000014     drivers_cc26x0r2.aem3 : PINCC26XX.oem3 (.text:PINCC26XX_getInputValue)
                  0000cd00    00000014                           : PWM.oem3 (.text:PWM_Params_init)
                  0000cd14    00000014     RFCC26XX_singleMode.obj (.text:RF_Params_init)
                  0000cd28    00000014     RFCC26XX_singleMode.obj (.text:RF_dbellSyncOnAck$6)
                  0000cd3c    00000014     RFCC26XX_singleMode.obj (.text:RF_getCmdOp)
                  0000cd50    00000014     RFCC26XX_singleMode.obj (.text:RF_ratGetChannel$6)
                  0000cd64    00000014     drivers_cc26x0r2.aem3 : SPI.oem3 (.text:SPI_Params_init)
                  0000cd78    00000014     main.obj (.text:SysCtrlSystemReset$28)
                  0000cd8c    00000014     drivers_cc26x0r2.aem3 : PowerCC26XX.oem3 (.text:configureRFCoreClocks)
                  0000cda0    00000014     flash_interface_ext_rtos.obj (.text:flash_close)
                  0000cdb4    00000014     rtsv7M3_T_le_eabi.lib : strlen.c.obj (.text:strlen)
                  0000cdc8    00000014     rom_sysbios.aem3 : rom_sysbios.obj (.text:ti_sysbios_family_arm_cc26xx_Timer_getCount64__E)
                  0000cddc    00000014     app_ble_pem3.oem3 (.text:ti_sysbios_heaps_HeapCallback_Object__get__S)
                  0000cdf0    00000014     app_ble_pem3.oem3 (.text:ti_sysbios_knl_Clock_doTick__I)
                  0000ce04    00000012     gattservapp_util.obj (.text:GATTServApp_FindAttr)
                  0000ce16    00000012     drivers_cc26x0r2.aem3 : GPTimerCC26XX.oem3 (.text:GPTimerCC26XX_Params_init)
                  0000ce28    00000012                           : RingBuf.oem3 (.text:RingBuf_construct)
                  0000ce3a    00000012     dpl_cc26x0r2.aem3 : SemaphoreP_tirtos.oem3 (.text:SemaphoreP_pend)
                  0000ce4c    00000012                       : SwiP_tirtos.oem3 (.text:SwiP_inISR)
                  0000ce5e    00000012     app_ble_pem3.oem3 (.text:xdc_runtime_Startup_exec__I)
                  0000ce70    00000010     board_key.obj (.text:Board_setLed0_my)
                  0000ce80    00000010     board_key.obj (.text:Board_setLed1_my)
                  0000ce90    00000010     dpl_cc26x0r2.aem3 : ClockP_tirtos.oem3 (.text:ClockP_isActive)
                  0000cea0    00000010     gattservapp_util.obj (.text:GATTServApp_ReadCharCfg)
                  0000ceb0    00000010     dpl_cc26x0r2.aem3 : HwiP_tirtos.oem3 (.text:HwiP_Params_init)
                  0000cec0    00000010                       : HwiP_tirtos.oem3 (.text:HwiP_inISR)
                  0000ced0    00000010     icall.obj (.text:ICall_taskEntry$8)
                  0000cee0    00000010     driverlib.lib : aux_adc.obj (.text:NOROM_AUXADCFlushFifo)
                  0000cef0    00000010                   : aux_adc.obj (.text:NOROM_AUXADCReadFifo)
                  0000cf00    00000010     drivers_cc26x0r2.aem3 : PINCC26XX.oem3 (.text:PINCC26XX_getPinCount)
                  0000cf10    00000010     RFCC26XX_singleMode.obj (.text:RF_dbellSubmitCmdAsync$6)
                  0000cf20    00000010     simple_peripheral_oad_offchip.obj (.text:SimplePeripheral_clockHandler$3)
                  0000cf30    00000010     simple_peripheral_oad_offchip.obj (.text:SimplePeripheral_processOadWriteCB$3)
                  0000cf40    00000010     dpl_cc26x0r2.aem3 : SwiP_tirtos.oem3 (.text:SwiP_Params_init)
                  0000cf50    00000010     util.obj (.text:Util_isActive)
                  0000cf60    00000010     ExtFlash.obj (.text:extFlashDeselect$13)
                  0000cf70    00000010     ExtFlash.obj (.text:extFlashSelect$13)
                  0000cf80    00000010     peripheral_observer.obj (.text:gapRole_setEvent$22)
                  0000cf90    00000010     hal_assert.obj (.text:halAssertHandlerExt)
[...]
1001c6ed  xdc_runtime_Text_ropeText__E                                              
1001c705  xdc_runtime_Memory_free__E                                                
1001c715  xdc_runtime_SysCallback_abort__E                                          
1001c715  xdc_runtime_System_SupportProxy_abort__E                                  
1001c725  xdc_runtime_SysCallback_exit__E                                           
1001c725  xdc_runtime_System_SupportProxy_exit__E                                   
1001c735  xdc_runtime_Timestamp_SupportProxy_get32__E                               
1001c735  xdc_runtime_Timestamp_get32__E                                            
1001c735  xdc_runtime_Timestamp_get32__E                                            
1001c751  xdc_runtime_Memory_calloc__E                                              
1001c75d  xdc_runtime_Memory_getMaxDefaultTypeAlign__E                              
1001c769  xdc_runtime_Startup_rtsDone__E                                            
1001c775  xdc_runtime_Memory_HeapProxy_alloc__E                                     
1001c77f  xdc_runtime_Memory_HeapProxy_free__E                                      
1001c789  xdc_runtime_Gate_leaveSystem__E                                           
1001c78f  xdc_runtime_System_Module_startup__E                                      
1001c795  xdc_runtime_Gate_enterSystem__E                                           
1001c799  xdc_runtime_System_Module_GateProxy_enter__E                              
1001c79d  xdc_runtime_System_Module_GateProxy_leave__E                              
1001c7a1  xdc_runtime_System_abortSpin__E                                           
1001c7a3  xdc_runtime_System_exitSpin__E                                            
1001c7a5  ti_sysbios_family_arm_m3_Hwi_dispatch__I                                  
1001c86d  ti_sysbios_family_arm_m3_TaskSupport_buildTaskStack                       
1001c8b9  ti_sysbios_family_arm_m3_Hwi_initStacks__E                                
1001c901  ti_sysbios_family_arm_m3_Hwi_excHandlerAsm__I                             
1001c921  ti_sysbios_family_xxx_Hwi_switchAndRunFunc                                
1001c93f  ti_sysbios_family_arm_m3_Hwi_pendSV__I                                    
1001c957  ti_sysbios_family_arm_m3_Hwi_return                                       
1001c959  ti_sysbios_family_arm_m3_TaskSupport_glue                                 
1001c969  ti_sysbios_family_arm_m3_TaskSupport_swap__E                              
1001c969  ti_sysbios_knl_Task_SupportProxy_swap__E                                  
1001c969  ti_sysbios_knl_Task_SupportProxy_swap__E__mangled__                       
1001c971  ti_sysbios_knl_Task_swapReturn                                            
1001c978  ti_sysbios_knl_Task_Object__PARAMS__C                                     
1001c9b4  ti_sysbios_knl_Mailbox_Object__PARAMS__C                                  
1001c9e8  ti_sysbios_family_arm_m3_Hwi_Object__PARAMS__C                            
1001ca18  ti_sysbios_hal_Hwi_Object__PARAMS__C                                      
1001ca44  ti_sysbios_knl_Swi_Object__PARAMS__C                                      
1001ca6c  ti_sysbios_heaps_HeapMem_Object__PARAMS__C                                
1001ca90  ti_sysbios_knl_Clock_Object__PARAMS__C                                    
1001cab4  ti_sysbios_knl_Semaphore_Object__PARAMS__C                                
1001cad8  ti_sysbios_gates_GateHwi_Object__PARAMS__C                                
1001caf0  ti_sysbios_gates_GateMutex_Object__PARAMS__C                              
1001cb08  ti_sysbios_knl_Event_Object__PARAMS__C                                    
1001cb20  ti_sysbios_knl_Queue_Object__PARAMS__C                                    
1001cb68  ti_sysbios_gates_GateMutex_Instance_State_sem__O                          
1001cb6c  ti_sysbios_knl_Clock_Module_State_clockQ__O                               
1001cb70  ti_sysbios_knl_Event_Instance_State_pendQ__O                              
1001cb74  ti_sysbios_knl_Mailbox_Instance_State_dataQue__O                          
1001cb78  ti_sysbios_knl_Mailbox_Instance_State_dataSem__O                          
1001cb7c  ti_sysbios_knl_Mailbox_Instance_State_freeQue__O                          
1001cb80  ti_sysbios_knl_Mailbox_Instance_State_freeSem__O                          
1001cb84  ti_sysbios_knl_Semaphore_Instance_State_pendQ__O                          
1001cb88  ti_sysbios_knl_Task_Module_State_inactiveQ__O                             
20000000  __UNUSED_SRAM_start__                                                     
20000000  ti_sysbios_family_arm_m3_Hwi_ramVectors                                   
20000100  ti_sysbios_knl_Task_Module__state__V                                      
20000144  ti_sysbios_family_arm_m3_Hwi_Module__state__V                             
20000178  ti_sysbios_knl_Clock_Module__state__V                                     
200001a4  ti_sysbios_BIOS_Module__state__V                                          
200001c8  ti_sysbios_knl_Swi_Module__state__V                                       
200001e4  ti_sysbios_family_arm_cc26xx_Timer_Module__state__V                       
200001ec  ti_sysbios_family_arm_cc26xx_TimestampProvider_Module__state__V           
200001f0  xdc_runtime_Startup_Module__state__V                                      
200001f8  xdc_runtime_System_Module__state__V                                       
20000200  xdc_runtime_Memory_Module__state__V                                       
20000204  xdc_runtime_Error_Module__state__V                                        
20000520  ramStartHere                                                              
20000524  previonsMode                                                              
20000525  iExpectedCrc                                                              
20000526  iCurrCmd                                                                  
20000527  NumLastBase                                                               
20000528  currPosBaseTable                                                          
20000529  iCountDisco                                                               
2000052a  bLockEprom                                                                
2000052c  iRecivedLen                                                               
2000052e  iSendedLen                                                                
20000530  iExpectedLen                                                              
20000532  iBuffInLen                                                                
20000534  iBuffOutLen                                                               
20000538  dispHandle                                                                
2000054c  iRssiOld                                                                  
20000550  pBuffIn                                                                   
20000554  pBuffOut                                                                  
20000558  curCmd                                                                    
2000055c  TimeLastBase                                                              
20000560  arBaseTable                                                               
20000564  timeShutdown                                                              
20000568  SoftVersion                                                               
20000574  connectionEventRegisterCauseBitMap                                        
2000061c  sbpTask                                                                   
200006ca  cur_tag_settings                                                          
20000758  sbpTaskStack                                                              
20000a18  linkDBNumConns                                                            
20000b2c  gapRoleTask                                                               
20000b80  gapRoleTaskStack                                                          
20000d72  metaPage                                                                  
20001238  pinUpperBound                                                             
2000123c  pinLowerBound                                                             
200012d0  pinHandleTable                                                            
2000134c  PowerCC26XX_module                                                        
20001461  bSoundActive                                                              
20001464  appKeyChangeHandler                                                       
20001468  hKeyPins                                                                  
2000146c  ledPinHandle                                                              
20001470  pwm1                                                                      
20001474  ButtonTableWakeUp                                                         
2000147c  keyPinsCfg                                                                
20001488  keyPins                                                                   
20001494  ledPinState                                                               
200014a0  ledPinTable                                                               
200014ac  params                                                                    
20001532  heapmgrMemFail                                                            
20001538  ICall_enterCriticalSection                                                
2000153c  ICall_leaveCriticalSection                                                
2000154c  heapmgrBlkMax                                                             
20001550  heapmgrBlkCnt                                                             
20001554  heapmgrBlkFree                                                            
20001558  heapmgrMemAlo                                                             
2000155c  heapmgrMemMax                                                             
20001560  heapmgrMemUB                                                              
20001564  heapmgrMemFreeTotal                                                       
20001570  HEAPMGR_SIZE                                                              
20001574  ICall_dispatcher                                                          
20001654  CryptoResourceCC26XX_accessSemaphore                                      
20001670  CryptoResourceCC26XX_operationSemaphore                                   
2000168c  CryptoResourceCC26XX_hwi                                                  
200016a8  ti_sysbios_knl_Task_Object__table__V                                      
200016f4  appAssertCback                                                            
200016f8  ti_sysbios_family_arm_cc26xx_Timer_Object__table__V                       
20001740  ti_sysbios_hal_SecondsClock_Module__state__V                              
2000177c  maxR                                                                      
2000177d  outR                                                                      
2000177e  maxG                                                                      
2000177f  outG                                                                      
20001780  maxV                                                                      
20001781  outV                                                                      
20001782  iR                                                                        
20001783  valR                                                                      
20001784  iG                                                                        
20001785  valG                                                                      
20001786  iV                                                                        
20001787  valV                                                                      
20001788  cntR                                                                      
20001789  cntG                                                                      
2000178a  cntV                                                                      
2000178b  ignoreR                                                                   
2000178c  ignoreG                                                                   
2000178d  ignoreV                                                                   
20001790  redBP                                                                     
2000179c  greenBP                                                                   
200017a8  vibroBP                                                                   
200017b4  ti_sysbios_gates_GateMutex_Object__table__V                               
200017ec  rfRegTbl                                                                  
2000181c  ti_sysbios_knl_Swi_Module_State_0_readyQ__A                               
2000184c  ti_sysbios_knl_Swi_Object__table__V                                       
2000187c  ti_sysbios_knl_Task_Module_State_0_readyQ__A                              
200018b4  K2_mont                                                                   
200018f4  ti_sysbios_knl_Clock_Object__table__V                                     
20001914  xdc_runtime_Error_IgnoreBlock                                             
20001934  ti_sysbios_family_arm_m3_Hwi_Object__table__V                             
2000194c  stackImageHeader                                                          
20001950  user0Cfg                                                                  
20001970  bleAppServiceInfoTable                                                    
20001980  rfModeOverride                                                            
20001990  ti_sysbios_heaps_HeapCallback_Object__table__V                            
200019b0  pfnBMAlloc                                                                
200019b4  pfnBMFree                                                                 
200019b8  assertSubcause                                                            
200019b9  legacyMode                                                                
200019bc  halAssertCback                                                            
200019c0  _lock                                                                     
200019c4  _unlock                                                                   
200019c8  pRfErrCb                                                                  
200019cc  lastAppOpcodeIdxSent                                                      
200019d0  ti_sysbios_family_arm_cc26xx_Seconds_Module__state__V                     
200019d8  ti_sysbios_family_arm_m3_Hwi_Module__root__V                              
200019e0  ti_sysbios_gates_GateHwi_Module__root__V                                  
200019e8  ti_sysbios_gates_GateMutex_Module__root__V                                
200019f0  ti_sysbios_hal_Hwi_Module__root__V                                        
200019f8  ti_sysbios_heaps_HeapCallback_Module__root__V                             
20001a00  ti_sysbios_heaps_HeapMem_Module__root__V                                  
20001a08  ti_sysbios_knl_Clock_Module__root__V                                      
20001a10  ti_sysbios_knl_Event_Module__root__V                                      
20001a18  ti_sysbios_knl_Mailbox_Module__root__V                                    
20001a20  ti_sysbios_knl_Queue_Module__root__V                                      
20001a28  ti_sysbios_knl_Semaphore_Module__root__V                                  
20001a30  ti_sysbios_knl_Swi_Module__root__V                                        
20001a38  ti_sysbios_knl_Task_Module__root__V                                       
20001a40  xdc_runtime_Registry_Module__state__V                                     
20001a4c  main_func_sp                                                              
20001a50  ti_sysbios_family_arm_m3_Hwi_Module_State_0_excContext__A                 
20001a54  ti_sysbios_family_arm_m3_Hwi_Module_State_0_excStack__A                   
20001a58  ti_sysbios_knl_Task_Module_State_0_idleTask__A                            
20001a5c  ti_sysbios_family_arm_m3_Hwi_Module_State_0_excActive__A                  
20001e08  ti_sysbios_knl_Task_Instance_State_0_stack__A                             
20002008  spiCC26XXDMAObjects                                                       
200021d0  uartCC26XXObjects                                                         
200022fc  gptimerCC26XXObjects                                                      
2000241c  crcBuf                                                                    
2000251c  pwmtimerCC26xxObjects                                                     
2000261c  adcCC26xxObjects                                                          
200026f8  ti_sysbios_family_arm_m3_Hwi_dispatchTable                                
20002840  cryptoCC26XXObjects                                                       
20002880  uartCC26XXRingBuffer                                                      
200028a0  udmaObjects                                                               
200028f8  displayUartObject                                                         
20002904  PowerCC26XX_taskKey                                                       
20002908  PowerCC26XX_swiKey                                                        
20002914  ClockP_tickPeriod                                                         
20002918  trngCC26XXObjects                                                         
2000291e  driverlib_release_0_54539                                                 
2000291f  heapStart                                                                 
20003b48  __stack                                                                   
20003b48  heapEnd                                                                   
20003f48  __STACK_END                                                               
20003f48  __STACK_TOP                                                               
20004f80  eccRom_param_Gx                                                           
20004f84  eccRom_param_Gy                                                           
20004f88  eccRom_workzone                                                           
20004f8c  eccRom_param_p                                                            
20004f90  eccRom_param_r                                                            
20004f94  eccRom_param_a                                                            
20004f98  eccRom_param_b                                                            
20004f9c  eccRom_windowSize                                                         
20005000  __UNUSED_SRAM_end__                                                       
e000e000  ti_sysbios_family_arm_m3_Hwi_nvic                                         
ffffffff  __TI_pprof_out_hndl                                                       
ffffffff  __TI_prof_data_size                                                       
ffffffff  __TI_prof_data_start                                                      
ffffffff  __binit__                                                                 
ffffffff  __c_args__                                                                
ffffffff  binit                                                                     
UNDEFED   SHT$$INIT_ARRAY$$Base                                                     
UNDEFED   SHT$$INIT_ARRAY$$Limit                                                    

[1256 symbols]
