******************************************************************************
                  TI ARM Linker PC v18.1.3                     
******************************************************************************
>> Linked Thu Apr  4 14:15:06 2019

OUTPUT FILE NAME:   <sport_tag_FlashROM.out>
ENTRY POINT SYMBOL: "ResetISR"  address: 00009c0d


MEMORY CONFIGURATION

         name            origin    length      used     unused   attr    fill
----------------------  --------  ---------  --------  --------  ----  --------
  FLASH_IMG_HDR         00000000   000000a8  000000a5  00000003  R  X
  ENTRY                 000000a8   00000040  0000003c  00000004  R  X
  FLASH                 000000e8   00012f98  0000cf2c  0000606c  R  X
  SRAM                  20000000   00003f50  00002933  0000161d  RW X


SEGMENT ALLOCATION MAP

run origin  load origin   length   init length attrs members
----------  ----------- ---------- ----------- ----- -------
00000000    00000000    0000d01c   0000d01c    r-x
  00000000    00000000    000000a5   000000a5    r-- .img_hdr
  000000a8    000000a8    0000003c   0000003c    r-- .resetVecs
  000000e8    000000e8    00000f18   00000f18    r-x .text.1
  00001000    00001000    00000028   00000028    r-- .const:ti_sysbios_heaps_HeapMem_Module__FXNS__C
  00001028    00001028    00000024   00000024    r-- .const:ti_sysbios_gates_GateHwi_Module__FXNS__C
  0000104c    0000104c    00000024   00000024    r-- .const:ti_sysbios_gates_GateMutex_Module__FXNS__C
  00001070    00001070    00000020   00000020    r-- .const:ti_sysbios_family_arm_m3_Hwi_Object__DESC__C
  00001090    00001090    00000020   00000020    r-- .const:ti_sysbios_gates_GateHwi_Object__DESC__C
  000010b0    000010b0    00000020   00000020    r-- .const:ti_sysbios_gates_GateMutex_Object__DESC__C
  000010d0    000010d0    00000020   00000020    r-- .const:ti_sysbios_hal_Hwi_Object__DESC__C
  000010f0    000010f0    00000020   00000020    r-- .const:ti_sysbios_heaps_HeapMem_Object__DESC__C
  00001110    00001110    00000020   00000020    r-- .const:ti_sysbios_knl_Clock_Object__DESC__C
  00001130    00001130    00000020   00000020    r-- .const:ti_sysbios_knl_Event_Object__DESC__C
  00001150    00001150    00000020   00000020    r-- .const:ti_sysbios_knl_Mailbox_Object__DESC__C
  00001170    00001170    00000020   00000020    r-- .const:ti_sysbios_knl_Queue_Object__DESC__C
  00001190    00001190    00000020   00000020    r-- .const:ti_sysbios_knl_Semaphore_Object__DESC__C
  000011b0    000011b0    00000020   00000020    r-- .const:ti_sysbios_knl_Swi_Object__DESC__C
  000011d0    000011d0    00000020   00000020    r-- .const:ti_sysbios_knl_Task_Object__DESC__C
  000011f0    000011f0    00000008   00000008    r-- .const:ti_sysbios_knl_Idle_funcList__C
  000011f8    000011f8    00000004   00000004    r-- .const:ti_sysbios_family_arm_cc26xx_Timer_startupNeeded__C
  000011fc    000011fc    00000004   00000004    r-- .const:ti_sysbios_family_arm_m3_Hwi_E_alreadyDefined__C
  00001200    00001200    00000004   00000004    r-- .const:ti_sysbios_family_arm_m3_Hwi_E_hwiLimitExceeded__C
  00001204    00001204    00000004   00000004    r-- .const:ti_sysbios_family_arm_m3_Hwi_NUM_INTERRUPTS__C
  00001208    00001208    00000004   00000004    r-- .const:ti_sysbios_family_arm_m3_Hwi_Object__count__C
  0000120c    0000120c    00000004   00000004    r-- .const:ti_sysbios_family_arm_m3_Hwi_Object__table__C
  00001210    00001210    00000004   00000004    r-- .const:ti_sysbios_family_arm_m3_Hwi_ccr__C
  00001214    00001214    00000004   00000004    r-- .const:ti_sysbios_family_arm_m3_Hwi_excHandlerFunc__C
  00001218    00001218    00000004   00000004    r-- .const:ti_sysbios_family_arm_m3_Hwi_nullIsrFunc__C
  0000121c    0000121c    00000004   00000004    r-- .const:ti_sysbios_family_arm_m3_Hwi_numSparseInterrupts__C
  00001220    00001220    00000004   00000004    r-- .const:ti_sysbios_family_arm_m3_Hwi_priGroup__C
  00001224    00001224    00000004   00000004    r-- .const:ti_sysbios_family_arm_m3_TaskSupport_stackAlignment__C
  00001228    00001228    00000004   00000004    r-- .const:ti_sysbios_heaps_HeapMem_E_memory__C
  0000122c    0000122c    00000004   00000004    r-- .const:ti_sysbios_heaps_HeapMem_Module__gateObj__C
  00001230    00001230    00000004   00000004    r-- .const:ti_sysbios_heaps_HeapMem_Object__count__C
  00001234    00001234    00000004   00000004    r-- .const:ti_sysbios_heaps_HeapMem_Object__table__C
  00001238    00001238    00000004   00000004    r-- .const:ti_sysbios_heaps_HeapMem_reqAlign__C
  0000123c    0000123c    00000004   00000004    r-- .const:ti_sysbios_knl_Clock_triggerClock__C
  00001240    00001240    00000004   00000004    r-- .const:ti_sysbios_knl_Mailbox_Object__count__C
  00001244    00001244    00000004   00000004    r-- .const:ti_sysbios_knl_Mailbox_Object__table__C
  00001248    00001248    00000004   00000004    r-- .const:ti_sysbios_knl_Mailbox_maxTypeAlign__C
  0000124c    0000124c    00000004   00000004    r-- .const:ti_sysbios_knl_Queue_Object__count__C
  00001250    00001250    00000004   00000004    r-- .const:ti_sysbios_knl_Queue_Object__table__C
  00001254    00001254    00000004   00000004    r-- .const:ti_sysbios_knl_Semaphore_eventPost__C
  00001258    00001258    00000004   00000004    r-- .const:ti_sysbios_knl_Semaphore_eventSync__C
  0000125c    0000125c    00000004   00000004    r-- .const:ti_sysbios_knl_Swi_Object__count__C
  00001260    00001260    00000004   00000004    r-- .const:ti_sysbios_knl_Swi_Object__table__C
  00001264    00001264    00000004   00000004    r-- .const:ti_sysbios_knl_Swi_numPriorities__C
  00001268    00001268    00000004   00000004    r-- .const:ti_sysbios_knl_Task_Object__count__C
  0000126c    0000126c    00000004   00000004    r-- .const:ti_sysbios_knl_Task_Object__table__C
  00001270    00001270    00000004   00000004    r-- .const:ti_sysbios_knl_Task_allBlockedFunc__C
  00001274    00001274    00000004   00000004    r-- .const:ti_sysbios_knl_Task_defaultStackHeap__C
  00001278    00001278    00000004   00000004    r-- .const:ti_sysbios_knl_Task_defaultStackSize__C
  0000127c    0000127c    00000004   00000004    r-- .const:ti_sysbios_knl_Task_numConstructedTasks__C
  00001280    00001280    00000002   00000002    r-- .const:ti_sysbios_family_arm_cc26xx_Timer_Module__id__C
  00001282    00001282    00000002   00000002    r-- .const:ti_sysbios_family_arm_cc26xx_TimestampProvider_useClockTimer__C
  00001284    00001284    00000002   00000002    r-- .const:ti_sysbios_family_arm_m3_Hwi_Module__id__C
  00001286    00001286    00000002   00000002    r-- .const:ti_sysbios_gates_GateHwi_Module__id__C
  00001288    00001288    00000002   00000002    r-- .const:ti_sysbios_gates_GateMutex_Module__id__C
  0000128a    0000128a    00000002   00000002    r-- .const:ti_sysbios_heaps_HeapMem_Module__id__C
  0000128c    0000128c    00000002   00000002    r-- .const:ti_sysbios_knl_Task_initStackFlag__C
  0000128e    0000128e    00000001   00000001    r-- .const:ti_sysbios_knl_Clock_tickMode__C
  00001290    00001290    00000008   00000008    r-- .const:xdc_runtime_Startup_firstFxns__C
  00001298    00001298    00000008   00000008    r-- .const:xdc_runtime_Startup_lastFxns__C
  000012a0    000012a0    00000004   00000004    r-- .const:xdc_runtime_Assert_E_assertFailed__C
  000012a4    000012a4    00000004   00000004    r-- .const:xdc_runtime_Error_E_memory__C
  000012a8    000012a8    00000004   00000004    r-- .const:xdc_runtime_Error_policyFxn__C
  000012ac    000012ac    00000004   00000004    r-- .const:xdc_runtime_Error_raiseHook__C
  000012b0    000012b0    00000004   00000004    r-- .const:xdc_runtime_IGateProvider_Interface__BASE__C
  000012b4    000012b4    00000004   00000004    r-- .const:xdc_runtime_IHeap_Interface__BASE__C
  000012b8    000012b8    00000004   00000004    r-- .const:xdc_runtime_IModule_Interface__BASE__C
  000012bc    000012bc    00000004   00000004    r-- .const:xdc_runtime_Memory_defaultHeapInstance__C
  000012c0    000012c0    00000004   00000004    r-- .const:xdc_runtime_Startup_execImpl__C
  000012c4    000012c4    00000004   00000004    r-- .const:xdc_runtime_Startup_maxPasses__C
  000012c8    000012c8    00000004   00000004    r-- .const:xdc_runtime_Startup_sfxnRts__C
  000012cc    000012cc    00000004   00000004    r-- .const:xdc_runtime_Startup_sfxnTab__C
  000012d0    000012d0    00000004   00000004    r-- .const:xdc_runtime_Startup_startModsFxn__C
  000012d4    000012d4    00000004   00000004    r-- .const:xdc_runtime_SysCallback_abortFxn__C
  000012d8    000012d8    00000004   00000004    r-- .const:xdc_runtime_SysCallback_exitFxn__C
  000012dc    000012dc    00000004   00000004    r-- .const:xdc_runtime_System_abortFxn__C
  000012e0    000012e0    00000004   00000004    r-- .const:xdc_runtime_System_exitFxn__C
  000012e4    000012e4    00000004   00000004    r-- .const:xdc_runtime_System_maxAtexitHandlers__C
  000012e8    000012e8    00000004   00000004    r-- .const:xdc_runtime_Text_charTab__C
  000012ec    000012ec    00000004   00000004    r-- .const:xdc_runtime_Text_nameEmpty__C
  000012f0    000012f0    00000004   00000004    r-- .const:xdc_runtime_Text_nameStatic__C
  000012f4    000012f4    00000004   00000004    r-- .const:xdc_runtime_Text_nameUnknown__C
  000012f8    000012f8    00000002   00000002    r-- .const:xdc_runtime_Error_maxDepth__C
  000012fa    000012fa    00000002   00000002    r-- .const:xdc_runtime_Memory_Module__id__C
  000012fc    000012fc    00000002   00000002    r-- .const:xdc_runtime_Text_charCnt__C
  000012fe    000012fe    00000002   00000002    r-- .const:xdc_runtime_Text_isLoaded__C
  00001300    00001300    00000001   00000001    r-- .const:xdc_runtime_Error_policy__C
  00001304    00001304    00000004   00000004    r-- .const:ti_sysbios_rom_ROM_ti_sysbios_family_arm_cc26xx_Timer_getCount64__E
  00001308    00001308    00000004   00000004    r-- .const:ti_sysbios_rom_ROM_ti_sysbios_family_arm_cc26xx_Timer_getCurrentTick__E
  0000130c    0000130c    00000004   00000004    r-- .const:ti_sysbios_rom_ROM_ti_sysbios_family_arm_cc26xx_Timer_getMaxTicks__E
  00001310    00001310    00000004   00000004    r-- .const:ti_sysbios_rom_ROM_ti_sysbios_family_arm_cc26xx_Timer_initDevice__I
  00001314    00001314    00000004   00000004    r-- .const:ti_sysbios_rom_ROM_ti_sysbios_family_arm_cc26xx_Timer_setNextTick__E
  00001318    00001318    00000004   00000004    r-- .const:ti_sysbios_rom_ROM_ti_sysbios_family_arm_cc26xx_Timer_setThreshold__I
  0000131c    0000131c    00000004   00000004    r-- .const:ti_sysbios_rom_ROM_ti_sysbios_family_arm_cc26xx_Timer_start__E
  00001320    00001320    00000004   00000004    r-- .const:ti_sysbios_rom_ROM_ti_sysbios_family_arm_cc26xx_TimestampProvider_get32__E
  00001324    00001324    00000004   00000004    r-- .const:ti_sysbios_rom_ROM_xdc_runtime_Startup_getState__I
  00001328    00001328    00000004   00000004    r-- .const:ti_sysbios_rom_ROM_xdc_runtime_System_SupportProxy_abort__E
  0000132c    0000132c    00000004   00000004    r-- .const:ti_sysbios_rom_ROM_xdc_runtime_System_SupportProxy_exit__E
  00001330    00001330    0000ada0   0000ada0    r-x .text.2
  0000c0d0    0000c0d0    00000914   00000914    r-- .const
  0000c9e4    0000c9e4    00000058   00000058    r-- .ccfg
  0000ca40    0000ca40    000005dc   000005dc    r-- .cinit
20000100    20000100    00000106   00000000    rw-
  20000100    20000100    00000044   00000000    rw- .data:ti_sysbios_knl_Task_Module__state__V
  20000144    20000144    00000034   00000000    rw- .data:ti_sysbios_family_arm_m3_Hwi_Module__state__V
  20000178    20000178    0000002c   00000000    rw- .data:ti_sysbios_knl_Clock_Module__state__V
  200001a4    200001a4    00000024   00000000    rw- .data:ti_sysbios_BIOS_Module__state__V
  200001c8    200001c8    0000001c   00000000    rw- .data:ti_sysbios_knl_Swi_Module__state__V
  200001e4    200001e4    00000008   00000000    rw- .data:ti_sysbios_family_arm_cc26xx_Timer_Module__state__V
  200001ec    200001ec    00000004   00000000    rw- .data:ti_sysbios_family_arm_cc26xx_TimestampProvider_Module__state__V
  200001f0    200001f0    00000008   00000000    rw- .data:xdc_runtime_Startup_Module__state__V
  200001f8    200001f8    00000008   00000000    rw- .data:xdc_runtime_System_Module__state__V
  20000200    20000200    00000004   00000000    rw- .data:xdc_runtime_Memory_Module__state__V
  20000204    20000204    00000002   00000000    rw- .data:xdc_runtime_Error_Module__state__V
20000430    20000430    00000010   00000000    rw-
  20000430    20000430    00000010   00000000    rw- .TI.bound:dmaSpi0RxControlTableEntry
20000440    20000440    00000010   00000000    rw-
  20000440    20000440    00000010   00000000    rw- .TI.bound:dmaSpi0TxControlTableEntry
20000500    20000500    00000010   00000000    rw-
  20000500    20000500    00000010   00000000    rw- .TI.bound:dmaSpi1RxControlTableEntry
20000510    20000510    00002335   00000000    rw-
  20000510    20000510    00000010   00000000    rw- .TI.bound:dmaSpi1TxControlTableEntry
  20000520    20000520    0000164f   00000000    rw- .data
  20001b70    20001b70    00000cd5   00000000    rw- .bss
20003b50    20003b50    00000400   00000000    rw-
  20003b50    20003b50    00000400   00000000    rw- .stack


SECTION ALLOCATION MAP

 output                                  attributes/
section   page    origin      length       input sections
--------  ----  ----------  ----------   ----------------
.text.1    0    000000e8    00000f18     
                  000000e8    0000067c     simple_peripheral_oad_offchip.obj (.text:SimplePeripheral_taskFxn$3)
                  00000764    00000008     (.tramp.ti_sysbios_knl_Event_pend__E.1)
                  0000076c    00000008     (.tramp.ti_sysbios_knl_Queue_get__E.1)
                  00000774    00000008     (.tramp.ti_sysbios_knl_Queue_empty__E.1)
                  0000077c    0000059c     peripheral_observer.obj (.text:gapRole_taskFxn$22)
                  00000d18    000002b8     RFCC26XX_singleMode.obj (.text:RF_fsmActiveState$6)
                  00000fd0    00000008     (.tramp.ti_sysbios_family_arm_m3_Hwi_restoreFxn__E.1)
                  00000fd8    00000028     driverlib.lib : chipinfo.obj (.text:NOROM_ChipInfo_GetChipType)

.const:ti_sysbios_heaps_HeapMem_Module__FXNS__C 
*          0    00001000    00000028     
                  00001000    00000028     app_ble_pem3.oem3 (.const:ti_sysbios_heaps_HeapMem_Module__FXNS__C)

.const:ti_sysbios_gates_GateHwi_Module__FXNS__C 
*          0    00001028    00000024     
                  00001028    00000024     app_ble_pem3.oem3 (.const:ti_sysbios_gates_GateHwi_Module__FXNS__C)

.const:ti_sysbios_gates_GateMutex_Module__FXNS__C 
*          0    0000104c    00000024     
                  0000104c    00000024     app_ble_pem3.oem3 (.const:ti_sysbios_gates_GateMutex_Module__FXNS__C)

.const:ti_sysbios_family_arm_m3_Hwi_Object__DESC__C 
*          0    00001070    00000020     
                  00001070    00000020     app_ble_pem3.oem3 (.const:ti_sysbios_family_arm_m3_Hwi_Object__DESC__C)

.const:ti_sysbios_gates_GateHwi_Object__DESC__C 
*          0    00001090    00000020     
                  00001090    00000020     app_ble_pem3.oem3 (.const:ti_sysbios_gates_GateHwi_Object__DESC__C)

.const:ti_sysbios_gates_GateMutex_Object__DESC__C 
*          0    000010b0    00000020     
                  000010b0    00000020     app_ble_pem3.oem3 (.const:ti_sysbios_gates_GateMutex_Object__DESC__C)

.const:ti_sysbios_hal_Hwi_Object__DESC__C 
*          0    000010d0    00000020     
                  000010d0    00000020     app_ble_pem3.oem3 (.const:ti_sysbios_hal_Hwi_Object__DESC__C)

.const:ti_sysbios_heaps_HeapMem_Object__DESC__C 
*          0    000010f0    00000020     
                  000010f0    00000020     app_ble_pem3.oem3 (.const:ti_sysbios_heaps_HeapMem_Object__DESC__C)

.const:ti_sysbios_knl_Clock_Object__DESC__C 
*          0    00001110    00000020     
                  00001110    00000020     app_ble_pem3.oem3 (.const:ti_sysbios_knl_Clock_Object__DESC__C)

.const:ti_sysbios_knl_Event_Object__DESC__C 
*          0    00001130    00000020     
                  00001130    00000020     app_ble_pem3.oem3 (.const:ti_sysbios_knl_Event_Object__DESC__C)

.const:ti_sysbios_knl_Mailbox_Object__DESC__C 
*          0    00001150    00000020     
                  00001150    00000020     app_ble_pem3.oem3 (.const:ti_sysbios_knl_Mailbox_Object__DESC__C)

.const:ti_sysbios_knl_Queue_Object__DESC__C 
*          0    00001170    00000020     
                  00001170    00000020     app_ble_pem3.oem3 (.const:ti_sysbios_knl_Queue_Object__DESC__C)

.const:ti_sysbios_knl_Semaphore_Object__DESC__C 
*          0    00001190    00000020     
                  00001190    00000020     app_ble_pem3.oem3 (.const:ti_sysbios_knl_Semaphore_Object__DESC__C)

.const:ti_sysbios_knl_Swi_Object__DESC__C 
*          0    000011b0    00000020     
                  000011b0    00000020     app_ble_pem3.oem3 (.const:ti_sysbios_knl_Swi_Object__DESC__C)

.const:ti_sysbios_knl_Task_Object__DESC__C 
*          0    000011d0    00000020     
                  000011d0    00000020     app_ble_pem3.oem3 (.const:ti_sysbios_knl_Task_Object__DESC__C)

.const:ti_sysbios_knl_Idle_funcList__C 
*          0    000011f0    00000008     
                  000011f0    00000008     app_ble_pem3.oem3 (.const:ti_sysbios_knl_Idle_funcList__C)

.const:ti_sysbios_family_arm_cc26xx_Timer_startupNeeded__C 
*          0    000011f8    00000004     
                  000011f8    00000004     app_ble_pem3.oem3 (.const:ti_sysbios_family_arm_cc26xx_Timer_startupNeeded__C)

.const:ti_sysbios_family_arm_m3_Hwi_E_alreadyDefined__C 
*          0    000011fc    00000004     
                  000011fc    00000004     app_ble_pem3.oem3 (.const:ti_sysbios_family_arm_m3_Hwi_E_alreadyDefined__C)

.const:ti_sysbios_family_arm_m3_Hwi_E_hwiLimitExceeded__C 
*          0    00001200    00000004     
                  00001200    00000004     app_ble_pem3.oem3 (.const:ti_sysbios_family_arm_m3_Hwi_E_hwiLimitExceeded__C)

.const:ti_sysbios_family_arm_m3_Hwi_NUM_INTERRUPTS__C 
*          0    00001204    00000004     
                  00001204    00000004     app_ble_pem3.oem3 (.const:ti_sysbios_family_arm_m3_Hwi_NUM_INTERRUPTS__C)

.const:ti_sysbios_family_arm_m3_Hwi_Object__count__C 
*          0    00001208    00000004     
                  00001208    00000004     app_ble_pem3.oem3 (.const:ti_sysbios_family_arm_m3_Hwi_Object__count__C)

.const:ti_sysbios_family_arm_m3_Hwi_Object__table__C 
*          0    0000120c    00000004     
                  0000120c    00000004     app_ble_pem3.oem3 (.const:ti_sysbios_family_arm_m3_Hwi_Object__table__C)

.const:ti_sysbios_family_arm_m3_Hwi_ccr__C 
*          0    00001210    00000004     
                  00001210    00000004     app_ble_pem3.oem3 (.const:ti_sysbios_family_arm_m3_Hwi_ccr__C)

.const:ti_sysbios_family_arm_m3_Hwi_excHandlerFunc__C 
*          0    00001214    00000004     
                  00001214    00000004     app_ble_pem3.oem3 (.const:ti_sysbios_family_arm_m3_Hwi_excHandlerFunc__C)

.const:ti_sysbios_family_arm_m3_Hwi_nullIsrFunc__C 
*          0    00001218    00000004     
                  00001218    00000004     app_ble_pem3.oem3 (.const:ti_sysbios_family_arm_m3_Hwi_nullIsrFunc__C)

.const:ti_sysbios_family_arm_m3_Hwi_numSparseInterrupts__C 
*          0    0000121c    00000004     
                  0000121c    00000004     app_ble_pem3.oem3 (.const:ti_sysbios_family_arm_m3_Hwi_numSparseInterrupts__C)

.const:ti_sysbios_family_arm_m3_Hwi_priGroup__C 
*          0    00001220    00000004     
                  00001220    00000004     app_ble_pem3.oem3 (.const:ti_sysbios_family_arm_m3_Hwi_priGroup__C)

.const:ti_sysbios_family_arm_m3_TaskSupport_stackAlignment__C 
*          0    00001224    00000004     
                  00001224    00000004     app_ble_pem3.oem3 (.const:ti_sysbios_family_arm_m3_TaskSupport_stackAlignment__C)

.const:ti_sysbios_heaps_HeapMem_E_memory__C 
*          0    00001228    00000004     
                  00001228    00000004     app_ble_pem3.oem3 (.const:ti_sysbios_heaps_HeapMem_E_memory__C)

.const:ti_sysbios_heaps_HeapMem_Module__gateObj__C 
*          0    0000122c    00000004     
                  0000122c    00000004     app_ble_pem3.oem3 (.const:ti_sysbios_heaps_HeapMem_Module__gateObj__C)

.const:ti_sysbios_heaps_HeapMem_Object__count__C 
*          0    00001230    00000004     
                  00001230    00000004     app_ble_pem3.oem3 (.const:ti_sysbios_heaps_HeapMem_Object__count__C)

.const:ti_sysbios_heaps_HeapMem_Object__table__C 
*          0    00001234    00000004     
                  00001234    00000004     app_ble_pem3.oem3 (.const:ti_sysbios_heaps_HeapMem_Object__table__C)

.const:ti_sysbios_heaps_HeapMem_reqAlign__C 
*          0    00001238    00000004     
                  00001238    00000004     app_ble_pem3.oem3 (.const:ti_sysbios_heaps_HeapMem_reqAlign__C)

.const:ti_sysbios_knl_Clock_triggerClock__C 
*          0    0000123c    00000004     
                  0000123c    00000004     app_ble_pem3.oem3 (.const:ti_sysbios_knl_Clock_triggerClock__C)

.const:ti_sysbios_knl_Mailbox_Object__count__C 
*          0    00001240    00000004     
                  00001240    00000004     app_ble_pem3.oem3 (.const:ti_sysbios_knl_Mailbox_Object__count__C)

.const:ti_sysbios_knl_Mailbox_Object__table__C 
*          0    00001244    00000004     
                  00001244    00000004     app_ble_pem3.oem3 (.const:ti_sysbios_knl_Mailbox_Object__table__C)

.const:ti_sysbios_knl_Mailbox_maxTypeAlign__C 
*          0    00001248    00000004     
                  00001248    00000004     app_ble_pem3.oem3 (.const:ti_sysbios_knl_Mailbox_maxTypeAlign__C)

.const:ti_sysbios_knl_Queue_Object__count__C 
*          0    0000124c    00000004     
                  0000124c    00000004     app_ble_pem3.oem3 (.const:ti_sysbios_knl_Queue_Object__count__C)

.const:ti_sysbios_knl_Queue_Object__table__C 
*          0    00001250    00000004     
                  00001250    00000004     app_ble_pem3.oem3 (.const:ti_sysbios_knl_Queue_Object__table__C)

.const:ti_sysbios_knl_Semaphore_eventPost__C 
*          0    00001254    00000004     
                  00001254    00000004     app_ble_pem3.oem3 (.const:ti_sysbios_knl_Semaphore_eventPost__C)

.const:ti_sysbios_knl_Semaphore_eventSync__C 
*          0    00001258    00000004     
                  00001258    00000004     app_ble_pem3.oem3 (.const:ti_sysbios_knl_Semaphore_eventSync__C)

.const:ti_sysbios_knl_Swi_Object__count__C 
*          0    0000125c    00000004     
                  0000125c    00000004     app_ble_pem3.oem3 (.const:ti_sysbios_knl_Swi_Object__count__C)

.const:ti_sysbios_knl_Swi_Object__table__C 
*          0    00001260    00000004     
                  00001260    00000004     app_ble_pem3.oem3 (.const:ti_sysbios_knl_Swi_Object__table__C)

.const:ti_sysbios_knl_Swi_numPriorities__C 
*          0    00001264    00000004     
                  00001264    00000004     app_ble_pem3.oem3 (.const:ti_sysbios_knl_Swi_numPriorities__C)

.const:ti_sysbios_knl_Task_Object__count__C 
*          0    00001268    00000004     
                  00001268    00000004     app_ble_pem3.oem3 (.const:ti_sysbios_knl_Task_Object__count__C)

.const:ti_sysbios_knl_Task_Object__table__C 
*          0    0000126c    00000004     
                  0000126c    00000004     app_ble_pem3.oem3 (.const:ti_sysbios_knl_Task_Object__table__C)

.const:ti_sysbios_knl_Task_allBlockedFunc__C 
*          0    00001270    00000004     
                  00001270    00000004     app_ble_pem3.oem3 (.const:ti_sysbios_knl_Task_allBlockedFunc__C)

.const:ti_sysbios_knl_Task_defaultStackHeap__C 
*          0    00001274    00000004     
                  00001274    00000004     app_ble_pem3.oem3 (.const:ti_sysbios_knl_Task_defaultStackHeap__C)

.const:ti_sysbios_knl_Task_defaultStackSize__C 
*          0    00001278    00000004     
                  00001278    00000004     app_ble_pem3.oem3 (.const:ti_sysbios_knl_Task_defaultStackSize__C)

.const:ti_sysbios_knl_Task_numConstructedTasks__C 
*          0    0000127c    00000004     
                  0000127c    00000004     app_ble_pem3.oem3 (.const:ti_sysbios_knl_Task_numConstructedTasks__C)

.const:ti_sysbios_family_arm_cc26xx_Timer_Module__id__C 
*          0    00001280    00000002     
                  00001280    00000002     app_ble_pem3.oem3 (.const:ti_sysbios_family_arm_cc26xx_Timer_Module__id__C)

.const:ti_sysbios_family_arm_cc26xx_TimestampProvider_useClockTimer__C 
*          0    00001282    00000002     
                  00001282    00000002     app_ble_pem3.oem3 (.const:ti_sysbios_family_arm_cc26xx_TimestampProvider_useClockTimer__C)

.const:ti_sysbios_family_arm_m3_Hwi_Module__id__C 
*          0    00001284    00000002     
                  00001284    00000002     app_ble_pem3.oem3 (.const:ti_sysbios_family_arm_m3_Hwi_Module__id__C)

.const:ti_sysbios_gates_GateHwi_Module__id__C 
*          0    00001286    00000002     
                  00001286    00000002     app_ble_pem3.oem3 (.const:ti_sysbios_gates_GateHwi_Module__id__C)

.const:ti_sysbios_gates_GateMutex_Module__id__C 
*          0    00001288    00000002     
                  00001288    00000002     app_ble_pem3.oem3 (.const:ti_sysbios_gates_GateMutex_Module__id__C)

.const:ti_sysbios_heaps_HeapMem_Module__id__C 
*          0    0000128a    00000002     
                  0000128a    00000002     app_ble_pem3.oem3 (.const:ti_sysbios_heaps_HeapMem_Module__id__C)

.const:ti_sysbios_knl_Task_initStackFlag__C 
*          0    0000128c    00000002     
                  0000128c    00000002     app_ble_pem3.oem3 (.const:ti_sysbios_knl_Task_initStackFlag__C)

.const:ti_sysbios_knl_Clock_tickMode__C 
*          0    0000128e    00000001     
                  0000128e    00000001     app_ble_pem3.oem3 (.const:ti_sysbios_knl_Clock_tickMode__C)

.const:xdc_runtime_Startup_firstFxns__C 
*          0    00001290    00000008     
                  00001290    00000008     app_ble_pem3.oem3 (.const:xdc_runtime_Startup_firstFxns__C)

.const:xdc_runtime_Startup_lastFxns__C 
*          0    00001298    00000008     
                  00001298    00000008     app_ble_pem3.oem3 (.const:xdc_runtime_Startup_lastFxns__C)

.const:xdc_runtime_Assert_E_assertFailed__C 
*          0    000012a0    00000004     
                  000012a0    00000004     app_ble_pem3.oem3 (.const:xdc_runtime_Assert_E_assertFailed__C)

.const:xdc_runtime_Error_E_memory__C 
*          0    000012a4    00000004     
                  000012a4    00000004     app_ble_pem3.oem3 (.const:xdc_runtime_Error_E_memory__C)

.const:xdc_runtime_Error_policyFxn__C 
*          0    000012a8    00000004     
                  000012a8    00000004     app_ble_pem3.oem3 (.const:xdc_runtime_Error_policyFxn__C)

.const:xdc_runtime_Error_raiseHook__C 
*          0    000012ac    00000004     
                  000012ac    00000004     app_ble_pem3.oem3 (.const:xdc_runtime_Error_raiseHook__C)

.const:xdc_runtime_IGateProvider_Interface__BASE__C 
*          0    000012b0    00000004     
                  000012b0    00000004     app_ble_pem3.oem3 (.const:xdc_runtime_IGateProvider_Interface__BASE__C)

.const:xdc_runtime_IHeap_Interface__BASE__C 
*          0    000012b4    00000004     
                  000012b4    00000004     app_ble_pem3.oem3 (.const:xdc_runtime_IHeap_Interface__BASE__C)

.const:xdc_runtime_IModule_Interface__BASE__C 
*          0    000012b8    00000004     
                  000012b8    00000004     app_ble_pem3.oem3 (.const:xdc_runtime_IModule_Interface__BASE__C)

.const:xdc_runtime_Memory_defaultHeapInstance__C 
*          0    000012bc    00000004     
                  000012bc    00000004     app_ble_pem3.oem3 (.const:xdc_runtime_Memory_defaultHeapInstance__C)

.const:xdc_runtime_Startup_execImpl__C 
*          0    000012c0    00000004     
                  000012c0    00000004     app_ble_pem3.oem3 (.const:xdc_runtime_Startup_execImpl__C)

.const:xdc_runtime_Startup_maxPasses__C 
*          0    000012c4    00000004     
                  000012c4    00000004     app_ble_pem3.oem3 (.const:xdc_runtime_Startup_maxPasses__C)

.const:xdc_runtime_Startup_sfxnRts__C 
*          0    000012c8    00000004     
                  000012c8    00000004     app_ble_pem3.oem3 (.const:xdc_runtime_Startup_sfxnRts__C)

.const:xdc_runtime_Startup_sfxnTab__C 
*          0    000012cc    00000004     
                  000012cc    00000004     app_ble_pem3.oem3 (.const:xdc_runtime_Startup_sfxnTab__C)

.const:xdc_runtime_Startup_startModsFxn__C 
*          0    000012d0    00000004     
                  000012d0    00000004     app_ble_pem3.oem3 (.const:xdc_runtime_Startup_startModsFxn__C)

.const:xdc_runtime_SysCallback_abortFxn__C 
*          0    000012d4    00000004     
                  000012d4    00000004     app_ble_pem3.oem3 (.const:xdc_runtime_SysCallback_abortFxn__C)

.const:xdc_runtime_SysCallback_exitFxn__C 
*          0    000012d8    00000004     
                  000012d8    00000004     app_ble_pem3.oem3 (.const:xdc_runtime_SysCallback_exitFxn__C)

.const:xdc_runtime_System_abortFxn__C 
*          0    000012dc    00000004     
                  000012dc    00000004     app_ble_pem3.oem3 (.const:xdc_runtime_System_abortFxn__C)

.const:xdc_runtime_System_exitFxn__C 
*          0    000012e0    00000004     
                  000012e0    00000004     app_ble_pem3.oem3 (.const:xdc_runtime_System_exitFxn__C)

.const:xdc_runtime_System_maxAtexitHandlers__C 
*          0    000012e4    00000004     
                  000012e4    00000004     app_ble_pem3.oem3 (.const:xdc_runtime_System_maxAtexitHandlers__C)

.const:xdc_runtime_Text_charTab__C 
*          0    000012e8    00000004     
                  000012e8    00000004     app_ble_pem3.oem3 (.const:xdc_runtime_Text_charTab__C)

.const:xdc_runtime_Text_nameEmpty__C 
*          0    000012ec    00000004     
                  000012ec    00000004     app_ble_pem3.oem3 (.const:xdc_runtime_Text_nameEmpty__C)

.const:xdc_runtime_Text_nameStatic__C 
*          0    000012f0    00000004     
                  000012f0    00000004     app_ble_pem3.oem3 (.const:xdc_runtime_Text_nameStatic__C)

.const:xdc_runtime_Text_nameUnknown__C 
*          0    000012f4    00000004     
                  000012f4    00000004     app_ble_pem3.oem3 (.const:xdc_runtime_Text_nameUnknown__C)

.const:xdc_runtime_Error_maxDepth__C 
*          0    000012f8    00000002     
                  000012f8    00000002     app_ble_pem3.oem3 (.const:xdc_runtime_Error_maxDepth__C)

.const:xdc_runtime_Memory_Module__id__C 
*          0    000012fa    00000002     
                  000012fa    00000002     app_ble_pem3.oem3 (.const:xdc_runtime_Memory_Module__id__C)

.const:xdc_runtime_Text_charCnt__C 
*          0    000012fc    00000002     
                  000012fc    00000002     app_ble_pem3.oem3 (.const:xdc_runtime_Text_charCnt__C)

.const:xdc_runtime_Text_isLoaded__C 
*          0    000012fe    00000002     
                  000012fe    00000002     app_ble_pem3.oem3 (.const:xdc_runtime_Text_isLoaded__C)

.const:xdc_runtime_Error_policy__C 
*          0    00001300    00000001     
                  00001300    00000001     app_ble_pem3.oem3 (.const:xdc_runtime_Error_policy__C)

.const:ti_sysbios_rom_ROM_ti_sysbios_family_arm_cc26xx_Timer_getCount64__E 
*          0    00001304    00000004     
                  00001304    00000004     app_ble_pem3.oem3 (.const:ti_sysbios_rom_ROM_ti_sysbios_family_arm_cc26xx_Timer_getCount64__E)

.const:ti_sysbios_rom_ROM_ti_sysbios_family_arm_cc26xx_Timer_getCurrentTick__E 
*          0    00001308    00000004     
                  00001308    00000004     app_ble_pem3.oem3 (.const:ti_sysbios_rom_ROM_ti_sysbios_family_arm_cc26xx_Timer_getCurrentTick__E)

.const:ti_sysbios_rom_ROM_ti_sysbios_family_arm_cc26xx_Timer_getMaxTicks__E 
*          0    0000130c    00000004     
                  0000130c    00000004     app_ble_pem3.oem3 (.const:ti_sysbios_rom_ROM_ti_sysbios_family_arm_cc26xx_Timer_getMaxTicks__E)

.const:ti_sysbios_rom_ROM_ti_sysbios_family_arm_cc26xx_Timer_initDevice__I 
*          0    00001310    00000004     
                  00001310    00000004     app_ble_pem3.oem3 (.const:ti_sysbios_rom_ROM_ti_sysbios_family_arm_cc26xx_Timer_initDevice__I)

.const:ti_sysbios_rom_ROM_ti_sysbios_family_arm_cc26xx_Timer_setNextTick__E 
*          0    00001314    00000004     
                  00001314    00000004     app_ble_pem3.oem3 (.const:ti_sysbios_rom_ROM_ti_sysbios_family_arm_cc26xx_Timer_setNextTick__E)

.const:ti_sysbios_rom_ROM_ti_sysbios_family_arm_cc26xx_Timer_setThreshold__I 
*          0    00001318    00000004     
                  00001318    00000004     app_ble_pem3.oem3 (.const:ti_sysbios_rom_ROM_ti_sysbios_family_arm_cc26xx_Timer_setThreshold__I)

.const:ti_sysbios_rom_ROM_ti_sysbios_family_arm_cc26xx_Timer_start__E 
*          0    0000131c    00000004     
                  0000131c    00000004     app_ble_pem3.oem3 (.const:ti_sysbios_rom_ROM_ti_sysbios_family_arm_cc26xx_Timer_start__E)

.const:ti_sysbios_rom_ROM_ti_sysbios_family_arm_cc26xx_TimestampProvider_get32__E 
*          0    00001320    00000004     
                  00001320    00000004     app_ble_pem3.oem3 (.const:ti_sysbios_rom_ROM_ti_sysbios_family_arm_cc26xx_TimestampProvider_get32__E)

.const:ti_sysbios_rom_ROM_xdc_runtime_Startup_getState__I 
*          0    00001324    00000004     
                  00001324    00000004     app_ble_pem3.oem3 (.const:ti_sysbios_rom_ROM_xdc_runtime_Startup_getState__I)

.const:ti_sysbios_rom_ROM_xdc_runtime_System_SupportProxy_abort__E 
*          0    00001328    00000004     
                  00001328    00000004     app_ble_pem3.oem3 (.const:ti_sysbios_rom_ROM_xdc_runtime_System_SupportProxy_abort__E)

.const:ti_sysbios_rom_ROM_xdc_runtime_System_SupportProxy_exit__E 
*          0    0000132c    00000004     
                  0000132c    00000004     app_ble_pem3.oem3 (.const:ti_sysbios_rom_ROM_xdc_runtime_System_SupportProxy_exit__E)

.text.2    0    00001330    0000ada0     
                  00001330    0000057c     simple_peripheral_oad_offchip.obj (.text:SimplePeripheral_init$3)
                  000018ac    00000420     oad.obj (.text:oadImgBlockWrite$16)
                  00001ccc    00000418     oad.obj (.text:oadProcessExtControlCmd$16)
                  000020e4    00000314     drivers_cc26x0r2.aem3 : PowerCC26XX_calibrateRCOSC.oem3 (.text:PowerCC26XX_auxISR)
                  000023f8    0000030c     rom_sysbios.aem3 : rom_sysbios.obj (.text:xdc_runtime_System_doPrint__I)
                  00002704    00000290     peripheral_observer.obj (.text:GAPRole_SetParameter)
                  00002994    00000274     simple_peripheral_oad_offchip.obj (.text:SimplePeripheral_processStackMsg$3)
                  00002c08    00000258     drivers_cc26x0r2.aem3 : CryptoCC26XX.oem3 (.text:cryptoTransactionExecute)
                  00002e60    0000022c                           : PowerCC26XX.oem3 (.text:Power_sleep)
                  0000308c    00000220     driverlib.lib : sys_ctrl.obj (.text:NOROM_SysCtrlSetRechargeBeforePowerDown)
                  000032ac    0000021c     drivers_cc26x0r2.aem3 : SPICC26XXDMA.oem3 (.text:SPICC26XXDMA_transfer)
                  000034c8    0000020c     RFCC26XX_singleMode.obj (.text:RF_open)
                  000036d4    0000020c     simple_peripheral_oad_offchip.obj (.text:SimplePeripheral_processStateChangeEvt$3)
                  000038e0    00000204     simple_peripheral_oad_offchip.obj (.text:ExecuteCommand$3)
                  00003ae4    000001e0     ECCROMCC26XX.obj (.text:ECC_VerifyPublicKeyWeierstrass$5)
                  00003cc4    000001bc     main.obj (.text:AssertHandler)
                  00003e80    000001bc     RFCC26XX_singleMode.obj (.text:RF_fsmSetupState$6)
                  0000403c    000001b8     drivers_cc26x0r2.aem3 : PINCC26XX.oem3 (.text:PIN_init)
                  000041f4    000001a4     ECCROMCC26XX.obj (.text:ECCROMCC26XX_genDHKey)
                  00004398    00000198     icall.obj (.text:icall_directAPI)
                  00004530    00000190     drivers_cc26x0r2.aem3 : PowerCC26XX_calibrateRCOSC.oem3 (.text:PowerCC26XX_doCalibrate)
                  000046c0    00000174     simple_peripheral_oad_offchip.obj (.text:ChangeWorkMode$3)
                  00004834    00000164     simple_peripheral_oad_offchip.obj (.text:SimplePeripheral_processCharValueChangeEvt$3)
                  00004998    00000158     drivers_cc26x0r2.aem3 : SPICC26XXDMA.oem3 (.text:SPICC26XXDMA_initIO)
                  00004af0    00000154                           : UARTCC26XX.oem3 (.text:UARTCC26XX_open)
                  00004c44    00000148                           : UARTCC26XX.oem3 (.text:UARTCC26XX_hwiIntFxn)
                  00004d8c    00000140     myBlink.obj (.text:SendToBlink)
                  00004ecc    00000134     simple_peripheral_oad_offchip.obj (.text:SendAsk$3)
                  00005000    00000134     drivers_cc26x0r2.aem3 : UARTCC26XX.oem3 (.text:UARTCC26XX_read)
                  00005134    0000012c                           : PowerCC26XX.oem3 (.text:Power_init)
                  00005260    00000128     ECCROMCC26XX.obj (.text:ECCROMCC26XX_genKeys)
                  00005388    00000124     peripheral_observer.obj (.text:GAPRole_GetParameter)
                  000054ac    0000011c     drivers_cc26x0r2.aem3 : SPICC26XXDMA.oem3 (.text:SPICC26XXDMA_open)
                  000055c8    00000110     main.obj (.text:main)
                  000056d8    0000010c     drivers_cc26x0r2.aem3 : SPICC26XXDMA.oem3 (.text:SPICC26XXDMA_configDMA)
                  000057e4    0000010c     oad.obj (.text:oadValidateCandidateHdr$16)
                  000058f0    00000104     drivers_cc26x0r2.aem3 : UARTCC26XX.oem3 (.text:UARTCC26XX_write)
                  000059f4    000000f8     app_ble_pem3.oem3 (.text:xdc_runtime_System_printfExtend__I)
                  00005aec    000000ec     RFCC26XX_singleMode.obj (.text:RF_radioOpDoneCb$6)
                  00005bd8    000000e8     dpl_cc26x0r2.aem3 : PowerCC26XX_tirtos.oem3 (.text:PowerCC26XX_standbyPolicy)
                  00005cc0    000000e4     drivers_cc26x0r2.aem3 : SPICC26XXDMA.oem3 (.text:SPICC26XXDMA_transferCancel)
                  00005da4    000000e4     oad.obj (.text:oadWriteAttrCB$16)
                  00005e88    000000dc     drivers_cc26x0r2.aem3 : PINCC26XX.oem3 (.text:PINCC26XX_setIoCfg)
                  00005f64    000000d8                           : ADCCC26XX.oem3 (.text:ADCCC26XX_convert)
                  0000603c    000000d4                           : CryptoCC26XX.oem3 (.text:CryptoCC26XX_open)
                  00006110    000000d4     RFCC26XX_singleMode.obj (.text:RF_pendCmd)
                  000061e4    000000cc     RFCC26XX_singleMode.obj (.text:RF_swiHw$6)
                  000062b0    000000c4     RFCC26XX_singleMode.obj (.text:RF_postCmd)
                  00006374    000000c0     RFCC26XX_singleMode.obj (.text:RF_control)
                  00006434    000000c0     RFCC26XX_singleMode.obj (.text:RF_fsmPowerUpState$6)
                  000064f4    000000bc     ExtFlash.obj (.text:ExtFlash_open)
                  000065b0    000000bc     drivers_cc26x0r2.aem3 : PowerCC26XX.oem3 (.text:Power_releaseDependency)
                  0000666c    000000b8     driverlib.lib : aux_adc.obj (.text:NOROM_AUXADCEnableSync)
                  00006724    000000b4                   : setup.obj (.text:NOROM_SetupTrimDevice)
                  000067d8    000000b4     drivers_cc26x0r2.aem3 : PowerCC26XX.oem3 (.text:Power_setDependency)
                  0000688c    000000b4     devinfoservice.obj (.text:devInfo_ReadAttrCB$18)
                  00006940    000000b0     TRNGCC26XX.obj (.text:TRNGCC26XX_getNumber)
                  000069f0    000000b0     myDataTransfer.obj (.text:myDataTransfer_WriteAttrCB$21)
                  00006aa0    000000ac     display.aem3 : DisplayUart.oem3 (.text:DisplayUartAnsi_clearLines)
                  00006b4c    000000ac     RFCC26XX_singleMode.obj (.text:RF_abortCmd$6)
                  00006bf8    000000a7     display.aem3 : DisplayUart.oem3 (.text:DisplayUartAnsi_open)
                  00006c9f    00000001     --HOLE-- [fill = 0]
                  00006ca0    000000a6     rom_sysbios.aem3 : rom_sysbios.obj (.text:xdc_runtime_Text_putSite__E)
                  00006d46    00000002     ble_user_config.obj (.text:DefaultAssertCback)
                  00006d48    000000a4     RFCC26XX_singleMode.obj (.text:RF_ratRestartChannels$6)
                  00006dec    000000a4     drivers_cc26x0r2.aem3 : PowerCC26XX.oem3 (.text:switchXOSCHFclockFunc)
                  00006e90    000000a0                           : PINCC26XX.oem3 (.text:PIN_open)
                  00006f30    000000a0                           : SPICC26XXDMA.oem3 (.text:SPICC26XXDMA_hwiFxn)
                  00006fd0    000000a0     auto_init.aem3 : auto_init.oem3 (.text)
                  00007070    0000009f     display.aem3 : DisplayUart.oem3 (.text:DisplayUartAnsi_vprintf)
                  0000710f    00000001     --HOLE-- [fill = 0]
                  00007110    0000009c     RFCC26XX_singleMode.obj (.text:RF_calculateDispatchTime$6)
                  000071ac    0000009c     drivers_cc26x0r2.aem3 : UARTCC26XX.oem3 (.text:UARTCC26XX_writeCancel)
                  00007248    0000009c     rtsv7M3_T_le_eabi.lib : memcpy_t2.asm.obj (.text)
                  000072e4    00000098     drivers_cc26x0r2.aem3 : UARTCC26XX.oem3 (.text:UARTCC26XX_initHw)
                  0000737c    00000098                           : UARTCC26XX.oem3 (.text:UARTCC26XX_initIO)
                  00007414    00000098                           : UARTCC26XX.oem3 (.text:UARTCC26XX_swiIntFxn)
                  000074ac    00000098     rom_sysbios.aem3 : rom_sysbios.obj (.text:ti_sysbios_knl_Clock_workFuncDynamic__E)
                  00007544    00000098                      : rom_sysbios.obj (.text:xdc_runtime_Text_putMod__E)
                  000075dc    00000096     rtsv7M3_T_le_eabi.lib : ull_div_t2.asm.obj (.text)
                  00007672    00000002     display.aem3 : DisplayUart.oem3 (.text:DisplayUartAnsi_init)
                  00007674    00000094     driverlib.lib : crypto.obj (.text:NOROM_CRYPTOAesLoadKey)
                  00007708    00000094     oad.obj (.text:oadFindCurrentImageHdr$16)
                  0000779c    00000090     drivers_cc26x0r2.aem3 : SPICC26XXDMA.oem3 (.text:SPICC26XXDMA_control)
                  0000782c    00000090     driverlib.lib : setup.obj (.text:TrimAfterColdResetWakeupFromShutDown$31)
                  000078bc    00000090     rom_sysbios.aem3 : rom_sysbios.obj (.text:ti_sysbios_family_arm_cc26xx_Timer_start__E)
                  0000794c    0000008c     icall.obj (.text:ICall_heapMalloc)
                  000079d8    0000008c     drivers_cc26x0r2.aem3 : SPICC26XXDMA.oem3 (.text:SPICC26XXDMA_swiFxn)
                  00007a64    0000008a                           : CryptoCC26XX.oem3 (.text:CryptoCC26XX_allocateKey)
                  00007aee    00000002     RFCC26XX_singleMode.obj (.text:RF_defaultCallback$6)
                  00007af0    00000088     drivers_cc26x0r2.aem3 : ADCCC26XX.oem3 (.text:ADCCC26XX_open)
                  00007b78    00000088     driverlib.lib : aux_adc.obj (.text:NOROM_AUXADCDisable)
                  00007c00    00000084     gattservapp_util.obj (.text:GATTServApp_ProcessCharCfg)
                  00007c84    00000084     icall.obj (.text:ICall_setTimer)
                  00007d08    00000084     drivers_cc26x0r2.aem3 : UARTCC26XX.oem3 (.text:UARTCC26XX_close)
                  00007d8c    00000084     rom_sysbios.aem3 : rom_sysbios.obj (.text:ti_sysbios_hal_SecondsClock_Module_startup__E)
                  00007e10    00000084     flash_interface_ext_rtos.obj (.text:writeFlashPg)
                  00007e94    00000080     RFCC26XX_singleMode.obj (.text:RF_dispatchNextCmd$6)
                  00007f14    00000080     RFCC26XX_singleMode.obj (.text:RF_ratFreeChannel$6)
                  00007f94    00000080     peripheral_observer.obj (.text:gapRole_startConnUpdate$22)
                  00008014    0000007e     gattservapp_util.obj (.text:gattServApp_SendNotiInd$20)
                  00008092    00000002     rtsv7M3_T_le_eabi.lib : _lock.c.obj (.text:_nop)
                  00008094    0000007c     RFCC26XX_singleMode.obj (.text:RF_hwiCpe0Active$6)
                  00008110    0000007c     myDataTransfer.obj (.text:myDataTransfer_ReadAttrCB$21)
                  0000818c    0000007c     oad.obj (.text:oadResetState$16)
                  00008208    0000007c     oad.obj (.text:oadSendNotification$16)
                  00008284    0000007a     simple_peripheral_oad_offchip.obj (.text:SimpleBLEPeripheralObserver_StateChangeCB$3)
                  000082fe    0000007a     rtsv7M3_T_le_eabi.lib : memset_t2.asm.obj (.text)
                  00008378    00000078     drivers_cc26x0r2.aem3 : UARTCC26XX.oem3 (.text:writeTxFifoFlush)
                  000083f0    00000070     icall.obj (.text:ICall_heapGetStats)
                  00008460    00000070     icall.obj (.text:ICall_heapInit)
                  000084d0    00000070     driverlib.lib : sys_ctrl.obj (.text:NOROM_SysCtrlAdjustRechargeAfterPowerDown)
                  00008540    00000070     drivers_cc26x0r2.aem3 : PowerCC26XX.oem3 (.text:lfClockReadyCallback)
                  000085b0    0000006d     rom_sysbios.aem3 : rom_sysbios.obj (.text:xdc_runtime_System_formatNum__I)
                  0000861d    00000001     --HOLE-- [fill = 0]
                  0000861e    00000002     drivers_cc26x0r2.aem3 : PowerCC26XX.oem3 (.text:emptyClockFunc)
                  00008620    0000006c     icall.obj (.text:ICall_send)
                  0000868c    0000006c     icall.obj (.text:ICall_sendServiceComplete)
                  000086f8    0000006c     driverlib.lib : osc.obj (.text:NOROM_OSCHF_AttemptToSwitchToXosc)
                  00008764    0000006c     drivers_cc26x0r2.aem3 : PowerCC26XX_calibrateRCOSC.oem3 (.text:PowerCC26XX_initiateCalibration)
                  000087d0    0000006c                           : PowerCC26XX.oem3 (.text:configureXOSCHF)
                  0000883c    0000006c     oad.obj (.text:oadFindExtFlMetaPage$16)
                  000088a8    00000068     driverlib.lib : sys_ctrl.obj (.text:NOROM_SysCtrl_DCDC_VoltageConditionalControl)
                  00008910    00000068     drivers_cc26x0r2.aem3 : PINCC26XX.oem3 (.text:PIN_add)
                  00008978    00000068     RFCC26XX_singleMode.obj (.text:RF_getCurrentTime)
                  000089e0    00000068     RFCC26XX_singleMode.obj (.text:RF_hwiHw$6)
                  00008a48    00000068     simple_peripheral_oad_offchip.obj (.text:SimplePeripheral_freeAttRsp$3)
                  00008ab0    00000068     drivers_cc26x0r2.aem3 : UARTCC26XX.oem3 (.text:UARTCC26XX_readCancel)
                  00008b18    00000068     rtsv7M3_T_le_eabi.lib : copy_decompress_lzss.c.obj (.text:decompress:lzss:__TI_decompress_lzss)
                  00008b80    00000064     drivers_cc26x0r2.aem3 : CryptoCC26XX.oem3 (.text:CryptoCC26XX_loadKey)
                  00008be4    00000064     oad.obj (.text:OAD_getSWVersion)
                  00008c48    00000064     flash_interface_ext_rtos.obj (.text:eraseFlashPg)
                  00008cac    00000060     gattservapp_util.obj (.text:GATTServApp_ProcessCCCWriteReq)
                  00008d0c    00000060     icall.obj (.text:ICall_createRemoteTasksAtRuntime)
                  00008d6c    00000060     icall.obj (.text:ICall_enrollService)
                  00008dcc    00000060     drivers_cc26x0r2.aem3 : PowerCC26XX.oem3 (.text:PowerCC26XX_calibrate)
                  00008e2c    00000060     RFCC26XX_singleMode.obj (.text:RF_dispatchNextEvent$6)
                  00008e8c    0000005f     rom_sysbios.aem3 : rom_sysbios.obj (.text:xdc_runtime_Text_putLab__E)
                  00008eeb    00000001     --HOLE-- [fill = 0]
                  00008eec    0000005e     icall.obj (.text:ICall_fetchMsg)
                  00008f4a    00000002     hal_assert.obj (.text:halAssertSpinlock)
                  00008f4c    0000005c     display.aem3 : Display.oem3 (.text:Display_doOpen)
                  00008fa8    0000005c     icall.obj (.text:ICall_pwrUpdActivityCounter)
                  00009004    0000005c     drivers_cc26x0r2.aem3 : PowerCC26XX_calibrateRCOSC.oem3 (.text:PowerCC26XX_RCOSC_clockFunc)
                  00009060    0000005c     RFCC26XX_singleMode.obj (.text:RF_cmdDispatchTime$6)
                  000090bc    0000005c     RFCC26XX_singleMode.obj (.text:RF_hwiCpe0PowerFsm$6)
                  00009118    0000005c     drivers_cc26x0r2.aem3 : UDMACC26XX.oem3 (.text:UDMACC26XX_open)
                  00009174    0000005c     app_ble_pem3.oem3 (.text:xdc_runtime_Startup_getState__I)
                  000091d0    0000005a     RFCC26XX_singleMode.obj (.text:RF_syncCb$6)
                  0000922a    00000002     rtsv7M3_T_le_eabi.lib : div0.asm.obj (.text)
                  0000922c    00000058     ExtFlash.obj (.text:ExtFlash_waitReady$13)
                  00009284    00000058     icall.obj (.text:ICall_wait)
                  000092dc    00000058     drivers_cc26x0r2.aem3 : PINCC26XX.oem3 (.text:PIN_remove)
                  00009334    00000058     RFCC26XX_singleMode.obj (.text:RF_fsmXOSCState$6)
                  0000938c    00000058     RFCC26XX_singleMode.obj (.text:RF_getInfo)
                  000093e4    00000058     drivers_cc26x0r2.aem3 : UARTCC26XX.oem3 (.text:UARTCC26XX_control)
                  0000943c    00000058     simple_peripheral_oad_offchip.obj (.text:Util_convertBytes2Str)
                  00009494    00000054     ExtFlash.obj (.text:ExtFlash_close)
                  000094e8    00000054     RFCC26XX_singleMode.obj (.text:RF_discardPendCmd$6)
                  0000953c    00000054     drivers_cc26x0r2.aem3 : SPICC26XXDMA.oem3 (.text:SPICC26XXDMA_initHw)
                  00009590    00000052                           : SPICC26XXDMA.oem3 (.text:SPICC26XXDMA_close)
                  000095e2    00000002     app_ble_pem3.oem3 (.text:ti_sysbios_BIOS_nullFunc__I)
                  000095e4    00000050     dpl_cc26x0r2.aem3 : ClockP_tirtos.oem3 (.text:ClockP_construct)
                  00009634    00000050     ECCROMCC26XX.obj (.text:ECCROMCC26XX_Params_init)
                  00009684    00000050     icall.obj (.text:ICall_registerApp)
                  000096d4    00000050     myDataTransfer.obj (.text:MyDataTransfer_SetParameter)
                  00009724    00000050     simple_peripheral_oad_offchip.obj (.text:SimplePeripheral_enqueueMsg$3)
                  00009774    00000050     util.obj (.text:Util_convertBdAddr2Str)
                  000097c4    00000050     oad.obj (.text:oadEnqueueMsg$16)
                  00009814    00000050     drivers_cc26x0r2.aem3 : UARTCC26XX.oem3 (.text:startTxFifoEmptyClk)
                  00009864    0000004c     board_key.obj (.text:Board_keyChangeHandler_short$0)
                  000098b0    0000004c     icall.obj (.text:ICall_newTask$8)
                  000098fc    0000004c     RFCC26XX_singleMode.obj (.text:RF_wakeupNotification$6)
                  00009948    0000004c     rtsv7M3_T_le_eabi.lib : cpy_tbl.c.obj (.text:copy_in)
                  00009994    00000048     ECCROMCC26XX.obj (.text:ECC_initGlobals$5)
                  000099dc    00000048     drivers_cc26x0r2.aem3 : PINCC26XX.oem3 (.text:PIN_setOutputEnable)
                  00009a24    00000048     util.obj (.text:Util_constructClock)
                  00009a6c    00000048     rom_sysbios.aem3 : rom_sysbios.obj (.text:ti_sysbios_family_arm_cc26xx_Timer_setThreshold__I)
                  00009ab4    00000048     drivers_cc26x0r2.aem3 : UARTCC26XX.oem3 (.text:writeFinishedDoCallback)
                  00009afc    00000044     board_key.obj (.text:Board_keyChangeHandler_long$0)
                  00009b40    00000044     driverlib.lib : osc.obj (.text:NOROM_OSCHF_SwitchToRcOscTurnOffXosc)
                  00009b84    00000044     drivers_cc26x0r2.aem3 : RingBuf.oem3 (.text:RingBuf_put)
                  00009bc8    00000044                           : SPICC26XXDMA.oem3 (.text:SPICC26XXDMA_csnCallback)
                  00009c0c    00000044     boot.aem3 : boot.oem3 (.text)
                  00009c50    00000044     rom_sysbios.aem3 : rom_sysbios.obj (.text:ti_sysbios_hal_SecondsClock_increment__I)
                  00009c94    00000044                      : rom_sysbios.obj (.text:xdc_runtime_Text_xprintf__I)
                  00009cd8    00000042     driverlib.lib : ssi.obj (.text:NOROM_SSIConfigSetExpClk)
                  00009d1a    00000002     app_ble_pem3.oem3 (.text:ti_sysbios_rom_cortexm_cc26xx_r2_CC26xx_badRomRevision__E)
                  00009d1c    00000040     drivers_cc26x0r2.aem3 : ADCCC26XX.oem3 (.text:ADCCC26XX_convertToMicroVolts)
                  00009d5c    00000040                           : ADC.oem3 (.text:ADC_init)
                  00009d9c    00000040                           : ADC.oem3 (.text:ADC_open)
                  00009ddc    00000040     ECCROMCC26XX.obj (.text:ECCROMCC26XX_init)
                  00009e1c    00000040     ExtFlash.obj (.text:ExtFlash_read)
                  00009e5c    00000040     ExtFlash.obj (.text:ExtFlash_readInfo$13)
                  00009e9c    00000040     peripheral_observer.obj (.text:GAPRole_createTask)
                  00009edc    00000040     drivers_cc26x0r2.aem3 : PINCC26XX.oem3 (.text:PINCC26XX_getConfig)
                  00009f1c    00000040                           : PINCC26XX.oem3 (.text:PIN_swi)
                  00009f5c    00000040                           : PowerCC26XX.oem3 (.text:PowerCC26XX_isStableXOSC_HF)
                  00009f9c    00000040                           : SPI.oem3 (.text:SPI_init)
                  00009fdc    00000040                           : SPI.oem3 (.text:SPI_open)
                  0000a01c    00000040                           : UART.oem3 (.text:UART_init)
                  0000a05c    00000040                           : UART.oem3 (.text:UART_open)
                  0000a09c    00000040     oad.obj (.text:oadInactivityTimeout$16)
                  0000a0dc    00000040     rtsv7M3_T_le_eabi.lib : u_divt2.asm.obj (.text)
                  0000a11c    00000040     rom_sysbios.aem3 : rom_sysbios.obj (.text:ti_sysbios_heaps_HeapCallback_Module_startup__E)
                  0000a15c    0000003e     dpl_cc26x0r2.aem3 : HwiP_tirtos.oem3 (.text:HwiP_construct)
                  0000a19a    0000003e     drivers_cc26x0r2.aem3 : RingBuf.oem3 (.text:RingBuf_get)
                  0000a1d8    0000003c                           : ADCCC26XX.oem3 (.text:ADCCC26XX_close)
                  0000a214    0000003c     board_key.obj (.text:Board_keyChangeHandler_verylong$0)
                  0000a250    0000003c     driverlib.lib : osc.obj (.text:NOROM_OSC_HPOSCRelativeFrequencyOffsetGet)
                  0000a28c    0000003c     RFCC26XX_singleMode.obj (.text:RF_cmdStoreEvents$6)
                  0000a2c8    0000003c     simple_peripheral_oad_offchip.obj (.text:SimplePeripheral_createTask)
                  0000a304    0000003c     dpl_cc26x0r2.aem3 : SwiP_tirtos.oem3 (.text:SwiP_construct)
                  0000a340    0000003c     drivers_cc26x0r2.aem3 : PowerCC26XX.oem3 (.text:disableLfClkQualifiersEnableClkLoss)
                  0000a37c    0000003c     rom_sysbios.aem3 : rom_sysbios.obj (.text:ti_sysbios_family_arm_m3_Hwi_construct2__E)
                  0000a3b8    00000038     myDataTransfer.obj (.text:MyDataTransfer_GetParameter)
                  0000a3f0    00000038     drivers_cc26x0r2.aem3 : PINCC26XX.oem3 (.text:PIN_setConfig)
                  0000a428    00000038                           : PINCC26XX.oem3 (.text:PIN_setInterrupt)
                  0000a460    00000038                           : PINCC26XX.oem3 (.text:PIN_setOutputValue)
                  0000a498    00000038     RFCC26XX_singleMode.obj (.text:RF_checkCmdFsError$6)
                  0000a4d0    00000038     RFCC26XX_singleMode.obj (.text:RF_powerConstraintRelease)
                  0000a508    00000038     util.obj (.text:Util_restartClock)
                  0000a540    00000038     rom_sysbios.aem3 : rom_sysbios.obj (.text:ti_sysbios_family_arm_cc26xx_Timer_getCurrentTick__E)
                  0000a578    00000036     drivers_cc26x0r2.aem3 : UDMACC26XX.oem3 (.text:UDMACC26XX_close)
                  0000a5ae    00000002     rom_sysbios.aem3 : rom_sysbios.obj (.text:xdc_runtime_SysCallback_defaultAbort)
                  0000a5b0    00000034     icall.obj (.text:ICall_heapFree)
                  0000a5e4    00000034     icall.obj (.text:ICall_primEntityId2ServiceId$8)
                  0000a618    00000034     icall.obj (.text:ICall_searchServiceEntity)
                  0000a64c    00000034     drivers_cc26x0r2.aem3 : PowerCC26XX.oem3 (.text:Power_releaseConstraint)
                  0000a680    00000034     RFCC26XX_singleMode.obj (.text:RF_runDirectImmediateCmd$6)
                  0000a6b4    00000034     simple_peripheral_oad_offchip.obj (.text:SimplePeripheral_RegistertToAllConnectionEvent)
                  0000a6e8    00000034     simple_peripheral_oad_offchip.obj (.text:SimplePeripheral_passcodeCB$3)
                  0000a71c    00000034     drivers_cc26x0r2.aem3 : PowerCC26XX.oem3 (.text:notify)
                  0000a750    00000034     rom_sysbios.aem3 : rom_sysbios.obj (.text:ti_sysbios_family_arm_cc26xx_Timer_initDevice__I)
                  0000a784    00000034                      : rom_sysbios.obj (.text:ti_sysbios_knl_Swi_setPri__E)
                  0000a7b8    00000032     icall.obj (.text:ICall_fetchServiceMsg)
                  0000a7ea    00000032     rom_sysbios.aem3 : rom_sysbios.obj (.text:ti_sysbios_family_arm_cc26xx_Timer_setNextTick__E)
                  0000a81c    00000030     icall.obj (.text:ICall_dispatch$8)
                  0000a84c    00000030     icall.obj (.text:ICall_msecs2Ticks$8)
                  0000a87c    00000030     driverlib.lib : aux_adc.obj (.text:NOROM_AUXADCDisableInputScaling)
                  0000a8ac    00000030     drivers_cc26x0r2.aem3 : PINCC26XX.oem3 (.text:PINCC26XX_setMux)
                  0000a8dc    00000030                           : PowerCC26XX.oem3 (.text:Power_setConstraint)
                  0000a90c    00000030     RFCC26XX_singleMode.obj (.text:RF_cmdGet$6)
                  0000a93c    00000030     ExtFlash.obj (.text:Spi_read$13)
                  0000a96c    00000030     ExtFlash.obj (.text:Spi_write$13)
                  0000a99c    00000030     app_ble_pem3.oem3 (.text:ti_sysbios_BIOS_atExitFunc__I)
                  0000a9cc    00000030     app_ble_pem3.oem3 (.text:ti_sysbios_BIOS_startFunc__I)
                  0000a9fc    00000030     app_ble_pem3.oem3 (.text:ti_sysbios_heaps_HeapCallback_Object__create__S)
                  0000aa2c    0000002e     icall_cc2650.obj (.text:ICallPlatform_pwrDispenseImpl$9)
                  0000aa5a    0000002e     icall_cc2650.obj (.text:ICallPlatform_pwrRequireImpl$9)
                  0000aa88    0000002e     drivers_cc26x0r2.aem3 : CryptoCC26XX.oem3 (.text:cryptoTransactionPend)
                  0000aab6    0000002e                           : UARTCC26XX.oem3 (.text:readData)
                  0000aae4    0000002e     app_ble_pem3.oem3 (.text:ti_sysbios_rts_gnu_MemAlloc_alloc)
                  0000ab12    0000002e     drivers_cc26x0r2.aem3 : UARTCC26XX.oem3 (.text:writeData)
                  0000ab40    0000002c     ExtFlash.obj (.text:ExtFlash_writeEnable$13)
                  0000ab6c    0000002c     peripheral_observer.obj (.text:GAPRole_TerminateConnection)
                  0000ab98    0000002c     icall.obj (.text:ICall_msgEnqueue$8)
                  0000abc4    0000002c     icall.obj (.text:ICall_searchTask$8)
                  0000abf0    0000002c     driverlib.lib : chipinfo.obj (.text:NOROM_ChipInfo_GetChipFamily)
                  0000ac1c    0000002c     RFCC26XX_singleMode.obj (.text:RF_calculateDeltaTimeUs$6)
                  0000ac48    0000002c     RFCC26XX_singleMode.obj (.text:RF_executeDirectImmediateCmd$6)
                  0000ac74    0000002c     driverlib.lib : adi.obj (.text:SafeHapiAuxAdiSelect)
                  0000aca0    0000002c     dpl_cc26x0r2.aem3 : SemaphoreP_tirtos.oem3 (.text:SemaphoreP_constructBinary)
                  0000accc    0000002c                       : SemaphoreP_tirtos.oem3 (.text:SemaphoreP_createBinary)
                  0000acf8    0000002c     oad.obj (.text:oadGetNextBlockReq$16)
                  0000ad24    0000002c     rom_sysbios.aem3 : rom_sysbios.obj (.text:ti_sysbios_knl_Clock_getTicksUntilInterrupt__E)
                  0000ad50    0000002b                      : rom_sysbios.obj (.text:xdc_runtime_Text_printVisFxn__I)
                  0000ad7b    00000001     --HOLE-- [fill = 0]
                  0000ad7c    0000002a     display.aem3 : DisplayUart.oem3 (.text:DisplayUartAnsi_clear)
                  0000ada6    0000002a                  : Display.oem3 (.text:Display_doPrintf)
                  0000add0    0000002a     rom_sysbios.aem3 : rom_sysbios.obj (.text:ti_sysbios_knl_Clock_getTimeout__E)
                  0000adfa    0000002a                      : rom_sysbios.obj (.text:xdc_runtime_System_putchar__I)
                  0000ae24    00000028     driverlib.lib : rfc.obj (.text:NOROM_RFCDoorbellSendTo)
                  0000ae4c    00000028     drivers_cc26x0r2.aem3 : PowerCC26XX.oem3 (.text:Power_registerNotify)
                  0000ae74    00000028     RFCC26XX_singleMode.obj (.text:RF_runCmd)
                  0000ae9c    00000028     drivers_cc26x0r2.aem3 : SPICC26XXDMA.oem3 (.text:SPICC26XXDMA_flushFifos)
                  0000aec4    00000028     driverlib.lib : adi.obj (.text:SafeHapiVoid)
                  0000aeec    00000028     TRNGCC26XX.obj (.text:TRNGCC26XX_init)
                  0000af14    00000028     bim_util.obj (.text:imgIDCheck)
                  0000af3c    00000028     drivers_cc26x0r2.aem3 : UARTCC26XX.oem3 (.text:readData2RingBuf)
                  0000af64    00000024     board_key.obj (.text:Board_keyCallback$0)
                  0000af88    00000024     drivers_cc26x0r2.aem3 : CryptoCC26XX.oem3 (.text:CryptoCC26XX_hwiIntFxn)
                  0000afac    00000024     icall.obj (.text:ICall_getLocalMsgEntityId)
                  0000afd0    00000024     drivers_cc26x0r2.aem3 : List.oem3 (.text:List_remove)
                  0000aff4    00000024     driverlib.lib : osc.obj (.text:NOROM_OSCHF_TurnOnXosc)
                  0000b018    00000024     rtsv7M3_T_le_eabi.lib : memcmp.c.obj (.text:memcmp)
                  0000b03c    00000024     app_ble_pem3.oem3 (.text:ti_sysbios_BIOS_registerRTSLock__I)
                  0000b060    00000024     app_ble_pem3.oem3 (.text:ti_sysbios_BIOS_removeRTSLock__I)
                  0000b084    00000024     rom_sysbios.aem3 : rom_sysbios.obj (.text:ti_sysbios_family_arm_cc26xx_Seconds_set__E)
                  0000b0a8    00000024                      : rom_sysbios.obj (.text:ti_sysbios_family_arm_cc26xx_Timer_getMaxTicks__E)
                  0000b0cc    00000024                      : rom_sysbios.obj (.text:ti_sysbios_family_arm_m3_Hwi_romInitNVIC__I)
                  0000b0f0    00000022     icall.obj (.text:ICall_setTimerMSecs)
                  0000b112    00000022     drivers_cc26x0r2.aem3 : List.oem3 (.text:List_get)
                  0000b134    00000022                           : List.oem3 (.text:List_put)
                  0000b156    00000022     driverlib.lib : aux_adc.obj (.text:NOROM_AUXADCAdjustValueForGainAndOffset)
                  0000b178    00000022                   : uart.obj (.text:NOROM_UARTConfigSetExpClk)
                  0000b19a    00000002     rom_sysbios.aem3 : rom_sysbios.obj (.text:xdc_runtime_SysCallback_defaultExit)
                  0000b19c    00000020     drivers_cc26x0r2.aem3 : CryptoCC26XX.oem3 (.text:CryptoCC26XX_init)
                  0000b1bc    00000020     gattservapp_util.obj (.text:GATTServApp_InitCharCfg)
                  0000b1dc    00000020     driverlib.lib : uart.obj (.text:NOROM_UARTDisable)
                  0000b1fc    00000020     dpl_cc26x0r2.aem3 : PowerCC26XX_tirtos.oem3 (.text:PowerCC26XX_schedulerDisable)
                  0000b21c    00000020                       : PowerCC26XX_tirtos.oem3 (.text:PowerCC26XX_schedulerRestore)
                  0000b23c    00000020     drivers_cc26x0r2.aem3 : PowerCC26XX.oem3 (.text:Power_unregisterNotify)
                  0000b25c    00000020     RFCC26XX_singleMode.obj (.text:RF_clkPowerUp$6)
                  0000b27c    00000020     RFCC26XX_singleMode.obj (.text:RF_ratIsRunning$6)
                  0000b29c    00000020     gattservapp_util.obj (.text:gattServApp_FindCharCfgItem$20)
                  0000b2bc    00000020     app_ble_pem3.oem3 (.text:ti_sysbios_BIOS_rtsLock__I)
                  0000b2dc    00000020     rom_sysbios.aem3 : rom_sysbios.obj (.text:ti_sysbios_family_arm_cc26xx_Timer_dynamicStub__E)
                  0000b2fc    00000020                      : rom_sysbios.obj (.text:xdc_runtime_Registry_findById__E)
                  0000b31c    0000001e     ECCROMCC26XX.obj (.text:ECC_ArrayAllZeros)
                  0000b33a    0000001e     drivers_cc26x0r2.aem3 : PINCC26XX.oem3 (.text:PIN_close)
                  0000b358    0000001e                           : PowerCC26XX.oem3 (.text:Power_getTransitionLatency)
                  0000b376    00000002     rom_sysbios.aem3 : rom_sysbios.obj (.text:xdc_runtime_SysCallback_defaultPutch)
                  0000b378    0000001c     icall_api_lite.obj (.text:GATT_bm_alloc)
                  0000b394    0000001c     icall_api_lite.obj (.text:GATT_bm_free)
                  0000b3b0    0000001c     simple_peripheral_oad_offchip.obj (.text:GetCRC8$3)
                  0000b3cc    0000001c     icall.obj (.text:ICall_mallocLimited)
                  0000b3e8    0000001c     icall.obj (.text:ICall_primRepostSync$8)
                  0000b404    0000001c     driverlib.lib : aux_adc.obj (.text:NOROM_AUXADCGetAdjustmentGain)
                  0000b420    0000001c     drivers_cc26x0r2.aem3 : PINCC26XX.oem3 (.text:PINCC26XX_setIoCfgMux)
                  0000b43c    0000001c                           : PINCC26XX.oem3 (.text:PIN_hwi)
                  0000b458    0000001c     RFCC26XX_singleMode.obj (.text:RF_clkInactivityCallback$6)
                  0000b474    0000001c     RFCC26XX_singleMode.obj (.text:RF_getRssi)
                  0000b490    0000001c     RFCC26XX_singleMode.obj (.text:RF_powerConstraintSet)
                  0000b4ac    0000001c     TRNGCC26XX.obj (.text:TRNGCC26XX_open)
                  0000b4c8    0000001c     crc32.obj (.text:memCpy)
                  0000b4e4    0000001c     TRNGCC26XX.obj (.text:openTRNG)
                  0000b500    0000001c     rom_sysbios.aem3 : rom_sysbios.obj (.text:ti_sysbios_family_arm_m3_Hwi_clearInterrupt__E)
                  0000b51c    0000001c                      : rom_sysbios_config.obj (.text:ti_sysbios_knl_Clock_Module__startupDone__S)
                  0000b538    0000001c                      : rom_sysbios.obj (.text:ti_sysbios_knl_Swi_construct2__E)
                  0000b554    0000001a     icall.obj (.text:ICall_enterCSImpl)
                  0000b56e    0000001a     dpl_cc26x0r2.aem3 : SystemP_tirtos.oem3 (.text:SystemP_snprintf)
                  0000b588    00000018     driverlib.lib : aux_adc.obj (.text:NOROM_AUXADCGetAdjustmentOffset)
                  0000b5a0    00000018                   : chipinfo.obj (.text:NOROM_ChipInfo_GetPackageType)
                  0000b5b8    00000018                   : rfc.obj (.text:NOROM_RFCCpeIntGetAndClear)
                  0000b5d0    00000018     drivers_cc26x0r2.aem3 : PINCC26XX.oem3 (.text:PIN_getConfig)
                  0000b5e8    00000018                           : PowerCC26XX.oem3 (.text:Power_idleFunc)
                  0000b600    00000018     RFCC26XX_singleMode.obj (.text:RF_swiFsm$6)
                  0000b618    00000018     simple_peripheral_oad_offchip.obj (.text:SimplePeripheral_connEvtCB$3)
                  0000b630    00000018     drivers_cc26x0r2.aem3 : UARTCC26XX.oem3 (.text:UARTCC26XX_init)
                  0000b648    00000018                           : UART.oem3 (.text:UART_Params_init)
                  0000b660    00000018     rtsv7M3_T_le_eabi.lib : args_main.c.obj (.text:_args_main)
                  0000b678    00000018     drivers_cc26x0r2.aem3 : CryptoCC26XX.oem3 (.text:cryptoTransactionPoll)
                  0000b690    00000018     flash_interface_ext_rtos.obj (.text:flash_open)
                  0000b6a8    00000018     app_ble_pem3.oem3 (.text:free)
                  0000b6c0    00000018     flash_interface_ext_rtos.obj (.text:readFlashPg)
                  0000b6d8    00000018     rtsv7M3_T_le_eabi.lib : ll_mul_t2.asm.obj (.text)
                  0000b6f0    00000018     app_ble_pem3.oem3 (.text:ti_sysbios_BIOS_rtsUnlock__I)
                  0000b708    00000018     rom_sysbios.aem3 : rom_sysbios.obj (.text:ti_sysbios_heaps_HeapCallback_Instance_init__E)
                  0000b720    00000018                      : rom_sysbios.obj (.text:ti_sysbios_knl_Swi_or__E)
                  0000b738    00000018     app_ble_pem3.oem3 (.text:ti_sysbios_rom_cortexm_cc26xx_r2_CC26xx_checkRevision__E)
                  0000b750    00000018     rom_sysbios.aem3 : rom_sysbios.obj (.text:xdc_runtime_Error_init__E)
                  0000b768    00000016     display.aem3 : DisplayUart.oem3 (.text:DisplayUartAnsi_close)
                  0000b77e    00000016     icall.obj (.text:ICall_leaveCSImpl)
                  0000b794    00000016     icall.obj (.text:ICall_pwrDispense)
                  0000b7aa    00000016     icall.obj (.text:ICall_pwrRequire)
                  0000b7c0    00000016     RFCC26XX_singleMode.obj (.text:RF_restartClockTimeout$6)
                  0000b7d6    00000016     ble_user_config.obj (.text:driverTable_fnSpinlock)
                  0000b7ec    00000016     oad.obj (.text:oadReadAttrCB$16)
                  0000b802    00000016     app_ble_pem3.oem3 (.text:ti_sysbios_BIOS_errorRaiseHook__I)
                  0000b818    00000016     app_ble_pem3.oem3 (.text:ti_sysbios_BIOS_exitFunc__I)
                  0000b82e    00000014     drivers_cc26x0r2.aem3 : List.oem3 (.text:List_clearList)
                  0000b842    00000014     driverlib.lib : aux_adc.obj (.text:NOROM_AUXADCValueToMicrovolts)
                  0000b856    00000002     --HOLE-- [fill = 0]
                  0000b858    00000014     drivers_cc26x0r2.aem3 : PINCC26XX.oem3 (.text:PINCC26XX_getInputValue)
                  0000b86c    00000014     RFCC26XX_singleMode.obj (.text:RF_Params_init)
                  0000b880    00000014     RFCC26XX_singleMode.obj (.text:RF_dbellSyncOnAck$6)
                  0000b894    00000014     RFCC26XX_singleMode.obj (.text:RF_getCmdOp)
                  0000b8a8    00000014     RFCC26XX_singleMode.obj (.text:RF_ratGetChannel$6)
                  0000b8bc    00000014     drivers_cc26x0r2.aem3 : SPI.oem3 (.text:SPI_Params_init)
                  0000b8d0    00000014     board_key.obj (.text:Task_sleepMS)
                  0000b8e4    00000014     drivers_cc26x0r2.aem3 : PowerCC26XX.oem3 (.text:configureRFCoreClocks)
                  0000b8f8    00000014     flash_interface_ext_rtos.obj (.text:flash_close)
                  0000b90c    00000014     rtsv7M3_T_le_eabi.lib : strlen.c.obj (.text:strlen)
                  0000b920    00000014     rom_sysbios.aem3 : rom_sysbios.obj (.text:ti_sysbios_family_arm_cc26xx_Timer_getCount64__E)
                  0000b934    00000014     app_ble_pem3.oem3 (.text:ti_sysbios_heaps_HeapCallback_Object__get__S)
                  0000b948    00000014     app_ble_pem3.oem3 (.text:ti_sysbios_knl_Clock_doTick__I)
                  0000b95c    00000012     gattservapp_util.obj (.text:GATTServApp_FindAttr)
                  0000b96e    00000012     drivers_cc26x0r2.aem3 : RingBuf.oem3 (.text:RingBuf_construct)
                  0000b980    00000012     dpl_cc26x0r2.aem3 : SemaphoreP_tirtos.oem3 (.text:SemaphoreP_pend)
                  0000b992    00000012                       : SwiP_tirtos.oem3 (.text:SwiP_inISR)
                  0000b9a4    00000012     rtsv7M3_T_le_eabi.lib : strcpy.c.obj (.text:strcpy)
                  0000b9b6    00000012     app_ble_pem3.oem3 (.text:xdc_runtime_Startup_exec__I)
                  0000b9c8    00000010     board_key.obj (.text:Board_setLed0_my)
                  0000b9d8    00000010     board_key.obj (.text:Board_setLed1_my)
                  0000b9e8    00000010     dpl_cc26x0r2.aem3 : ClockP_tirtos.oem3 (.text:ClockP_isActive)
                  0000b9f8    00000010     gattservapp_util.obj (.text:GATTServApp_ReadCharCfg)
                  0000ba08    00000010     dpl_cc26x0r2.aem3 : HwiP_tirtos.oem3 (.text:HwiP_Params_init)
                  0000ba18    00000010                       : HwiP_tirtos.oem3 (.text:HwiP_inISR)
                  0000ba28    00000010     icall.obj (.text:ICall_taskEntry$8)
                  0000ba38    00000010     driverlib.lib : aux_adc.obj (.text:NOROM_AUXADCFlushFifo)
                  0000ba48    00000010                   : aux_adc.obj (.text:NOROM_AUXADCReadFifo)
                  0000ba58    00000010     drivers_cc26x0r2.aem3 : PINCC26XX.oem3 (.text:PINCC26XX_getPinCount)
                  0000ba68    00000010     RFCC26XX_singleMode.obj (.text:RF_dbellSubmitCmdAsync$6)
                  0000ba78    00000010     simple_peripheral_oad_offchip.obj (.text:SimplePeripheral_clockHandler$3)
                  0000ba88    00000010     simple_peripheral_oad_offchip.obj (.text:SimplePeripheral_processOadWriteCB$3)
                  0000ba98    00000010     dpl_cc26x0r2.aem3 : SwiP_tirtos.oem3 (.text:SwiP_Params_init)
                  0000baa8    00000010     util.obj (.text:Util_isActive)
                  0000bab8    00000010     ExtFlash.obj (.text:extFlashDeselect$13)
                  0000bac8    00000010     ExtFlash.obj (.text:extFlashSelect$13)
                  0000bad8    00000010     peripheral_observer.obj (.text:gapRole_setEvent$22)
                  0000bae8    00000010     hal_assert.obj (.text:halAssertHandlerExt)
                  0000baf8    00000010     rom_sysbios.aem3 : rom_sysbios.obj (.text:ti_sysbios_family_arm_m3_Hwi_post__E)
                  0000bb08    00000010                      : rom_sysbios.obj (.text:ti_sysbios_heaps_HeapCallback_alloc__E)
                  0000bb18    00000010                      : rom_sysbios.obj (.text:ti_sysbios_heaps_HeapCallback_free__E)
                  0000bb28    00000010                      : rom_sysbios.obj (.text:ti_sysbios_heaps_HeapCallback_getStats__E)
                  0000bb38    00000010                      : rom_sysbios.obj (.text:ti_sysbios_heaps_HeapCallback_isBlocking__E)
                  0000bb48    00000010     drivers_cc26x0r2.aem3 : UARTCC26XX.oem3 (.text:uartPostNotify)
                  0000bb58    00000010     rom_sysbios.aem3 : rom_sysbios.obj (.text:xdc_runtime_SysCallback_putch__E)
                  0000bb68    00000010                      : rom_sysbios.obj (.text:xdc_runtime_SysCallback_ready__E)
                  0000bb78    00000010                      : rom_sysbios.obj (.text:xdc_runtime_System_vsnprintf__E)
                  0000bb88    0000000e     icall.obj (.text:ICall_abort)
                  0000bb96    0000000e     icall.obj (.text:ICall_signal)
                  0000bba4    0000000e     driverlib.lib : uart.obj (.text:NOROM_UARTCharGetNonBlocking)
                  0000bbb2    0000000e                   : uart.obj (.text:NOROM_UARTCharPutNonBlocking)
                  0000bbc0    0000000e     RFCC26XX_singleMode.obj (.text:RF_cancelCmd)
                  0000bbce    0000000e     drivers_cc26x0r2.aem3 : SPICC26XXDMA.oem3 (.text:SPICC26XXDMA_init)
                  0000bbdc    0000000e     rtsv7M3_T_le_eabi.lib : copy_decompress_none.c.obj (.text:decompress:none:__TI_decompress_none)
                  0000bbea    0000000e     rom_sysbios.aem3 : rom_sysbios.obj (.text:ti_sysbios_family_arm_cc26xx_TimestampProvider_get32__E)
                  0000bbf8    0000000c     display.aem3 : Display.oem3 (.text:Display_doClearLines)
                  0000bc04    0000000c     icall.obj (.text:ICall_clockFunc$8)
                  0000bc10    0000000c     driverlib.lib : cpu.obj (.text:NOROM_CPUcpsid)
                  0000bc1c    0000000c                   : cpu.obj (.text:NOROM_CPUcpsie)
                  0000bc28    0000000c                   : osc.obj (.text:NOROM_OSC_HPOSCRelativeFrequencyOffsetToRFCoreFormatConvert)
                  0000bc34    0000000c                   : ssi.obj (.text:NOROM_SSIDataGet)
                  0000bc40    0000000c     drivers_cc26x0r2.aem3 : PINCC26XX.oem3 (.text:PIN_registerIntCb)
                  0000bc4c    0000000c                           : PowerCC26XX.oem3 (.text:Power_getConstraintMask)
                  0000bc58    0000000c                           : PowerCC26XX.oem3 (.text:Power_getDependencyCount)
                  0000bc64    0000000c     RFCC26XX_singleMode.obj (.text:RF_powerConstraintGet)
                  0000bc70    0000000c     dpl_cc26x0r2.aem3 : SemaphoreP_tirtos.oem3 (.text:SemaphoreP_delete)
                  0000bc7c    0000000c     rtsv7M3_T_le_eabi.lib : _lock.c.obj (.text:_register_lock)
                  0000bc88    0000000c                           : _lock.c.obj (.text:_register_unlock)
                  0000bc94    0000000c                           : copy_zero_init.c.obj (.text:decompress:ZI:__TI_zero_init)
                  0000bca0    0000000c     icall.obj (.text:matchLiteCS$8)
                  0000bcac    0000000c     icall.obj (.text:osalHeapGetStatsFxn)
                  0000bcb8    0000000c     icall.obj (.text:osalHeapInitFxn)
                  0000bcc4    0000000c     drivers_cc26x0r2.aem3 : SPICC26XXDMA.oem3 (.text:spiPostNotify)
                  0000bcd0    0000000c     rom_sysbios.aem3 : rom_sysbios.obj (.text:ti_sysbios_BIOS_getThreadType__E)
                  0000bcdc    0000000c                      : rom_sysbios.obj (.text:ti_sysbios_knl_Swi_getTrigger__E)
                  0000bce8    0000000c     app_ble_pem3.oem3 (.text:xdc_runtime_Startup_reset__I)
                  0000bcf4    0000000a     drivers_cc26x0r2.aem3 : ADC.oem3 (.text:ADC_Params_init)
                  0000bcfe    0000000a                           : ADC.oem3 (.text:ADC_close)
                  0000bd08    0000000a                           : ADC.oem3 (.text:ADC_convert)
                  0000bd12    0000000a                           : ADC.oem3 (.text:ADC_convertToMicroVolts)
                  0000bd1c    0000000a     dpl_cc26x0r2.aem3 : ClockP_tirtos.oem3 (.text:ClockP_Params_init)
                  0000bd26    0000000a     icall.obj (.text:ICall_stopTimer)
                  0000bd30    0000000a     driverlib.lib : ssi.obj (.text:NOROM_SSIDataPut)
                  0000bd3a    0000000a     RFCC26XX_singleMode.obj (.text:RF_flushCmd)
                  0000bd44    0000000a     drivers_cc26x0r2.aem3 : SPI.oem3 (.text:SPI_close)
                  0000bd4e    0000000a                           : SPI.oem3 (.text:SPI_transfer)
                  0000bd58    0000000a     simple_peripheral_oad_offchip.obj (.text:SimplePeripheral_charValueChangeCB$3)
[...]
1001c465  xdc_runtime_Assert_raise__I                                               
1001c4ad  xdc_runtime_Core_assignParams__I                                          
1001c4f5  xdc_runtime_Core_constructObject__I                                       
1001c581  xdc_runtime_System_atexit__E                                              
1001c5b9  xdc_runtime_Core_assignLabel__I                                           
1001c5ed  xdc_runtime_System_processAtExit__E                                       
1001c621  xdc_runtime_Text_cordText__E                                              
1001c64d  xdc_runtime_System_abort__E                                               
1001c66d  xdc_runtime_Error_raiseX__E                                               
1001c689  xdc_runtime_Memory_valloc__E                                              
1001c6a5  xdc_runtime_Core_destructObject__I                                        
1001c6bd  xdc_runtime_Error_check__E                                                
1001c6d5  xdc_runtime_System_exit__E                                                
1001c6ed  xdc_runtime_Text_ropeText__E                                              
1001c705  xdc_runtime_Memory_free__E                                                
1001c715  xdc_runtime_SysCallback_abort__E                                          
1001c715  xdc_runtime_System_SupportProxy_abort__E                                  
1001c725  xdc_runtime_SysCallback_exit__E                                           
1001c725  xdc_runtime_System_SupportProxy_exit__E                                   
1001c735  xdc_runtime_Timestamp_SupportProxy_get32__E                               
1001c735  xdc_runtime_Timestamp_get32__E                                            
1001c735  xdc_runtime_Timestamp_get32__E                                            
1001c751  xdc_runtime_Memory_calloc__E                                              
1001c75d  xdc_runtime_Memory_getMaxDefaultTypeAlign__E                              
1001c769  xdc_runtime_Startup_rtsDone__E                                            
1001c775  xdc_runtime_Memory_HeapProxy_alloc__E                                     
1001c77f  xdc_runtime_Memory_HeapProxy_free__E                                      
1001c789  xdc_runtime_Gate_leaveSystem__E                                           
1001c78f  xdc_runtime_System_Module_startup__E                                      
1001c795  xdc_runtime_Gate_enterSystem__E                                           
1001c799  xdc_runtime_System_Module_GateProxy_enter__E                              
1001c79d  xdc_runtime_System_Module_GateProxy_leave__E                              
1001c7a1  xdc_runtime_System_abortSpin__E                                           
1001c7a3  xdc_runtime_System_exitSpin__E                                            
1001c7a5  ti_sysbios_family_arm_m3_Hwi_dispatch__I                                  
1001c86d  ti_sysbios_family_arm_m3_TaskSupport_buildTaskStack                       
1001c8b9  ti_sysbios_family_arm_m3_Hwi_initStacks__E                                
1001c901  ti_sysbios_family_arm_m3_Hwi_excHandlerAsm__I                             
1001c921  ti_sysbios_family_xxx_Hwi_switchAndRunFunc                                
1001c93f  ti_sysbios_family_arm_m3_Hwi_pendSV__I                                    
1001c957  ti_sysbios_family_arm_m3_Hwi_return                                       
1001c959  ti_sysbios_family_arm_m3_TaskSupport_glue                                 
1001c969  ti_sysbios_family_arm_m3_TaskSupport_swap__E                              
1001c969  ti_sysbios_knl_Task_SupportProxy_swap__E                                  
1001c969  ti_sysbios_knl_Task_SupportProxy_swap__E__mangled__                       
1001c971  ti_sysbios_knl_Task_swapReturn                                            
1001c978  ti_sysbios_knl_Task_Object__PARAMS__C                                     
1001c9b4  ti_sysbios_knl_Mailbox_Object__PARAMS__C                                  
1001c9e8  ti_sysbios_family_arm_m3_Hwi_Object__PARAMS__C                            
1001ca18  ti_sysbios_hal_Hwi_Object__PARAMS__C                                      
1001ca44  ti_sysbios_knl_Swi_Object__PARAMS__C                                      
1001ca6c  ti_sysbios_heaps_HeapMem_Object__PARAMS__C                                
1001ca90  ti_sysbios_knl_Clock_Object__PARAMS__C                                    
1001cab4  ti_sysbios_knl_Semaphore_Object__PARAMS__C                                
1001cad8  ti_sysbios_gates_GateHwi_Object__PARAMS__C                                
1001caf0  ti_sysbios_gates_GateMutex_Object__PARAMS__C                              
1001cb08  ti_sysbios_knl_Event_Object__PARAMS__C                                    
1001cb20  ti_sysbios_knl_Queue_Object__PARAMS__C                                    
1001cb68  ti_sysbios_gates_GateMutex_Instance_State_sem__O                          
1001cb6c  ti_sysbios_knl_Clock_Module_State_clockQ__O                               
1001cb70  ti_sysbios_knl_Event_Instance_State_pendQ__O                              
1001cb74  ti_sysbios_knl_Mailbox_Instance_State_dataQue__O                          
1001cb78  ti_sysbios_knl_Mailbox_Instance_State_dataSem__O                          
1001cb7c  ti_sysbios_knl_Mailbox_Instance_State_freeQue__O                          
1001cb80  ti_sysbios_knl_Mailbox_Instance_State_freeSem__O                          
1001cb84  ti_sysbios_knl_Semaphore_Instance_State_pendQ__O                          
1001cb88  ti_sysbios_knl_Task_Module_State_inactiveQ__O                             
20000000  __UNUSED_SRAM_start__                                                     
20000000  ti_sysbios_family_arm_m3_Hwi_ramVectors                                   
20000100  ti_sysbios_knl_Task_Module__state__V                                      
20000144  ti_sysbios_family_arm_m3_Hwi_Module__state__V                             
20000178  ti_sysbios_knl_Clock_Module__state__V                                     
200001a4  ti_sysbios_BIOS_Module__state__V                                          
200001c8  ti_sysbios_knl_Swi_Module__state__V                                       
200001e4  ti_sysbios_family_arm_cc26xx_Timer_Module__state__V                       
200001ec  ti_sysbios_family_arm_cc26xx_TimestampProvider_Module__state__V           
200001f0  xdc_runtime_Startup_Module__state__V                                      
200001f8  xdc_runtime_System_Module__state__V                                       
20000200  xdc_runtime_Memory_Module__state__V                                       
20000204  xdc_runtime_Error_Module__state__V                                        
20000520  ramStartHere                                                              
20000524  previonsMode                                                              
20000525  iExpectedCrc                                                              
20000526  iCurrCmd                                                                  
20000528  iRecivedLen                                                               
2000052a  iSendedLen                                                                
2000052c  iExpectedLen                                                              
2000052e  iBuffInLen                                                                
20000530  iBuffOutLen                                                               
20000534  dispHandle                                                                
20000548  pBuffIn                                                                   
2000054c  pBuffOut                                                                  
20000558  connectionEventRegisterCauseBitMap                                        
2000055c  curCmd                                                                    
20000588  AdvTypeStrings                                                            
200005f4  sbpTask                                                                   
200006a2  cur_tag_settings                                                          
20000738  sbpTaskStack                                                              
20000b20  linkDBNumConns                                                            
20000c34  gapRoleTask                                                               
20000c88  gapRoleTaskStack                                                          
20000e7a  metaPage                                                                  
20001340  pinUpperBound                                                             
20001344  pinLowerBound                                                             
200013d8  pinHandleTable                                                            
20001454  PowerCC26XX_module                                                        
2000156c  appKeyChangeHandler                                                       
20001570  hKeyPins                                                                  
20001574  ledPinHandle                                                              
20001578  ButtonTableWakeUp                                                         
20001580  keyPinsCfg                                                                
2000158c  keyPins                                                                   
20001598  ledPinState                                                               
200015a4  ledPinTable                                                               
20001624  maxR                                                                      
20001625  outR                                                                      
20001626  maxG                                                                      
20001627  outG                                                                      
20001628  maxV                                                                      
20001629  outV                                                                      
2000162a  iR                                                                        
2000162b  valR                                                                      
2000162c  iG                                                                        
2000162d  iV                                                                        
2000162e  cntR                                                                      
2000162f  cntG                                                                      
20001630  cntV                                                                      
20001631  ignoreR                                                                   
20001632  ignoreG                                                                   
20001633  ignoreV                                                                   
20001634  change_md                                                                 
2000163c  run_md                                                                    
20001644  conn_md                                                                   
2000164c  on_pw                                                                     
20001654  off_pw                                                                    
2000165c  simpleblink                                                               
20001668  akk_full                                                                  
20001674  akk_medium                                                                
20001680  akk_low                                                                   
2000168c  start_st                                                                  
20001698  normal_st                                                                 
200016a4  finish_st                                                                 
200016b0  redBP                                                                     
200016bc  greenBP                                                                   
200016c8  vibroBP                                                                   
200016dc  ICall_enterCriticalSection                                                
200016e0  ICall_leaveCriticalSection                                                
200016f0  heapmgrMemFreeTotal                                                       
200016fc  HEAPMGR_SIZE                                                              
20001700  ICall_dispatcher                                                          
200017dc  ti_sysbios_knl_Task_Object__table__V                                      
20001828  ti_sysbios_family_arm_cc26xx_Timer_Object__table__V                       
20001870  ti_sysbios_hal_SecondsClock_Module__state__V                              
200018ac  ti_sysbios_gates_GateMutex_Object__table__V                               
200018e4  rfRegTbl                                                                  
20001914  ti_sysbios_knl_Swi_Module_State_0_readyQ__A                               
20001944  ti_sysbios_knl_Swi_Object__table__V                                       
20001974  ti_sysbios_knl_Task_Module_State_0_readyQ__A                              
200019ac  K2_mont                                                                   
20001a0c  ti_sysbios_knl_Clock_Object__table__V                                     
20001a2c  xdc_runtime_Error_IgnoreBlock                                             
20001a4c  ti_sysbios_family_arm_m3_Hwi_Object__table__V                             
20001a64  stackImageHeader                                                          
20001a68  user0Cfg                                                                  
20001a78  bleAppServiceInfoTable                                                    
20001a88  rfModeOverride                                                            
20001a98  ti_sysbios_heaps_HeapCallback_Object__table__V                            
20001ab8  pfnBMAlloc                                                                
20001abc  pfnBMFree                                                                 
20001ac0  assertSubcause                                                            
20001ac1  legacyMode                                                                
20001ac4  halAssertCback                                                            
20001ac8  _lock                                                                     
20001acc  _unlock                                                                   
20001ad0  pRfErrCb                                                                  
20001ad4  lastAppOpcodeIdxSent                                                      
20001ad8  ti_sysbios_family_arm_cc26xx_Seconds_Module__state__V                     
20001ae0  ti_sysbios_family_arm_m3_Hwi_Module__root__V                              
20001ae8  ti_sysbios_gates_GateHwi_Module__root__V                                  
20001af0  ti_sysbios_gates_GateMutex_Module__root__V                                
20001af8  ti_sysbios_hal_Hwi_Module__root__V                                        
20001b00  ti_sysbios_heaps_HeapCallback_Module__root__V                             
20001b08  ti_sysbios_heaps_HeapMem_Module__root__V                                  
20001b10  ti_sysbios_knl_Clock_Module__root__V                                      
20001b18  ti_sysbios_knl_Event_Module__root__V                                      
20001b20  ti_sysbios_knl_Mailbox_Module__root__V                                    
20001b28  ti_sysbios_knl_Queue_Module__root__V                                      
20001b30  ti_sysbios_knl_Semaphore_Module__root__V                                  
20001b38  ti_sysbios_knl_Swi_Module__root__V                                        
20001b40  ti_sysbios_knl_Task_Module__root__V                                       
20001b48  xdc_runtime_Registry_Module__state__V                                     
20001b50  appAssertCback                                                            
20001b58  main_func_sp                                                              
20001b5c  ti_sysbios_family_arm_m3_Hwi_Module_State_0_excContext__A                 
20001b60  ti_sysbios_family_arm_m3_Hwi_Module_State_0_excStack__A                   
20001b64  ti_sysbios_knl_Task_Module_State_0_idleTask__A                            
20001b68  ti_sysbios_family_arm_m3_Hwi_Module_State_0_excActive__A                  
20001f10  ti_sysbios_knl_Task_Instance_State_0_stack__A                             
20002110  spiCC26XXDMAObjects                                                       
200022d8  uartCC26XXObjects                                                         
20002400  crcBuf                                                                    
20002500  adcCC26xxObjects                                                          
200025dc  ti_sysbios_family_arm_m3_Hwi_dispatchTable                                
20002724  cryptoCC26XXObjects                                                       
200027a4  uartCC26XXRingBuffer                                                      
200027c4  udmaObjects                                                               
2000281c  displayUartObject                                                         
20002828  PowerCC26XX_taskKey                                                       
2000282c  PowerCC26XX_swiKey                                                        
20002838  ClockP_tickPeriod                                                         
2000283c  trngCC26XXObjects                                                         
20002844  driverlib_release_0_53646                                                 
20002845  heapStart                                                                 
20003b50  __stack                                                                   
20003b50  heapEnd                                                                   
20003f50  __STACK_END                                                               
20003f50  __STACK_TOP                                                               
20004f80  eccRom_param_Gx                                                           
20004f84  eccRom_param_Gy                                                           
20004f88  eccRom_workzone                                                           
20004f8c  eccRom_param_p                                                            
20004f90  eccRom_param_r                                                            
20004f94  eccRom_param_a                                                            
20004f98  eccRom_param_b                                                            
20004f9c  eccRom_windowSize                                                         
20005000  __UNUSED_SRAM_end__                                                       
e000e000  ti_sysbios_family_arm_m3_Hwi_nvic                                         
ffffffff  __TI_pprof_out_hndl                                                       
ffffffff  __TI_prof_data_size                                                       
ffffffff  __TI_prof_data_start                                                      
ffffffff  __binit__                                                                 
ffffffff  __c_args__                                                                
ffffffff  binit                                                                     
UNDEFED   SHT$$INIT_ARRAY$$Base                                                     
UNDEFED   SHT$$INIT_ARRAY$$Limit                                                    

[1197 symbols]
