******************************************************************************
                  TI ARM Linker PC v18.1.3                     
******************************************************************************
>> Linked Wed Mar 27 16:13:56 2019

OUTPUT FILE NAME:   <sport_tag_FlashROM.out>
ENTRY POINT SYMBOL: "ResetISR"  address: 0000a695


MEMORY CONFIGURATION

         name            origin    length      used     unused   attr    fill
----------------------  --------  ---------  --------  --------  ----  --------
  FLASH_IMG_HDR         00000000   000000a8  000000a5  00000003  R  X
  ENTRY                 000000a8   00000040  0000003c  00000004  R  X
  FLASH                 000000e8   00012f98  0000ddf0  000051a8  R  X
  $BOUND$0x1a000        0001a000   00004000  00004000  00000000  R IX
  SRAM                  20000000   00003f50  000028df  00001671  RW X


SEGMENT ALLOCATION MAP

run origin  load origin   length   init length attrs members
----------  ----------- ---------- ----------- ----- -------
00000000    00000000    0000dedc   0000dedc    r-x
  00000000    00000000    000000a5   000000a5    r-- .img_hdr
  000000a8    000000a8    0000003c   0000003c    r-- .resetVecs
  000000e8    000000e8    00000f18   00000f18    r-x .text.1
  00001000    00001000    00000028   00000028    r-- .const:ti_sysbios_heaps_HeapMem_Module__FXNS__C
  00001028    00001028    00000024   00000024    r-- .const:ti_sysbios_gates_GateHwi_Module__FXNS__C
  0000104c    0000104c    00000024   00000024    r-- .const:ti_sysbios_gates_GateMutex_Module__FXNS__C
  00001070    00001070    00000020   00000020    r-- .const:ti_sysbios_family_arm_m3_Hwi_Object__DESC__C
  00001090    00001090    00000020   00000020    r-- .const:ti_sysbios_gates_GateHwi_Object__DESC__C
  000010b0    000010b0    00000020   00000020    r-- .const:ti_sysbios_gates_GateMutex_Object__DESC__C
  000010d0    000010d0    00000020   00000020    r-- .const:ti_sysbios_hal_Hwi_Object__DESC__C
  000010f0    000010f0    00000020   00000020    r-- .const:ti_sysbios_heaps_HeapMem_Object__DESC__C
  00001110    00001110    00000020   00000020    r-- .const:ti_sysbios_knl_Clock_Object__DESC__C
  00001130    00001130    00000020   00000020    r-- .const:ti_sysbios_knl_Event_Object__DESC__C
  00001150    00001150    00000020   00000020    r-- .const:ti_sysbios_knl_Mailbox_Object__DESC__C
  00001170    00001170    00000020   00000020    r-- .const:ti_sysbios_knl_Queue_Object__DESC__C
  00001190    00001190    00000020   00000020    r-- .const:ti_sysbios_knl_Semaphore_Object__DESC__C
  000011b0    000011b0    00000020   00000020    r-- .const:ti_sysbios_knl_Swi_Object__DESC__C
  000011d0    000011d0    00000020   00000020    r-- .const:ti_sysbios_knl_Task_Object__DESC__C
  000011f0    000011f0    00000008   00000008    r-- .const:ti_sysbios_knl_Idle_funcList__C
  000011f8    000011f8    00000004   00000004    r-- .const:ti_sysbios_family_arm_cc26xx_Timer_startupNeeded__C
  000011fc    000011fc    00000004   00000004    r-- .const:ti_sysbios_family_arm_m3_Hwi_E_alreadyDefined__C
  00001200    00001200    00000004   00000004    r-- .const:ti_sysbios_family_arm_m3_Hwi_E_hwiLimitExceeded__C
  00001204    00001204    00000004   00000004    r-- .const:ti_sysbios_family_arm_m3_Hwi_NUM_INTERRUPTS__C
  00001208    00001208    00000004   00000004    r-- .const:ti_sysbios_family_arm_m3_Hwi_Object__count__C
  0000120c    0000120c    00000004   00000004    r-- .const:ti_sysbios_family_arm_m3_Hwi_Object__table__C
  00001210    00001210    00000004   00000004    r-- .const:ti_sysbios_family_arm_m3_Hwi_ccr__C
  00001214    00001214    00000004   00000004    r-- .const:ti_sysbios_family_arm_m3_Hwi_excHandlerFunc__C
  00001218    00001218    00000004   00000004    r-- .const:ti_sysbios_family_arm_m3_Hwi_nullIsrFunc__C
  0000121c    0000121c    00000004   00000004    r-- .const:ti_sysbios_family_arm_m3_Hwi_numSparseInterrupts__C
  00001220    00001220    00000004   00000004    r-- .const:ti_sysbios_family_arm_m3_Hwi_priGroup__C
  00001224    00001224    00000004   00000004    r-- .const:ti_sysbios_family_arm_m3_TaskSupport_stackAlignment__C
  00001228    00001228    00000004   00000004    r-- .const:ti_sysbios_heaps_HeapMem_E_memory__C
  0000122c    0000122c    00000004   00000004    r-- .const:ti_sysbios_heaps_HeapMem_Module__gateObj__C
  00001230    00001230    00000004   00000004    r-- .const:ti_sysbios_heaps_HeapMem_Object__count__C
  00001234    00001234    00000004   00000004    r-- .const:ti_sysbios_heaps_HeapMem_Object__table__C
  00001238    00001238    00000004   00000004    r-- .const:ti_sysbios_heaps_HeapMem_reqAlign__C
  0000123c    0000123c    00000004   00000004    r-- .const:ti_sysbios_knl_Clock_triggerClock__C
  00001240    00001240    00000004   00000004    r-- .const:ti_sysbios_knl_Mailbox_Object__count__C
  00001244    00001244    00000004   00000004    r-- .const:ti_sysbios_knl_Mailbox_Object__table__C
  00001248    00001248    00000004   00000004    r-- .const:ti_sysbios_knl_Mailbox_maxTypeAlign__C
  0000124c    0000124c    00000004   00000004    r-- .const:ti_sysbios_knl_Queue_Object__count__C
  00001250    00001250    00000004   00000004    r-- .const:ti_sysbios_knl_Queue_Object__table__C
  00001254    00001254    00000004   00000004    r-- .const:ti_sysbios_knl_Semaphore_eventPost__C
  00001258    00001258    00000004   00000004    r-- .const:ti_sysbios_knl_Semaphore_eventSync__C
  0000125c    0000125c    00000004   00000004    r-- .const:ti_sysbios_knl_Swi_Object__count__C
  00001260    00001260    00000004   00000004    r-- .const:ti_sysbios_knl_Swi_Object__table__C
  00001264    00001264    00000004   00000004    r-- .const:ti_sysbios_knl_Swi_numPriorities__C
  00001268    00001268    00000004   00000004    r-- .const:ti_sysbios_knl_Task_Object__count__C
  0000126c    0000126c    00000004   00000004    r-- .const:ti_sysbios_knl_Task_Object__table__C
  00001270    00001270    00000004   00000004    r-- .const:ti_sysbios_knl_Task_allBlockedFunc__C
  00001274    00001274    00000004   00000004    r-- .const:ti_sysbios_knl_Task_defaultStackHeap__C
  00001278    00001278    00000004   00000004    r-- .const:ti_sysbios_knl_Task_defaultStackSize__C
  0000127c    0000127c    00000004   00000004    r-- .const:ti_sysbios_knl_Task_numConstructedTasks__C
  00001280    00001280    00000002   00000002    r-- .const:ti_sysbios_family_arm_cc26xx_Timer_Module__id__C
  00001282    00001282    00000002   00000002    r-- .const:ti_sysbios_family_arm_cc26xx_TimestampProvider_useClockTimer__C
  00001284    00001284    00000002   00000002    r-- .const:ti_sysbios_family_arm_m3_Hwi_Module__id__C
  00001286    00001286    00000002   00000002    r-- .const:ti_sysbios_gates_GateHwi_Module__id__C
  00001288    00001288    00000002   00000002    r-- .const:ti_sysbios_gates_GateMutex_Module__id__C
  0000128a    0000128a    00000002   00000002    r-- .const:ti_sysbios_heaps_HeapMem_Module__id__C
  0000128c    0000128c    00000002   00000002    r-- .const:ti_sysbios_knl_Task_initStackFlag__C
  0000128e    0000128e    00000001   00000001    r-- .const:ti_sysbios_knl_Clock_tickMode__C
  00001290    00001290    00000008   00000008    r-- .const:xdc_runtime_Startup_firstFxns__C
  00001298    00001298    00000008   00000008    r-- .const:xdc_runtime_Startup_lastFxns__C
  000012a0    000012a0    00000004   00000004    r-- .const:xdc_runtime_Assert_E_assertFailed__C
  000012a4    000012a4    00000004   00000004    r-- .const:xdc_runtime_Error_E_memory__C
  000012a8    000012a8    00000004   00000004    r-- .const:xdc_runtime_Error_policyFxn__C
  000012ac    000012ac    00000004   00000004    r-- .const:xdc_runtime_Error_raiseHook__C
  000012b0    000012b0    00000004   00000004    r-- .const:xdc_runtime_IGateProvider_Interface__BASE__C
  000012b4    000012b4    00000004   00000004    r-- .const:xdc_runtime_IHeap_Interface__BASE__C
  000012b8    000012b8    00000004   00000004    r-- .const:xdc_runtime_IModule_Interface__BASE__C
  000012bc    000012bc    00000004   00000004    r-- .const:xdc_runtime_Memory_defaultHeapInstance__C
  000012c0    000012c0    00000004   00000004    r-- .const:xdc_runtime_Startup_execImpl__C
  000012c4    000012c4    00000004   00000004    r-- .const:xdc_runtime_Startup_maxPasses__C
  000012c8    000012c8    00000004   00000004    r-- .const:xdc_runtime_Startup_sfxnRts__C
  000012cc    000012cc    00000004   00000004    r-- .const:xdc_runtime_Startup_sfxnTab__C
  000012d0    000012d0    00000004   00000004    r-- .const:xdc_runtime_Startup_startModsFxn__C
  000012d4    000012d4    00000004   00000004    r-- .const:xdc_runtime_SysCallback_abortFxn__C
  000012d8    000012d8    00000004   00000004    r-- .const:xdc_runtime_SysCallback_exitFxn__C
  000012dc    000012dc    00000004   00000004    r-- .const:xdc_runtime_System_abortFxn__C
  000012e0    000012e0    00000004   00000004    r-- .const:xdc_runtime_System_exitFxn__C
  000012e4    000012e4    00000004   00000004    r-- .const:xdc_runtime_System_maxAtexitHandlers__C
  000012e8    000012e8    00000004   00000004    r-- .const:xdc_runtime_Text_charTab__C
  000012ec    000012ec    00000004   00000004    r-- .const:xdc_runtime_Text_nameEmpty__C
  000012f0    000012f0    00000004   00000004    r-- .const:xdc_runtime_Text_nameStatic__C
  000012f4    000012f4    00000004   00000004    r-- .const:xdc_runtime_Text_nameUnknown__C
  000012f8    000012f8    00000002   00000002    r-- .const:xdc_runtime_Error_maxDepth__C
  000012fa    000012fa    00000002   00000002    r-- .const:xdc_runtime_Memory_Module__id__C
  000012fc    000012fc    00000002   00000002    r-- .const:xdc_runtime_Text_charCnt__C
  000012fe    000012fe    00000002   00000002    r-- .const:xdc_runtime_Text_isLoaded__C
  00001300    00001300    00000001   00000001    r-- .const:xdc_runtime_Error_policy__C
  00001304    00001304    00000004   00000004    r-- .const:ti_sysbios_rom_ROM_ti_sysbios_family_arm_cc26xx_Timer_getCount64__E
  00001308    00001308    00000004   00000004    r-- .const:ti_sysbios_rom_ROM_ti_sysbios_family_arm_cc26xx_Timer_getCurrentTick__E
  0000130c    0000130c    00000004   00000004    r-- .const:ti_sysbios_rom_ROM_ti_sysbios_family_arm_cc26xx_Timer_getMaxTicks__E
  00001310    00001310    00000004   00000004    r-- .const:ti_sysbios_rom_ROM_ti_sysbios_family_arm_cc26xx_Timer_initDevice__I
  00001314    00001314    00000004   00000004    r-- .const:ti_sysbios_rom_ROM_ti_sysbios_family_arm_cc26xx_Timer_setNextTick__E
  00001318    00001318    00000004   00000004    r-- .const:ti_sysbios_rom_ROM_ti_sysbios_family_arm_cc26xx_Timer_setThreshold__I
  0000131c    0000131c    00000004   00000004    r-- .const:ti_sysbios_rom_ROM_ti_sysbios_family_arm_cc26xx_Timer_start__E
  00001320    00001320    00000004   00000004    r-- .const:ti_sysbios_rom_ROM_ti_sysbios_family_arm_cc26xx_TimestampProvider_get32__E
  00001324    00001324    00000004   00000004    r-- .const:ti_sysbios_rom_ROM_xdc_runtime_Startup_getState__I
  00001328    00001328    00000004   00000004    r-- .const:ti_sysbios_rom_ROM_xdc_runtime_System_SupportProxy_abort__E
  0000132c    0000132c    00000004   00000004    r-- .const:ti_sysbios_rom_ROM_xdc_runtime_System_SupportProxy_exit__E
  00001330    00001330    0000bba8   0000bba8    r-x .text.2
  0000ced8    0000ced8    00000a08   00000a08    r-- .const
  0000d8e0    0000d8e0    00000058   00000058    r-- .ccfg
  0000d938    0000d938    000005a4   000005a4    r-- .cinit
0001a000    0001a000    00004000   00000000    rw-
  0001a000    0001a000    00004000   00000000    rw- .TI.bound:flashBuf$23
20000100    20000100    00000106   00000000    rw-
  20000100    20000100    00000044   00000000    rw- .data:ti_sysbios_knl_Task_Module__state__V
  20000144    20000144    00000034   00000000    rw- .data:ti_sysbios_family_arm_m3_Hwi_Module__state__V
  20000178    20000178    0000002c   00000000    rw- .data:ti_sysbios_knl_Clock_Module__state__V
  200001a4    200001a4    00000024   00000000    rw- .data:ti_sysbios_BIOS_Module__state__V
  200001c8    200001c8    0000001c   00000000    rw- .data:ti_sysbios_knl_Swi_Module__state__V
  200001e4    200001e4    00000008   00000000    rw- .data:ti_sysbios_family_arm_cc26xx_Timer_Module__state__V
  200001ec    200001ec    00000004   00000000    rw- .data:ti_sysbios_family_arm_cc26xx_TimestampProvider_Module__state__V
  200001f0    200001f0    00000008   00000000    rw- .data:xdc_runtime_Startup_Module__state__V
  200001f8    200001f8    00000008   00000000    rw- .data:xdc_runtime_System_Module__state__V
  20000200    20000200    00000004   00000000    rw- .data:xdc_runtime_Memory_Module__state__V
  20000204    20000204    00000002   00000000    rw- .data:xdc_runtime_Error_Module__state__V
20000430    20000430    00000010   00000000    rw-
  20000430    20000430    00000010   00000000    rw- .TI.bound:dmaSpi0RxControlTableEntry
20000440    20000440    00000010   00000000    rw-
  20000440    20000440    00000010   00000000    rw- .TI.bound:dmaSpi0TxControlTableEntry
20000500    20000500    00000010   00000000    rw-
  20000500    20000500    00000010   00000000    rw- .TI.bound:dmaSpi1RxControlTableEntry
20000510    20000510    000022e1   00000000    rw-
  20000510    20000510    00000010   00000000    rw- .TI.bound:dmaSpi1TxControlTableEntry
  20000520    20000520    00001580   00000000    rw- .data
  20001aa0    20001aa0    00000d51   00000000    rw- .bss
20003b50    20003b50    00000400   00000000    rw-
  20003b50    20003b50    00000400   00000000    rw- .stack


SECTION ALLOCATION MAP

 output                                  attributes/
section   page    origin      length       input sections
--------  ----  ----------  ----------   ----------------
.text.1    0    000000e8    00000f18     
                  000000e8    000008ec     simple_peripheral_oad_offchip.obj (.text:SimplePeripheral_taskFxn$2)
                  000009d4    00000008     (.tramp.ti_sysbios_knl_Event_pend__E.1)
                  000009dc    00000008     (.tramp.ti_sysbios_knl_Queue_get__E.1)
                  000009e4    00000008     (.tramp.ti_sysbios_knl_Queue_empty__E.1)
                  000009ec    0000059c     peripheral_observer.obj (.text:gapRole_taskFxn$21)
                  00000f88    00000078     drivers_cc26x0r2.aem3 : NVSSPI25X.oem3 (.text:doRead)

.const:ti_sysbios_heaps_HeapMem_Module__FXNS__C 
*          0    00001000    00000028     
                  00001000    00000028     app_ble_pem3.oem3 (.const:ti_sysbios_heaps_HeapMem_Module__FXNS__C)

.const:ti_sysbios_gates_GateHwi_Module__FXNS__C 
*          0    00001028    00000024     
                  00001028    00000024     app_ble_pem3.oem3 (.const:ti_sysbios_gates_GateHwi_Module__FXNS__C)

.const:ti_sysbios_gates_GateMutex_Module__FXNS__C 
*          0    0000104c    00000024     
                  0000104c    00000024     app_ble_pem3.oem3 (.const:ti_sysbios_gates_GateMutex_Module__FXNS__C)

.const:ti_sysbios_family_arm_m3_Hwi_Object__DESC__C 
*          0    00001070    00000020     
                  00001070    00000020     app_ble_pem3.oem3 (.const:ti_sysbios_family_arm_m3_Hwi_Object__DESC__C)

.const:ti_sysbios_gates_GateHwi_Object__DESC__C 
*          0    00001090    00000020     
                  00001090    00000020     app_ble_pem3.oem3 (.const:ti_sysbios_gates_GateHwi_Object__DESC__C)

.const:ti_sysbios_gates_GateMutex_Object__DESC__C 
*          0    000010b0    00000020     
                  000010b0    00000020     app_ble_pem3.oem3 (.const:ti_sysbios_gates_GateMutex_Object__DESC__C)

.const:ti_sysbios_hal_Hwi_Object__DESC__C 
*          0    000010d0    00000020     
                  000010d0    00000020     app_ble_pem3.oem3 (.const:ti_sysbios_hal_Hwi_Object__DESC__C)

.const:ti_sysbios_heaps_HeapMem_Object__DESC__C 
*          0    000010f0    00000020     
                  000010f0    00000020     app_ble_pem3.oem3 (.const:ti_sysbios_heaps_HeapMem_Object__DESC__C)

.const:ti_sysbios_knl_Clock_Object__DESC__C 
*          0    00001110    00000020     
                  00001110    00000020     app_ble_pem3.oem3 (.const:ti_sysbios_knl_Clock_Object__DESC__C)

.const:ti_sysbios_knl_Event_Object__DESC__C 
*          0    00001130    00000020     
                  00001130    00000020     app_ble_pem3.oem3 (.const:ti_sysbios_knl_Event_Object__DESC__C)

.const:ti_sysbios_knl_Mailbox_Object__DESC__C 
*          0    00001150    00000020     
                  00001150    00000020     app_ble_pem3.oem3 (.const:ti_sysbios_knl_Mailbox_Object__DESC__C)

.const:ti_sysbios_knl_Queue_Object__DESC__C 
*          0    00001170    00000020     
                  00001170    00000020     app_ble_pem3.oem3 (.const:ti_sysbios_knl_Queue_Object__DESC__C)

.const:ti_sysbios_knl_Semaphore_Object__DESC__C 
*          0    00001190    00000020     
                  00001190    00000020     app_ble_pem3.oem3 (.const:ti_sysbios_knl_Semaphore_Object__DESC__C)

.const:ti_sysbios_knl_Swi_Object__DESC__C 
*          0    000011b0    00000020     
                  000011b0    00000020     app_ble_pem3.oem3 (.const:ti_sysbios_knl_Swi_Object__DESC__C)

.const:ti_sysbios_knl_Task_Object__DESC__C 
*          0    000011d0    00000020     
                  000011d0    00000020     app_ble_pem3.oem3 (.const:ti_sysbios_knl_Task_Object__DESC__C)

.const:ti_sysbios_knl_Idle_funcList__C 
*          0    000011f0    00000008     
                  000011f0    00000008     app_ble_pem3.oem3 (.const:ti_sysbios_knl_Idle_funcList__C)

.const:ti_sysbios_family_arm_cc26xx_Timer_startupNeeded__C 
*          0    000011f8    00000004     
                  000011f8    00000004     app_ble_pem3.oem3 (.const:ti_sysbios_family_arm_cc26xx_Timer_startupNeeded__C)

.const:ti_sysbios_family_arm_m3_Hwi_E_alreadyDefined__C 
*          0    000011fc    00000004     
                  000011fc    00000004     app_ble_pem3.oem3 (.const:ti_sysbios_family_arm_m3_Hwi_E_alreadyDefined__C)

.const:ti_sysbios_family_arm_m3_Hwi_E_hwiLimitExceeded__C 
*          0    00001200    00000004     
                  00001200    00000004     app_ble_pem3.oem3 (.const:ti_sysbios_family_arm_m3_Hwi_E_hwiLimitExceeded__C)

.const:ti_sysbios_family_arm_m3_Hwi_NUM_INTERRUPTS__C 
*          0    00001204    00000004     
                  00001204    00000004     app_ble_pem3.oem3 (.const:ti_sysbios_family_arm_m3_Hwi_NUM_INTERRUPTS__C)

.const:ti_sysbios_family_arm_m3_Hwi_Object__count__C 
*          0    00001208    00000004     
                  00001208    00000004     app_ble_pem3.oem3 (.const:ti_sysbios_family_arm_m3_Hwi_Object__count__C)

.const:ti_sysbios_family_arm_m3_Hwi_Object__table__C 
*          0    0000120c    00000004     
                  0000120c    00000004     app_ble_pem3.oem3 (.const:ti_sysbios_family_arm_m3_Hwi_Object__table__C)

.const:ti_sysbios_family_arm_m3_Hwi_ccr__C 
*          0    00001210    00000004     
                  00001210    00000004     app_ble_pem3.oem3 (.const:ti_sysbios_family_arm_m3_Hwi_ccr__C)

.const:ti_sysbios_family_arm_m3_Hwi_excHandlerFunc__C 
*          0    00001214    00000004     
                  00001214    00000004     app_ble_pem3.oem3 (.const:ti_sysbios_family_arm_m3_Hwi_excHandlerFunc__C)

.const:ti_sysbios_family_arm_m3_Hwi_nullIsrFunc__C 
*          0    00001218    00000004     
                  00001218    00000004     app_ble_pem3.oem3 (.const:ti_sysbios_family_arm_m3_Hwi_nullIsrFunc__C)

.const:ti_sysbios_family_arm_m3_Hwi_numSparseInterrupts__C 
*          0    0000121c    00000004     
                  0000121c    00000004     app_ble_pem3.oem3 (.const:ti_sysbios_family_arm_m3_Hwi_numSparseInterrupts__C)

.const:ti_sysbios_family_arm_m3_Hwi_priGroup__C 
*          0    00001220    00000004     
                  00001220    00000004     app_ble_pem3.oem3 (.const:ti_sysbios_family_arm_m3_Hwi_priGroup__C)

.const:ti_sysbios_family_arm_m3_TaskSupport_stackAlignment__C 
*          0    00001224    00000004     
                  00001224    00000004     app_ble_pem3.oem3 (.const:ti_sysbios_family_arm_m3_TaskSupport_stackAlignment__C)

.const:ti_sysbios_heaps_HeapMem_E_memory__C 
*          0    00001228    00000004     
                  00001228    00000004     app_ble_pem3.oem3 (.const:ti_sysbios_heaps_HeapMem_E_memory__C)

.const:ti_sysbios_heaps_HeapMem_Module__gateObj__C 
*          0    0000122c    00000004     
                  0000122c    00000004     app_ble_pem3.oem3 (.const:ti_sysbios_heaps_HeapMem_Module__gateObj__C)

.const:ti_sysbios_heaps_HeapMem_Object__count__C 
*          0    00001230    00000004     
                  00001230    00000004     app_ble_pem3.oem3 (.const:ti_sysbios_heaps_HeapMem_Object__count__C)

.const:ti_sysbios_heaps_HeapMem_Object__table__C 
*          0    00001234    00000004     
                  00001234    00000004     app_ble_pem3.oem3 (.const:ti_sysbios_heaps_HeapMem_Object__table__C)

.const:ti_sysbios_heaps_HeapMem_reqAlign__C 
*          0    00001238    00000004     
                  00001238    00000004     app_ble_pem3.oem3 (.const:ti_sysbios_heaps_HeapMem_reqAlign__C)

.const:ti_sysbios_knl_Clock_triggerClock__C 
*          0    0000123c    00000004     
                  0000123c    00000004     app_ble_pem3.oem3 (.const:ti_sysbios_knl_Clock_triggerClock__C)

.const:ti_sysbios_knl_Mailbox_Object__count__C 
*          0    00001240    00000004     
                  00001240    00000004     app_ble_pem3.oem3 (.const:ti_sysbios_knl_Mailbox_Object__count__C)

.const:ti_sysbios_knl_Mailbox_Object__table__C 
*          0    00001244    00000004     
                  00001244    00000004     app_ble_pem3.oem3 (.const:ti_sysbios_knl_Mailbox_Object__table__C)

.const:ti_sysbios_knl_Mailbox_maxTypeAlign__C 
*          0    00001248    00000004     
                  00001248    00000004     app_ble_pem3.oem3 (.const:ti_sysbios_knl_Mailbox_maxTypeAlign__C)

.const:ti_sysbios_knl_Queue_Object__count__C 
*          0    0000124c    00000004     
                  0000124c    00000004     app_ble_pem3.oem3 (.const:ti_sysbios_knl_Queue_Object__count__C)

.const:ti_sysbios_knl_Queue_Object__table__C 
*          0    00001250    00000004     
                  00001250    00000004     app_ble_pem3.oem3 (.const:ti_sysbios_knl_Queue_Object__table__C)

.const:ti_sysbios_knl_Semaphore_eventPost__C 
*          0    00001254    00000004     
                  00001254    00000004     app_ble_pem3.oem3 (.const:ti_sysbios_knl_Semaphore_eventPost__C)

.const:ti_sysbios_knl_Semaphore_eventSync__C 
*          0    00001258    00000004     
                  00001258    00000004     app_ble_pem3.oem3 (.const:ti_sysbios_knl_Semaphore_eventSync__C)

.const:ti_sysbios_knl_Swi_Object__count__C 
*          0    0000125c    00000004     
                  0000125c    00000004     app_ble_pem3.oem3 (.const:ti_sysbios_knl_Swi_Object__count__C)

.const:ti_sysbios_knl_Swi_Object__table__C 
*          0    00001260    00000004     
                  00001260    00000004     app_ble_pem3.oem3 (.const:ti_sysbios_knl_Swi_Object__table__C)

.const:ti_sysbios_knl_Swi_numPriorities__C 
*          0    00001264    00000004     
                  00001264    00000004     app_ble_pem3.oem3 (.const:ti_sysbios_knl_Swi_numPriorities__C)

.const:ti_sysbios_knl_Task_Object__count__C 
*          0    00001268    00000004     
                  00001268    00000004     app_ble_pem3.oem3 (.const:ti_sysbios_knl_Task_Object__count__C)

.const:ti_sysbios_knl_Task_Object__table__C 
*          0    0000126c    00000004     
                  0000126c    00000004     app_ble_pem3.oem3 (.const:ti_sysbios_knl_Task_Object__table__C)

.const:ti_sysbios_knl_Task_allBlockedFunc__C 
*          0    00001270    00000004     
                  00001270    00000004     app_ble_pem3.oem3 (.const:ti_sysbios_knl_Task_allBlockedFunc__C)

.const:ti_sysbios_knl_Task_defaultStackHeap__C 
*          0    00001274    00000004     
                  00001274    00000004     app_ble_pem3.oem3 (.const:ti_sysbios_knl_Task_defaultStackHeap__C)

.const:ti_sysbios_knl_Task_defaultStackSize__C 
*          0    00001278    00000004     
                  00001278    00000004     app_ble_pem3.oem3 (.const:ti_sysbios_knl_Task_defaultStackSize__C)

.const:ti_sysbios_knl_Task_numConstructedTasks__C 
*          0    0000127c    00000004     
                  0000127c    00000004     app_ble_pem3.oem3 (.const:ti_sysbios_knl_Task_numConstructedTasks__C)

.const:ti_sysbios_family_arm_cc26xx_Timer_Module__id__C 
*          0    00001280    00000002     
                  00001280    00000002     app_ble_pem3.oem3 (.const:ti_sysbios_family_arm_cc26xx_Timer_Module__id__C)

.const:ti_sysbios_family_arm_cc26xx_TimestampProvider_useClockTimer__C 
*          0    00001282    00000002     
                  00001282    00000002     app_ble_pem3.oem3 (.const:ti_sysbios_family_arm_cc26xx_TimestampProvider_useClockTimer__C)

.const:ti_sysbios_family_arm_m3_Hwi_Module__id__C 
*          0    00001284    00000002     
                  00001284    00000002     app_ble_pem3.oem3 (.const:ti_sysbios_family_arm_m3_Hwi_Module__id__C)

.const:ti_sysbios_gates_GateHwi_Module__id__C 
*          0    00001286    00000002     
                  00001286    00000002     app_ble_pem3.oem3 (.const:ti_sysbios_gates_GateHwi_Module__id__C)

.const:ti_sysbios_gates_GateMutex_Module__id__C 
*          0    00001288    00000002     
                  00001288    00000002     app_ble_pem3.oem3 (.const:ti_sysbios_gates_GateMutex_Module__id__C)

.const:ti_sysbios_heaps_HeapMem_Module__id__C 
*          0    0000128a    00000002     
                  0000128a    00000002     app_ble_pem3.oem3 (.const:ti_sysbios_heaps_HeapMem_Module__id__C)

.const:ti_sysbios_knl_Task_initStackFlag__C 
*          0    0000128c    00000002     
                  0000128c    00000002     app_ble_pem3.oem3 (.const:ti_sysbios_knl_Task_initStackFlag__C)

.const:ti_sysbios_knl_Clock_tickMode__C 
*          0    0000128e    00000001     
                  0000128e    00000001     app_ble_pem3.oem3 (.const:ti_sysbios_knl_Clock_tickMode__C)

.const:xdc_runtime_Startup_firstFxns__C 
*          0    00001290    00000008     
                  00001290    00000008     app_ble_pem3.oem3 (.const:xdc_runtime_Startup_firstFxns__C)

.const:xdc_runtime_Startup_lastFxns__C 
*          0    00001298    00000008     
                  00001298    00000008     app_ble_pem3.oem3 (.const:xdc_runtime_Startup_lastFxns__C)

.const:xdc_runtime_Assert_E_assertFailed__C 
*          0    000012a0    00000004     
                  000012a0    00000004     app_ble_pem3.oem3 (.const:xdc_runtime_Assert_E_assertFailed__C)

.const:xdc_runtime_Error_E_memory__C 
*          0    000012a4    00000004     
                  000012a4    00000004     app_ble_pem3.oem3 (.const:xdc_runtime_Error_E_memory__C)

.const:xdc_runtime_Error_policyFxn__C 
*          0    000012a8    00000004     
                  000012a8    00000004     app_ble_pem3.oem3 (.const:xdc_runtime_Error_policyFxn__C)

.const:xdc_runtime_Error_raiseHook__C 
*          0    000012ac    00000004     
                  000012ac    00000004     app_ble_pem3.oem3 (.const:xdc_runtime_Error_raiseHook__C)

.const:xdc_runtime_IGateProvider_Interface__BASE__C 
*          0    000012b0    00000004     
                  000012b0    00000004     app_ble_pem3.oem3 (.const:xdc_runtime_IGateProvider_Interface__BASE__C)

.const:xdc_runtime_IHeap_Interface__BASE__C 
*          0    000012b4    00000004     
                  000012b4    00000004     app_ble_pem3.oem3 (.const:xdc_runtime_IHeap_Interface__BASE__C)

.const:xdc_runtime_IModule_Interface__BASE__C 
*          0    000012b8    00000004     
                  000012b8    00000004     app_ble_pem3.oem3 (.const:xdc_runtime_IModule_Interface__BASE__C)

.const:xdc_runtime_Memory_defaultHeapInstance__C 
*          0    000012bc    00000004     
                  000012bc    00000004     app_ble_pem3.oem3 (.const:xdc_runtime_Memory_defaultHeapInstance__C)

.const:xdc_runtime_Startup_execImpl__C 
*          0    000012c0    00000004     
                  000012c0    00000004     app_ble_pem3.oem3 (.const:xdc_runtime_Startup_execImpl__C)

.const:xdc_runtime_Startup_maxPasses__C 
*          0    000012c4    00000004     
                  000012c4    00000004     app_ble_pem3.oem3 (.const:xdc_runtime_Startup_maxPasses__C)

.const:xdc_runtime_Startup_sfxnRts__C 
*          0    000012c8    00000004     
                  000012c8    00000004     app_ble_pem3.oem3 (.const:xdc_runtime_Startup_sfxnRts__C)

.const:xdc_runtime_Startup_sfxnTab__C 
*          0    000012cc    00000004     
                  000012cc    00000004     app_ble_pem3.oem3 (.const:xdc_runtime_Startup_sfxnTab__C)

.const:xdc_runtime_Startup_startModsFxn__C 
*          0    000012d0    00000004     
                  000012d0    00000004     app_ble_pem3.oem3 (.const:xdc_runtime_Startup_startModsFxn__C)

.const:xdc_runtime_SysCallback_abortFxn__C 
*          0    000012d4    00000004     
                  000012d4    00000004     app_ble_pem3.oem3 (.const:xdc_runtime_SysCallback_abortFxn__C)

.const:xdc_runtime_SysCallback_exitFxn__C 
*          0    000012d8    00000004     
                  000012d8    00000004     app_ble_pem3.oem3 (.const:xdc_runtime_SysCallback_exitFxn__C)

.const:xdc_runtime_System_abortFxn__C 
*          0    000012dc    00000004     
                  000012dc    00000004     app_ble_pem3.oem3 (.const:xdc_runtime_System_abortFxn__C)

.const:xdc_runtime_System_exitFxn__C 
*          0    000012e0    00000004     
                  000012e0    00000004     app_ble_pem3.oem3 (.const:xdc_runtime_System_exitFxn__C)

.const:xdc_runtime_System_maxAtexitHandlers__C 
*          0    000012e4    00000004     
                  000012e4    00000004     app_ble_pem3.oem3 (.const:xdc_runtime_System_maxAtexitHandlers__C)

.const:xdc_runtime_Text_charTab__C 
*          0    000012e8    00000004     
                  000012e8    00000004     app_ble_pem3.oem3 (.const:xdc_runtime_Text_charTab__C)

.const:xdc_runtime_Text_nameEmpty__C 
*          0    000012ec    00000004     
                  000012ec    00000004     app_ble_pem3.oem3 (.const:xdc_runtime_Text_nameEmpty__C)

.const:xdc_runtime_Text_nameStatic__C 
*          0    000012f0    00000004     
                  000012f0    00000004     app_ble_pem3.oem3 (.const:xdc_runtime_Text_nameStatic__C)

.const:xdc_runtime_Text_nameUnknown__C 
*          0    000012f4    00000004     
                  000012f4    00000004     app_ble_pem3.oem3 (.const:xdc_runtime_Text_nameUnknown__C)

.const:xdc_runtime_Error_maxDepth__C 
*          0    000012f8    00000002     
                  000012f8    00000002     app_ble_pem3.oem3 (.const:xdc_runtime_Error_maxDepth__C)

.const:xdc_runtime_Memory_Module__id__C 
*          0    000012fa    00000002     
                  000012fa    00000002     app_ble_pem3.oem3 (.const:xdc_runtime_Memory_Module__id__C)

.const:xdc_runtime_Text_charCnt__C 
*          0    000012fc    00000002     
                  000012fc    00000002     app_ble_pem3.oem3 (.const:xdc_runtime_Text_charCnt__C)

.const:xdc_runtime_Text_isLoaded__C 
*          0    000012fe    00000002     
                  000012fe    00000002     app_ble_pem3.oem3 (.const:xdc_runtime_Text_isLoaded__C)

.const:xdc_runtime_Error_policy__C 
*          0    00001300    00000001     
                  00001300    00000001     app_ble_pem3.oem3 (.const:xdc_runtime_Error_policy__C)

.const:ti_sysbios_rom_ROM_ti_sysbios_family_arm_cc26xx_Timer_getCount64__E 
*          0    00001304    00000004     
                  00001304    00000004     app_ble_pem3.oem3 (.const:ti_sysbios_rom_ROM_ti_sysbios_family_arm_cc26xx_Timer_getCount64__E)

.const:ti_sysbios_rom_ROM_ti_sysbios_family_arm_cc26xx_Timer_getCurrentTick__E 
*          0    00001308    00000004     
                  00001308    00000004     app_ble_pem3.oem3 (.const:ti_sysbios_rom_ROM_ti_sysbios_family_arm_cc26xx_Timer_getCurrentTick__E)

.const:ti_sysbios_rom_ROM_ti_sysbios_family_arm_cc26xx_Timer_getMaxTicks__E 
*          0    0000130c    00000004     
                  0000130c    00000004     app_ble_pem3.oem3 (.const:ti_sysbios_rom_ROM_ti_sysbios_family_arm_cc26xx_Timer_getMaxTicks__E)

.const:ti_sysbios_rom_ROM_ti_sysbios_family_arm_cc26xx_Timer_initDevice__I 
*          0    00001310    00000004     
                  00001310    00000004     app_ble_pem3.oem3 (.const:ti_sysbios_rom_ROM_ti_sysbios_family_arm_cc26xx_Timer_initDevice__I)

.const:ti_sysbios_rom_ROM_ti_sysbios_family_arm_cc26xx_Timer_setNextTick__E 
*          0    00001314    00000004     
                  00001314    00000004     app_ble_pem3.oem3 (.const:ti_sysbios_rom_ROM_ti_sysbios_family_arm_cc26xx_Timer_setNextTick__E)

.const:ti_sysbios_rom_ROM_ti_sysbios_family_arm_cc26xx_Timer_setThreshold__I 
*          0    00001318    00000004     
                  00001318    00000004     app_ble_pem3.oem3 (.const:ti_sysbios_rom_ROM_ti_sysbios_family_arm_cc26xx_Timer_setThreshold__I)

.const:ti_sysbios_rom_ROM_ti_sysbios_family_arm_cc26xx_Timer_start__E 
*          0    0000131c    00000004     
                  0000131c    00000004     app_ble_pem3.oem3 (.const:ti_sysbios_rom_ROM_ti_sysbios_family_arm_cc26xx_Timer_start__E)

.const:ti_sysbios_rom_ROM_ti_sysbios_family_arm_cc26xx_TimestampProvider_get32__E 
*          0    00001320    00000004     
                  00001320    00000004     app_ble_pem3.oem3 (.const:ti_sysbios_rom_ROM_ti_sysbios_family_arm_cc26xx_TimestampProvider_get32__E)

.const:ti_sysbios_rom_ROM_xdc_runtime_Startup_getState__I 
*          0    00001324    00000004     
                  00001324    00000004     app_ble_pem3.oem3 (.const:ti_sysbios_rom_ROM_xdc_runtime_Startup_getState__I)

.const:ti_sysbios_rom_ROM_xdc_runtime_System_SupportProxy_abort__E 
*          0    00001328    00000004     
                  00001328    00000004     app_ble_pem3.oem3 (.const:ti_sysbios_rom_ROM_xdc_runtime_System_SupportProxy_abort__E)

.const:ti_sysbios_rom_ROM_xdc_runtime_System_SupportProxy_exit__E 
*          0    0000132c    00000004     
                  0000132c    00000004     app_ble_pem3.oem3 (.const:ti_sysbios_rom_ROM_xdc_runtime_System_SupportProxy_exit__E)

.text.2    0    00001330    0000bba8     
                  00001330    00000554     simple_peripheral_oad_offchip.obj (.text:SimplePeripheral_init$2)
                  00001884    00000420     oad.obj (.text:oadImgBlockWrite$15)
                  00001ca4    00000418     oad.obj (.text:oadProcessExtControlCmd$15)
                  000020bc    00000314     drivers_cc26x0r2.aem3 : PowerCC26XX_calibrateRCOSC.oem3 (.text:PowerCC26XX_auxISR)
                  000023d0    0000030c     rom_sysbios.aem3 : rom_sysbios.obj (.text:xdc_runtime_System_doPrint__I)
                  000026dc    000002b8     RFCC26XX_singleMode.obj (.text:RF_fsmActiveState$5)
                  00002994    000002a4     peripheral_observer.obj (.text:GAPRole_SetParameter)
                  00002c38    00000274     simple_peripheral_oad_offchip.obj (.text:SimplePeripheral_processStackMsg$2)
                  00002eac    00000258     drivers_cc26x0r2.aem3 : CryptoCC26XX.oem3 (.text:cryptoTransactionExecute)
                  00003104    0000022c                           : PowerCC26XX.oem3 (.text:Power_sleep)
                  00003330    00000220     driverlib.lib : sys_ctrl.obj (.text:NOROM_SysCtrlSetRechargeBeforePowerDown)
                  00003550    0000021c     drivers_cc26x0r2.aem3 : SPICC26XXDMA.oem3 (.text:SPICC26XXDMA_transfer)
                  0000376c    0000020c     RFCC26XX_singleMode.obj (.text:RF_open)
                  00003978    0000020c     simple_peripheral_oad_offchip.obj (.text:SimplePeripheral_processStateChangeEvt$2)
                  00003b84    000001e0     ECCROMCC26XX.obj (.text:ECC_VerifyPublicKeyWeierstrass$4)
                  00003d64    000001bc     main.obj (.text:AssertHandler)
                  00003f20    000001bc     RFCC26XX_singleMode.obj (.text:RF_fsmSetupState$5)
                  000040dc    000001b8     drivers_cc26x0r2.aem3 : PINCC26XX.oem3 (.text:PIN_init)
                  00004294    000001a4     ECCROMCC26XX.obj (.text:ECCROMCC26XX_genDHKey)
                  00004438    00000198     icall.obj (.text:icall_directAPI)
                  000045d0    00000190     drivers_cc26x0r2.aem3 : PowerCC26XX_calibrateRCOSC.oem3 (.text:PowerCC26XX_doCalibrate)
                  00004760    00000164     simple_peripheral_oad_offchip.obj (.text:SimplePeripheral_processCharValueChangeEvt$2)
                  000048c4    00000158     drivers_cc26x0r2.aem3 : SPICC26XXDMA.oem3 (.text:SPICC26XXDMA_initIO)
                  00004a1c    00000154                           : UARTCC26XX.oem3 (.text:UARTCC26XX_open)
                  00004b70    00000150                           : NVSSPI25X.oem3 (.text:NVSSPI25X_write)
                  00004cc0    00000148                           : UARTCC26XX.oem3 (.text:UARTCC26XX_hwiIntFxn)
                  00004e08    00000134     simple_peripheral_oad_offchip.obj (.text:SendAsk$2)
                  00004f3c    00000134     drivers_cc26x0r2.aem3 : UARTCC26XX.oem3 (.text:UARTCC26XX_read)
                  00005070    0000012c                           : NVSCC26XX.oem3 (.text:NVSCC26XX_write)
                  0000519c    0000012c                           : PowerCC26XX.oem3 (.text:Power_init)
                  000052c8    00000128     ECCROMCC26XX.obj (.text:ECCROMCC26XX_genKeys)
                  000053f0    00000124     peripheral_observer.obj (.text:GAPRole_GetParameter)
                  00005514    0000011c     drivers_cc26x0r2.aem3 : SPICC26XXDMA.oem3 (.text:SPICC26XXDMA_open)
                  00005630    00000110                           : GPIOCC26XX.oem3 (.text:GPIO_setConfig)
                  00005740    00000110     main.obj (.text:main)
                  00005850    0000010c     drivers_cc26x0r2.aem3 : NVSSPI25X.oem3 (.text:NVSSPI25X_open)
                  0000595c    0000010c                           : SPICC26XXDMA.oem3 (.text:SPICC26XXDMA_configDMA)
                  00005a68    0000010c     oad.obj (.text:oadValidateCandidateHdr$15)
                  00005b74    00000104     drivers_cc26x0r2.aem3 : UARTCC26XX.oem3 (.text:UARTCC26XX_write)
                  00005c78    000000f8     app_ble_pem3.oem3 (.text:xdc_runtime_System_printfExtend__I)
                  00005d70    000000ec     RFCC26XX_singleMode.obj (.text:RF_radioOpDoneCb$5)
                  00005e5c    000000e8     dpl_cc26x0r2.aem3 : PowerCC26XX_tirtos.oem3 (.text:PowerCC26XX_standbyPolicy)
                  00005f44    000000e4     drivers_cc26x0r2.aem3 : SPICC26XXDMA.oem3 (.text:SPICC26XXDMA_transferCancel)
                  00006028    000000e4     oad.obj (.text:oadWriteAttrCB$15)
                  0000610c    000000e0     drivers_cc26x0r2.aem3 : NVSSPI25X.oem3 (.text:doErase)
                  000061ec    000000dc                           : PINCC26XX.oem3 (.text:PINCC26XX_setIoCfg)
                  000062c8    000000d8                           : ADCCC26XX.oem3 (.text:ADCCC26XX_convert)
                  000063a0    000000d8     simple_peripheral_oad_offchip.obj (.text:ExecuteCommand$2)
                  00006478    000000d4     drivers_cc26x0r2.aem3 : CryptoCC26XX.oem3 (.text:CryptoCC26XX_open)
                  0000654c    000000d4     RFCC26XX_singleMode.obj (.text:RF_pendCmd)
                  00006620    000000cc     RFCC26XX_singleMode.obj (.text:RF_swiHw$5)
                  000066ec    000000c4     simple_peripheral_oad_offchip.obj (.text:GetAkkumVoltage$2)
                  000067b0    000000c4     RFCC26XX_singleMode.obj (.text:RF_postCmd)
                  00006874    000000c0     RFCC26XX_singleMode.obj (.text:RF_control)
                  00006934    000000c0     RFCC26XX_singleMode.obj (.text:RF_fsmPowerUpState$5)
                  000069f4    000000bc     ExtFlash.obj (.text:ExtFlash_open)
                  00006ab0    000000bc     drivers_cc26x0r2.aem3 : GPIOCC26XX.oem3 (.text:GPIO_init)
                  00006b6c    000000bc                           : PowerCC26XX.oem3 (.text:Power_releaseDependency)
                  00006c28    000000b8     driverlib.lib : aux_adc.obj (.text:NOROM_AUXADCEnableSync)
                  00006ce0    000000b4                   : setup.obj (.text:NOROM_SetupTrimDevice)
                  00006d94    000000b4     drivers_cc26x0r2.aem3 : PowerCC26XX.oem3 (.text:Power_setDependency)
                  00006e48    000000b4     devinfoservice.obj (.text:devInfo_ReadAttrCB$17)
                  00006efc    000000b0     TRNGCC26XX.obj (.text:TRNGCC26XX_getNumber)
                  00006fac    000000b0     myDataTransfer.obj (.text:myDataTransfer_WriteAttrCB$20)
                  0000705c    000000ac     display.aem3 : DisplayUart.oem3 (.text:DisplayUartAnsi_clearLines)
                  00007108    000000ac     RFCC26XX_singleMode.obj (.text:RF_abortCmd$5)
                  000071b4    000000a7     display.aem3 : DisplayUart.oem3 (.text:DisplayUartAnsi_open)
                  0000725b    00000001     --HOLE-- [fill = 0]
                  0000725c    000000a6     rom_sysbios.aem3 : rom_sysbios.obj (.text:xdc_runtime_Text_putSite__E)
                  00007302    00000002     ble_user_config.obj (.text:DefaultAssertCback)
                  00007304    000000a4     RFCC26XX_singleMode.obj (.text:RF_ratRestartChannels$5)
                  000073a8    000000a4     drivers_cc26x0r2.aem3 : PowerCC26XX.oem3 (.text:switchXOSCHFclockFunc)
                  0000744c    000000a0                           : PINCC26XX.oem3 (.text:PIN_open)
                  000074ec    000000a0                           : SPICC26XXDMA.oem3 (.text:SPICC26XXDMA_hwiFxn)
                  0000758c    000000a0     auto_init.aem3 : auto_init.oem3 (.text)
                  0000762c    0000009f     display.aem3 : DisplayUart.oem3 (.text:DisplayUartAnsi_vprintf)
                  000076cb    00000001     --HOLE-- [fill = 0]
                  000076cc    0000009c     RFCC26XX_singleMode.obj (.text:RF_calculateDispatchTime$5)
                  00007768    0000009c     drivers_cc26x0r2.aem3 : UARTCC26XX.oem3 (.text:UARTCC26XX_writeCancel)
                  00007804    0000009c     rtsv7M3_T_le_eabi.lib : memcpy_t2.asm.obj (.text)
                  000078a0    00000098     drivers_cc26x0r2.aem3 : UARTCC26XX.oem3 (.text:UARTCC26XX_initHw)
                  00007938    00000098                           : UARTCC26XX.oem3 (.text:UARTCC26XX_initIO)
                  000079d0    00000098                           : UARTCC26XX.oem3 (.text:UARTCC26XX_swiIntFxn)
                  00007a68    00000098     rom_sysbios.aem3 : rom_sysbios.obj (.text:ti_sysbios_knl_Clock_workFuncDynamic__E)
                  00007b00    00000098                      : rom_sysbios.obj (.text:xdc_runtime_Text_putMod__E)
                  00007b98    00000096     rtsv7M3_T_le_eabi.lib : ull_div_t2.asm.obj (.text)
                  00007c2e    00000002     display.aem3 : DisplayUart.oem3 (.text:DisplayUartAnsi_init)
                  00007c30    00000094     driverlib.lib : crypto.obj (.text:NOROM_CRYPTOAesLoadKey)
                  00007cc4    00000094     oad.obj (.text:oadFindCurrentImageHdr$15)
                  00007d58    00000090     drivers_cc26x0r2.aem3 : SPICC26XXDMA.oem3 (.text:SPICC26XXDMA_control)
                  00007de8    00000090     driverlib.lib : setup.obj (.text:TrimAfterColdResetWakeupFromShutDown$30)
                  00007e78    00000090     rom_sysbios.aem3 : rom_sysbios.obj (.text:ti_sysbios_family_arm_cc26xx_Timer_start__E)
                  00007f08    0000008c     icall.obj (.text:ICall_heapMalloc)
                  00007f94    0000008c     drivers_cc26x0r2.aem3 : SPICC26XXDMA.oem3 (.text:SPICC26XXDMA_swiFxn)
                  00008020    0000008c                           : NVSCC26XX.oem3 (.text:doErase)
                  000080ac    0000008a                           : CryptoCC26XX.oem3 (.text:CryptoCC26XX_allocateKey)
                  00008136    00000002                           : NVSSPI25X.oem3 (.text:NVSSPI25X_deinitSpiCs)
                  00008138    00000088                           : ADCCC26XX.oem3 (.text:ADCCC26XX_open)
                  000081c0    00000088     driverlib.lib : aux_adc.obj (.text:NOROM_AUXADCDisable)
                  00008248    00000084     gattservapp_util.obj (.text:GATTServApp_ProcessCharCfg)
                  000082cc    00000084     icall.obj (.text:ICall_setTimer)
                  00008350    00000084     drivers_cc26x0r2.aem3 : UARTCC26XX.oem3 (.text:UARTCC26XX_close)
                  000083d4    00000084     rom_sysbios.aem3 : rom_sysbios.obj (.text:ti_sysbios_hal_SecondsClock_Module_startup__E)
                  00008458    00000084     flash_interface_ext_rtos.obj (.text:writeFlashPg)
                  000084dc    00000080     drivers_cc26x0r2.aem3 : NVSSPI25X.oem3 (.text:NVSSPI25X_close)
                  0000855c    00000080     RFCC26XX_singleMode.obj (.text:RF_dispatchNextCmd$5)
                  000085dc    00000080     RFCC26XX_singleMode.obj (.text:RF_ratFreeChannel$5)
                  0000865c    00000080     peripheral_observer.obj (.text:gapRole_startConnUpdate$21)
                  000086dc    0000007e     gattservapp_util.obj (.text:gattServApp_SendNotiInd$19)
                  0000875a    00000002     RFCC26XX_singleMode.obj (.text:RF_defaultCallback$5)
                  0000875c    0000007c     RFCC26XX_singleMode.obj (.text:RF_hwiCpe0Active$5)
                  000087d8    0000007c     myDataTransfer.obj (.text:myDataTransfer_ReadAttrCB$20)
                  00008854    0000007c     oad.obj (.text:oadResetState$15)
                  000088d0    0000007c     oad.obj (.text:oadSendNotification$15)
                  0000894c    0000007a     simple_peripheral_oad_offchip.obj (.text:SimpleBLEPeripheralObserver_StateChangeCB$2)
                  000089c6    0000007a     rtsv7M3_T_le_eabi.lib : memset_t2.asm.obj (.text)
                  00008a40    00000078     drivers_cc26x0r2.aem3 : UARTCC26XX.oem3 (.text:writeTxFifoFlush)
                  00008ab8    00000076                           : NVSSPI25X.oem3 (.text:doWriteVerify)
                  00008b2e    00000002     rtsv7M3_T_le_eabi.lib : _lock.c.obj (.text:_nop)
                  00008b30    00000074     drivers_cc26x0r2.aem3 : NVSCC26XX.oem3 (.text:NVSCC26XX_open)
                  00008ba4    00000070     icall.obj (.text:ICall_heapGetStats)
                  00008c14    00000070     icall.obj (.text:ICall_heapInit)
                  00008c84    00000070     driverlib.lib : sys_ctrl.obj (.text:NOROM_SysCtrlAdjustRechargeAfterPowerDown)
                  00008cf4    00000070     drivers_cc26x0r2.aem3 : PowerCC26XX.oem3 (.text:lfClockReadyCallback)
                  00008d64    0000006d     rom_sysbios.aem3 : rom_sysbios.obj (.text:xdc_runtime_System_formatNum__I)
                  00008dd1    00000001     --HOLE-- [fill = 0]
                  00008dd2    00000002     drivers_cc26x0r2.aem3 : PowerCC26XX.oem3 (.text:emptyClockFunc)
                  00008dd4    0000006c     icall.obj (.text:ICall_send)
                  00008e40    0000006c     icall.obj (.text:ICall_sendServiceComplete)
                  00008eac    0000006c     driverlib.lib : osc.obj (.text:NOROM_OSCHF_AttemptToSwitchToXosc)
                  00008f18    0000006c     drivers_cc26x0r2.aem3 : PowerCC26XX_calibrateRCOSC.oem3 (.text:PowerCC26XX_initiateCalibration)
                  00008f84    0000006c                           : PowerCC26XX.oem3 (.text:configureXOSCHF)
                  00008ff0    0000006c     oad.obj (.text:oadFindExtFlMetaPage$15)
                  0000905c    00000068     driverlib.lib : sys_ctrl.obj (.text:NOROM_SysCtrl_DCDC_VoltageConditionalControl)
                  000090c4    00000068     drivers_cc26x0r2.aem3 : PINCC26XX.oem3 (.text:PIN_add)
                  0000912c    00000068     RFCC26XX_singleMode.obj (.text:RF_getCurrentTime)
                  00009194    00000068     RFCC26XX_singleMode.obj (.text:RF_hwiHw$5)
                  000091fc    00000068     simple_peripheral_oad_offchip.obj (.text:SimplePeripheral_freeAttRsp$2)
                  00009264    00000068     drivers_cc26x0r2.aem3 : UARTCC26XX.oem3 (.text:UARTCC26XX_readCancel)
                  000092cc    00000068     rtsv7M3_T_le_eabi.lib : copy_decompress_lzss.c.obj (.text:decompress:lzss:__TI_decompress_lzss)
                  00009334    00000064     drivers_cc26x0r2.aem3 : CryptoCC26XX.oem3 (.text:CryptoCC26XX_loadKey)
                  00009398    00000064     oad.obj (.text:OAD_getSWVersion)
                  000093fc    00000064     flash_interface_ext_rtos.obj (.text:eraseFlashPg)
                  00009460    00000060     gattservapp_util.obj (.text:GATTServApp_ProcessCCCWriteReq)
                  000094c0    00000060     icall.obj (.text:ICall_createRemoteTasksAtRuntime)
                  00009520    00000060     icall.obj (.text:ICall_enrollService)
                  00009580    00000060     drivers_cc26x0r2.aem3 : NVSSPI25X.oem3 (.text:NVSSPI25X_control)
                  000095e0    00000060                           : PowerCC26XX.oem3 (.text:PowerCC26XX_calibrate)
                  00009640    00000060     RFCC26XX_singleMode.obj (.text:RF_dispatchNextEvent$5)
                  000096a0    0000005f     rom_sysbios.aem3 : rom_sysbios.obj (.text:xdc_runtime_Text_putLab__E)
                  000096ff    00000001     --HOLE-- [fill = 0]
                  00009700    0000005e     icall.obj (.text:ICall_fetchMsg)
                  0000975e    00000002     hal_assert.obj (.text:halAssertSpinlock)
                  00009760    0000005c     display.aem3 : Display.oem3 (.text:Display_doOpen)
                  000097bc    0000005c     icall.obj (.text:ICall_pwrUpdActivityCounter)
                  00009818    0000005c     drivers_cc26x0r2.aem3 : PowerCC26XX_calibrateRCOSC.oem3 (.text:PowerCC26XX_RCOSC_clockFunc)
                  00009874    0000005c     RFCC26XX_singleMode.obj (.text:RF_cmdDispatchTime$5)
                  000098d0    0000005c     RFCC26XX_singleMode.obj (.text:RF_hwiCpe0PowerFsm$5)
                  0000992c    0000005c     drivers_cc26x0r2.aem3 : UDMACC26XX.oem3 (.text:UDMACC26XX_open)
                  00009988    0000005c     app_ble_pem3.oem3 (.text:xdc_runtime_Startup_getState__I)
                  000099e4    0000005a     RFCC26XX_singleMode.obj (.text:RF_syncCb$5)
                  00009a3e    00000002     rtsv7M3_T_le_eabi.lib : div0.asm.obj (.text)
                  00009a40    00000058     ExtFlash.obj (.text:ExtFlash_waitReady$12)
                  00009a98    00000058     icall.obj (.text:ICall_wait)
                  00009af0    00000058     drivers_cc26x0r2.aem3 : PINCC26XX.oem3 (.text:PIN_remove)
                  00009b48    00000058     RFCC26XX_singleMode.obj (.text:RF_fsmXOSCState$5)
                  00009ba0    00000058     RFCC26XX_singleMode.obj (.text:RF_getInfo)
                  00009bf8    00000058     drivers_cc26x0r2.aem3 : UARTCC26XX.oem3 (.text:UARTCC26XX_control)
                  00009c50    00000058     simple_peripheral_oad_offchip.obj (.text:Util_convertBytes2Str)
                  00009ca8    00000058     drivers_cc26x0r2.aem3 : NVSSPI25X.oem3 (.text:extFlashWaitReady)
                  00009d00    00000054     ExtFlash.obj (.text:ExtFlash_close)
                  00009d54    00000054     drivers_cc26x0r2.aem3 : GPIOCC26XX.oem3 (.text:GPIO_write)
                  00009da8    00000054     RFCC26XX_singleMode.obj (.text:RF_discardPendCmd$5)
                  00009dfc    00000054     drivers_cc26x0r2.aem3 : SPICC26XXDMA.oem3 (.text:SPICC26XXDMA_initHw)
                  00009e50    00000054                           : GPIOCC26XX.oem3 (.text:powerPostNotify)
                  00009ea4    00000052                           : SPICC26XXDMA.oem3 (.text:SPICC26XXDMA_close)
                  00009ef6    00000002     app_ble_pem3.oem3 (.text:ti_sysbios_BIOS_nullFunc__I)
                  00009ef8    00000050     dpl_cc26x0r2.aem3 : ClockP_tirtos.oem3 (.text:ClockP_construct)
                  00009f48    00000050     ECCROMCC26XX.obj (.text:ECCROMCC26XX_Params_init)
                  00009f98    00000050     icall.obj (.text:ICall_registerApp)
                  00009fe8    00000050     myDataTransfer.obj (.text:MyDataTransfer_SetParameter)
                  0000a038    00000050     simple_peripheral_oad_offchip.obj (.text:SimplePeripheral_enqueueMsg$2)
                  0000a088    00000050     util.obj (.text:Util_convertBdAddr2Str)
                  0000a0d8    00000050     drivers_cc26x0r2.aem3 : NVSSPI25X.oem3 (.text:extFlashSpiRead)
                  0000a128    00000050                           : NVSSPI25X.oem3 (.text:extFlashSpiWrite)
                  0000a178    00000050     oad.obj (.text:oadEnqueueMsg$15)
                  0000a1c8    00000050     drivers_cc26x0r2.aem3 : UARTCC26XX.oem3 (.text:startTxFifoEmptyClk)
                  0000a218    0000004c                           : GPIOCC26XX.oem3 (.text:GPIO_enableInt)
                  0000a264    0000004c     icall.obj (.text:ICall_newTask$7)
                  0000a2b0    0000004c     RFCC26XX_singleMode.obj (.text:RF_wakeupNotification$5)
                  0000a2fc    0000004c     rtsv7M3_T_le_eabi.lib : cpy_tbl.c.obj (.text:copy_in)
                  0000a348    00000048     ECCROMCC26XX.obj (.text:ECC_initGlobals$4)
                  0000a390    00000048     drivers_cc26x0r2.aem3 : NVSSPI25X.oem3 (.text:NVSSPI25X_read)
                  0000a3d8    00000048                           : NVS.oem3 (.text:NVS_open)
                  0000a420    00000048                           : PINCC26XX.oem3 (.text:PIN_setOutputEnable)
                  0000a468    00000048     util.obj (.text:Util_constructClock)
                  0000a4b0    00000048     rom_sysbios.aem3 : rom_sysbios.obj (.text:ti_sysbios_family_arm_cc26xx_Timer_setThreshold__I)
                  0000a4f8    00000048     drivers_cc26x0r2.aem3 : UARTCC26XX.oem3 (.text:writeFinishedDoCallback)
                  0000a540    00000044     driverlib.lib : osc.obj (.text:NOROM_OSCHF_SwitchToRcOscTurnOffXosc)
                  0000a584    00000044     drivers_cc26x0r2.aem3 : NVSCC26XX.oem3 (.text:NVSCC26XX_init)
                  0000a5c8    00000044                           : NVSCC26XX.oem3 (.text:NVSCC26XX_read)
                  0000a60c    00000044                           : RingBuf.oem3 (.text:RingBuf_put)
                  0000a650    00000044                           : SPICC26XXDMA.oem3 (.text:SPICC26XXDMA_csnCallback)
                  0000a694    00000044     boot.aem3 : boot.oem3 (.text)
                  0000a6d8    00000044     drivers_cc26x0r2.aem3 : NVSCC26XX.oem3 (.text:disableFlashCache)
                  0000a71c    00000044     rom_sysbios.aem3 : rom_sysbios.obj (.text:ti_sysbios_hal_SecondsClock_increment__I)
                  0000a760    00000044                      : rom_sysbios.obj (.text:xdc_runtime_Text_xprintf__I)
                  0000a7a4    00000042     driverlib.lib : ssi.obj (.text:NOROM_SSIConfigSetExpClk)
                  0000a7e6    00000002     app_ble_pem3.oem3 (.text:ti_sysbios_rom_cortexm_cc26xx_r2_CC26xx_badRomRevision__E)
                  0000a7e8    00000040     drivers_cc26x0r2.aem3 : ADCCC26XX.oem3 (.text:ADCCC26XX_convertToMicroVolts)
                  0000a828    00000040                           : ADC.oem3 (.text:ADC_init)
                  0000a868    00000040                           : ADC.oem3 (.text:ADC_open)
                  0000a8a8    00000040     ECCROMCC26XX.obj (.text:ECCROMCC26XX_init)
                  0000a8e8    00000040     ExtFlash.obj (.text:ExtFlash_read)
                  0000a928    00000040     ExtFlash.obj (.text:ExtFlash_readInfo$12)
                  0000a968    00000040     peripheral_observer.obj (.text:GAPRole_createTask)
                  0000a9a8    00000040     drivers_cc26x0r2.aem3 : PINCC26XX.oem3 (.text:PINCC26XX_getConfig)
                  0000a9e8    00000040                           : PINCC26XX.oem3 (.text:PIN_swi)
                  0000aa28    00000040                           : PowerCC26XX.oem3 (.text:PowerCC26XX_isStableXOSC_HF)
                  0000aa68    00000040                           : SPI.oem3 (.text:SPI_init)
                  0000aaa8    00000040                           : SPI.oem3 (.text:SPI_open)
                  0000aae8    00000040     simple_peripheral_oad_offchip.obj (.text:SimplePeripheral_createTask)
                  0000ab28    00000040     drivers_cc26x0r2.aem3 : UART.oem3 (.text:UART_init)
                  0000ab68    00000040                           : UART.oem3 (.text:UART_open)
                  0000aba8    00000040     oad.obj (.text:oadInactivityTimeout$15)
                  0000abe8    00000040     rtsv7M3_T_le_eabi.lib : u_divt2.asm.obj (.text)
                  0000ac28    00000040     rom_sysbios.aem3 : rom_sysbios.obj (.text:ti_sysbios_heaps_HeapCallback_Module_startup__E)
                  0000ac68    0000003e     dpl_cc26x0r2.aem3 : HwiP_tirtos.oem3 (.text:HwiP_construct)
                  0000aca6    0000003e     drivers_cc26x0r2.aem3 : RingBuf.oem3 (.text:RingBuf_get)
                  0000ace4    0000003c                           : ADCCC26XX.oem3 (.text:ADCCC26XX_close)
                  0000ad20    0000003c     driverlib.lib : osc.obj (.text:NOROM_OSC_HPOSCRelativeFrequencyOffsetGet)
                  0000ad5c    0000003c     RFCC26XX_singleMode.obj (.text:RF_cmdStoreEvents$5)
                  0000ad98    0000003c     dpl_cc26x0r2.aem3 : SwiP_tirtos.oem3 (.text:SwiP_construct)
                  0000add4    0000003c     simple_peripheral_oad_offchip.obj (.text:beep)
                  0000ae10    0000003c     drivers_cc26x0r2.aem3 : PowerCC26XX.oem3 (.text:disableLfClkQualifiersEnableClkLoss)
                  0000ae4c    0000003c     rom_sysbios.aem3 : rom_sysbios.obj (.text:ti_sysbios_family_arm_m3_Hwi_construct2__E)
                  0000ae88    00000038     board_key.obj (.text:Board_keyCallback$0)
                  0000aec0    00000038     myDataTransfer.obj (.text:MyDataTransfer_GetParameter)
                  0000aef8    00000038     drivers_cc26x0r2.aem3 : NVSSPI25X.oem3 (.text:NVSSPI25X_init)
                  0000af30    00000038                           : PINCC26XX.oem3 (.text:PIN_setConfig)
                  0000af68    00000038                           : PINCC26XX.oem3 (.text:PIN_setInterrupt)
                  0000afa0    00000038                           : PINCC26XX.oem3 (.text:PIN_setOutputValue)
                  0000afd8    00000038     RFCC26XX_singleMode.obj (.text:RF_checkCmdFsError$5)
                  0000b010    00000038     RFCC26XX_singleMode.obj (.text:RF_powerConstraintRelease)
                  0000b048    00000038     util.obj (.text:Util_restartClock)
                  0000b080    00000038     drivers_cc26x0r2.aem3 : NVSSPI25X.oem3 (.text:extFlashWriteEnable)
                  0000b0b8    00000038     rom_sysbios.aem3 : rom_sysbios.obj (.text:ti_sysbios_family_arm_cc26xx_Timer_getCurrentTick__E)
                  0000b0f0    00000036     drivers_cc26x0r2.aem3 : UDMACC26XX.oem3 (.text:UDMACC26XX_close)
                  0000b126    00000002     rom_sysbios.aem3 : rom_sysbios.obj (.text:xdc_runtime_SysCallback_defaultAbort)
                  0000b128    00000034     drivers_cc26x0r2.aem3 : GPIOCC26XX.oem3 (.text:GPIO_setCallback)
                  0000b15c    00000034     icall.obj (.text:ICall_heapFree)
                  0000b190    00000034     icall.obj (.text:ICall_primEntityId2ServiceId$7)
                  0000b1c4    00000034     icall.obj (.text:ICall_searchServiceEntity)
                  0000b1f8    00000034     drivers_cc26x0r2.aem3 : PowerCC26XX.oem3 (.text:Power_releaseConstraint)
                  0000b22c    00000034     RFCC26XX_singleMode.obj (.text:RF_runDirectImmediateCmd$5)
                  0000b260    00000034     simple_peripheral_oad_offchip.obj (.text:SimplePeripheral_RegistertToAllConnectionEvent)
                  0000b294    00000034     simple_peripheral_oad_offchip.obj (.text:SimplePeripheral_passcodeCB$2)
                  0000b2c8    00000034     drivers_cc26x0r2.aem3 : PowerCC26XX.oem3 (.text:notify)
                  0000b2fc    00000034     rom_sysbios.aem3 : rom_sysbios.obj (.text:ti_sysbios_family_arm_cc26xx_Timer_initDevice__I)
                  0000b330    00000034                      : rom_sysbios.obj (.text:ti_sysbios_knl_Swi_setPri__E)
                  0000b364    00000032     icall.obj (.text:ICall_fetchServiceMsg)
                  0000b396    00000032     rom_sysbios.aem3 : rom_sysbios.obj (.text:ti_sysbios_family_arm_cc26xx_Timer_setNextTick__E)
                  0000b3c8    00000030     drivers_cc26x0r2.aem3 : GPIOCC26XX.oem3 (.text:GPIO_hwiIntFxn)
                  0000b3f8    00000030     icall.obj (.text:ICall_dispatch$7)
                  0000b428    00000030     icall.obj (.text:ICall_msecs2Ticks$7)
                  0000b458    00000030     driverlib.lib : aux_adc.obj (.text:NOROM_AUXADCDisableInputScaling)
                  0000b488    00000030     drivers_cc26x0r2.aem3 : NVSCC26XX.oem3 (.text:NVSCC26XX_erase)
                  0000b4b8    00000030                           : NVSSPI25X.oem3 (.text:NVSSPI25X_erase)
                  0000b4e8    00000030                           : PINCC26XX.oem3 (.text:PINCC26XX_setMux)
                  0000b518    00000030                           : PowerCC26XX.oem3 (.text:Power_setConstraint)
                  0000b548    00000030     RFCC26XX_singleMode.obj (.text:RF_cmdGet$5)
                  0000b578    00000030     ExtFlash.obj (.text:Spi_read$12)
                  0000b5a8    00000030     ExtFlash.obj (.text:Spi_write$12)
                  0000b5d8    00000030     app_ble_pem3.oem3 (.text:ti_sysbios_BIOS_atExitFunc__I)
                  0000b608    00000030     app_ble_pem3.oem3 (.text:ti_sysbios_BIOS_startFunc__I)
                  0000b638    00000030     app_ble_pem3.oem3 (.text:ti_sysbios_heaps_HeapCallback_Object__create__S)
                  0000b668    0000002e     icall_cc2650.obj (.text:ICallPlatform_pwrDispenseImpl$8)
                  0000b696    0000002e     icall_cc2650.obj (.text:ICallPlatform_pwrRequireImpl$8)
                  0000b6c4    0000002e     drivers_cc26x0r2.aem3 : CryptoCC26XX.oem3 (.text:cryptoTransactionPend)
                  0000b6f2    0000002e                           : UARTCC26XX.oem3 (.text:readData)
                  0000b720    0000002e     app_ble_pem3.oem3 (.text:ti_sysbios_rts_gnu_MemAlloc_alloc)
                  0000b74e    0000002e     drivers_cc26x0r2.aem3 : UARTCC26XX.oem3 (.text:writeData)
                  0000b77c    0000002c     ExtFlash.obj (.text:ExtFlash_writeEnable$12)
                  0000b7a8    0000002c     peripheral_observer.obj (.text:GAPRole_TerminateConnection)
                  0000b7d4    0000002c     icall.obj (.text:ICall_msgEnqueue$7)
                  0000b800    0000002c     icall.obj (.text:ICall_searchTask$7)
                  0000b82c    0000002c     driverlib.lib : chipinfo.obj (.text:NOROM_ChipInfo_GetChipFamily)
                  0000b858    0000002c     drivers_cc26x0r2.aem3 : NVS.oem3 (.text:NVS_init)
                  0000b884    0000002c     RFCC26XX_singleMode.obj (.text:RF_calculateDeltaTimeUs$5)
                  0000b8b0    0000002c     RFCC26XX_singleMode.obj (.text:RF_executeDirectImmediateCmd$5)
                  0000b8dc    0000002c     driverlib.lib : adi.obj (.text:SafeHapiAuxAdiSelect)
                  0000b908    0000002c     dpl_cc26x0r2.aem3 : SemaphoreP_tirtos.oem3 (.text:SemaphoreP_constructBinary)
                  0000b934    0000002c                       : SemaphoreP_tirtos.oem3 (.text:SemaphoreP_createBinary)
                  0000b960    0000002c     oad.obj (.text:oadGetNextBlockReq$15)
                  0000b98c    0000002c     rom_sysbios.aem3 : rom_sysbios.obj (.text:ti_sysbios_knl_Clock_getTicksUntilInterrupt__E)
                  0000b9b8    0000002b                      : rom_sysbios.obj (.text:xdc_runtime_Text_printVisFxn__I)
                  0000b9e3    00000001     --HOLE-- [fill = 0]
                  0000b9e4    0000002a     display.aem3 : DisplayUart.oem3 (.text:DisplayUartAnsi_clear)
                  0000ba0e    0000002a                  : Display.oem3 (.text:Display_doPrintf)
                  0000ba38    0000002a     rom_sysbios.aem3 : rom_sysbios.obj (.text:ti_sysbios_knl_Clock_getTimeout__E)
                  0000ba62    0000002a                      : rom_sysbios.obj (.text:xdc_runtime_System_putchar__I)
                  0000ba8c    00000028     driverlib.lib : chipinfo.obj (.text:NOROM_ChipInfo_GetChipType)
                  0000bab4    00000028                   : rfc.obj (.text:NOROM_RFCDoorbellSendTo)
                  0000badc    00000028     drivers_cc26x0r2.aem3 : PowerCC26XX.oem3 (.text:Power_registerNotify)
                  0000bb04    00000028     RFCC26XX_singleMode.obj (.text:RF_runCmd)
                  0000bb2c    00000028     drivers_cc26x0r2.aem3 : SPICC26XXDMA.oem3 (.text:SPICC26XXDMA_flushFifos)
                  0000bb54    00000028     driverlib.lib : adi.obj (.text:SafeHapiVoid)
                  0000bb7c    00000028     TRNGCC26XX.obj (.text:TRNGCC26XX_init)
                  0000bba4    00000028     bim_util.obj (.text:imgIDCheck)
                  0000bbcc    00000028     drivers_cc26x0r2.aem3 : UARTCC26XX.oem3 (.text:readData2RingBuf)
                  0000bbf4    00000028                           : NVSCC26XX.oem3 (.text:restoreFlashCache)
                  0000bc1c    00000024                           : CryptoCC26XX.oem3 (.text:CryptoCC26XX_hwiIntFxn)
                  0000bc40    00000024     icall.obj (.text:ICall_getLocalMsgEntityId)
                  0000bc64    00000024     drivers_cc26x0r2.aem3 : List.oem3 (.text:List_remove)
                  0000bc88    00000024     driverlib.lib : osc.obj (.text:NOROM_OSCHF_TurnOnXosc)
                  0000bcac    00000024     rtsv7M3_T_le_eabi.lib : memcmp.c.obj (.text:memcmp)
                  0000bcd0    00000024     app_ble_pem3.oem3 (.text:ti_sysbios_BIOS_registerRTSLock__I)
                  0000bcf4    00000024     app_ble_pem3.oem3 (.text:ti_sysbios_BIOS_removeRTSLock__I)
                  0000bd18    00000024     rom_sysbios.aem3 : rom_sysbios.obj (.text:ti_sysbios_family_arm_cc26xx_Seconds_set__E)
                  0000bd3c    00000024                      : rom_sysbios.obj (.text:ti_sysbios_family_arm_cc26xx_Timer_getMaxTicks__E)
                  0000bd60    00000024                      : rom_sysbios.obj (.text:ti_sysbios_family_arm_m3_Hwi_romInitNVIC__I)
                  0000bd84    00000022     icall.obj (.text:ICall_setTimerMSecs)
                  0000bda6    00000022     drivers_cc26x0r2.aem3 : List.oem3 (.text:List_get)
                  0000bdc8    00000022                           : List.oem3 (.text:List_put)
                  0000bdea    00000022     driverlib.lib : aux_adc.obj (.text:NOROM_AUXADCAdjustValueForGainAndOffset)
                  0000be0c    00000022                   : uart.obj (.text:NOROM_UARTConfigSetExpClk)
                  0000be2e    00000002     rom_sysbios.aem3 : rom_sysbios.obj (.text:xdc_runtime_SysCallback_defaultExit)
                  0000be30    00000020     drivers_cc26x0r2.aem3 : CryptoCC26XX.oem3 (.text:CryptoCC26XX_init)
                  0000be50    00000020     gattservapp_util.obj (.text:GATTServApp_InitCharCfg)
                  0000be70    00000020     driverlib.lib : uart.obj (.text:NOROM_UARTDisable)
                  0000be90    00000020     dpl_cc26x0r2.aem3 : PowerCC26XX_tirtos.oem3 (.text:PowerCC26XX_schedulerDisable)
                  0000beb0    00000020                       : PowerCC26XX_tirtos.oem3 (.text:PowerCC26XX_schedulerRestore)
                  0000bed0    00000020     drivers_cc26x0r2.aem3 : PowerCC26XX.oem3 (.text:Power_unregisterNotify)
                  0000bef0    00000020     RFCC26XX_singleMode.obj (.text:RF_clkPowerUp$5)
                  0000bf10    00000020     RFCC26XX_singleMode.obj (.text:RF_ratIsRunning$5)
                  0000bf30    00000020     gattservapp_util.obj (.text:gattServApp_FindCharCfgItem$19)
                  0000bf50    00000020     app_ble_pem3.oem3 (.text:ti_sysbios_BIOS_rtsLock__I)
                  0000bf70    00000020     rom_sysbios.aem3 : rom_sysbios.obj (.text:ti_sysbios_family_arm_cc26xx_Timer_dynamicStub__E)
                  0000bf90    00000020                      : rom_sysbios.obj (.text:xdc_runtime_Registry_findById__E)
                  0000bfb0    0000001e     ECCROMCC26XX.obj (.text:ECC_ArrayAllZeros)
                  0000bfce    0000001e     drivers_cc26x0r2.aem3 : PINCC26XX.oem3 (.text:PIN_close)
                  0000bfec    0000001e                           : PowerCC26XX.oem3 (.text:Power_getTransitionLatency)
                  0000c00a    00000002     rom_sysbios.aem3 : rom_sysbios.obj (.text:xdc_runtime_SysCallback_defaultPutch)
                  0000c00c    0000001c     simple_peripheral_oad_offchip.obj (.text:ApplyParam$2)
                  0000c028    0000001c     icall_api_lite.obj (.text:GATT_bm_alloc)
                  0000c044    0000001c     icall_api_lite.obj (.text:GATT_bm_free)
                  0000c060    0000001c     simple_peripheral_oad_offchip.obj (.text:GetCRC8$2)
                  0000c07c    0000001c     icall.obj (.text:ICall_mallocLimited)
                  0000c098    0000001c     icall.obj (.text:ICall_primRepostSync$7)
                  0000c0b4    0000001c     driverlib.lib : aux_adc.obj (.text:NOROM_AUXADCGetAdjustmentGain)
                  0000c0d0    0000001c                   : flash.obj (.text:NOROM_FlashProgram)
                  0000c0ec    0000001c                   : flash.obj (.text:NOROM_FlashSectorErase)
                  0000c108    0000001c     drivers_cc26x0r2.aem3 : NVSCC26XX.oem3 (.text:NVSCC26XX_getAttrs)
                  0000c124    0000001c                           : NVSCC26XX.oem3 (.text:NVSCC26XX_lock)
                  0000c140    0000001c                           : NVSSPI25X.oem3 (.text:NVSSPI25X_initSpiCs)
                  0000c15c    0000001c                           : NVSSPI25X.oem3 (.text:NVSSPI25X_lock)
                  0000c178    0000001c                           : PINCC26XX.oem3 (.text:PINCC26XX_setIoCfgMux)
                  0000c194    0000001c                           : PINCC26XX.oem3 (.text:PIN_hwi)
                  0000c1b0    0000001c     RFCC26XX_singleMode.obj (.text:RF_clkInactivityCallback$5)
                  0000c1cc    0000001c     RFCC26XX_singleMode.obj (.text:RF_getRssi)
                  0000c1e8    0000001c     RFCC26XX_singleMode.obj (.text:RF_powerConstraintSet)
                  0000c204    0000001c     TRNGCC26XX.obj (.text:TRNGCC26XX_open)
                  0000c220    0000001c     crc32.obj (.text:memCpy)
                  0000c23c    0000001c     TRNGCC26XX.obj (.text:openTRNG)
                  0000c258    0000001c     rom_sysbios.aem3 : rom_sysbios.obj (.text:ti_sysbios_family_arm_m3_Hwi_clearInterrupt__E)
                  0000c274    0000001c                      : rom_sysbios_config.obj (.text:ti_sysbios_knl_Clock_Module__startupDone__S)
                  0000c290    0000001c                      : rom_sysbios.obj (.text:ti_sysbios_knl_Swi_construct2__E)
                  0000c2ac    0000001a     icall.obj (.text:ICall_enterCSImpl)
                  0000c2c6    0000001a     dpl_cc26x0r2.aem3 : SystemP_tirtos.oem3 (.text:SystemP_snprintf)
                  0000c2e0    00000018     driverlib.lib : aux_adc.obj (.text:NOROM_AUXADCGetAdjustmentOffset)
                  0000c2f8    00000018                   : chipinfo.obj (.text:NOROM_ChipInfo_GetPackageType)
                  0000c310    00000018                   : rfc.obj (.text:NOROM_RFCCpeIntGetAndClear)
                  0000c328    00000018     drivers_cc26x0r2.aem3 : PINCC26XX.oem3 (.text:PIN_getConfig)
                  0000c340    00000018                           : PowerCC26XX.oem3 (.text:Power_idleFunc)
                  0000c358    00000018     RFCC26XX_singleMode.obj (.text:RF_swiFsm$5)
                  0000c370    00000018     simple_peripheral_oad_offchip.obj (.text:SimplePeripheral_connEvtCB$2)
                  0000c388    00000018     board_key.obj (.text:Task_sleepMS)
                  0000c3a0    00000018     drivers_cc26x0r2.aem3 : UARTCC26XX.oem3 (.text:UARTCC26XX_init)
                  0000c3b8    00000018                           : UART.oem3 (.text:UART_Params_init)
                  0000c3d0    00000018     rtsv7M3_T_le_eabi.lib : args_main.c.obj (.text:_args_main)
                  0000c3e8    00000018     drivers_cc26x0r2.aem3 : CryptoCC26XX.oem3 (.text:cryptoTransactionPoll)
                  0000c400    00000018     flash_interface_ext_rtos.obj (.text:flash_open)
                  0000c418    00000018     app_ble_pem3.oem3 (.text:free)
                  0000c430    00000018     flash_interface_ext_rtos.obj (.text:readFlashPg)
                  0000c448    00000018     rtsv7M3_T_le_eabi.lib : ll_mul_t2.asm.obj (.text)
                  0000c460    00000018     app_ble_pem3.oem3 (.text:ti_sysbios_BIOS_rtsUnlock__I)
                  0000c478    00000018     rom_sysbios.aem3 : rom_sysbios.obj (.text:ti_sysbios_heaps_HeapCallback_Instance_init__E)
                  0000c490    00000018                      : rom_sysbios.obj (.text:ti_sysbios_knl_Swi_or__E)
                  0000c4a8    00000018     app_ble_pem3.oem3 (.text:ti_sysbios_rom_cortexm_cc26xx_r2_CC26xx_checkRevision__E)
                  0000c4c0    00000018     rom_sysbios.aem3 : rom_sysbios.obj (.text:xdc_runtime_Error_init__E)
                  0000c4d8    00000016     display.aem3 : DisplayUart.oem3 (.text:DisplayUartAnsi_close)
                  0000c4ee    00000016     icall.obj (.text:ICall_leaveCSImpl)
                  0000c504    00000016     icall.obj (.text:ICall_pwrDispense)
                  0000c51a    00000016     icall.obj (.text:ICall_pwrRequire)
                  0000c530    00000016     RFCC26XX_singleMode.obj (.text:RF_restartClockTimeout$5)
                  0000c546    00000016     ble_user_config.obj (.text:driverTable_fnSpinlock)
                  0000c55c    00000016     oad.obj (.text:oadReadAttrCB$15)
                  0000c572    00000016     app_ble_pem3.oem3 (.text:ti_sysbios_BIOS_errorRaiseHook__I)
                  0000c588    00000016     app_ble_pem3.oem3 (.text:ti_sysbios_BIOS_exitFunc__I)
                  0000c59e    00000002     --HOLE-- [fill = 0]
                  0000c5a0    00000014     board_key.obj (.text:Board_keyChangeHandler$0)
                  0000c5b4    00000014     dpl_cc26x0r2.aem3 : ClockP_tirtos.oem3 (.text:ClockP_usleep)
                  0000c5c8    00000014     drivers_cc26x0r2.aem3 : List.oem3 (.text:List_clearList)
                  0000c5dc    00000014     driverlib.lib : aux_adc.obj (.text:NOROM_AUXADCValueToMicrovolts)
                  0000c5f0    00000014     drivers_cc26x0r2.aem3 : PINCC26XX.oem3 (.text:PINCC26XX_getInputValue)
                  0000c604    00000014     RFCC26XX_singleMode.obj (.text:RF_Params_init)
                  0000c618    00000014     RFCC26XX_singleMode.obj (.text:RF_dbellSyncOnAck$5)
                  0000c62c    00000014     RFCC26XX_singleMode.obj (.text:RF_getCmdOp)
                  0000c640    00000014     RFCC26XX_singleMode.obj (.text:RF_ratGetChannel$5)
                  0000c654    00000014     drivers_cc26x0r2.aem3 : SPI.oem3 (.text:SPI_Params_init)
                  0000c668    00000014                           : PowerCC26XX.oem3 (.text:configureRFCoreClocks)
                  0000c67c    00000014     flash_interface_ext_rtos.obj (.text:flash_close)
                  0000c690    00000014     rtsv7M3_T_le_eabi.lib : strlen.c.obj (.text:strlen)
                  0000c6a4    00000014     rom_sysbios.aem3 : rom_sysbios.obj (.text:ti_sysbios_family_arm_cc26xx_Timer_getCount64__E)
                  0000c6b8    00000014     app_ble_pem3.oem3 (.text:ti_sysbios_heaps_HeapCallback_Object__get__S)
                  0000c6cc    00000014     app_ble_pem3.oem3 (.text:ti_sysbios_knl_Clock_doTick__I)
                  0000c6e0    00000012     gattservapp_util.obj (.text:GATTServApp_FindAttr)
                  0000c6f2    00000012     drivers_cc26x0r2.aem3 : NVSSPI25X.oem3 (.text:NVSSPI25X_assertSpiCs)
                  0000c704    00000012                           : NVSSPI25X.oem3 (.text:NVSSPI25X_deassertSpiCs)
                  0000c716    00000012                           : NVSSPI25X.oem3 (.text:NVSSPI25X_getAttrs)
                  0000c728    00000012                           : RingBuf.oem3 (.text:RingBuf_construct)
                  0000c73a    00000012     dpl_cc26x0r2.aem3 : SemaphoreP_tirtos.oem3 (.text:SemaphoreP_pend)
                  0000c74c    00000012                       : SwiP_tirtos.oem3 (.text:SwiP_inISR)
                  0000c75e    00000012     app_ble_pem3.oem3 (.text:xdc_runtime_Startup_exec__I)
                  0000c770    00000010     board_key.obj (.text:Board_setLed0_my)
                  0000c780    00000010     board_key.obj (.text:Board_setLed1_my)
                  0000c790    00000010     dpl_cc26x0r2.aem3 : ClockP_tirtos.oem3 (.text:ClockP_isActive)
                  0000c7a0    00000010     gattservapp_util.obj (.text:GATTServApp_ReadCharCfg)
                  0000c7b0    00000010     dpl_cc26x0r2.aem3 : HwiP_tirtos.oem3 (.text:HwiP_Params_init)
                  0000c7c0    00000010                       : HwiP_tirtos.oem3 (.text:HwiP_inISR)
                  0000c7d0    00000010     icall.obj (.text:ICall_taskEntry$7)
                  0000c7e0    00000010     driverlib.lib : aux_adc.obj (.text:NOROM_AUXADCFlushFifo)
                  0000c7f0    00000010                   : aux_adc.obj (.text:NOROM_AUXADCReadFifo)
                  0000c800    00000010     drivers_cc26x0r2.aem3 : PINCC26XX.oem3 (.text:PINCC26XX_getPinCount)
                  0000c810    00000010     RFCC26XX_singleMode.obj (.text:RF_dbellSubmitCmdAsync$5)
                  0000c820    00000010     simple_peripheral_oad_offchip.obj (.text:SimplePeripheral_clockHandler$2)
                  0000c830    00000010     simple_peripheral_oad_offchip.obj (.text:SimplePeripheral_processOadWriteCB$2)
                  0000c840    00000010     dpl_cc26x0r2.aem3 : SwiP_tirtos.oem3 (.text:SwiP_Params_init)
                  0000c850    00000010     util.obj (.text:Util_isActive)
                  0000c860    00000010     ExtFlash.obj (.text:extFlashDeselect$12)
                  0000c870    00000010     ExtFlash.obj (.text:extFlashSelect$12)
                  0000c880    00000010     peripheral_observer.obj (.text:gapRole_setEvent$21)
                  0000c890    00000010     hal_assert.obj (.text:halAssertHandlerExt)
                  0000c8a0    00000010     rom_sysbios.aem3 : rom_sysbios.obj (.text:ti_sysbios_family_arm_m3_Hwi_post__E)
                  0000c8b0    00000010                      : rom_sysbios.obj (.text:ti_sysbios_heaps_HeapCallback_alloc__E)
                  0000c8c0    00000010                      : rom_sysbios.obj (.text:ti_sysbios_heaps_HeapCallback_free__E)
                  0000c8d0    00000010                      : rom_sysbios.obj (.text:ti_sysbios_heaps_HeapCallback_getStats__E)
                  0000c8e0    00000010                      : rom_sysbios.obj (.text:ti_sysbios_heaps_HeapCallback_isBlocking__E)
                  0000c8f0    00000010     drivers_cc26x0r2.aem3 : UARTCC26XX.oem3 (.text:uartPostNotify)
[...]
1001c0d1  ti_sysbios_knl_Clock_TimerProxy_getExpiredTicks__E                        
1001c0d5  ti_sysbios_knl_Clock_TimerProxy_getPeriod__E                              
1001c0d9  ti_sysbios_knl_Clock_delete                                               
1001c0dd  ti_sysbios_knl_Clock_destruct                                             
1001c0e1  ti_sysbios_knl_Clock_removeI__E                                           
1001c0e5  ti_sysbios_knl_Clock_setTimeout__E                                        
1001c0e9  ti_sysbios_knl_Event_delete                                               
1001c0ed  ti_sysbios_knl_Event_destruct                                             
1001c0f1  ti_sysbios_knl_Mailbox_delete                                             
1001c0f5  ti_sysbios_knl_Mailbox_destruct                                           
1001c0f9  ti_sysbios_knl_Queue_delete                                               
1001c0fd  ti_sysbios_knl_Queue_destruct                                             
1001c101  ti_sysbios_knl_Queue_head__E                                              
1001c105  ti_sysbios_knl_Queue_next__E                                              
1001c109  ti_sysbios_knl_Semaphore_delete                                           
1001c10d  ti_sysbios_knl_Semaphore_destruct                                         
1001c111  ti_sysbios_knl_Swi_delete                                                 
1001c115  ti_sysbios_knl_Swi_destruct                                               
1001c119  ti_sysbios_knl_Swi_postInit__I                                            
1001c11d  ti_sysbios_knl_Task_delete                                                
1001c121  ti_sysbios_knl_Task_destruct                                              
1001c125  ti_sysbios_knl_Task_startup__E                                            
1001c129  xdc_runtime_Startup_startMods__I                                          
1001c2c9  xdc_runtime_Core_createObject__I                                          
1001c349  xdc_runtime_Memory_alloc__E                                               
1001c3b5  xdc_runtime_Core_deleteObject__I                                          
1001c413  xdc_runtime_Error_policySpin__E                                           
1001c415  xdc_runtime_Startup_exec__E                                               
1001c465  xdc_runtime_Assert_raise__I                                               
1001c4ad  xdc_runtime_Core_assignParams__I                                          
1001c4f5  xdc_runtime_Core_constructObject__I                                       
1001c581  xdc_runtime_System_atexit__E                                              
1001c5b9  xdc_runtime_Core_assignLabel__I                                           
1001c5ed  xdc_runtime_System_processAtExit__E                                       
1001c621  xdc_runtime_Text_cordText__E                                              
1001c64d  xdc_runtime_System_abort__E                                               
1001c66d  xdc_runtime_Error_raiseX__E                                               
1001c689  xdc_runtime_Memory_valloc__E                                              
1001c6a5  xdc_runtime_Core_destructObject__I                                        
1001c6bd  xdc_runtime_Error_check__E                                                
1001c6d5  xdc_runtime_System_exit__E                                                
1001c6ed  xdc_runtime_Text_ropeText__E                                              
1001c705  xdc_runtime_Memory_free__E                                                
1001c715  xdc_runtime_SysCallback_abort__E                                          
1001c715  xdc_runtime_System_SupportProxy_abort__E                                  
1001c725  xdc_runtime_SysCallback_exit__E                                           
1001c725  xdc_runtime_System_SupportProxy_exit__E                                   
1001c735  xdc_runtime_Timestamp_SupportProxy_get32__E                               
1001c735  xdc_runtime_Timestamp_get32__E                                            
1001c735  xdc_runtime_Timestamp_get32__E                                            
1001c751  xdc_runtime_Memory_calloc__E                                              
1001c75d  xdc_runtime_Memory_getMaxDefaultTypeAlign__E                              
1001c769  xdc_runtime_Startup_rtsDone__E                                            
1001c775  xdc_runtime_Memory_HeapProxy_alloc__E                                     
1001c77f  xdc_runtime_Memory_HeapProxy_free__E                                      
1001c789  xdc_runtime_Gate_leaveSystem__E                                           
1001c78f  xdc_runtime_System_Module_startup__E                                      
1001c795  xdc_runtime_Gate_enterSystem__E                                           
1001c799  xdc_runtime_System_Module_GateProxy_enter__E                              
1001c79d  xdc_runtime_System_Module_GateProxy_leave__E                              
1001c7a1  xdc_runtime_System_abortSpin__E                                           
1001c7a3  xdc_runtime_System_exitSpin__E                                            
1001c7a5  ti_sysbios_family_arm_m3_Hwi_dispatch__I                                  
1001c86d  ti_sysbios_family_arm_m3_TaskSupport_buildTaskStack                       
1001c8b9  ti_sysbios_family_arm_m3_Hwi_initStacks__E                                
1001c901  ti_sysbios_family_arm_m3_Hwi_excHandlerAsm__I                             
1001c921  ti_sysbios_family_xxx_Hwi_switchAndRunFunc                                
1001c93f  ti_sysbios_family_arm_m3_Hwi_pendSV__I                                    
1001c957  ti_sysbios_family_arm_m3_Hwi_return                                       
1001c959  ti_sysbios_family_arm_m3_TaskSupport_glue                                 
1001c969  ti_sysbios_family_arm_m3_TaskSupport_swap__E                              
1001c969  ti_sysbios_knl_Task_SupportProxy_swap__E                                  
1001c969  ti_sysbios_knl_Task_SupportProxy_swap__E__mangled__                       
1001c971  ti_sysbios_knl_Task_swapReturn                                            
1001c978  ti_sysbios_knl_Task_Object__PARAMS__C                                     
1001c9b4  ti_sysbios_knl_Mailbox_Object__PARAMS__C                                  
1001c9e8  ti_sysbios_family_arm_m3_Hwi_Object__PARAMS__C                            
1001ca18  ti_sysbios_hal_Hwi_Object__PARAMS__C                                      
1001ca44  ti_sysbios_knl_Swi_Object__PARAMS__C                                      
1001ca6c  ti_sysbios_heaps_HeapMem_Object__PARAMS__C                                
1001ca90  ti_sysbios_knl_Clock_Object__PARAMS__C                                    
1001cab4  ti_sysbios_knl_Semaphore_Object__PARAMS__C                                
1001cad8  ti_sysbios_gates_GateHwi_Object__PARAMS__C                                
1001caf0  ti_sysbios_gates_GateMutex_Object__PARAMS__C                              
1001cb08  ti_sysbios_knl_Event_Object__PARAMS__C                                    
1001cb20  ti_sysbios_knl_Queue_Object__PARAMS__C                                    
1001cb68  ti_sysbios_gates_GateMutex_Instance_State_sem__O                          
1001cb6c  ti_sysbios_knl_Clock_Module_State_clockQ__O                               
1001cb70  ti_sysbios_knl_Event_Instance_State_pendQ__O                              
1001cb74  ti_sysbios_knl_Mailbox_Instance_State_dataQue__O                          
1001cb78  ti_sysbios_knl_Mailbox_Instance_State_dataSem__O                          
1001cb7c  ti_sysbios_knl_Mailbox_Instance_State_freeQue__O                          
1001cb80  ti_sysbios_knl_Mailbox_Instance_State_freeSem__O                          
1001cb84  ti_sysbios_knl_Semaphore_Instance_State_pendQ__O                          
1001cb88  ti_sysbios_knl_Task_Module_State_inactiveQ__O                             
20000000  __UNUSED_SRAM_start__                                                     
20000000  ti_sysbios_family_arm_m3_Hwi_ramVectors                                   
20000100  ti_sysbios_knl_Task_Module__state__V                                      
20000144  ti_sysbios_family_arm_m3_Hwi_Module__state__V                             
20000178  ti_sysbios_knl_Clock_Module__state__V                                     
200001a4  ti_sysbios_BIOS_Module__state__V                                          
200001c8  ti_sysbios_knl_Swi_Module__state__V                                       
200001e4  ti_sysbios_family_arm_cc26xx_Timer_Module__state__V                       
200001ec  ti_sysbios_family_arm_cc26xx_TimestampProvider_Module__state__V           
200001f0  xdc_runtime_Startup_Module__state__V                                      
200001f8  xdc_runtime_System_Module__state__V                                       
20000200  xdc_runtime_Memory_Module__state__V                                       
20000204  xdc_runtime_Error_Module__state__V                                        
20000520  ramStartHere                                                              
20000524  iExpectedCrc                                                              
20000525  iCurrCmd                                                                  
20000528  iRecivedLen                                                               
2000052a  iSendedLen                                                                
2000052c  iExpectedLen                                                              
2000052e  iBuffInLen                                                                
20000530  iBuffOutLen                                                               
20000534  dispHandle                                                                
20000548  pBuffIn                                                                   
2000054c  pBuffOut                                                                  
20000558  connectionEventRegisterCauseBitMap                                        
2000055c  curCmd                                                                    
20000588  AdvTypeStrings                                                            
200005f4  cur_tag_settings                                                          
20000620  sbpTask                                                                   
200006d0  sbpTaskStack                                                              
20000ab8  linkDBNumConns                                                            
20000bcc  gapRoleTask                                                               
20000c20  gapRoleTaskStack                                                          
20000e12  metaPage                                                                  
200012d8  pinUpperBound                                                             
200012dc  pinLowerBound                                                             
20001370  pinHandleTable                                                            
200013ec  PowerCC26XX_module                                                        
20001508  ICall_enterCriticalSection                                                
2000150c  ICall_leaveCriticalSection                                                
2000151c  heapmgrMemFreeTotal                                                       
20001528  HEAPMGR_SIZE                                                              
2000152c  ICall_dispatcher                                                          
200015a0  appKeyChangeHandler                                                       
200015a4  hKeyPins                                                                  
200015a8  ledPinHandle                                                              
200015ac  ButtonTableWakeUp                                                         
200015b4  keyPinsCfg                                                                
200015c0  keyPins                                                                   
200015cc  ledPinState                                                               
200015d8  ledPinTable                                                               
200016d0  ti_sysbios_knl_Task_Object__table__V                                      
2000171c  appAssertCback                                                            
20001720  ti_sysbios_family_arm_cc26xx_Timer_Object__table__V                       
20001768  ti_sysbios_hal_SecondsClock_Module__state__V                              
200017a4  ti_sysbios_gates_GateMutex_Object__table__V                               
200017dc  rfRegTbl                                                                  
2000180c  ti_sysbios_knl_Swi_Module_State_0_readyQ__A                               
2000183c  ti_sysbios_knl_Swi_Object__table__V                                       
2000186c  ti_sysbios_knl_Task_Module_State_0_readyQ__A                              
2000189c  gpioPinConfigs                                                            
200018d0  K2_mont                                                                   
20001930  ti_sysbios_knl_Clock_Object__table__V                                     
20001950  xdc_runtime_Error_IgnoreBlock                                             
20001970  ti_sysbios_family_arm_m3_Hwi_Object__table__V                             
20001988  stackImageHeader                                                          
2000198c  user0Cfg                                                                  
2000199c  bleAppServiceInfoTable                                                    
200019ac  gpioCallbackFunctions                                                     
200019bc  rfModeOverride                                                            
200019cc  ti_sysbios_heaps_HeapCallback_Object__table__V                            
200019e4  pfnBMAlloc                                                                
200019e8  pfnBMFree                                                                 
200019ec  assertSubcause                                                            
200019ed  legacyMode                                                                
200019f0  halAssertCback                                                            
200019f4  _lock                                                                     
200019f8  _unlock                                                                   
20001a04  pRfErrCb                                                                  
20001a08  lastAppOpcodeIdxSent                                                      
20001a0c  ti_sysbios_family_arm_cc26xx_Seconds_Module__state__V                     
20001a14  ti_sysbios_family_arm_m3_Hwi_Module__root__V                              
20001a1c  ti_sysbios_gates_GateHwi_Module__root__V                                  
20001a24  ti_sysbios_gates_GateMutex_Module__root__V                                
20001a2c  ti_sysbios_hal_Hwi_Module__root__V                                        
20001a34  ti_sysbios_heaps_HeapCallback_Module__root__V                             
20001a3c  ti_sysbios_heaps_HeapMem_Module__root__V                                  
20001a44  ti_sysbios_knl_Clock_Module__root__V                                      
20001a4c  ti_sysbios_knl_Event_Module__root__V                                      
20001a54  ti_sysbios_knl_Mailbox_Module__root__V                                    
20001a5c  ti_sysbios_knl_Queue_Module__root__V                                      
20001a64  ti_sysbios_knl_Semaphore_Module__root__V                                  
20001a6c  ti_sysbios_knl_Swi_Module__root__V                                        
20001a74  ti_sysbios_knl_Task_Module__root__V                                       
20001a7c  xdc_runtime_Registry_Module__state__V                                     
20001a88  main_func_sp                                                              
20001a8c  ti_sysbios_family_arm_m3_Hwi_Module_State_0_excContext__A                 
20001a90  ti_sysbios_family_arm_m3_Hwi_Module_State_0_excStack__A                   
20001a94  ti_sysbios_knl_Task_Module_State_0_idleTask__A                            
20001a98  ti_sysbios_family_arm_m3_Hwi_Module_State_0_excActive__A                  
20001e40  ti_sysbios_knl_Task_Instance_State_0_stack__A                             
20002040  spiCC26XXDMAObjects                                                       
20002208  uartCC26XXObjects                                                         
20002330  crcBuf                                                                    
20002430  adcCC26xxObjects                                                          
2000250c  ti_sysbios_family_arm_m3_Hwi_dispatchTable                                
20002654  cryptoCC26XXObjects                                                       
20002734  uartCC26XXRingBuffer                                                      
20002754  udmaObjects                                                               
200027b8  displayUartObject                                                         
200027c4  nvsSPI25XObjects                                                          
200027d0  PowerCC26XX_taskKey                                                       
200027d4  PowerCC26XX_swiKey                                                        
200027e0  ClockP_tickPeriod                                                         
200027e4  nvsCC26xxObjects                                                          
200027e8  trngCC26XXObjects                                                         
200027f0  driverlib_release_0_53646                                                 
200027f1  heapStart                                                                 
20003b50  __stack                                                                   
20003b50  heapEnd                                                                   
20003f50  __STACK_END                                                               
20003f50  __STACK_TOP                                                               
20004f80  eccRom_param_Gx                                                           
20004f84  eccRom_param_Gy                                                           
20004f88  eccRom_workzone                                                           
20004f8c  eccRom_param_p                                                            
20004f90  eccRom_param_r                                                            
20004f94  eccRom_param_a                                                            
20004f98  eccRom_param_b                                                            
20004f9c  eccRom_windowSize                                                         
20005000  __UNUSED_SRAM_end__                                                       
e000e000  ti_sysbios_family_arm_m3_Hwi_nvic                                         
ffffffff  __TI_pprof_out_hndl                                                       
ffffffff  __TI_prof_data_size                                                       
ffffffff  __TI_prof_data_start                                                      
ffffffff  __binit__                                                                 
ffffffff  __c_args__                                                                
ffffffff  binit                                                                     
UNDEFED   SHT$$INIT_ARRAY$$Base                                                     
UNDEFED   SHT$$INIT_ARRAY$$Limit                                                    

[1218 symbols]
