******************************************************************************
                  TI ARM Linker PC v18.1.6                     
******************************************************************************
>> Linked Tue Sep  3 16:08:58 2019

OUTPUT FILE NAME:   <sport_tag_FlashROM.out>
ENTRY POINT SYMBOL: "ResetISR"  address: 0000a4c1


MEMORY CONFIGURATION

         name            origin    length      used     unused   attr    fill
----------------------  --------  ---------  --------  --------  ----  --------
  FLASH_IMG_HDR         00000000   000000a8  000000a5  00000003  R  X
  ENTRY                 000000a8   00000040  0000003c  00000004  R  X
  FLASH                 000000e8   00012f98  0000d86e  0000572a  R  X
  SRAM                  20000000   00003f48  0000295d  000015eb  RW X


SEGMENT ALLOCATION MAP

run origin  load origin   length   init length attrs members
----------  ----------- ---------- ----------- ----- -------
00000000    00000000    0000d95c   0000d95c    r-x
  00000000    00000000    000000a5   000000a5    r-- .img_hdr
  000000a8    000000a8    0000003c   0000003c    r-- .resetVecs
  000000e8    000000e8    00000f18   00000f18    r-x .text.1
  00001000    00001000    00000028   00000028    r-- .const:ti_sysbios_heaps_HeapMem_Module__FXNS__C
  00001028    00001028    00000024   00000024    r-- .const:ti_sysbios_gates_GateHwi_Module__FXNS__C
  0000104c    0000104c    00000024   00000024    r-- .const:ti_sysbios_gates_GateMutex_Module__FXNS__C
  00001070    00001070    00000020   00000020    r-- .const:ti_sysbios_family_arm_m3_Hwi_Object__DESC__C
  00001090    00001090    00000020   00000020    r-- .const:ti_sysbios_gates_GateHwi_Object__DESC__C
  000010b0    000010b0    00000020   00000020    r-- .const:ti_sysbios_gates_GateMutex_Object__DESC__C
  000010d0    000010d0    00000020   00000020    r-- .const:ti_sysbios_hal_Hwi_Object__DESC__C
  000010f0    000010f0    00000020   00000020    r-- .const:ti_sysbios_heaps_HeapMem_Object__DESC__C
  00001110    00001110    00000020   00000020    r-- .const:ti_sysbios_knl_Clock_Object__DESC__C
  00001130    00001130    00000020   00000020    r-- .const:ti_sysbios_knl_Event_Object__DESC__C
  00001150    00001150    00000020   00000020    r-- .const:ti_sysbios_knl_Mailbox_Object__DESC__C
  00001170    00001170    00000020   00000020    r-- .const:ti_sysbios_knl_Queue_Object__DESC__C
  00001190    00001190    00000020   00000020    r-- .const:ti_sysbios_knl_Semaphore_Object__DESC__C
  000011b0    000011b0    00000020   00000020    r-- .const:ti_sysbios_knl_Swi_Object__DESC__C
  000011d0    000011d0    00000020   00000020    r-- .const:ti_sysbios_knl_Task_Object__DESC__C
  000011f0    000011f0    00000008   00000008    r-- .const:ti_sysbios_knl_Idle_funcList__C
  000011f8    000011f8    00000004   00000004    r-- .const:ti_sysbios_family_arm_cc26xx_Timer_startupNeeded__C
  000011fc    000011fc    00000004   00000004    r-- .const:ti_sysbios_family_arm_m3_Hwi_E_alreadyDefined__C
  00001200    00001200    00000004   00000004    r-- .const:ti_sysbios_family_arm_m3_Hwi_E_hwiLimitExceeded__C
  00001204    00001204    00000004   00000004    r-- .const:ti_sysbios_family_arm_m3_Hwi_NUM_INTERRUPTS__C
  00001208    00001208    00000004   00000004    r-- .const:ti_sysbios_family_arm_m3_Hwi_Object__count__C
  0000120c    0000120c    00000004   00000004    r-- .const:ti_sysbios_family_arm_m3_Hwi_Object__table__C
  00001210    00001210    00000004   00000004    r-- .const:ti_sysbios_family_arm_m3_Hwi_ccr__C
  00001214    00001214    00000004   00000004    r-- .const:ti_sysbios_family_arm_m3_Hwi_excHandlerFunc__C
  00001218    00001218    00000004   00000004    r-- .const:ti_sysbios_family_arm_m3_Hwi_nullIsrFunc__C
  0000121c    0000121c    00000004   00000004    r-- .const:ti_sysbios_family_arm_m3_Hwi_numSparseInterrupts__C
  00001220    00001220    00000004   00000004    r-- .const:ti_sysbios_family_arm_m3_Hwi_priGroup__C
  00001224    00001224    00000004   00000004    r-- .const:ti_sysbios_family_arm_m3_TaskSupport_stackAlignment__C
  00001228    00001228    00000004   00000004    r-- .const:ti_sysbios_heaps_HeapMem_E_memory__C
  0000122c    0000122c    00000004   00000004    r-- .const:ti_sysbios_heaps_HeapMem_Module__gateObj__C
  00001230    00001230    00000004   00000004    r-- .const:ti_sysbios_heaps_HeapMem_Object__count__C
  00001234    00001234    00000004   00000004    r-- .const:ti_sysbios_heaps_HeapMem_Object__table__C
  00001238    00001238    00000004   00000004    r-- .const:ti_sysbios_heaps_HeapMem_reqAlign__C
  0000123c    0000123c    00000004   00000004    r-- .const:ti_sysbios_knl_Clock_triggerClock__C
  00001240    00001240    00000004   00000004    r-- .const:ti_sysbios_knl_Mailbox_Object__count__C
  00001244    00001244    00000004   00000004    r-- .const:ti_sysbios_knl_Mailbox_Object__table__C
  00001248    00001248    00000004   00000004    r-- .const:ti_sysbios_knl_Mailbox_maxTypeAlign__C
  0000124c    0000124c    00000004   00000004    r-- .const:ti_sysbios_knl_Queue_Object__count__C
  00001250    00001250    00000004   00000004    r-- .const:ti_sysbios_knl_Queue_Object__table__C
  00001254    00001254    00000004   00000004    r-- .const:ti_sysbios_knl_Semaphore_eventPost__C
  00001258    00001258    00000004   00000004    r-- .const:ti_sysbios_knl_Semaphore_eventSync__C
  0000125c    0000125c    00000004   00000004    r-- .const:ti_sysbios_knl_Swi_Object__count__C
  00001260    00001260    00000004   00000004    r-- .const:ti_sysbios_knl_Swi_Object__table__C
  00001264    00001264    00000004   00000004    r-- .const:ti_sysbios_knl_Swi_numPriorities__C
  00001268    00001268    00000004   00000004    r-- .const:ti_sysbios_knl_Task_Object__count__C
  0000126c    0000126c    00000004   00000004    r-- .const:ti_sysbios_knl_Task_Object__table__C
  00001270    00001270    00000004   00000004    r-- .const:ti_sysbios_knl_Task_allBlockedFunc__C
  00001274    00001274    00000004   00000004    r-- .const:ti_sysbios_knl_Task_defaultStackHeap__C
  00001278    00001278    00000004   00000004    r-- .const:ti_sysbios_knl_Task_defaultStackSize__C
  0000127c    0000127c    00000004   00000004    r-- .const:ti_sysbios_knl_Task_numConstructedTasks__C
  00001280    00001280    00000002   00000002    r-- .const:ti_sysbios_family_arm_cc26xx_Timer_Module__id__C
  00001282    00001282    00000002   00000002    r-- .const:ti_sysbios_family_arm_cc26xx_TimestampProvider_useClockTimer__C
  00001284    00001284    00000002   00000002    r-- .const:ti_sysbios_family_arm_m3_Hwi_Module__id__C
  00001286    00001286    00000002   00000002    r-- .const:ti_sysbios_gates_GateHwi_Module__id__C
  00001288    00001288    00000002   00000002    r-- .const:ti_sysbios_gates_GateMutex_Module__id__C
  0000128a    0000128a    00000002   00000002    r-- .const:ti_sysbios_heaps_HeapMem_Module__id__C
  0000128c    0000128c    00000002   00000002    r-- .const:ti_sysbios_knl_Task_initStackFlag__C
  0000128e    0000128e    00000001   00000001    r-- .const:ti_sysbios_knl_Clock_tickMode__C
  00001290    00001290    00000008   00000008    r-- .const:xdc_runtime_Startup_firstFxns__C
  00001298    00001298    00000008   00000008    r-- .const:xdc_runtime_Startup_lastFxns__C
  000012a0    000012a0    00000004   00000004    r-- .const:xdc_runtime_Assert_E_assertFailed__C
  000012a4    000012a4    00000004   00000004    r-- .const:xdc_runtime_Error_E_memory__C
  000012a8    000012a8    00000004   00000004    r-- .const:xdc_runtime_Error_policyFxn__C
  000012ac    000012ac    00000004   00000004    r-- .const:xdc_runtime_Error_raiseHook__C
  000012b0    000012b0    00000004   00000004    r-- .const:xdc_runtime_IGateProvider_Interface__BASE__C
  000012b4    000012b4    00000004   00000004    r-- .const:xdc_runtime_IHeap_Interface__BASE__C
  000012b8    000012b8    00000004   00000004    r-- .const:xdc_runtime_IModule_Interface__BASE__C
  000012bc    000012bc    00000004   00000004    r-- .const:xdc_runtime_Memory_defaultHeapInstance__C
  000012c0    000012c0    00000004   00000004    r-- .const:xdc_runtime_Startup_execImpl__C
  000012c4    000012c4    00000004   00000004    r-- .const:xdc_runtime_Startup_maxPasses__C
  000012c8    000012c8    00000004   00000004    r-- .const:xdc_runtime_Startup_sfxnRts__C
  000012cc    000012cc    00000004   00000004    r-- .const:xdc_runtime_Startup_sfxnTab__C
  000012d0    000012d0    00000004   00000004    r-- .const:xdc_runtime_Startup_startModsFxn__C
  000012d4    000012d4    00000004   00000004    r-- .const:xdc_runtime_SysCallback_abortFxn__C
  000012d8    000012d8    00000004   00000004    r-- .const:xdc_runtime_SysCallback_exitFxn__C
  000012dc    000012dc    00000004   00000004    r-- .const:xdc_runtime_System_abortFxn__C
  000012e0    000012e0    00000004   00000004    r-- .const:xdc_runtime_System_exitFxn__C
  000012e4    000012e4    00000004   00000004    r-- .const:xdc_runtime_System_maxAtexitHandlers__C
  000012e8    000012e8    00000004   00000004    r-- .const:xdc_runtime_Text_charTab__C
  000012ec    000012ec    00000004   00000004    r-- .const:xdc_runtime_Text_nameEmpty__C
  000012f0    000012f0    00000004   00000004    r-- .const:xdc_runtime_Text_nameStatic__C
  000012f4    000012f4    00000004   00000004    r-- .const:xdc_runtime_Text_nameUnknown__C
  000012f8    000012f8    00000002   00000002    r-- .const:xdc_runtime_Error_maxDepth__C
  000012fa    000012fa    00000002   00000002    r-- .const:xdc_runtime_Memory_Module__id__C
  000012fc    000012fc    00000002   00000002    r-- .const:xdc_runtime_Text_charCnt__C
  000012fe    000012fe    00000002   00000002    r-- .const:xdc_runtime_Text_isLoaded__C
  00001300    00001300    00000001   00000001    r-- .const:xdc_runtime_Error_policy__C
  00001304    00001304    00000004   00000004    r-- .const:ti_sysbios_rom_ROM_ti_sysbios_family_arm_cc26xx_Timer_getCount64__E
  00001308    00001308    00000004   00000004    r-- .const:ti_sysbios_rom_ROM_ti_sysbios_family_arm_cc26xx_Timer_getCurrentTick__E
  0000130c    0000130c    00000004   00000004    r-- .const:ti_sysbios_rom_ROM_ti_sysbios_family_arm_cc26xx_Timer_getMaxTicks__E
  00001310    00001310    00000004   00000004    r-- .const:ti_sysbios_rom_ROM_ti_sysbios_family_arm_cc26xx_Timer_initDevice__I
  00001314    00001314    00000004   00000004    r-- .const:ti_sysbios_rom_ROM_ti_sysbios_family_arm_cc26xx_Timer_setNextTick__E
  00001318    00001318    00000004   00000004    r-- .const:ti_sysbios_rom_ROM_ti_sysbios_family_arm_cc26xx_Timer_setThreshold__I
  0000131c    0000131c    00000004   00000004    r-- .const:ti_sysbios_rom_ROM_ti_sysbios_family_arm_cc26xx_Timer_start__E
  00001320    00001320    00000004   00000004    r-- .const:ti_sysbios_rom_ROM_ti_sysbios_family_arm_cc26xx_TimestampProvider_get32__E
  00001324    00001324    00000004   00000004    r-- .const:ti_sysbios_rom_ROM_xdc_runtime_Startup_getState__I
  00001328    00001328    00000004   00000004    r-- .const:ti_sysbios_rom_ROM_xdc_runtime_System_SupportProxy_abort__E
  0000132c    0000132c    00000004   00000004    r-- .const:ti_sysbios_rom_ROM_xdc_runtime_System_SupportProxy_exit__E
  00001330    00001330    0000b748   0000b748    r-x .text.2
  0000ca78    0000ca78    000008c6   000008c6    r-- .const
  0000d340    0000d340    00000058   00000058    r-- .ccfg
  0000d398    0000d398    000005c4   000005c4    r-- .cinit
20000100    20000100    00000106   00000000    rw-
  20000100    20000100    00000044   00000000    rw- .data:ti_sysbios_knl_Task_Module__state__V
  20000144    20000144    00000034   00000000    rw- .data:ti_sysbios_family_arm_m3_Hwi_Module__state__V
  20000178    20000178    0000002c   00000000    rw- .data:ti_sysbios_knl_Clock_Module__state__V
  200001a4    200001a4    00000024   00000000    rw- .data:ti_sysbios_BIOS_Module__state__V
  200001c8    200001c8    0000001c   00000000    rw- .data:ti_sysbios_knl_Swi_Module__state__V
  200001e4    200001e4    00000008   00000000    rw- .data:ti_sysbios_family_arm_cc26xx_Timer_Module__state__V
  200001ec    200001ec    00000004   00000000    rw- .data:ti_sysbios_family_arm_cc26xx_TimestampProvider_Module__state__V
  200001f0    200001f0    00000008   00000000    rw- .data:xdc_runtime_Startup_Module__state__V
  200001f8    200001f8    00000008   00000000    rw- .data:xdc_runtime_System_Module__state__V
  20000200    20000200    00000004   00000000    rw- .data:xdc_runtime_Memory_Module__state__V
  20000204    20000204    00000002   00000000    rw- .data:xdc_runtime_Error_Module__state__V
20000430    20000430    00000010   00000000    rw-
  20000430    20000430    00000010   00000000    rw- .TI.bound:dmaSpi0RxControlTableEntry
20000440    20000440    00000010   00000000    rw-
  20000440    20000440    00000010   00000000    rw- .TI.bound:dmaSpi0TxControlTableEntry
20000500    20000500    00000010   00000000    rw-
  20000500    20000500    00000010   00000000    rw- .TI.bound:dmaSpi1RxControlTableEntry
20000510    20000510    0000235f   00000000    rw-
  20000510    20000510    00000010   00000000    rw- .TI.bound:dmaSpi1TxControlTableEntry
  20000520    20000520    000016b8   00000000    rw- .data
  20001bd8    20001bd8    00000c97   00000000    rw- .bss
20003b48    20003b48    00000400   00000000    rw-
  20003b48    20003b48    00000400   00000000    rw- .stack


SECTION ALLOCATION MAP

 output                                  attributes/
section   page    origin      length       input sections
--------  ----  ----------  ----------   ----------------
.text.1    0    000000e8    00000f18     
                  000000e8    0000082c     simple_peripheral_oad_offchip.obj (.text:SimplePeripheral_taskFxn$3)
                  00000914    00000008     (.tramp.ti_sysbios_knl_Event_pend__E.1)
                  0000091c    00000008     (.tramp.ti_sysbios_knl_Queue_get__E.1)
                  00000924    00000008     (.tramp.ti_sysbios_knl_Queue_empty__E.1)
                  0000092c    0000059c     peripheral_observer.obj (.text:gapRole_taskFxn$22)
                  00000ec8    0000012c     drivers_cc26x0r2.aem3 : PowerCC26XX.oem3 (.text:Power_init)
                  00000ff4    0000000c     display.aem3 : Display.oem3 (.text:Display_doClearLines)

.const:ti_sysbios_heaps_HeapMem_Module__FXNS__C 
*          0    00001000    00000028     
                  00001000    00000028     app_ble_pem3.oem3 (.const:ti_sysbios_heaps_HeapMem_Module__FXNS__C)

.const:ti_sysbios_gates_GateHwi_Module__FXNS__C 
*          0    00001028    00000024     
                  00001028    00000024     app_ble_pem3.oem3 (.const:ti_sysbios_gates_GateHwi_Module__FXNS__C)

.const:ti_sysbios_gates_GateMutex_Module__FXNS__C 
*          0    0000104c    00000024     
                  0000104c    00000024     app_ble_pem3.oem3 (.const:ti_sysbios_gates_GateMutex_Module__FXNS__C)

.const:ti_sysbios_family_arm_m3_Hwi_Object__DESC__C 
*          0    00001070    00000020     
                  00001070    00000020     app_ble_pem3.oem3 (.const:ti_sysbios_family_arm_m3_Hwi_Object__DESC__C)

.const:ti_sysbios_gates_GateHwi_Object__DESC__C 
*          0    00001090    00000020     
                  00001090    00000020     app_ble_pem3.oem3 (.const:ti_sysbios_gates_GateHwi_Object__DESC__C)

.const:ti_sysbios_gates_GateMutex_Object__DESC__C 
*          0    000010b0    00000020     
                  000010b0    00000020     app_ble_pem3.oem3 (.const:ti_sysbios_gates_GateMutex_Object__DESC__C)

.const:ti_sysbios_hal_Hwi_Object__DESC__C 
*          0    000010d0    00000020     
                  000010d0    00000020     app_ble_pem3.oem3 (.const:ti_sysbios_hal_Hwi_Object__DESC__C)

.const:ti_sysbios_heaps_HeapMem_Object__DESC__C 
*          0    000010f0    00000020     
                  000010f0    00000020     app_ble_pem3.oem3 (.const:ti_sysbios_heaps_HeapMem_Object__DESC__C)

.const:ti_sysbios_knl_Clock_Object__DESC__C 
*          0    00001110    00000020     
                  00001110    00000020     app_ble_pem3.oem3 (.const:ti_sysbios_knl_Clock_Object__DESC__C)

.const:ti_sysbios_knl_Event_Object__DESC__C 
*          0    00001130    00000020     
                  00001130    00000020     app_ble_pem3.oem3 (.const:ti_sysbios_knl_Event_Object__DESC__C)

.const:ti_sysbios_knl_Mailbox_Object__DESC__C 
*          0    00001150    00000020     
                  00001150    00000020     app_ble_pem3.oem3 (.const:ti_sysbios_knl_Mailbox_Object__DESC__C)

.const:ti_sysbios_knl_Queue_Object__DESC__C 
*          0    00001170    00000020     
                  00001170    00000020     app_ble_pem3.oem3 (.const:ti_sysbios_knl_Queue_Object__DESC__C)

.const:ti_sysbios_knl_Semaphore_Object__DESC__C 
*          0    00001190    00000020     
                  00001190    00000020     app_ble_pem3.oem3 (.const:ti_sysbios_knl_Semaphore_Object__DESC__C)

.const:ti_sysbios_knl_Swi_Object__DESC__C 
*          0    000011b0    00000020     
                  000011b0    00000020     app_ble_pem3.oem3 (.const:ti_sysbios_knl_Swi_Object__DESC__C)

.const:ti_sysbios_knl_Task_Object__DESC__C 
*          0    000011d0    00000020     
                  000011d0    00000020     app_ble_pem3.oem3 (.const:ti_sysbios_knl_Task_Object__DESC__C)

.const:ti_sysbios_knl_Idle_funcList__C 
*          0    000011f0    00000008     
                  000011f0    00000008     app_ble_pem3.oem3 (.const:ti_sysbios_knl_Idle_funcList__C)

.const:ti_sysbios_family_arm_cc26xx_Timer_startupNeeded__C 
*          0    000011f8    00000004     
                  000011f8    00000004     app_ble_pem3.oem3 (.const:ti_sysbios_family_arm_cc26xx_Timer_startupNeeded__C)

.const:ti_sysbios_family_arm_m3_Hwi_E_alreadyDefined__C 
*          0    000011fc    00000004     
                  000011fc    00000004     app_ble_pem3.oem3 (.const:ti_sysbios_family_arm_m3_Hwi_E_alreadyDefined__C)

.const:ti_sysbios_family_arm_m3_Hwi_E_hwiLimitExceeded__C 
*          0    00001200    00000004     
                  00001200    00000004     app_ble_pem3.oem3 (.const:ti_sysbios_family_arm_m3_Hwi_E_hwiLimitExceeded__C)

.const:ti_sysbios_family_arm_m3_Hwi_NUM_INTERRUPTS__C 
*          0    00001204    00000004     
                  00001204    00000004     app_ble_pem3.oem3 (.const:ti_sysbios_family_arm_m3_Hwi_NUM_INTERRUPTS__C)

.const:ti_sysbios_family_arm_m3_Hwi_Object__count__C 
*          0    00001208    00000004     
                  00001208    00000004     app_ble_pem3.oem3 (.const:ti_sysbios_family_arm_m3_Hwi_Object__count__C)

.const:ti_sysbios_family_arm_m3_Hwi_Object__table__C 
*          0    0000120c    00000004     
                  0000120c    00000004     app_ble_pem3.oem3 (.const:ti_sysbios_family_arm_m3_Hwi_Object__table__C)

.const:ti_sysbios_family_arm_m3_Hwi_ccr__C 
*          0    00001210    00000004     
                  00001210    00000004     app_ble_pem3.oem3 (.const:ti_sysbios_family_arm_m3_Hwi_ccr__C)

.const:ti_sysbios_family_arm_m3_Hwi_excHandlerFunc__C 
*          0    00001214    00000004     
                  00001214    00000004     app_ble_pem3.oem3 (.const:ti_sysbios_family_arm_m3_Hwi_excHandlerFunc__C)

.const:ti_sysbios_family_arm_m3_Hwi_nullIsrFunc__C 
*          0    00001218    00000004     
                  00001218    00000004     app_ble_pem3.oem3 (.const:ti_sysbios_family_arm_m3_Hwi_nullIsrFunc__C)

.const:ti_sysbios_family_arm_m3_Hwi_numSparseInterrupts__C 
*          0    0000121c    00000004     
                  0000121c    00000004     app_ble_pem3.oem3 (.const:ti_sysbios_family_arm_m3_Hwi_numSparseInterrupts__C)

.const:ti_sysbios_family_arm_m3_Hwi_priGroup__C 
*          0    00001220    00000004     
                  00001220    00000004     app_ble_pem3.oem3 (.const:ti_sysbios_family_arm_m3_Hwi_priGroup__C)

.const:ti_sysbios_family_arm_m3_TaskSupport_stackAlignment__C 
*          0    00001224    00000004     
                  00001224    00000004     app_ble_pem3.oem3 (.const:ti_sysbios_family_arm_m3_TaskSupport_stackAlignment__C)

.const:ti_sysbios_heaps_HeapMem_E_memory__C 
*          0    00001228    00000004     
                  00001228    00000004     app_ble_pem3.oem3 (.const:ti_sysbios_heaps_HeapMem_E_memory__C)

.const:ti_sysbios_heaps_HeapMem_Module__gateObj__C 
*          0    0000122c    00000004     
                  0000122c    00000004     app_ble_pem3.oem3 (.const:ti_sysbios_heaps_HeapMem_Module__gateObj__C)

.const:ti_sysbios_heaps_HeapMem_Object__count__C 
*          0    00001230    00000004     
                  00001230    00000004     app_ble_pem3.oem3 (.const:ti_sysbios_heaps_HeapMem_Object__count__C)

.const:ti_sysbios_heaps_HeapMem_Object__table__C 
*          0    00001234    00000004     
                  00001234    00000004     app_ble_pem3.oem3 (.const:ti_sysbios_heaps_HeapMem_Object__table__C)

.const:ti_sysbios_heaps_HeapMem_reqAlign__C 
*          0    00001238    00000004     
                  00001238    00000004     app_ble_pem3.oem3 (.const:ti_sysbios_heaps_HeapMem_reqAlign__C)

.const:ti_sysbios_knl_Clock_triggerClock__C 
*          0    0000123c    00000004     
                  0000123c    00000004     app_ble_pem3.oem3 (.const:ti_sysbios_knl_Clock_triggerClock__C)

.const:ti_sysbios_knl_Mailbox_Object__count__C 
*          0    00001240    00000004     
                  00001240    00000004     app_ble_pem3.oem3 (.const:ti_sysbios_knl_Mailbox_Object__count__C)

.const:ti_sysbios_knl_Mailbox_Object__table__C 
*          0    00001244    00000004     
                  00001244    00000004     app_ble_pem3.oem3 (.const:ti_sysbios_knl_Mailbox_Object__table__C)

.const:ti_sysbios_knl_Mailbox_maxTypeAlign__C 
*          0    00001248    00000004     
                  00001248    00000004     app_ble_pem3.oem3 (.const:ti_sysbios_knl_Mailbox_maxTypeAlign__C)

.const:ti_sysbios_knl_Queue_Object__count__C 
*          0    0000124c    00000004     
                  0000124c    00000004     app_ble_pem3.oem3 (.const:ti_sysbios_knl_Queue_Object__count__C)

.const:ti_sysbios_knl_Queue_Object__table__C 
*          0    00001250    00000004     
                  00001250    00000004     app_ble_pem3.oem3 (.const:ti_sysbios_knl_Queue_Object__table__C)

.const:ti_sysbios_knl_Semaphore_eventPost__C 
*          0    00001254    00000004     
                  00001254    00000004     app_ble_pem3.oem3 (.const:ti_sysbios_knl_Semaphore_eventPost__C)

.const:ti_sysbios_knl_Semaphore_eventSync__C 
*          0    00001258    00000004     
                  00001258    00000004     app_ble_pem3.oem3 (.const:ti_sysbios_knl_Semaphore_eventSync__C)

.const:ti_sysbios_knl_Swi_Object__count__C 
*          0    0000125c    00000004     
                  0000125c    00000004     app_ble_pem3.oem3 (.const:ti_sysbios_knl_Swi_Object__count__C)

.const:ti_sysbios_knl_Swi_Object__table__C 
*          0    00001260    00000004     
                  00001260    00000004     app_ble_pem3.oem3 (.const:ti_sysbios_knl_Swi_Object__table__C)

.const:ti_sysbios_knl_Swi_numPriorities__C 
*          0    00001264    00000004     
                  00001264    00000004     app_ble_pem3.oem3 (.const:ti_sysbios_knl_Swi_numPriorities__C)

.const:ti_sysbios_knl_Task_Object__count__C 
*          0    00001268    00000004     
                  00001268    00000004     app_ble_pem3.oem3 (.const:ti_sysbios_knl_Task_Object__count__C)

.const:ti_sysbios_knl_Task_Object__table__C 
*          0    0000126c    00000004     
                  0000126c    00000004     app_ble_pem3.oem3 (.const:ti_sysbios_knl_Task_Object__table__C)

.const:ti_sysbios_knl_Task_allBlockedFunc__C 
*          0    00001270    00000004     
                  00001270    00000004     app_ble_pem3.oem3 (.const:ti_sysbios_knl_Task_allBlockedFunc__C)

.const:ti_sysbios_knl_Task_defaultStackHeap__C 
*          0    00001274    00000004     
                  00001274    00000004     app_ble_pem3.oem3 (.const:ti_sysbios_knl_Task_defaultStackHeap__C)

.const:ti_sysbios_knl_Task_defaultStackSize__C 
*          0    00001278    00000004     
                  00001278    00000004     app_ble_pem3.oem3 (.const:ti_sysbios_knl_Task_defaultStackSize__C)

.const:ti_sysbios_knl_Task_numConstructedTasks__C 
*          0    0000127c    00000004     
                  0000127c    00000004     app_ble_pem3.oem3 (.const:ti_sysbios_knl_Task_numConstructedTasks__C)

.const:ti_sysbios_family_arm_cc26xx_Timer_Module__id__C 
*          0    00001280    00000002     
                  00001280    00000002     app_ble_pem3.oem3 (.const:ti_sysbios_family_arm_cc26xx_Timer_Module__id__C)

.const:ti_sysbios_family_arm_cc26xx_TimestampProvider_useClockTimer__C 
*          0    00001282    00000002     
                  00001282    00000002     app_ble_pem3.oem3 (.const:ti_sysbios_family_arm_cc26xx_TimestampProvider_useClockTimer__C)

.const:ti_sysbios_family_arm_m3_Hwi_Module__id__C 
*          0    00001284    00000002     
                  00001284    00000002     app_ble_pem3.oem3 (.const:ti_sysbios_family_arm_m3_Hwi_Module__id__C)

.const:ti_sysbios_gates_GateHwi_Module__id__C 
*          0    00001286    00000002     
                  00001286    00000002     app_ble_pem3.oem3 (.const:ti_sysbios_gates_GateHwi_Module__id__C)

.const:ti_sysbios_gates_GateMutex_Module__id__C 
*          0    00001288    00000002     
                  00001288    00000002     app_ble_pem3.oem3 (.const:ti_sysbios_gates_GateMutex_Module__id__C)

.const:ti_sysbios_heaps_HeapMem_Module__id__C 
*          0    0000128a    00000002     
                  0000128a    00000002     app_ble_pem3.oem3 (.const:ti_sysbios_heaps_HeapMem_Module__id__C)

.const:ti_sysbios_knl_Task_initStackFlag__C 
*          0    0000128c    00000002     
                  0000128c    00000002     app_ble_pem3.oem3 (.const:ti_sysbios_knl_Task_initStackFlag__C)

.const:ti_sysbios_knl_Clock_tickMode__C 
*          0    0000128e    00000001     
                  0000128e    00000001     app_ble_pem3.oem3 (.const:ti_sysbios_knl_Clock_tickMode__C)

.const:xdc_runtime_Startup_firstFxns__C 
*          0    00001290    00000008     
                  00001290    00000008     app_ble_pem3.oem3 (.const:xdc_runtime_Startup_firstFxns__C)

.const:xdc_runtime_Startup_lastFxns__C 
*          0    00001298    00000008     
                  00001298    00000008     app_ble_pem3.oem3 (.const:xdc_runtime_Startup_lastFxns__C)

.const:xdc_runtime_Assert_E_assertFailed__C 
*          0    000012a0    00000004     
                  000012a0    00000004     app_ble_pem3.oem3 (.const:xdc_runtime_Assert_E_assertFailed__C)

.const:xdc_runtime_Error_E_memory__C 
*          0    000012a4    00000004     
                  000012a4    00000004     app_ble_pem3.oem3 (.const:xdc_runtime_Error_E_memory__C)

.const:xdc_runtime_Error_policyFxn__C 
*          0    000012a8    00000004     
                  000012a8    00000004     app_ble_pem3.oem3 (.const:xdc_runtime_Error_policyFxn__C)

.const:xdc_runtime_Error_raiseHook__C 
*          0    000012ac    00000004     
                  000012ac    00000004     app_ble_pem3.oem3 (.const:xdc_runtime_Error_raiseHook__C)

.const:xdc_runtime_IGateProvider_Interface__BASE__C 
*          0    000012b0    00000004     
                  000012b0    00000004     app_ble_pem3.oem3 (.const:xdc_runtime_IGateProvider_Interface__BASE__C)

.const:xdc_runtime_IHeap_Interface__BASE__C 
*          0    000012b4    00000004     
                  000012b4    00000004     app_ble_pem3.oem3 (.const:xdc_runtime_IHeap_Interface__BASE__C)

.const:xdc_runtime_IModule_Interface__BASE__C 
*          0    000012b8    00000004     
                  000012b8    00000004     app_ble_pem3.oem3 (.const:xdc_runtime_IModule_Interface__BASE__C)

.const:xdc_runtime_Memory_defaultHeapInstance__C 
*          0    000012bc    00000004     
                  000012bc    00000004     app_ble_pem3.oem3 (.const:xdc_runtime_Memory_defaultHeapInstance__C)

.const:xdc_runtime_Startup_execImpl__C 
*          0    000012c0    00000004     
                  000012c0    00000004     app_ble_pem3.oem3 (.const:xdc_runtime_Startup_execImpl__C)

.const:xdc_runtime_Startup_maxPasses__C 
*          0    000012c4    00000004     
                  000012c4    00000004     app_ble_pem3.oem3 (.const:xdc_runtime_Startup_maxPasses__C)

.const:xdc_runtime_Startup_sfxnRts__C 
*          0    000012c8    00000004     
                  000012c8    00000004     app_ble_pem3.oem3 (.const:xdc_runtime_Startup_sfxnRts__C)

.const:xdc_runtime_Startup_sfxnTab__C 
*          0    000012cc    00000004     
                  000012cc    00000004     app_ble_pem3.oem3 (.const:xdc_runtime_Startup_sfxnTab__C)

.const:xdc_runtime_Startup_startModsFxn__C 
*          0    000012d0    00000004     
                  000012d0    00000004     app_ble_pem3.oem3 (.const:xdc_runtime_Startup_startModsFxn__C)

.const:xdc_runtime_SysCallback_abortFxn__C 
*          0    000012d4    00000004     
                  000012d4    00000004     app_ble_pem3.oem3 (.const:xdc_runtime_SysCallback_abortFxn__C)

.const:xdc_runtime_SysCallback_exitFxn__C 
*          0    000012d8    00000004     
                  000012d8    00000004     app_ble_pem3.oem3 (.const:xdc_runtime_SysCallback_exitFxn__C)

.const:xdc_runtime_System_abortFxn__C 
*          0    000012dc    00000004     
                  000012dc    00000004     app_ble_pem3.oem3 (.const:xdc_runtime_System_abortFxn__C)

.const:xdc_runtime_System_exitFxn__C 
*          0    000012e0    00000004     
                  000012e0    00000004     app_ble_pem3.oem3 (.const:xdc_runtime_System_exitFxn__C)

.const:xdc_runtime_System_maxAtexitHandlers__C 
*          0    000012e4    00000004     
                  000012e4    00000004     app_ble_pem3.oem3 (.const:xdc_runtime_System_maxAtexitHandlers__C)

.const:xdc_runtime_Text_charTab__C 
*          0    000012e8    00000004     
                  000012e8    00000004     app_ble_pem3.oem3 (.const:xdc_runtime_Text_charTab__C)

.const:xdc_runtime_Text_nameEmpty__C 
*          0    000012ec    00000004     
                  000012ec    00000004     app_ble_pem3.oem3 (.const:xdc_runtime_Text_nameEmpty__C)

.const:xdc_runtime_Text_nameStatic__C 
*          0    000012f0    00000004     
                  000012f0    00000004     app_ble_pem3.oem3 (.const:xdc_runtime_Text_nameStatic__C)

.const:xdc_runtime_Text_nameUnknown__C 
*          0    000012f4    00000004     
                  000012f4    00000004     app_ble_pem3.oem3 (.const:xdc_runtime_Text_nameUnknown__C)

.const:xdc_runtime_Error_maxDepth__C 
*          0    000012f8    00000002     
                  000012f8    00000002     app_ble_pem3.oem3 (.const:xdc_runtime_Error_maxDepth__C)

.const:xdc_runtime_Memory_Module__id__C 
*          0    000012fa    00000002     
                  000012fa    00000002     app_ble_pem3.oem3 (.const:xdc_runtime_Memory_Module__id__C)

.const:xdc_runtime_Text_charCnt__C 
*          0    000012fc    00000002     
                  000012fc    00000002     app_ble_pem3.oem3 (.const:xdc_runtime_Text_charCnt__C)

.const:xdc_runtime_Text_isLoaded__C 
*          0    000012fe    00000002     
                  000012fe    00000002     app_ble_pem3.oem3 (.const:xdc_runtime_Text_isLoaded__C)

.const:xdc_runtime_Error_policy__C 
*          0    00001300    00000001     
                  00001300    00000001     app_ble_pem3.oem3 (.const:xdc_runtime_Error_policy__C)

.const:ti_sysbios_rom_ROM_ti_sysbios_family_arm_cc26xx_Timer_getCount64__E 
*          0    00001304    00000004     
                  00001304    00000004     app_ble_pem3.oem3 (.const:ti_sysbios_rom_ROM_ti_sysbios_family_arm_cc26xx_Timer_getCount64__E)

.const:ti_sysbios_rom_ROM_ti_sysbios_family_arm_cc26xx_Timer_getCurrentTick__E 
*          0    00001308    00000004     
                  00001308    00000004     app_ble_pem3.oem3 (.const:ti_sysbios_rom_ROM_ti_sysbios_family_arm_cc26xx_Timer_getCurrentTick__E)

.const:ti_sysbios_rom_ROM_ti_sysbios_family_arm_cc26xx_Timer_getMaxTicks__E 
*          0    0000130c    00000004     
                  0000130c    00000004     app_ble_pem3.oem3 (.const:ti_sysbios_rom_ROM_ti_sysbios_family_arm_cc26xx_Timer_getMaxTicks__E)

.const:ti_sysbios_rom_ROM_ti_sysbios_family_arm_cc26xx_Timer_initDevice__I 
*          0    00001310    00000004     
                  00001310    00000004     app_ble_pem3.oem3 (.const:ti_sysbios_rom_ROM_ti_sysbios_family_arm_cc26xx_Timer_initDevice__I)

.const:ti_sysbios_rom_ROM_ti_sysbios_family_arm_cc26xx_Timer_setNextTick__E 
*          0    00001314    00000004     
                  00001314    00000004     app_ble_pem3.oem3 (.const:ti_sysbios_rom_ROM_ti_sysbios_family_arm_cc26xx_Timer_setNextTick__E)

.const:ti_sysbios_rom_ROM_ti_sysbios_family_arm_cc26xx_Timer_setThreshold__I 
*          0    00001318    00000004     
                  00001318    00000004     app_ble_pem3.oem3 (.const:ti_sysbios_rom_ROM_ti_sysbios_family_arm_cc26xx_Timer_setThreshold__I)

.const:ti_sysbios_rom_ROM_ti_sysbios_family_arm_cc26xx_Timer_start__E 
*          0    0000131c    00000004     
                  0000131c    00000004     app_ble_pem3.oem3 (.const:ti_sysbios_rom_ROM_ti_sysbios_family_arm_cc26xx_Timer_start__E)

.const:ti_sysbios_rom_ROM_ti_sysbios_family_arm_cc26xx_TimestampProvider_get32__E 
*          0    00001320    00000004     
                  00001320    00000004     app_ble_pem3.oem3 (.const:ti_sysbios_rom_ROM_ti_sysbios_family_arm_cc26xx_TimestampProvider_get32__E)

.const:ti_sysbios_rom_ROM_xdc_runtime_Startup_getState__I 
*          0    00001324    00000004     
                  00001324    00000004     app_ble_pem3.oem3 (.const:ti_sysbios_rom_ROM_xdc_runtime_Startup_getState__I)

.const:ti_sysbios_rom_ROM_xdc_runtime_System_SupportProxy_abort__E 
*          0    00001328    00000004     
                  00001328    00000004     app_ble_pem3.oem3 (.const:ti_sysbios_rom_ROM_xdc_runtime_System_SupportProxy_abort__E)

.const:ti_sysbios_rom_ROM_xdc_runtime_System_SupportProxy_exit__E 
*          0    0000132c    00000004     
                  0000132c    00000004     app_ble_pem3.oem3 (.const:ti_sysbios_rom_ROM_xdc_runtime_System_SupportProxy_exit__E)

.text.2    0    00001330    0000b748     
                  00001330    0000058c     simple_peripheral_oad_offchip.obj (.text:SimplePeripheral_init$3)
                  000018bc    00000420     oad.obj (.text:oadImgBlockWrite$16)
                  00001cdc    00000418     oad.obj (.text:oadProcessExtControlCmd$16)
                  000020f4    00000314     drivers_cc26x0r2.aem3 : PowerCC26XX_calibrateRCOSC.oem3 (.text:PowerCC26XX_auxISR)
                  00002408    0000030c     rom_sysbios.aem3 : rom_sysbios.obj (.text:xdc_runtime_System_doPrint__I)
                  00002714    000002f4     simple_peripheral_oad_offchip.obj (.text:SimplePeripheral_processStackMsg$3)
                  00002a08    000002b8     RFCC26XX_singleMode.obj (.text:RF_fsmActiveState$6)
                  00002cc0    00000290     peripheral_observer.obj (.text:GAPRole_SetParameter)
                  00002f50    0000027c     drivers_cc26x0r2.aem3 : CryptoCC26XX.oem3 (.text:cryptoTransactionExecute)
                  000031cc    00000258     simple_peripheral_oad_offchip.obj (.text:SimplePeripheral_processStateChangeEvt$3)
                  00003424    0000022c     drivers_cc26x0r2.aem3 : PowerCC26XX.oem3 (.text:Power_sleep)
                  00003650    00000220     driverlib.lib : sys_ctrl.obj (.text:NOROM_SysCtrlSetRechargeBeforePowerDown)
                  00003870    0000021c     drivers_cc26x0r2.aem3 : SPICC26XXDMA.oem3 (.text:SPICC26XXDMA_transfer)
                  00003a8c    0000020c     RFCC26XX_singleMode.obj (.text:RF_open)
                  00003c98    000001e0     ECCROMCC26XX.obj (.text:ECC_VerifyPublicKeyWeierstrass$5)
                  00003e78    000001bc     main.obj (.text:AssertHandler)
                  00004034    000001bc     RFCC26XX_singleMode.obj (.text:RF_fsmSetupState$6)
                  000041f0    000001b0     drivers_cc26x0r2.aem3 : PINCC26XX.oem3 (.text:PIN_init)
                  000043a0    000001a4     ECCROMCC26XX.obj (.text:ECCROMCC26XX_genDHKey)
                  00004544    00000198     icall.obj (.text:icall_directAPI)
                  000046dc    00000190     drivers_cc26x0r2.aem3 : PowerCC26XX_calibrateRCOSC.oem3 (.text:PowerCC26XX_doCalibrate)
                  0000486c    00000184     simple_peripheral_oad_offchip.obj (.text:SimplePeripheral_processCharValueChangeEvt$3)
                  000049f0    00000168     drivers_cc26x0r2.aem3 : PowerCC26XX.oem3 (.text:Power_shutdown)
                  00004b58    00000160     simple_peripheral_oad_offchip.obj (.text:ChangeWorkMode$3)
                  00004cb8    0000015c     drivers_cc26x0r2.aem3 : UARTCC26XX.oem3 (.text:UARTCC26XX_open)
                  00004e14    00000158                           : SPICC26XXDMA.oem3 (.text:SPICC26XXDMA_initIO)
                  00004f6c    00000148     simple_peripheral_oad_offchip.obj (.text:ExecuteCommand$3)
                  000050b4    00000148     drivers_cc26x0r2.aem3 : UARTCC26XX.oem3 (.text:UARTCC26XX_hwiIntFxn)
                  000051fc    00000140     simple_peripheral_oad_offchip.obj (.text:SendAsk$3)
                  0000533c    00000140     myBlink.obj (.text:SendToBlink)
                  0000547c    00000136     drivers_cc26x0r2.aem3 : UARTCC26XX.oem3 (.text:UARTCC26XX_read)
                  000055b2    00000002     ble_user_config.obj (.text:DefaultAssertCback)
                  000055b4    0000012c     simple_peripheral_oad_offchip.obj (.text:ReadStartParam$3)
                  000056e0    00000128     ECCROMCC26XX.obj (.text:ECCROMCC26XX_genKeys)
                  00005808    00000124     peripheral_observer.obj (.text:GAPRole_GetParameter)
                  0000592c    0000011c     drivers_cc26x0r2.aem3 : SPICC26XXDMA.oem3 (.text:SPICC26XXDMA_open)
                  00005a48    00000114     main.obj (.text:main)
                  00005b5c    0000010c     drivers_cc26x0r2.aem3 : SPICC26XXDMA.oem3 (.text:SPICC26XXDMA_configDMA)
                  00005c68    0000010c     oad.obj (.text:oadValidateCandidateHdr$16)
                  00005d74    000000f8     app_ble_pem3.oem3 (.text:xdc_runtime_System_printfExtend__I)
                  00005e6c    000000f0     drivers_cc26x0r2.aem3 : PINCC26XX.oem3 (.text:PINCC26XX_setIoCfg)
                  00005f5c    000000f0     RFCC26XX_singleMode.obj (.text:RF_radioOpDoneCb$6)
                  0000604c    000000e8     dpl_cc26x0r2.aem3 : PowerCC26XX_tirtos.oem3 (.text:PowerCC26XX_standbyPolicy)
                  00006134    000000e4     drivers_cc26x0r2.aem3 : SPICC26XXDMA.oem3 (.text:SPICC26XXDMA_transferCancel)
                  00006218    000000e4     oad.obj (.text:oadWriteAttrCB$16)
                  000062fc    000000e2     drivers_cc26x0r2.aem3 : UARTCC26XX.oem3 (.text:UARTCC26XX_write)
                  000063de    00000002     display.aem3 : DisplayUart.oem3 (.text:DisplayUartAnsi_init)
                  000063e0    000000d8     drivers_cc26x0r2.aem3 : ADCCC26XX.oem3 (.text:ADCCC26XX_convert)
                  000064b8    000000d4     RFCC26XX_singleMode.obj (.text:RF_pendCmd)
                  0000658c    000000cc     RFCC26XX_singleMode.obj (.text:RF_swiHw$6)
                  00006658    000000c4     simple_peripheral_oad_offchip.obj (.text:GetAkkumVoltage$3)
                  0000671c    000000c4     RFCC26XX_singleMode.obj (.text:RF_control)
                  000067e0    000000c4     RFCC26XX_singleMode.obj (.text:RF_postCmd)
                  000068a4    000000c0     RFCC26XX_singleMode.obj (.text:RF_fsmPowerUpState$6)
                  00006964    000000bc     drivers_cc26x0r2.aem3 : PowerCC26XX.oem3 (.text:Power_releaseDependency)
                  00006a20    000000b8     ExtFlash.obj (.text:ExtFlash_open)
                  00006ad8    000000b8     driverlib.lib : aux_adc.obj (.text:NOROM_AUXADCEnableSync)
                  00006b90    000000b4                   : setup.obj (.text:NOROM_SetupTrimDevice)
                  00006c44    000000b4     drivers_cc26x0r2.aem3 : PowerCC26XX.oem3 (.text:Power_setDependency)
                  00006cf8    000000b4     devinfoservice.obj (.text:devInfo_ReadAttrCB$18)
                  00006dac    000000b0     TRNGCC26XX.obj (.text:TRNGCC26XX_getNumber)
                  00006e5c    000000b0     myDataTransfer.obj (.text:myDataTransfer_WriteAttrCB$21)
                  00006f0c    000000ac     display.aem3 : DisplayUart.oem3 (.text:DisplayUartAnsi_clearLines)
                  00006fb8    000000ac     RFCC26XX_singleMode.obj (.text:RF_abortCmd$6)
                  00007064    000000a7     display.aem3 : DisplayUart.oem3 (.text:DisplayUartAnsi_open)
                  0000710b    00000001     --HOLE-- [fill = 0]
                  0000710c    000000a6     rom_sysbios.aem3 : rom_sysbios.obj (.text:xdc_runtime_Text_putSite__E)
                  000071b2    00000002     RFCC26XX_singleMode.obj (.text:RF_defaultCallback$6)
                  000071b4    000000a4     drivers_cc26x0r2.aem3 : CryptoCC26XX.oem3 (.text:CryptoCC26XX_open)
                  00007258    000000a4     simple_peripheral_oad_offchip.obj (.text:MyPowerDown)
                  000072fc    000000a4     RFCC26XX_singleMode.obj (.text:RF_ratRestartChannels$6)
                  000073a0    000000a4     drivers_cc26x0r2.aem3 : PowerCC26XX.oem3 (.text:switchXOSCHFclockFunc)
                  00007444    000000a0                           : PINCC26XX.oem3 (.text:PIN_open)
                  000074e4    000000a0                           : SPICC26XXDMA.oem3 (.text:SPICC26XXDMA_hwiFxn)
                  00007584    000000a0     auto_init.aem3 : auto_init.oem3 (.text)
                  00007624    0000009f     display.aem3 : DisplayUart.oem3 (.text:DisplayUartAnsi_vprintf)
                  000076c3    00000001     --HOLE-- [fill = 0]
                  000076c4    0000009c     simple_peripheral_oad_offchip.obj (.text:ApplyParam$3)
                  00007760    0000009c     RFCC26XX_singleMode.obj (.text:RF_calculateDispatchTime$6)
                  000077fc    0000009c     rtsv7M3_T_le_eabi.lib : memcpy_t2.asm.obj (.text)
                  00007898    00000098     drivers_cc26x0r2.aem3 : UARTCC26XX.oem3 (.text:UARTCC26XX_initHw)
                  00007930    00000098                           : UARTCC26XX.oem3 (.text:UARTCC26XX_initIO)
                  000079c8    00000098     rom_sysbios.aem3 : rom_sysbios.obj (.text:ti_sysbios_knl_Clock_workFuncDynamic__E)
                  00007a60    00000098                      : rom_sysbios.obj (.text:xdc_runtime_Text_putMod__E)
                  00007af8    00000096     rtsv7M3_T_le_eabi.lib : ull_div_t2.asm.obj (.text)
                  00007b8e    00000002                           : _lock.c.obj (.text:_nop)
                  00007b90    00000094     drivers_cc26x0r2.aem3 : CryptoCC26XX.oem3 (.text:CryptoCC26XX_allocateKey)
                  00007c24    00000094     driverlib.lib : crypto.obj (.text:NOROM_CRYPTOAesLoadKey)
                  00007cb8    00000094     oad.obj (.text:oadFindCurrentImageHdr$16)
                  00007d4c    00000090     drivers_cc26x0r2.aem3 : SPICC26XXDMA.oem3 (.text:SPICC26XXDMA_control)
                  00007ddc    00000090     driverlib.lib : setup.obj (.text:TrimAfterColdResetWakeupFromShutDown$31)
                  00007e6c    00000090     rom_sysbios.aem3 : rom_sysbios.obj (.text:ti_sysbios_family_arm_cc26xx_Timer_start__E)
                  00007efc    0000008e     drivers_cc26x0r2.aem3 : UARTCC26XX.oem3 (.text:UARTCC26XX_writeCancel)
                  00007f8a    00000002                           : PowerCC26XX.oem3 (.text:emptyClockFunc)
                  00007f8c    0000008c     CC2640R2_LAUNCHXL_fxns.obj (.text:CC2640R2_LAUNCHXL_shutDownExtFlash)
                  00008018    0000008c     icall.obj (.text:ICall_heapMalloc)
                  000080a4    0000008c     drivers_cc26x0r2.aem3 : SPICC26XXDMA.oem3 (.text:SPICC26XXDMA_swiFxn)
                  00008130    00000088                           : ADCCC26XX.oem3 (.text:ADCCC26XX_open)
                  000081b8    00000088     driverlib.lib : aux_adc.obj (.text:NOROM_AUXADCDisable)
                  00008240    00000084     gattservapp_util.obj (.text:GATTServApp_ProcessCharCfg)
                  000082c4    00000084     icall.obj (.text:ICall_setTimer)
                  00008348    00000084     drivers_cc26x0r2.aem3 : UARTCC26XX.oem3 (.text:UARTCC26XX_close)
                  000083cc    00000084     rom_sysbios.aem3 : rom_sysbios.obj (.text:ti_sysbios_hal_SecondsClock_Module_startup__E)
                  00008450    00000084     flash_interface_ext_rtos.obj (.text:writeFlashPg)
                  000084d4    00000080     RFCC26XX_singleMode.obj (.text:RF_dispatchNextCmd$6)
                  00008554    00000080     RFCC26XX_singleMode.obj (.text:RF_ratFreeChannel$6)
                  000085d4    00000080     peripheral_observer.obj (.text:gapRole_startConnUpdate$22)
                  00008654    00000080     drivers_cc26x0r2.aem3 : UARTCC26XX.oem3 (.text:writeTxFifoFlush)
                  000086d4    0000007e     gattservapp_util.obj (.text:gattServApp_SendNotiInd$20)
                  00008752    00000002     drivers_cc26x0r2.aem3 : CryptoResourceCC26XX.oem3 (.text:errorSpin)
                  00008754    0000007c     RFCC26XX_singleMode.obj (.text:RF_hwiCpe0Active$6)
                  000087d0    0000007c     myDataTransfer.obj (.text:myDataTransfer_ReadAttrCB$21)
                  0000884c    0000007c     oad.obj (.text:oadResetState$16)
                  000088c8    0000007c     oad.obj (.text:oadSendNotification$16)
                  00008944    0000007a     simple_peripheral_oad_offchip.obj (.text:SimpleBLEPeripheralObserver_StateChangeCB$3)
                  000089be    0000007a     rtsv7M3_T_le_eabi.lib : memset_t2.asm.obj (.text)
                  00008a38    00000070     icall.obj (.text:ICall_heapGetStats)
                  00008aa8    00000070     icall.obj (.text:ICall_heapInit)
                  00008b18    00000070     driverlib.lib : sys_ctrl.obj (.text:NOROM_SysCtrlAdjustRechargeAfterPowerDown)
                  00008b88    00000070     drivers_cc26x0r2.aem3 : PowerCC26XX.oem3 (.text:lfClockReadyCallback)
                  00008bf8    0000006d     rom_sysbios.aem3 : rom_sysbios.obj (.text:xdc_runtime_System_formatNum__I)
                  00008c65    00000001     --HOLE-- [fill = 0]
                  00008c66    00000002     hal_assert.obj (.text:halAssertSpinlock)
                  00008c68    0000006c     icall.obj (.text:ICall_send)
                  00008cd4    0000006c     icall.obj (.text:ICall_sendServiceComplete)
                  00008d40    0000006c     driverlib.lib : osc.obj (.text:NOROM_OSCHF_AttemptToSwitchToXosc)
                  00008dac    0000006c     drivers_cc26x0r2.aem3 : PowerCC26XX_calibrateRCOSC.oem3 (.text:PowerCC26XX_initiateCalibration)
                  00008e18    0000006c                           : PowerCC26XX.oem3 (.text:configureXOSCHF)
                  00008e84    0000006c     oad.obj (.text:oadFindExtFlMetaPage$16)
                  00008ef0    00000068     drivers_cc26x0r2.aem3 : CryptoCC26XX.oem3 (.text:CryptoCC26XX_loadKey)
                  00008f58    00000068     driverlib.lib : sys_ctrl.obj (.text:NOROM_SysCtrl_DCDC_VoltageConditionalControl)
                  00008fc0    00000068     drivers_cc26x0r2.aem3 : PINCC26XX.oem3 (.text:PIN_add)
                  00009028    00000068     RFCC26XX_singleMode.obj (.text:RF_getCurrentTime)
                  00009090    00000068     RFCC26XX_singleMode.obj (.text:RF_hwiHw$6)
                  000090f8    00000068     simple_peripheral_oad_offchip.obj (.text:ReadEprom_inter_osal$3)
                  00009160    00000068     simple_peripheral_oad_offchip.obj (.text:SimplePeripheral_freeAttRsp$3)
                  000091c8    00000068     rtsv7M3_T_le_eabi.lib : copy_decompress_lzss.c.obj (.text:decompress:lzss:__TI_decompress_lzss)
                  00009230    00000064     simple_peripheral_oad_offchip.obj (.text:AddBaseToList$3)
                  00009294    00000064     oad.obj (.text:OAD_getSWVersion)
                  000092f8    00000064     flash_interface_ext_rtos.obj (.text:eraseFlashPg)
                  0000935c    00000060     gattservapp_util.obj (.text:GATTServApp_ProcessCCCWriteReq)
                  000093bc    00000060     icall.obj (.text:ICall_createRemoteTasksAtRuntime)
                  0000941c    00000060     icall.obj (.text:ICall_enrollService)
                  0000947c    00000060     drivers_cc26x0r2.aem3 : PowerCC26XX.oem3 (.text:PowerCC26XX_calibrate)
                  000094dc    00000060     RFCC26XX_singleMode.obj (.text:RF_dispatchNextEvent$6)
                  0000953c    00000060     simple_peripheral_oad_offchip.obj (.text:SaveBaseTable$3)
                  0000959c    0000005f     rom_sysbios.aem3 : rom_sysbios.obj (.text:xdc_runtime_Text_putLab__E)
                  000095fb    00000001     --HOLE-- [fill = 0]
                  000095fc    0000005e     icall.obj (.text:ICall_fetchMsg)
                  0000965a    0000005e     drivers_cc26x0r2.aem3 : UARTCC26XX.oem3 (.text:UARTCC26XX_swiIntFxn)
                  000096b8    0000005c                           : CryptoResourceCC26XX.oem3 (.text:CryptoResourceCC26XX_constructRTOSObjects)
                  00009714    0000005c     display.aem3 : Display.oem3 (.text:Display_doOpen)
                  00009770    0000005c     ExtFlash.obj (.text:ExtFlash_waitReady$13)
                  000097cc    0000005c     icall.obj (.text:ICall_pwrUpdActivityCounter)
                  00009828    0000005c     drivers_cc26x0r2.aem3 : PowerCC26XX_calibrateRCOSC.oem3 (.text:PowerCC26XX_RCOSC_clockFunc)
                  00009884    0000005c     RFCC26XX_singleMode.obj (.text:RF_cmdDispatchTime$6)
                  000098e0    0000005c     RFCC26XX_singleMode.obj (.text:RF_hwiCpe0PowerFsm$6)
                  0000993c    0000005c     drivers_cc26x0r2.aem3 : UDMACC26XX.oem3 (.text:UDMACC26XX_open)
                  00009998    0000005c     simple_peripheral_oad_offchip.obj (.text:WriteEprom_inter_osal$3)
                  000099f4    0000005c     app_ble_pem3.oem3 (.text:xdc_runtime_Startup_getState__I)
                  00009a50    0000005a     RFCC26XX_singleMode.obj (.text:RF_syncCb$6)
                  00009aaa    00000058     icall.obj (.text:ICall_wait)
                  00009b02    00000002     rtsv7M3_T_le_eabi.lib : div0.asm.obj (.text)
                  00009b04    00000058     drivers_cc26x0r2.aem3 : PINCC26XX.oem3 (.text:PIN_remove)
                  00009b5c    00000058     RFCC26XX_singleMode.obj (.text:RF_fsmXOSCState$6)
                  00009bb4    00000058     RFCC26XX_singleMode.obj (.text:RF_getInfo)
                  00009c0c    00000058     drivers_cc26x0r2.aem3 : UARTCC26XX.oem3 (.text:UARTCC26XX_control)
                  00009c64    00000054     ExtFlash.obj (.text:ExtFlash_close)
                  00009cb8    00000054     RFCC26XX_singleMode.obj (.text:RF_discardPendCmd$6)
                  00009d0c    00000054     drivers_cc26x0r2.aem3 : SPICC26XXDMA.oem3 (.text:SPICC26XXDMA_initHw)
                  00009d60    00000052                           : SPICC26XXDMA.oem3 (.text:SPICC26XXDMA_close)
                  00009db2    00000002     app_ble_pem3.oem3 (.text:ti_sysbios_BIOS_nullFunc__I)
                  00009db4    00000050     dpl_cc26x0r2.aem3 : ClockP_tirtos.oem3 (.text:ClockP_construct)
                  00009e04    00000050     ECCROMCC26XX.obj (.text:ECCROMCC26XX_Params_init)
                  00009e54    00000050     icall.obj (.text:ICall_registerApp)
                  00009ea4    00000050     myDataTransfer.obj (.text:MyDataTransfer_SetParameter)
                  00009ef4    00000050     simple_peripheral_oad_offchip.obj (.text:SimplePeripheral_enqueueMsg$3)
                  00009f44    00000050     util.obj (.text:Util_convertBdAddr2Str)
                  00009f94    00000050     oad.obj (.text:oadEnqueueMsg$16)
                  00009fe4    00000050     drivers_cc26x0r2.aem3 : UARTCC26XX.oem3 (.text:startTxFifoEmptyClk)
                  0000a034    0000004e     simple_peripheral_oad_offchip.obj (.text:ChangeDiscoveryMode)
                  0000a082    00000002     app_ble_pem3.oem3 (.text:ti_sysbios_rom_cortexm_cc26xx_r2_CC26xx_badRomRevision__E)
                  0000a084    0000004c     board_key.obj (.text:Board_keyChangeHandler_short$0)
                  0000a0d0    0000004c     icall.obj (.text:ICall_newTask$8)
                  0000a11c    0000004c     RFCC26XX_singleMode.obj (.text:RF_wakeupNotification$6)
                  0000a168    0000004c     rtsv7M3_T_le_eabi.lib : cpy_tbl.c.obj (.text:copy_in)
                  0000a1b4    0000004a     drivers_cc26x0r2.aem3 : UARTCC26XX.oem3 (.text:UARTCC26XX_readCancel)
                  0000a1fe    00000002     rom_sysbios.aem3 : rom_sysbios.obj (.text:xdc_runtime_SysCallback_defaultAbort)
                  0000a200    00000048     CC2640R2_LAUNCHXL_fxns.obj (.text:CC2640R2_LAUNCHXL_wakeUpExtFlash)
                  0000a248    00000048     ECCROMCC26XX.obj (.text:ECC_initGlobals$5)
                  0000a290    00000048     drivers_cc26x0r2.aem3 : PINCC26XX.oem3 (.text:PIN_setOutputEnable)
                  0000a2d8    00000048     util.obj (.text:Util_constructClock)
                  0000a320    00000048     rom_sysbios.aem3 : rom_sysbios.obj (.text:ti_sysbios_family_arm_cc26xx_Timer_setThreshold__I)
                  0000a368    00000048     drivers_cc26x0r2.aem3 : UARTCC26XX.oem3 (.text:writeFinishedDoCallback)
                  0000a3b0    00000044     board_key.obj (.text:Board_keyChangeHandler_long$0)
                  0000a3f4    00000044     driverlib.lib : osc.obj (.text:NOROM_OSCHF_SwitchToRcOscTurnOffXosc)
                  0000a438    00000044     drivers_cc26x0r2.aem3 : RingBuf.oem3 (.text:RingBuf_put)
                  0000a47c    00000044                           : SPICC26XXDMA.oem3 (.text:SPICC26XXDMA_csnCallback)
                  0000a4c0    00000044     boot.aem3 : boot.oem3 (.text)
                  0000a504    00000044     rom_sysbios.aem3 : rom_sysbios.obj (.text:ti_sysbios_hal_SecondsClock_increment__I)
                  0000a548    00000044                      : rom_sysbios.obj (.text:xdc_runtime_Text_xprintf__I)
                  0000a58c    00000042     driverlib.lib : ssi.obj (.text:NOROM_SSIConfigSetExpClk)
                  0000a5ce    00000002     rom_sysbios.aem3 : rom_sysbios.obj (.text:xdc_runtime_SysCallback_defaultExit)
                  0000a5d0    00000040     drivers_cc26x0r2.aem3 : ADCCC26XX.oem3 (.text:ADCCC26XX_convertToMicroVolts)
                  0000a610    00000040                           : ADC.oem3 (.text:ADC_init)
                  0000a650    00000040                           : ADC.oem3 (.text:ADC_open)
                  0000a690    00000040     ECCROMCC26XX.obj (.text:ECCROMCC26XX_init)
                  0000a6d0    00000040     ExtFlash.obj (.text:ExtFlash_read)
                  0000a710    00000040     ExtFlash.obj (.text:ExtFlash_readInfo$13)
                  0000a750    00000040     peripheral_observer.obj (.text:GAPRole_createTask)
                  0000a790    00000040     drivers_cc26x0r2.aem3 : PINCC26XX.oem3 (.text:PINCC26XX_getConfig)
                  0000a7d0    00000040                           : PINCC26XX.oem3 (.text:PIN_swi)
                  0000a810    00000040                           : PowerCC26XX.oem3 (.text:PowerCC26XX_isStableXOSC_HF)
                  0000a850    00000040                           : SPI.oem3 (.text:SPI_init)
                  0000a890    00000040                           : SPI.oem3 (.text:SPI_open)
                  0000a8d0    00000040                           : UART.oem3 (.text:UART_init)
                  0000a910    00000040                           : UART.oem3 (.text:UART_open)
                  0000a950    00000040     oad.obj (.text:oadInactivityTimeout$16)
                  0000a990    00000040     rtsv7M3_T_le_eabi.lib : u_divt2.asm.obj (.text)
                  0000a9d0    00000040     rom_sysbios.aem3 : rom_sysbios.obj (.text:ti_sysbios_heaps_HeapCallback_Module_startup__E)
                  0000aa10    0000003e     dpl_cc26x0r2.aem3 : HwiP_tirtos.oem3 (.text:HwiP_construct)
                  0000aa4e    0000003e     drivers_cc26x0r2.aem3 : RingBuf.oem3 (.text:RingBuf_get)
                  0000aa8c    0000003c                           : ADCCC26XX.oem3 (.text:ADCCC26XX_close)
                  0000aac8    0000003c     board_key.obj (.text:Board_keyChangeHandler_verylong$0)
                  0000ab04    0000003c     driverlib.lib : osc.obj (.text:NOROM_OSC_HPOSCRelativeFrequencyOffsetGet)
                  0000ab40    0000003c     RFCC26XX_singleMode.obj (.text:RF_cmdStoreEvents$6)
                  0000ab7c    0000003c     simple_peripheral_oad_offchip.obj (.text:SimplePeripheral_createTask)
                  0000abb8    0000003c     dpl_cc26x0r2.aem3 : SwiP_tirtos.oem3 (.text:SwiP_construct)
                  0000abf4    0000003c     drivers_cc26x0r2.aem3 : PowerCC26XX.oem3 (.text:disableLfClkQualifiersEnableClkLoss)
                  0000ac30    0000003c     rom_sysbios.aem3 : rom_sysbios.obj (.text:ti_sysbios_family_arm_m3_Hwi_construct2__E)
                  0000ac6c    00000038     myDataTransfer.obj (.text:MyDataTransfer_GetParameter)
                  0000aca4    00000038     drivers_cc26x0r2.aem3 : PINCC26XX.oem3 (.text:PIN_setConfig)
                  0000acdc    00000038                           : PINCC26XX.oem3 (.text:PIN_setInterrupt)
                  0000ad14    00000038                           : PINCC26XX.oem3 (.text:PIN_setOutputValue)
                  0000ad4c    00000038     RFCC26XX_singleMode.obj (.text:RF_checkCmdFsError$6)
                  0000ad84    00000038     RFCC26XX_singleMode.obj (.text:RF_powerConstraintRelease)
                  0000adbc    00000038     util.obj (.text:Util_restartClock)
                  0000adf4    00000038     rom_sysbios.aem3 : rom_sysbios.obj (.text:ti_sysbios_family_arm_cc26xx_Seconds_get__E)
                  0000ae2c    00000038                      : rom_sysbios.obj (.text:ti_sysbios_family_arm_cc26xx_Timer_getCurrentTick__E)
                  0000ae64    00000036     drivers_cc26x0r2.aem3 : UDMACC26XX.oem3 (.text:UDMACC26XX_close)
                  0000ae9a    00000036     rom_sysbios.aem3 : rom_sysbios.obj (.text:ti_sysbios_family_arm_cc26xx_Timer_setNextTick__E)
                  0000aed0    00000034     icall.obj (.text:ICall_heapFree)
                  0000af04    00000034     icall.obj (.text:ICall_primEntityId2ServiceId$8)
                  0000af38    00000034     icall.obj (.text:ICall_searchServiceEntity)
                  0000af6c    00000034     drivers_cc26x0r2.aem3 : PowerCC26XX.oem3 (.text:Power_releaseConstraint)
                  0000afa0    00000034     RFCC26XX_singleMode.obj (.text:RF_runDirectImmediateCmd$6)
                  0000afd4    00000034     simple_peripheral_oad_offchip.obj (.text:SimplePeripheral_RegistertToAllConnectionEvent)
                  0000b008    00000034     simple_peripheral_oad_offchip.obj (.text:SimplePeripheral_passcodeCB$3)
                  0000b03c    00000034     drivers_cc26x0r2.aem3 : CryptoCC26XX.oem3 (.text:cryptoTransactionPend)
                  0000b070    00000034                           : PowerCC26XX.oem3 (.text:notify)
                  0000b0a4    00000034     rom_sysbios.aem3 : rom_sysbios.obj (.text:ti_sysbios_family_arm_cc26xx_Timer_initDevice__I)
                  0000b0d8    00000034                      : rom_sysbios.obj (.text:ti_sysbios_knl_Swi_setPri__E)
                  0000b10c    00000032     icall.obj (.text:ICall_fetchServiceMsg)
                  0000b13e    00000002     rom_sysbios.aem3 : rom_sysbios.obj (.text:xdc_runtime_SysCallback_defaultPutch)
                  0000b140    00000030     icall.obj (.text:ICall_dispatch$8)
                  0000b170    00000030     icall.obj (.text:ICall_msecs2Ticks$8)
                  0000b1a0    00000030     driverlib.lib : aux_adc.obj (.text:NOROM_AUXADCDisableInputScaling)
                  0000b1d0    00000030     drivers_cc26x0r2.aem3 : PINCC26XX.oem3 (.text:PINCC26XX_setMux)
                  0000b200    00000030                           : PowerCC26XX.oem3 (.text:Power_setConstraint)
                  0000b230    00000030     RFCC26XX_singleMode.obj (.text:RF_cmdGet$6)
                  0000b260    00000030     ExtFlash.obj (.text:Spi_read$13)
                  0000b290    00000030     ExtFlash.obj (.text:Spi_write$13)
                  0000b2c0    00000030     app_ble_pem3.oem3 (.text:ti_sysbios_BIOS_atExitFunc__I)
                  0000b2f0    00000030     app_ble_pem3.oem3 (.text:ti_sysbios_BIOS_startFunc__I)
                  0000b320    00000030     app_ble_pem3.oem3 (.text:ti_sysbios_heaps_HeapCallback_Object__create__S)
                  0000b350    0000002e     icall_cc2650.obj (.text:ICallPlatform_pwrDispenseImpl$9)
                  0000b37e    0000002e     icall_cc2650.obj (.text:ICallPlatform_pwrRequireImpl$9)
                  0000b3ac    0000002e     drivers_cc26x0r2.aem3 : UARTCC26XX.oem3 (.text:readData)
                  0000b3da    0000002e     app_ble_pem3.oem3 (.text:ti_sysbios_rts_gnu_MemAlloc_alloc)
                  0000b408    0000002e     drivers_cc26x0r2.aem3 : UARTCC26XX.oem3 (.text:writeData)
                  0000b436    00000002     --HOLE-- [fill = 0]
                  0000b438    0000002c     ExtFlash.obj (.text:ExtFlash_writeEnable$13)
                  0000b464    0000002c     peripheral_observer.obj (.text:GAPRole_TerminateConnection)
                  0000b490    0000002c     icall.obj (.text:ICall_msgEnqueue$8)
                  0000b4bc    0000002c     icall.obj (.text:ICall_searchTask$8)
                  0000b4e8    0000002c     driverlib.lib : chipinfo.obj (.text:NOROM_ChipInfo_GetChipFamily)
                  0000b514    0000002c     RFCC26XX_singleMode.obj (.text:RF_calculateDeltaTimeUs$6)
                  0000b540    0000002c     RFCC26XX_singleMode.obj (.text:RF_executeDirectImmediateCmd$6)
                  0000b56c    0000002c     driverlib.lib : adi.obj (.text:SafeHapiAuxAdiSelect)
                  0000b598    0000002c     dpl_cc26x0r2.aem3 : SemaphoreP_tirtos.oem3 (.text:SemaphoreP_constructBinary)
                  0000b5c4    0000002c                       : SemaphoreP_tirtos.oem3 (.text:SemaphoreP_createBinary)
                  0000b5f0    0000002c     oad.obj (.text:oadGetNextBlockReq$16)
                  0000b61c    0000002c     rom_sysbios.aem3 : rom_sysbios.obj (.text:ti_sysbios_knl_Clock_getTicksUntilInterrupt__E)
                  0000b648    0000002b                      : rom_sysbios.obj (.text:xdc_runtime_Text_printVisFxn__I)
                  0000b673    00000001     --HOLE-- [fill = 0]
                  0000b674    0000002a     display.aem3 : DisplayUart.oem3 (.text:DisplayUartAnsi_clear)
                  0000b69e    0000002a                  : Display.oem3 (.text:Display_doPrintf)
                  0000b6c8    0000002a     rom_sysbios.aem3 : rom_sysbios.obj (.text:ti_sysbios_knl_Clock_getTimeout__E)
                  0000b6f2    0000002a                      : rom_sysbios.obj (.text:xdc_runtime_System_putchar__I)
                  0000b71c    00000028     drivers_cc26x0r2.aem3 : CryptoCC26XX.oem3 (.text:CryptoCC26XX_hwiIntFxn)
                  0000b744    00000028     driverlib.lib : chipinfo.obj (.text:NOROM_ChipInfo_GetChipType)
                  0000b76c    00000028                   : rfc.obj (.text:NOROM_RFCDoorbellSendTo)
                  0000b794    00000028     drivers_cc26x0r2.aem3 : PINCC26XX.oem3 (.text:PINCC26XX_setWakeup)
                  0000b7bc    00000028                           : PowerCC26XX.oem3 (.text:Power_registerNotify)
                  0000b7e4    00000028     RFCC26XX_singleMode.obj (.text:RF_runCmd)
                  0000b80c    00000028     drivers_cc26x0r2.aem3 : SPICC26XXDMA.oem3 (.text:SPICC26XXDMA_flushFifos)
                  0000b834    00000028     driverlib.lib : adi.obj (.text:SafeHapiVoid)
                  0000b85c    00000028     TRNGCC26XX.obj (.text:TRNGCC26XX_init)
                  0000b884    00000028     bim_util.obj (.text:imgIDCheck)
                  0000b8ac    00000028     drivers_cc26x0r2.aem3 : UARTCC26XX.oem3 (.text:readData2RingBuf)
                  0000b8d4    00000024     board_key.obj (.text:Board_keyCallback$0)
                  0000b8f8    00000024     icall.obj (.text:ICall_getLocalMsgEntityId)
                  0000b91c    00000024     drivers_cc26x0r2.aem3 : List.oem3 (.text:List_remove)
                  0000b940    00000024     driverlib.lib : osc.obj (.text:NOROM_OSCHF_TurnOnXosc)
                  0000b964    00000024     rtsv7M3_T_le_eabi.lib : memcmp.c.obj (.text:memcmp)
                  0000b988    00000024     app_ble_pem3.oem3 (.text:ti_sysbios_BIOS_registerRTSLock__I)
                  0000b9ac    00000024     app_ble_pem3.oem3 (.text:ti_sysbios_BIOS_removeRTSLock__I)
                  0000b9d0    00000024     rom_sysbios.aem3 : rom_sysbios.obj (.text:ti_sysbios_family_arm_cc26xx_Seconds_set__E)
                  0000b9f4    00000024                      : rom_sysbios.obj (.text:ti_sysbios_family_arm_cc26xx_Timer_getMaxTicks__E)
                  0000ba18    00000024                      : rom_sysbios.obj (.text:ti_sysbios_family_arm_m3_Hwi_romInitNVIC__I)
                  0000ba3c    00000022     icall.obj (.text:ICall_setTimerMSecs)
                  0000ba5e    00000022     drivers_cc26x0r2.aem3 : List.oem3 (.text:List_get)
                  0000ba80    00000022                           : List.oem3 (.text:List_put)
                  0000baa2    00000022     driverlib.lib : aux_adc.obj (.text:NOROM_AUXADCAdjustValueForGainAndOffset)
                  0000bac4    00000022                   : uart.obj (.text:NOROM_UARTConfigSetExpClk)
                  0000bae6    00000002     --HOLE-- [fill = 0]
                  0000bae8    00000020     peripheral_observer.obj (.text:GAPRole_CancelDiscovery)
                  0000bb08    00000020     gattservapp_util.obj (.text:GATTServApp_InitCharCfg)
                  0000bb28    00000020     driverlib.lib : uart.obj (.text:NOROM_UARTDisable)
                  0000bb48    00000020     drivers_cc26x0r2.aem3 : PINCC26XX.oem3 (.text:PINCC26XX_setIoCfgMux)
                  0000bb68    00000020                           : PowerCC26XX.oem3 (.text:Power_unregisterNotify)
                  0000bb88    00000020     RFCC26XX_singleMode.obj (.text:RF_clkPowerUp$6)
                  0000bba8    00000020     RFCC26XX_singleMode.obj (.text:RF_ratIsRunning$6)
                  0000bbc8    00000020     gattservapp_util.obj (.text:gattServApp_FindCharCfgItem$20)
                  0000bbe8    00000020     drivers_cc26x0r2.aem3 : UARTCC26XX.oem3 (.text:threadSafeStdbyDisRelease)
                  0000bc08    00000020                           : UARTCC26XX.oem3 (.text:threadSafeStdbyDisSet)
                  0000bc28    00000020     app_ble_pem3.oem3 (.text:ti_sysbios_BIOS_rtsLock__I)
                  0000bc48    00000020     rom_sysbios.aem3 : rom_sysbios.obj (.text:ti_sysbios_family_arm_cc26xx_Timer_dynamicStub__E)
                  0000bc68    00000020                      : rom_sysbios.obj (.text:xdc_runtime_Registry_findById__E)
                  0000bc88    0000001e     ECCROMCC26XX.obj (.text:ECC_ArrayAllZeros)
                  0000bca6    0000001e     drivers_cc26x0r2.aem3 : PINCC26XX.oem3 (.text:PIN_close)
                  0000bcc4    0000001e                           : PowerCC26XX.oem3 (.text:Power_getTransitionLatency)
                  0000bce2    00000002     --HOLE-- [fill = 0]
                  0000bce4    0000001c     icall_api_lite.obj (.text:GATT_bm_alloc)
                  0000bd00    0000001c     icall_api_lite.obj (.text:GATT_bm_free)
                  0000bd1c    0000001c     simple_peripheral_oad_offchip.obj (.text:GetCRC8$3)
                  0000bd38    0000001c     icall.obj (.text:ICall_primRepostSync$8)
                  0000bd54    0000001c     driverlib.lib : aux_adc.obj (.text:NOROM_AUXADCGetAdjustmentGain)
                  0000bd70    0000001c     drivers_cc26x0r2.aem3 : PINCC26XX.oem3 (.text:PIN_hwi)
                  0000bd8c    0000001c     RFCC26XX_singleMode.obj (.text:RF_clkInactivityCallback$6)
                  0000bda8    0000001c     RFCC26XX_singleMode.obj (.text:RF_getRssi)
                  0000bdc4    0000001c     RFCC26XX_singleMode.obj (.text:RF_powerConstraintSet)
                  0000bde0    0000001c     TRNGCC26XX.obj (.text:TRNGCC26XX_open)
                  0000bdfc    0000001c     crc32.obj (.text:memCpy)
                  0000be18    0000001c     TRNGCC26XX.obj (.text:openTRNG)
                  0000be34    0000001c     rom_sysbios.aem3 : rom_sysbios.obj (.text:ti_sysbios_family_arm_m3_Hwi_clearInterrupt__E)
                  0000be50    0000001c                      : rom_sysbios_config.obj (.text:ti_sysbios_knl_Clock_Module__startupDone__S)
                  0000be6c    0000001c                      : rom_sysbios.obj (.text:ti_sysbios_knl_Swi_construct2__E)
                  0000be88    0000001a     icall.obj (.text:ICall_enterCSImpl)
                  0000bea2    0000001a     dpl_cc26x0r2.aem3 : SystemP_tirtos.oem3 (.text:SystemP_snprintf)
                  0000bebc    00000018     board_key.obj (.text:Board_Power_down)
                  0000bed4    00000018     icall.obj (.text:ICall_mallocLimited)
                  0000beec    00000018     driverlib.lib : aux_adc.obj (.text:NOROM_AUXADCGetAdjustmentOffset)
                  0000bf04    00000018                   : chipinfo.obj (.text:NOROM_ChipInfo_GetPackageType)
                  0000bf1c    00000018                   : rfc.obj (.text:NOROM_RFCCpeIntGetAndClear)
                  0000bf34    00000018     drivers_cc26x0r2.aem3 : PINCC26XX.oem3 (.text:PIN_getConfig)
                  0000bf4c    00000018     dpl_cc26x0r2.aem3 : PowerCC26XX_tirtos.oem3 (.text:PowerCC26XX_schedulerDisable)
                  0000bf64    00000018                       : PowerCC26XX_tirtos.oem3 (.text:PowerCC26XX_schedulerRestore)
                  0000bf7c    00000018     drivers_cc26x0r2.aem3 : PowerCC26XX.oem3 (.text:Power_idleFunc)
                  0000bf94    00000018     RFCC26XX_singleMode.obj (.text:RF_swiFsm$6)
                  0000bfac    00000018     simple_peripheral_oad_offchip.obj (.text:SimplePeripheral_connEvtCB$3)
                  0000bfc4    00000018     board_key.obj (.text:Task_sleepMS)
                  0000bfdc    00000018     drivers_cc26x0r2.aem3 : UART.oem3 (.text:UART_Params_init)
                  0000bff4    00000018     rtsv7M3_T_le_eabi.lib : args_main.c.obj (.text:_args_main)
                  0000c00c    00000018     drivers_cc26x0r2.aem3 : CryptoCC26XX.oem3 (.text:cryptoTransactionPoll)
                  0000c024    00000018     flash_interface_ext_rtos.obj (.text:flash_open)
                  0000c03c    00000018     app_ble_pem3.oem3 (.text:free)
                  0000c054    00000018     flash_interface_ext_rtos.obj (.text:readFlashPg)
                  0000c06c    00000018     rtsv7M3_T_le_eabi.lib : ll_mul_t2.asm.obj (.text)
                  0000c084    00000018     app_ble_pem3.oem3 (.text:ti_sysbios_BIOS_rtsUnlock__I)
                  0000c09c    00000018     rom_sysbios.aem3 : rom_sysbios.obj (.text:ti_sysbios_heaps_HeapCallback_Instance_init__E)
                  0000c0b4    00000018                      : rom_sysbios.obj (.text:ti_sysbios_knl_Swi_or__E)
                  0000c0cc    00000018     app_ble_pem3.oem3 (.text:ti_sysbios_rom_cortexm_cc26xx_r2_CC26xx_checkRevision__E)
                  0000c0e4    00000018     rom_sysbios.aem3 : rom_sysbios.obj (.text:xdc_runtime_Error_init__E)
                  0000c0fc    00000016     display.aem3 : DisplayUart.oem3 (.text:DisplayUartAnsi_close)
                  0000c112    00000016     icall.obj (.text:ICall_leaveCSImpl)
                  0000c128    00000016     icall.obj (.text:ICall_pwrDispense)
                  0000c13e    00000016     icall.obj (.text:ICall_pwrRequire)
                  0000c154    00000016     RFCC26XX_singleMode.obj (.text:RF_restartClockTimeout$6)
                  0000c16a    00000016     ble_user_config.obj (.text:driverTable_fnSpinlock)
                  0000c180    00000016     oad.obj (.text:oadReadAttrCB$16)
                  0000c196    00000016     app_ble_pem3.oem3 (.text:ti_sysbios_BIOS_errorRaiseHook__I)
                  0000c1ac    00000016     app_ble_pem3.oem3 (.text:ti_sysbios_BIOS_exitFunc__I)
                  0000c1c2    00000002     --HOLE-- [fill = 0]
                  0000c1c4    00000014     board_key.obj (.text:Board_setVibro)
                  0000c1d8    00000014     drivers_cc26x0r2.aem3 : CryptoCC26XX.oem3 (.text:CryptoCC26XX_init)
                  0000c1ec    00000014                           : List.oem3 (.text:List_clearList)
                  0000c200    00000014     driverlib.lib : aux_adc.obj (.text:NOROM_AUXADCValueToMicrovolts)
                  0000c214    00000014     drivers_cc26x0r2.aem3 : PINCC26XX.oem3 (.text:PINCC26XX_getInputValue)
                  0000c228    00000014     RFCC26XX_singleMode.obj (.text:RF_Params_init)
                  0000c23c    00000014     RFCC26XX_singleMode.obj (.text:RF_dbellSyncOnAck$6)
                  0000c250    00000014     RFCC26XX_singleMode.obj (.text:RF_getCmdOp)
                  0000c264    00000014     RFCC26XX_singleMode.obj (.text:RF_ratGetChannel$6)
                  0000c278    00000014     drivers_cc26x0r2.aem3 : SPI.oem3 (.text:SPI_Params_init)
                  0000c28c    00000014                           : PowerCC26XX.oem3 (.text:configureRFCoreClocks)
                  0000c2a0    00000014     flash_interface_ext_rtos.obj (.text:flash_close)
                  0000c2b4    00000014     rtsv7M3_T_le_eabi.lib : strlen.c.obj (.text:strlen)
                  0000c2c8    00000014     rom_sysbios.aem3 : rom_sysbios.obj (.text:ti_sysbios_family_arm_cc26xx_Timer_getCount64__E)
                  0000c2dc    00000014     app_ble_pem3.oem3 (.text:ti_sysbios_heaps_HeapCallback_Object__get__S)
                  0000c2f0    00000014     app_ble_pem3.oem3 (.text:ti_sysbios_knl_Clock_doTick__I)
                  0000c304    00000012     gattservapp_util.obj (.text:GATTServApp_FindAttr)
                  0000c316    00000012     drivers_cc26x0r2.aem3 : RingBuf.oem3 (.text:RingBuf_construct)
                  0000c328    00000012     dpl_cc26x0r2.aem3 : SemaphoreP_tirtos.oem3 (.text:SemaphoreP_pend)
                  0000c33a    00000012                       : SwiP_tirtos.oem3 (.text:SwiP_inISR)
                  0000c34c    00000012     app_ble_pem3.oem3 (.text:xdc_runtime_Startup_exec__I)
                  0000c35e    00000002     --HOLE-- [fill = 0]
                  0000c360    00000010     board_key.obj (.text:Board_setLed0_my)
                  0000c370    00000010     board_key.obj (.text:Board_setLed1_my)
                  0000c380    00000010     dpl_cc26x0r2.aem3 : ClockP_tirtos.oem3 (.text:ClockP_isActive)
                  0000c390    00000010     gattservapp_util.obj (.text:GATTServApp_ReadCharCfg)
                  0000c3a0    00000010     dpl_cc26x0r2.aem3 : HwiP_tirtos.oem3 (.text:HwiP_Params_init)
                  0000c3b0    00000010                       : HwiP_tirtos.oem3 (.text:HwiP_inISR)
                  0000c3c0    00000010     icall.obj (.text:ICall_taskEntry$8)
                  0000c3d0    00000010     driverlib.lib : aux_adc.obj (.text:NOROM_AUXADCFlushFifo)
                  0000c3e0    00000010                   : aux_adc.obj (.text:NOROM_AUXADCReadFifo)
                  0000c3f0    00000010     drivers_cc26x0r2.aem3 : PINCC26XX.oem3 (.text:PINCC26XX_getPinCount)
                  0000c400    00000010     RFCC26XX_singleMode.obj (.text:RF_dbellSubmitCmdAsync$6)
                  0000c410    00000010     simple_peripheral_oad_offchip.obj (.text:SimplePeripheral_clockHandler$3)
                  0000c420    00000010     simple_peripheral_oad_offchip.obj (.text:SimplePeripheral_processOadWriteCB$3)
                  0000c430    00000010     dpl_cc26x0r2.aem3 : SwiP_tirtos.oem3 (.text:SwiP_Params_init)
                  0000c440    00000010     util.obj (.text:Util_isActive)
                  0000c450    00000010     ExtFlash.obj (.text:extFlashDeselect$13)
                  0000c460    00000010     ExtFlash.obj (.text:extFlashSelect$13)
                  0000c470    00000010     peripheral_observer.obj (.text:gapRole_setEvent$22)
                  0000c480    00000010     hal_assert.obj (.text:halAssertHandlerExt)
                  0000c490    00000010     rom_sysbios.aem3 : rom_sysbios.obj (.text:ti_sysbios_family_arm_m3_Hwi_post__E)
                  0000c4a0    00000010                      : rom_sysbios.obj (.text:ti_sysbios_heaps_HeapCallback_alloc__E)
                  0000c4b0    00000010                      : rom_sysbios.obj (.text:ti_sysbios_heaps_HeapCallback_free__E)
                  0000c4c0    00000010                      : rom_sysbios.obj (.text:ti_sysbios_heaps_HeapCallback_getStats__E)
                  0000c4d0    00000010                      : rom_sysbios.obj (.text:ti_sysbios_heaps_HeapCallback_isBlocking__E)
                  0000c4e0    00000010     drivers_cc26x0r2.aem3 : UARTCC26XX.oem3 (.text:uartPostNotify)
                  0000c4f0    00000010     rom_sysbios.aem3 : rom_sysbios.obj (.text:xdc_runtime_SysCallback_putch__E)
                  0000c500    00000010                      : rom_sysbios.obj (.text:xdc_runtime_SysCallback_ready__E)
                  0000c510    00000010                      : rom_sysbios.obj (.text:xdc_runtime_System_vsnprintf__E)
                  0000c520    0000000e     icall.obj (.text:ICall_abort)
                  0000c52e    0000000e     icall.obj (.text:ICall_signal)
                  0000c53c    0000000e     driverlib.lib : uart.obj (.text:NOROM_UARTCharGetNonBlocking)
                  0000c54a    0000000e                   : uart.obj (.text:NOROM_UARTCharPutNonBlocking)
                  0000c558    0000000e     RFCC26XX_singleMode.obj (.text:RF_cancelCmd)
                  0000c566    0000000e     drivers_cc26x0r2.aem3 : SPICC26XXDMA.oem3 (.text:SPICC26XXDMA_init)
                  0000c574    0000000e     rtsv7M3_T_le_eabi.lib : copy_decompress_none.c.obj (.text:decompress:none:__TI_decompress_none)
                  0000c582    0000000e     rom_sysbios.aem3 : rom_sysbios.obj (.text:ti_sysbios_family_arm_cc26xx_TimestampProvider_get32__E)
                  0000c590    0000000c     display.aem3 : Display.oem3 (.text:Display_doClose)
                  0000c59c    0000000c     icall.obj (.text:ICall_clockFunc$8)
                  0000c5a8    0000000c     driverlib.lib : cpu.obj (.text:NOROM_CPUcpsid)
                  0000c5b4    0000000c                   : cpu.obj (.text:NOROM_CPUcpsie)
                  0000c5c0    0000000c                   : osc.obj (.text:NOROM_OSC_HPOSCRelativeFrequencyOffsetToRFCoreFormatConvert)
                  0000c5cc    0000000c                   : ssi.obj (.text:NOROM_SSIDataGet)
                  0000c5d8    0000000c     drivers_cc26x0r2.aem3 : PINCC26XX.oem3 (.text:PIN_registerIntCb)
                  0000c5e4    0000000c                           : PowerCC26XX.oem3 (.text:Power_getConstraintMask)
                  0000c5f0    0000000c                           : PowerCC26XX.oem3 (.text:Power_getDependencyCount)
                  0000c5fc    0000000c     RFCC26XX_singleMode.obj (.text:RF_powerConstraintGet)
[...]
1001c6bd  xdc_runtime_Error_check__E                                                
1001c6d5  xdc_runtime_System_exit__E                                                
1001c6ed  xdc_runtime_Text_ropeText__E                                              
1001c705  xdc_runtime_Memory_free__E                                                
1001c715  xdc_runtime_SysCallback_abort__E                                          
1001c715  xdc_runtime_System_SupportProxy_abort__E                                  
1001c725  xdc_runtime_SysCallback_exit__E                                           
1001c725  xdc_runtime_System_SupportProxy_exit__E                                   
1001c735  xdc_runtime_Timestamp_SupportProxy_get32__E                               
1001c735  xdc_runtime_Timestamp_get32__E                                            
1001c735  xdc_runtime_Timestamp_get32__E                                            
1001c751  xdc_runtime_Memory_calloc__E                                              
1001c75d  xdc_runtime_Memory_getMaxDefaultTypeAlign__E                              
1001c769  xdc_runtime_Startup_rtsDone__E                                            
1001c775  xdc_runtime_Memory_HeapProxy_alloc__E                                     
1001c77f  xdc_runtime_Memory_HeapProxy_free__E                                      
1001c789  xdc_runtime_Gate_leaveSystem__E                                           
1001c78f  xdc_runtime_System_Module_startup__E                                      
1001c795  xdc_runtime_Gate_enterSystem__E                                           
1001c799  xdc_runtime_System_Module_GateProxy_enter__E                              
1001c79d  xdc_runtime_System_Module_GateProxy_leave__E                              
1001c7a1  xdc_runtime_System_abortSpin__E                                           
1001c7a3  xdc_runtime_System_exitSpin__E                                            
1001c7a5  ti_sysbios_family_arm_m3_Hwi_dispatch__I                                  
1001c86d  ti_sysbios_family_arm_m3_TaskSupport_buildTaskStack                       
1001c8b9  ti_sysbios_family_arm_m3_Hwi_initStacks__E                                
1001c901  ti_sysbios_family_arm_m3_Hwi_excHandlerAsm__I                             
1001c921  ti_sysbios_family_xxx_Hwi_switchAndRunFunc                                
1001c93f  ti_sysbios_family_arm_m3_Hwi_pendSV__I                                    
1001c957  ti_sysbios_family_arm_m3_Hwi_return                                       
1001c959  ti_sysbios_family_arm_m3_TaskSupport_glue                                 
1001c969  ti_sysbios_family_arm_m3_TaskSupport_swap__E                              
1001c969  ti_sysbios_knl_Task_SupportProxy_swap__E                                  
1001c969  ti_sysbios_knl_Task_SupportProxy_swap__E__mangled__                       
1001c971  ti_sysbios_knl_Task_swapReturn                                            
1001c978  ti_sysbios_knl_Task_Object__PARAMS__C                                     
1001c9b4  ti_sysbios_knl_Mailbox_Object__PARAMS__C                                  
1001c9e8  ti_sysbios_family_arm_m3_Hwi_Object__PARAMS__C                            
1001ca18  ti_sysbios_hal_Hwi_Object__PARAMS__C                                      
1001ca44  ti_sysbios_knl_Swi_Object__PARAMS__C                                      
1001ca6c  ti_sysbios_heaps_HeapMem_Object__PARAMS__C                                
1001ca90  ti_sysbios_knl_Clock_Object__PARAMS__C                                    
1001cab4  ti_sysbios_knl_Semaphore_Object__PARAMS__C                                
1001cad8  ti_sysbios_gates_GateHwi_Object__PARAMS__C                                
1001caf0  ti_sysbios_gates_GateMutex_Object__PARAMS__C                              
1001cb08  ti_sysbios_knl_Event_Object__PARAMS__C                                    
1001cb20  ti_sysbios_knl_Queue_Object__PARAMS__C                                    
1001cb68  ti_sysbios_gates_GateMutex_Instance_State_sem__O                          
1001cb6c  ti_sysbios_knl_Clock_Module_State_clockQ__O                               
1001cb70  ti_sysbios_knl_Event_Instance_State_pendQ__O                              
1001cb74  ti_sysbios_knl_Mailbox_Instance_State_dataQue__O                          
1001cb78  ti_sysbios_knl_Mailbox_Instance_State_dataSem__O                          
1001cb7c  ti_sysbios_knl_Mailbox_Instance_State_freeQue__O                          
1001cb80  ti_sysbios_knl_Mailbox_Instance_State_freeSem__O                          
1001cb84  ti_sysbios_knl_Semaphore_Instance_State_pendQ__O                          
1001cb88  ti_sysbios_knl_Task_Module_State_inactiveQ__O                             
20000000  __UNUSED_SRAM_start__                                                     
20000000  ti_sysbios_family_arm_m3_Hwi_ramVectors                                   
20000100  ti_sysbios_knl_Task_Module__state__V                                      
20000144  ti_sysbios_family_arm_m3_Hwi_Module__state__V                             
20000178  ti_sysbios_knl_Clock_Module__state__V                                     
200001a4  ti_sysbios_BIOS_Module__state__V                                          
200001c8  ti_sysbios_knl_Swi_Module__state__V                                       
200001e4  ti_sysbios_family_arm_cc26xx_Timer_Module__state__V                       
200001ec  ti_sysbios_family_arm_cc26xx_TimestampProvider_Module__state__V           
200001f0  xdc_runtime_Startup_Module__state__V                                      
200001f8  xdc_runtime_System_Module__state__V                                       
20000200  xdc_runtime_Memory_Module__state__V                                       
20000204  xdc_runtime_Error_Module__state__V                                        
20000520  ramStartHere                                                              
20000523  previonsMode                                                              
20000524  iExpectedCrc                                                              
20000525  iCurrCmd                                                                  
20000526  NumLastBase                                                               
20000527  currPosBaseTable                                                          
2000052a  iRecivedLen                                                               
2000052c  iSendedLen                                                                
2000052e  iExpectedLen                                                              
20000530  iBuffInLen                                                                
20000532  iBuffOutLen                                                               
20000534  dispHandle                                                                
20000548  pBuffIn                                                                   
2000054c  pBuffOut                                                                  
20000550  TimeLastBase                                                              
20000554  timeShutdown                                                              
20000558  SoftVersion                                                               
20000564  connectionEventRegisterCauseBitMap                                        
20000568  curCmd                                                                    
2000056c  iRssiOld                                                                  
200005f0  sbpTask                                                                   
2000069e  cur_tag_settings                                                          
2000072a  arBaseTable                                                               
20000828  sbpTaskStack                                                              
20000b48  linkDBNumConns                                                            
20000c5c  gapRoleTask                                                               
20000cb0  gapRoleTaskStack                                                          
20000ea2  metaPage                                                                  
20001368  pinUpperBound                                                             
2000136c  pinLowerBound                                                             
20001400  pinHandleTable                                                            
2000147c  PowerCC26XX_module                                                        
20001590  maxR                                                                      
20001591  outR                                                                      
20001592  maxG                                                                      
20001593  outG                                                                      
20001594  maxV                                                                      
20001595  outV                                                                      
20001596  iR                                                                        
20001597  valR                                                                      
20001598  iG                                                                        
20001599  valG                                                                      
2000159a  iV                                                                        
2000159b  valV                                                                      
2000159c  cntR                                                                      
2000159d  cntG                                                                      
2000159e  cntV                                                                      
2000159f  ignoreR                                                                   
200015a0  ignoreG                                                                   
200015a1  ignoreV                                                                   
200015a2  change_md                                                                 
200015aa  run_md                                                                    
200015b2  conn_md                                                                   
200015ba  on_pw                                                                     
200015c2  off_pw                                                                    
200015ca  simpleblink                                                               
200015d6  akk_full                                                                  
200015e2  akk_medium                                                                
200015ee  akk_low                                                                   
200015fa  start_st                                                                  
20001606  finish_st                                                                 
20001614  redBP                                                                     
20001620  greenBP                                                                   
2000162c  vibroBP                                                                   
20001638  normal_st                                                                 
20001650  appKeyChangeHandler                                                       
20001654  hKeyPins                                                                  
20001658  ledPinHandle                                                              
2000165c  ButtonTableWakeUp                                                         
20001664  keyPinsCfg                                                                
20001670  keyPins                                                                   
2000167c  ledPinState                                                               
20001688  ledPinTable                                                               
2000170c  ICall_enterCriticalSection                                                
20001710  ICall_leaveCriticalSection                                                
20001720  heapmgrMemFreeTotal                                                       
2000172c  HEAPMGR_SIZE                                                              
20001730  ICall_dispatcher                                                          
20001810  CryptoResourceCC26XX_accessSemaphore                                      
2000182c  CryptoResourceCC26XX_operationSemaphore                                   
20001848  CryptoResourceCC26XX_hwi                                                  
20001864  ti_sysbios_knl_Task_Object__table__V                                      
200018b0  ti_sysbios_family_arm_cc26xx_Timer_Object__table__V                       
200018f8  ti_sysbios_hal_SecondsClock_Module__state__V                              
20001934  ti_sysbios_gates_GateMutex_Object__table__V                               
2000196c  rfRegTbl                                                                  
2000199c  ti_sysbios_knl_Swi_Module_State_0_readyQ__A                               
200019cc  ti_sysbios_knl_Swi_Object__table__V                                       
200019fc  ti_sysbios_knl_Task_Module_State_0_readyQ__A                              
20001a34  K2_mont                                                                   
20001a74  ti_sysbios_knl_Clock_Object__table__V                                     
20001a94  xdc_runtime_Error_IgnoreBlock                                             
20001ab4  ti_sysbios_family_arm_m3_Hwi_Object__table__V                             
20001acc  stackImageHeader                                                          
20001ad0  user0Cfg                                                                  
20001ae0  bleAppServiceInfoTable                                                    
20001af0  rfModeOverride                                                            
20001b00  ti_sysbios_heaps_HeapCallback_Object__table__V                            
20001b20  pfnBMAlloc                                                                
20001b24  pfnBMFree                                                                 
20001b28  assertSubcause                                                            
20001b29  legacyMode                                                                
20001b2c  halAssertCback                                                            
20001b30  _lock                                                                     
20001b34  _unlock                                                                   
20001b38  pRfErrCb                                                                  
20001b3c  lastAppOpcodeIdxSent                                                      
20001b40  ti_sysbios_family_arm_cc26xx_Seconds_Module__state__V                     
20001b48  ti_sysbios_family_arm_m3_Hwi_Module__root__V                              
20001b50  ti_sysbios_gates_GateHwi_Module__root__V                                  
20001b58  ti_sysbios_gates_GateMutex_Module__root__V                                
20001b60  ti_sysbios_hal_Hwi_Module__root__V                                        
20001b68  ti_sysbios_heaps_HeapCallback_Module__root__V                             
20001b70  ti_sysbios_heaps_HeapMem_Module__root__V                                  
20001b78  ti_sysbios_knl_Clock_Module__root__V                                      
20001b80  ti_sysbios_knl_Event_Module__root__V                                      
20001b88  ti_sysbios_knl_Mailbox_Module__root__V                                    
20001b90  ti_sysbios_knl_Queue_Module__root__V                                      
20001b98  ti_sysbios_knl_Semaphore_Module__root__V                                  
20001ba0  ti_sysbios_knl_Swi_Module__root__V                                        
20001ba8  ti_sysbios_knl_Task_Module__root__V                                       
20001bb0  xdc_runtime_Registry_Module__state__V                                     
20001bb8  appAssertCback                                                            
20001bc0  main_func_sp                                                              
20001bc4  ti_sysbios_family_arm_m3_Hwi_Module_State_0_excContext__A                 
20001bc8  ti_sysbios_family_arm_m3_Hwi_Module_State_0_excStack__A                   
20001bcc  ti_sysbios_knl_Task_Module_State_0_idleTask__A                            
20001bd0  ti_sysbios_family_arm_m3_Hwi_Module_State_0_excActive__A                  
20001f78  ti_sysbios_knl_Task_Instance_State_0_stack__A                             
20002178  spiCC26XXDMAObjects                                                       
20002340  uartCC26XXObjects                                                         
2000246c  crcBuf                                                                    
2000256c  adcCC26xxObjects                                                          
20002648  ti_sysbios_family_arm_m3_Hwi_dispatchTable                                
20002790  cryptoCC26XXObjects                                                       
200027d0  uartCC26XXRingBuffer                                                      
200027f0  udmaObjects                                                               
20002848  displayUartObject                                                         
20002854  PowerCC26XX_taskKey                                                       
20002858  PowerCC26XX_swiKey                                                        
20002864  ClockP_tickPeriod                                                         
20002868  trngCC26XXObjects                                                         
2000286e  driverlib_release_0_54539                                                 
2000286f  heapStart                                                                 
20003b48  __stack                                                                   
20003b48  heapEnd                                                                   
20003f48  __STACK_END                                                               
20003f48  __STACK_TOP                                                               
20004f80  eccRom_param_Gx                                                           
20004f84  eccRom_param_Gy                                                           
20004f88  eccRom_workzone                                                           
20004f8c  eccRom_param_p                                                            
20004f90  eccRom_param_r                                                            
20004f94  eccRom_param_a                                                            
20004f98  eccRom_param_b                                                            
20004f9c  eccRom_windowSize                                                         
20005000  __UNUSED_SRAM_end__                                                       
e000e000  ti_sysbios_family_arm_m3_Hwi_nvic                                         
ffffffff  __TI_pprof_out_hndl                                                       
ffffffff  __TI_prof_data_size                                                       
ffffffff  __TI_prof_data_start                                                      
ffffffff  __binit__                                                                 
ffffffff  __c_args__                                                                
ffffffff  binit                                                                     
UNDEFED   SHT$$INIT_ARRAY$$Base                                                     
UNDEFED   SHT$$INIT_ARRAY$$Limit                                                    

[1218 symbols]
