******************************************************************************
                  TI ARM Linker PC v18.1.6                     
******************************************************************************
>> Linked Thu Sep 12 14:02:54 2019

OUTPUT FILE NAME:   <sport_tag_FlashROM.out>
ENTRY POINT SYMBOL: "ResetISR"  address: 0000a681


MEMORY CONFIGURATION

         name            origin    length      used     unused   attr    fill
----------------------  --------  ---------  --------  --------  ----  --------
  FLASH_IMG_HDR         00000000   000000a8  000000a5  00000003  R  X
  ENTRY                 000000a8   00000040  0000003c  00000004  R  X
  FLASH                 000000e8   00012f98  0000da72  00005526  R  X
  SRAM                  20000000   00003f48  00002b0d  0000143b  RW X


SEGMENT ALLOCATION MAP

run origin  load origin   length   init length attrs members
----------  ----------- ---------- ----------- ----- -------
00000000    00000000    0000db64   0000db64    r-x
  00000000    00000000    000000a5   000000a5    r-- .img_hdr
  000000a8    000000a8    0000003c   0000003c    r-- .resetVecs
  000000e8    000000e8    00000f18   00000f18    r-x .text.1
  00001000    00001000    00000028   00000028    r-- .const:ti_sysbios_heaps_HeapMem_Module__FXNS__C
  00001028    00001028    00000024   00000024    r-- .const:ti_sysbios_gates_GateHwi_Module__FXNS__C
  0000104c    0000104c    00000024   00000024    r-- .const:ti_sysbios_gates_GateMutex_Module__FXNS__C
  00001070    00001070    00000020   00000020    r-- .const:ti_sysbios_family_arm_m3_Hwi_Object__DESC__C
  00001090    00001090    00000020   00000020    r-- .const:ti_sysbios_gates_GateHwi_Object__DESC__C
  000010b0    000010b0    00000020   00000020    r-- .const:ti_sysbios_gates_GateMutex_Object__DESC__C
  000010d0    000010d0    00000020   00000020    r-- .const:ti_sysbios_hal_Hwi_Object__DESC__C
  000010f0    000010f0    00000020   00000020    r-- .const:ti_sysbios_heaps_HeapMem_Object__DESC__C
  00001110    00001110    00000020   00000020    r-- .const:ti_sysbios_knl_Clock_Object__DESC__C
  00001130    00001130    00000020   00000020    r-- .const:ti_sysbios_knl_Event_Object__DESC__C
  00001150    00001150    00000020   00000020    r-- .const:ti_sysbios_knl_Mailbox_Object__DESC__C
  00001170    00001170    00000020   00000020    r-- .const:ti_sysbios_knl_Queue_Object__DESC__C
  00001190    00001190    00000020   00000020    r-- .const:ti_sysbios_knl_Semaphore_Object__DESC__C
  000011b0    000011b0    00000020   00000020    r-- .const:ti_sysbios_knl_Swi_Object__DESC__C
  000011d0    000011d0    00000020   00000020    r-- .const:ti_sysbios_knl_Task_Object__DESC__C
  000011f0    000011f0    00000008   00000008    r-- .const:ti_sysbios_knl_Idle_funcList__C
  000011f8    000011f8    00000004   00000004    r-- .const:ti_sysbios_family_arm_cc26xx_Timer_startupNeeded__C
  000011fc    000011fc    00000004   00000004    r-- .const:ti_sysbios_family_arm_m3_Hwi_E_alreadyDefined__C
  00001200    00001200    00000004   00000004    r-- .const:ti_sysbios_family_arm_m3_Hwi_E_hwiLimitExceeded__C
  00001204    00001204    00000004   00000004    r-- .const:ti_sysbios_family_arm_m3_Hwi_NUM_INTERRUPTS__C
  00001208    00001208    00000004   00000004    r-- .const:ti_sysbios_family_arm_m3_Hwi_Object__count__C
  0000120c    0000120c    00000004   00000004    r-- .const:ti_sysbios_family_arm_m3_Hwi_Object__table__C
  00001210    00001210    00000004   00000004    r-- .const:ti_sysbios_family_arm_m3_Hwi_ccr__C
  00001214    00001214    00000004   00000004    r-- .const:ti_sysbios_family_arm_m3_Hwi_excHandlerFunc__C
  00001218    00001218    00000004   00000004    r-- .const:ti_sysbios_family_arm_m3_Hwi_nullIsrFunc__C
  0000121c    0000121c    00000004   00000004    r-- .const:ti_sysbios_family_arm_m3_Hwi_numSparseInterrupts__C
  00001220    00001220    00000004   00000004    r-- .const:ti_sysbios_family_arm_m3_Hwi_priGroup__C
  00001224    00001224    00000004   00000004    r-- .const:ti_sysbios_family_arm_m3_TaskSupport_stackAlignment__C
  00001228    00001228    00000004   00000004    r-- .const:ti_sysbios_heaps_HeapMem_E_memory__C
  0000122c    0000122c    00000004   00000004    r-- .const:ti_sysbios_heaps_HeapMem_Module__gateObj__C
  00001230    00001230    00000004   00000004    r-- .const:ti_sysbios_heaps_HeapMem_Object__count__C
  00001234    00001234    00000004   00000004    r-- .const:ti_sysbios_heaps_HeapMem_Object__table__C
  00001238    00001238    00000004   00000004    r-- .const:ti_sysbios_heaps_HeapMem_reqAlign__C
  0000123c    0000123c    00000004   00000004    r-- .const:ti_sysbios_knl_Clock_triggerClock__C
  00001240    00001240    00000004   00000004    r-- .const:ti_sysbios_knl_Mailbox_Object__count__C
  00001244    00001244    00000004   00000004    r-- .const:ti_sysbios_knl_Mailbox_Object__table__C
  00001248    00001248    00000004   00000004    r-- .const:ti_sysbios_knl_Mailbox_maxTypeAlign__C
  0000124c    0000124c    00000004   00000004    r-- .const:ti_sysbios_knl_Queue_Object__count__C
  00001250    00001250    00000004   00000004    r-- .const:ti_sysbios_knl_Queue_Object__table__C
  00001254    00001254    00000004   00000004    r-- .const:ti_sysbios_knl_Semaphore_eventPost__C
  00001258    00001258    00000004   00000004    r-- .const:ti_sysbios_knl_Semaphore_eventSync__C
  0000125c    0000125c    00000004   00000004    r-- .const:ti_sysbios_knl_Swi_Object__count__C
  00001260    00001260    00000004   00000004    r-- .const:ti_sysbios_knl_Swi_Object__table__C
  00001264    00001264    00000004   00000004    r-- .const:ti_sysbios_knl_Swi_numPriorities__C
  00001268    00001268    00000004   00000004    r-- .const:ti_sysbios_knl_Task_Object__count__C
  0000126c    0000126c    00000004   00000004    r-- .const:ti_sysbios_knl_Task_Object__table__C
  00001270    00001270    00000004   00000004    r-- .const:ti_sysbios_knl_Task_allBlockedFunc__C
  00001274    00001274    00000004   00000004    r-- .const:ti_sysbios_knl_Task_defaultStackHeap__C
  00001278    00001278    00000004   00000004    r-- .const:ti_sysbios_knl_Task_defaultStackSize__C
  0000127c    0000127c    00000004   00000004    r-- .const:ti_sysbios_knl_Task_numConstructedTasks__C
  00001280    00001280    00000002   00000002    r-- .const:ti_sysbios_family_arm_cc26xx_Timer_Module__id__C
  00001282    00001282    00000002   00000002    r-- .const:ti_sysbios_family_arm_cc26xx_TimestampProvider_useClockTimer__C
  00001284    00001284    00000002   00000002    r-- .const:ti_sysbios_family_arm_m3_Hwi_Module__id__C
  00001286    00001286    00000002   00000002    r-- .const:ti_sysbios_gates_GateHwi_Module__id__C
  00001288    00001288    00000002   00000002    r-- .const:ti_sysbios_gates_GateMutex_Module__id__C
  0000128a    0000128a    00000002   00000002    r-- .const:ti_sysbios_heaps_HeapMem_Module__id__C
  0000128c    0000128c    00000002   00000002    r-- .const:ti_sysbios_knl_Task_initStackFlag__C
  0000128e    0000128e    00000001   00000001    r-- .const:ti_sysbios_knl_Clock_tickMode__C
  00001290    00001290    00000008   00000008    r-- .const:xdc_runtime_Startup_firstFxns__C
  00001298    00001298    00000008   00000008    r-- .const:xdc_runtime_Startup_lastFxns__C
  000012a0    000012a0    00000004   00000004    r-- .const:xdc_runtime_Assert_E_assertFailed__C
  000012a4    000012a4    00000004   00000004    r-- .const:xdc_runtime_Error_E_memory__C
  000012a8    000012a8    00000004   00000004    r-- .const:xdc_runtime_Error_policyFxn__C
  000012ac    000012ac    00000004   00000004    r-- .const:xdc_runtime_Error_raiseHook__C
  000012b0    000012b0    00000004   00000004    r-- .const:xdc_runtime_IGateProvider_Interface__BASE__C
  000012b4    000012b4    00000004   00000004    r-- .const:xdc_runtime_IHeap_Interface__BASE__C
  000012b8    000012b8    00000004   00000004    r-- .const:xdc_runtime_IModule_Interface__BASE__C
  000012bc    000012bc    00000004   00000004    r-- .const:xdc_runtime_Memory_defaultHeapInstance__C
  000012c0    000012c0    00000004   00000004    r-- .const:xdc_runtime_Startup_execImpl__C
  000012c4    000012c4    00000004   00000004    r-- .const:xdc_runtime_Startup_maxPasses__C
  000012c8    000012c8    00000004   00000004    r-- .const:xdc_runtime_Startup_sfxnRts__C
  000012cc    000012cc    00000004   00000004    r-- .const:xdc_runtime_Startup_sfxnTab__C
  000012d0    000012d0    00000004   00000004    r-- .const:xdc_runtime_Startup_startModsFxn__C
  000012d4    000012d4    00000004   00000004    r-- .const:xdc_runtime_SysCallback_abortFxn__C
  000012d8    000012d8    00000004   00000004    r-- .const:xdc_runtime_SysCallback_exitFxn__C
  000012dc    000012dc    00000004   00000004    r-- .const:xdc_runtime_System_abortFxn__C
  000012e0    000012e0    00000004   00000004    r-- .const:xdc_runtime_System_exitFxn__C
  000012e4    000012e4    00000004   00000004    r-- .const:xdc_runtime_System_maxAtexitHandlers__C
  000012e8    000012e8    00000004   00000004    r-- .const:xdc_runtime_Text_charTab__C
  000012ec    000012ec    00000004   00000004    r-- .const:xdc_runtime_Text_nameEmpty__C
  000012f0    000012f0    00000004   00000004    r-- .const:xdc_runtime_Text_nameStatic__C
  000012f4    000012f4    00000004   00000004    r-- .const:xdc_runtime_Text_nameUnknown__C
  000012f8    000012f8    00000002   00000002    r-- .const:xdc_runtime_Error_maxDepth__C
  000012fa    000012fa    00000002   00000002    r-- .const:xdc_runtime_Memory_Module__id__C
  000012fc    000012fc    00000002   00000002    r-- .const:xdc_runtime_Text_charCnt__C
  000012fe    000012fe    00000002   00000002    r-- .const:xdc_runtime_Text_isLoaded__C
  00001300    00001300    00000001   00000001    r-- .const:xdc_runtime_Error_policy__C
  00001304    00001304    00000004   00000004    r-- .const:ti_sysbios_rom_ROM_ti_sysbios_family_arm_cc26xx_Timer_getCount64__E
  00001308    00001308    00000004   00000004    r-- .const:ti_sysbios_rom_ROM_ti_sysbios_family_arm_cc26xx_Timer_getCurrentTick__E
  0000130c    0000130c    00000004   00000004    r-- .const:ti_sysbios_rom_ROM_ti_sysbios_family_arm_cc26xx_Timer_getMaxTicks__E
  00001310    00001310    00000004   00000004    r-- .const:ti_sysbios_rom_ROM_ti_sysbios_family_arm_cc26xx_Timer_initDevice__I
  00001314    00001314    00000004   00000004    r-- .const:ti_sysbios_rom_ROM_ti_sysbios_family_arm_cc26xx_Timer_setNextTick__E
  00001318    00001318    00000004   00000004    r-- .const:ti_sysbios_rom_ROM_ti_sysbios_family_arm_cc26xx_Timer_setThreshold__I
  0000131c    0000131c    00000004   00000004    r-- .const:ti_sysbios_rom_ROM_ti_sysbios_family_arm_cc26xx_Timer_start__E
  00001320    00001320    00000004   00000004    r-- .const:ti_sysbios_rom_ROM_ti_sysbios_family_arm_cc26xx_TimestampProvider_get32__E
  00001324    00001324    00000004   00000004    r-- .const:ti_sysbios_rom_ROM_xdc_runtime_Startup_getState__I
  00001328    00001328    00000004   00000004    r-- .const:ti_sysbios_rom_ROM_xdc_runtime_System_SupportProxy_abort__E
  0000132c    0000132c    00000004   00000004    r-- .const:ti_sysbios_rom_ROM_xdc_runtime_System_SupportProxy_exit__E
  00001330    00001330    0000b93c   0000b93c    r-x .text.2
  0000cc6c    0000cc6c    000008c6   000008c6    r-- .const
  0000d534    0000d534    00000058   00000058    r-- .ccfg
  0000d590    0000d590    000005d4   000005d4    r-- .cinit
20000100    20000100    00000106   00000000    rw-
  20000100    20000100    00000044   00000000    rw- .data:ti_sysbios_knl_Task_Module__state__V
  20000144    20000144    00000034   00000000    rw- .data:ti_sysbios_family_arm_m3_Hwi_Module__state__V
  20000178    20000178    0000002c   00000000    rw- .data:ti_sysbios_knl_Clock_Module__state__V
  200001a4    200001a4    00000024   00000000    rw- .data:ti_sysbios_BIOS_Module__state__V
  200001c8    200001c8    0000001c   00000000    rw- .data:ti_sysbios_knl_Swi_Module__state__V
  200001e4    200001e4    00000008   00000000    rw- .data:ti_sysbios_family_arm_cc26xx_Timer_Module__state__V
  200001ec    200001ec    00000004   00000000    rw- .data:ti_sysbios_family_arm_cc26xx_TimestampProvider_Module__state__V
  200001f0    200001f0    00000008   00000000    rw- .data:xdc_runtime_Startup_Module__state__V
  200001f8    200001f8    00000008   00000000    rw- .data:xdc_runtime_System_Module__state__V
  20000200    20000200    00000004   00000000    rw- .data:xdc_runtime_Memory_Module__state__V
  20000204    20000204    00000002   00000000    rw- .data:xdc_runtime_Error_Module__state__V
20000430    20000430    00000010   00000000    rw-
  20000430    20000430    00000010   00000000    rw- .TI.bound:dmaSpi0RxControlTableEntry
20000440    20000440    00000010   00000000    rw-
  20000440    20000440    00000010   00000000    rw- .TI.bound:dmaSpi0TxControlTableEntry
20000500    20000500    00000010   00000000    rw-
  20000500    20000500    00000010   00000000    rw- .TI.bound:dmaSpi1RxControlTableEntry
20000510    20000510    0000250f   00000000    rw-
  20000510    20000510    00000010   00000000    rw- .TI.bound:dmaSpi1TxControlTableEntry
  20000520    20000520    00001868   00000000    rw- .data
  20001d88    20001d88    00000c97   00000000    rw- .bss
20003b48    20003b48    00000400   00000000    rw-
  20003b48    20003b48    00000400   00000000    rw- .stack


SECTION ALLOCATION MAP

 output                                  attributes/
section   page    origin      length       input sections
--------  ----  ----------  ----------   ----------------
.text.1    0    000000e8    00000f18     
                  000000e8    00000898     simple_peripheral_oad_offchip.obj (.text:SimplePeripheral_taskFxn$3)
                  00000980    00000008     (.tramp.ti_sysbios_knl_Event_pend__E.1)
                  00000988    00000008     (.tramp.ti_sysbios_knl_Queue_get__E.1)
                  00000990    00000008     (.tramp.ti_sysbios_knl_Queue_empty__E.1)
                  00000998    000005ac     simple_peripheral_oad_offchip.obj (.text:SimplePeripheral_init$3)
                  00000f44    00000008     (.tramp.ti_sysbios_knl_Queue_construct.1)
                  00000f4c    000000b4     driverlib.lib : setup.obj (.text:NOROM_SetupTrimDevice)

.const:ti_sysbios_heaps_HeapMem_Module__FXNS__C 
*          0    00001000    00000028     
                  00001000    00000028     app_ble_pem3.oem3 (.const:ti_sysbios_heaps_HeapMem_Module__FXNS__C)

.const:ti_sysbios_gates_GateHwi_Module__FXNS__C 
*          0    00001028    00000024     
                  00001028    00000024     app_ble_pem3.oem3 (.const:ti_sysbios_gates_GateHwi_Module__FXNS__C)

.const:ti_sysbios_gates_GateMutex_Module__FXNS__C 
*          0    0000104c    00000024     
                  0000104c    00000024     app_ble_pem3.oem3 (.const:ti_sysbios_gates_GateMutex_Module__FXNS__C)

.const:ti_sysbios_family_arm_m3_Hwi_Object__DESC__C 
*          0    00001070    00000020     
                  00001070    00000020     app_ble_pem3.oem3 (.const:ti_sysbios_family_arm_m3_Hwi_Object__DESC__C)

.const:ti_sysbios_gates_GateHwi_Object__DESC__C 
*          0    00001090    00000020     
                  00001090    00000020     app_ble_pem3.oem3 (.const:ti_sysbios_gates_GateHwi_Object__DESC__C)

.const:ti_sysbios_gates_GateMutex_Object__DESC__C 
*          0    000010b0    00000020     
                  000010b0    00000020     app_ble_pem3.oem3 (.const:ti_sysbios_gates_GateMutex_Object__DESC__C)

.const:ti_sysbios_hal_Hwi_Object__DESC__C 
*          0    000010d0    00000020     
                  000010d0    00000020     app_ble_pem3.oem3 (.const:ti_sysbios_hal_Hwi_Object__DESC__C)

.const:ti_sysbios_heaps_HeapMem_Object__DESC__C 
*          0    000010f0    00000020     
                  000010f0    00000020     app_ble_pem3.oem3 (.const:ti_sysbios_heaps_HeapMem_Object__DESC__C)

.const:ti_sysbios_knl_Clock_Object__DESC__C 
*          0    00001110    00000020     
                  00001110    00000020     app_ble_pem3.oem3 (.const:ti_sysbios_knl_Clock_Object__DESC__C)

.const:ti_sysbios_knl_Event_Object__DESC__C 
*          0    00001130    00000020     
                  00001130    00000020     app_ble_pem3.oem3 (.const:ti_sysbios_knl_Event_Object__DESC__C)

.const:ti_sysbios_knl_Mailbox_Object__DESC__C 
*          0    00001150    00000020     
                  00001150    00000020     app_ble_pem3.oem3 (.const:ti_sysbios_knl_Mailbox_Object__DESC__C)

.const:ti_sysbios_knl_Queue_Object__DESC__C 
*          0    00001170    00000020     
                  00001170    00000020     app_ble_pem3.oem3 (.const:ti_sysbios_knl_Queue_Object__DESC__C)

.const:ti_sysbios_knl_Semaphore_Object__DESC__C 
*          0    00001190    00000020     
                  00001190    00000020     app_ble_pem3.oem3 (.const:ti_sysbios_knl_Semaphore_Object__DESC__C)

.const:ti_sysbios_knl_Swi_Object__DESC__C 
*          0    000011b0    00000020     
                  000011b0    00000020     app_ble_pem3.oem3 (.const:ti_sysbios_knl_Swi_Object__DESC__C)

.const:ti_sysbios_knl_Task_Object__DESC__C 
*          0    000011d0    00000020     
                  000011d0    00000020     app_ble_pem3.oem3 (.const:ti_sysbios_knl_Task_Object__DESC__C)

.const:ti_sysbios_knl_Idle_funcList__C 
*          0    000011f0    00000008     
                  000011f0    00000008     app_ble_pem3.oem3 (.const:ti_sysbios_knl_Idle_funcList__C)

.const:ti_sysbios_family_arm_cc26xx_Timer_startupNeeded__C 
*          0    000011f8    00000004     
                  000011f8    00000004     app_ble_pem3.oem3 (.const:ti_sysbios_family_arm_cc26xx_Timer_startupNeeded__C)

.const:ti_sysbios_family_arm_m3_Hwi_E_alreadyDefined__C 
*          0    000011fc    00000004     
                  000011fc    00000004     app_ble_pem3.oem3 (.const:ti_sysbios_family_arm_m3_Hwi_E_alreadyDefined__C)

.const:ti_sysbios_family_arm_m3_Hwi_E_hwiLimitExceeded__C 
*          0    00001200    00000004     
                  00001200    00000004     app_ble_pem3.oem3 (.const:ti_sysbios_family_arm_m3_Hwi_E_hwiLimitExceeded__C)

.const:ti_sysbios_family_arm_m3_Hwi_NUM_INTERRUPTS__C 
*          0    00001204    00000004     
                  00001204    00000004     app_ble_pem3.oem3 (.const:ti_sysbios_family_arm_m3_Hwi_NUM_INTERRUPTS__C)

.const:ti_sysbios_family_arm_m3_Hwi_Object__count__C 
*          0    00001208    00000004     
                  00001208    00000004     app_ble_pem3.oem3 (.const:ti_sysbios_family_arm_m3_Hwi_Object__count__C)

.const:ti_sysbios_family_arm_m3_Hwi_Object__table__C 
*          0    0000120c    00000004     
                  0000120c    00000004     app_ble_pem3.oem3 (.const:ti_sysbios_family_arm_m3_Hwi_Object__table__C)

.const:ti_sysbios_family_arm_m3_Hwi_ccr__C 
*          0    00001210    00000004     
                  00001210    00000004     app_ble_pem3.oem3 (.const:ti_sysbios_family_arm_m3_Hwi_ccr__C)

.const:ti_sysbios_family_arm_m3_Hwi_excHandlerFunc__C 
*          0    00001214    00000004     
                  00001214    00000004     app_ble_pem3.oem3 (.const:ti_sysbios_family_arm_m3_Hwi_excHandlerFunc__C)

.const:ti_sysbios_family_arm_m3_Hwi_nullIsrFunc__C 
*          0    00001218    00000004     
                  00001218    00000004     app_ble_pem3.oem3 (.const:ti_sysbios_family_arm_m3_Hwi_nullIsrFunc__C)

.const:ti_sysbios_family_arm_m3_Hwi_numSparseInterrupts__C 
*          0    0000121c    00000004     
                  0000121c    00000004     app_ble_pem3.oem3 (.const:ti_sysbios_family_arm_m3_Hwi_numSparseInterrupts__C)

.const:ti_sysbios_family_arm_m3_Hwi_priGroup__C 
*          0    00001220    00000004     
                  00001220    00000004     app_ble_pem3.oem3 (.const:ti_sysbios_family_arm_m3_Hwi_priGroup__C)

.const:ti_sysbios_family_arm_m3_TaskSupport_stackAlignment__C 
*          0    00001224    00000004     
                  00001224    00000004     app_ble_pem3.oem3 (.const:ti_sysbios_family_arm_m3_TaskSupport_stackAlignment__C)

.const:ti_sysbios_heaps_HeapMem_E_memory__C 
*          0    00001228    00000004     
                  00001228    00000004     app_ble_pem3.oem3 (.const:ti_sysbios_heaps_HeapMem_E_memory__C)

.const:ti_sysbios_heaps_HeapMem_Module__gateObj__C 
*          0    0000122c    00000004     
                  0000122c    00000004     app_ble_pem3.oem3 (.const:ti_sysbios_heaps_HeapMem_Module__gateObj__C)

.const:ti_sysbios_heaps_HeapMem_Object__count__C 
*          0    00001230    00000004     
                  00001230    00000004     app_ble_pem3.oem3 (.const:ti_sysbios_heaps_HeapMem_Object__count__C)

.const:ti_sysbios_heaps_HeapMem_Object__table__C 
*          0    00001234    00000004     
                  00001234    00000004     app_ble_pem3.oem3 (.const:ti_sysbios_heaps_HeapMem_Object__table__C)

.const:ti_sysbios_heaps_HeapMem_reqAlign__C 
*          0    00001238    00000004     
                  00001238    00000004     app_ble_pem3.oem3 (.const:ti_sysbios_heaps_HeapMem_reqAlign__C)

.const:ti_sysbios_knl_Clock_triggerClock__C 
*          0    0000123c    00000004     
                  0000123c    00000004     app_ble_pem3.oem3 (.const:ti_sysbios_knl_Clock_triggerClock__C)

.const:ti_sysbios_knl_Mailbox_Object__count__C 
*          0    00001240    00000004     
                  00001240    00000004     app_ble_pem3.oem3 (.const:ti_sysbios_knl_Mailbox_Object__count__C)

.const:ti_sysbios_knl_Mailbox_Object__table__C 
*          0    00001244    00000004     
                  00001244    00000004     app_ble_pem3.oem3 (.const:ti_sysbios_knl_Mailbox_Object__table__C)

.const:ti_sysbios_knl_Mailbox_maxTypeAlign__C 
*          0    00001248    00000004     
                  00001248    00000004     app_ble_pem3.oem3 (.const:ti_sysbios_knl_Mailbox_maxTypeAlign__C)

.const:ti_sysbios_knl_Queue_Object__count__C 
*          0    0000124c    00000004     
                  0000124c    00000004     app_ble_pem3.oem3 (.const:ti_sysbios_knl_Queue_Object__count__C)

.const:ti_sysbios_knl_Queue_Object__table__C 
*          0    00001250    00000004     
                  00001250    00000004     app_ble_pem3.oem3 (.const:ti_sysbios_knl_Queue_Object__table__C)

.const:ti_sysbios_knl_Semaphore_eventPost__C 
*          0    00001254    00000004     
                  00001254    00000004     app_ble_pem3.oem3 (.const:ti_sysbios_knl_Semaphore_eventPost__C)

.const:ti_sysbios_knl_Semaphore_eventSync__C 
*          0    00001258    00000004     
                  00001258    00000004     app_ble_pem3.oem3 (.const:ti_sysbios_knl_Semaphore_eventSync__C)

.const:ti_sysbios_knl_Swi_Object__count__C 
*          0    0000125c    00000004     
                  0000125c    00000004     app_ble_pem3.oem3 (.const:ti_sysbios_knl_Swi_Object__count__C)

.const:ti_sysbios_knl_Swi_Object__table__C 
*          0    00001260    00000004     
                  00001260    00000004     app_ble_pem3.oem3 (.const:ti_sysbios_knl_Swi_Object__table__C)

.const:ti_sysbios_knl_Swi_numPriorities__C 
*          0    00001264    00000004     
                  00001264    00000004     app_ble_pem3.oem3 (.const:ti_sysbios_knl_Swi_numPriorities__C)

.const:ti_sysbios_knl_Task_Object__count__C 
*          0    00001268    00000004     
                  00001268    00000004     app_ble_pem3.oem3 (.const:ti_sysbios_knl_Task_Object__count__C)

.const:ti_sysbios_knl_Task_Object__table__C 
*          0    0000126c    00000004     
                  0000126c    00000004     app_ble_pem3.oem3 (.const:ti_sysbios_knl_Task_Object__table__C)

.const:ti_sysbios_knl_Task_allBlockedFunc__C 
*          0    00001270    00000004     
                  00001270    00000004     app_ble_pem3.oem3 (.const:ti_sysbios_knl_Task_allBlockedFunc__C)

.const:ti_sysbios_knl_Task_defaultStackHeap__C 
*          0    00001274    00000004     
                  00001274    00000004     app_ble_pem3.oem3 (.const:ti_sysbios_knl_Task_defaultStackHeap__C)

.const:ti_sysbios_knl_Task_defaultStackSize__C 
*          0    00001278    00000004     
                  00001278    00000004     app_ble_pem3.oem3 (.const:ti_sysbios_knl_Task_defaultStackSize__C)

.const:ti_sysbios_knl_Task_numConstructedTasks__C 
*          0    0000127c    00000004     
                  0000127c    00000004     app_ble_pem3.oem3 (.const:ti_sysbios_knl_Task_numConstructedTasks__C)

.const:ti_sysbios_family_arm_cc26xx_Timer_Module__id__C 
*          0    00001280    00000002     
                  00001280    00000002     app_ble_pem3.oem3 (.const:ti_sysbios_family_arm_cc26xx_Timer_Module__id__C)

.const:ti_sysbios_family_arm_cc26xx_TimestampProvider_useClockTimer__C 
*          0    00001282    00000002     
                  00001282    00000002     app_ble_pem3.oem3 (.const:ti_sysbios_family_arm_cc26xx_TimestampProvider_useClockTimer__C)

.const:ti_sysbios_family_arm_m3_Hwi_Module__id__C 
*          0    00001284    00000002     
                  00001284    00000002     app_ble_pem3.oem3 (.const:ti_sysbios_family_arm_m3_Hwi_Module__id__C)

.const:ti_sysbios_gates_GateHwi_Module__id__C 
*          0    00001286    00000002     
                  00001286    00000002     app_ble_pem3.oem3 (.const:ti_sysbios_gates_GateHwi_Module__id__C)

.const:ti_sysbios_gates_GateMutex_Module__id__C 
*          0    00001288    00000002     
                  00001288    00000002     app_ble_pem3.oem3 (.const:ti_sysbios_gates_GateMutex_Module__id__C)

.const:ti_sysbios_heaps_HeapMem_Module__id__C 
*          0    0000128a    00000002     
                  0000128a    00000002     app_ble_pem3.oem3 (.const:ti_sysbios_heaps_HeapMem_Module__id__C)

.const:ti_sysbios_knl_Task_initStackFlag__C 
*          0    0000128c    00000002     
                  0000128c    00000002     app_ble_pem3.oem3 (.const:ti_sysbios_knl_Task_initStackFlag__C)

.const:ti_sysbios_knl_Clock_tickMode__C 
*          0    0000128e    00000001     
                  0000128e    00000001     app_ble_pem3.oem3 (.const:ti_sysbios_knl_Clock_tickMode__C)

.const:xdc_runtime_Startup_firstFxns__C 
*          0    00001290    00000008     
                  00001290    00000008     app_ble_pem3.oem3 (.const:xdc_runtime_Startup_firstFxns__C)

.const:xdc_runtime_Startup_lastFxns__C 
*          0    00001298    00000008     
                  00001298    00000008     app_ble_pem3.oem3 (.const:xdc_runtime_Startup_lastFxns__C)

.const:xdc_runtime_Assert_E_assertFailed__C 
*          0    000012a0    00000004     
                  000012a0    00000004     app_ble_pem3.oem3 (.const:xdc_runtime_Assert_E_assertFailed__C)

.const:xdc_runtime_Error_E_memory__C 
*          0    000012a4    00000004     
                  000012a4    00000004     app_ble_pem3.oem3 (.const:xdc_runtime_Error_E_memory__C)

.const:xdc_runtime_Error_policyFxn__C 
*          0    000012a8    00000004     
                  000012a8    00000004     app_ble_pem3.oem3 (.const:xdc_runtime_Error_policyFxn__C)

.const:xdc_runtime_Error_raiseHook__C 
*          0    000012ac    00000004     
                  000012ac    00000004     app_ble_pem3.oem3 (.const:xdc_runtime_Error_raiseHook__C)

.const:xdc_runtime_IGateProvider_Interface__BASE__C 
*          0    000012b0    00000004     
                  000012b0    00000004     app_ble_pem3.oem3 (.const:xdc_runtime_IGateProvider_Interface__BASE__C)

.const:xdc_runtime_IHeap_Interface__BASE__C 
*          0    000012b4    00000004     
                  000012b4    00000004     app_ble_pem3.oem3 (.const:xdc_runtime_IHeap_Interface__BASE__C)

.const:xdc_runtime_IModule_Interface__BASE__C 
*          0    000012b8    00000004     
                  000012b8    00000004     app_ble_pem3.oem3 (.const:xdc_runtime_IModule_Interface__BASE__C)

.const:xdc_runtime_Memory_defaultHeapInstance__C 
*          0    000012bc    00000004     
                  000012bc    00000004     app_ble_pem3.oem3 (.const:xdc_runtime_Memory_defaultHeapInstance__C)

.const:xdc_runtime_Startup_execImpl__C 
*          0    000012c0    00000004     
                  000012c0    00000004     app_ble_pem3.oem3 (.const:xdc_runtime_Startup_execImpl__C)

.const:xdc_runtime_Startup_maxPasses__C 
*          0    000012c4    00000004     
                  000012c4    00000004     app_ble_pem3.oem3 (.const:xdc_runtime_Startup_maxPasses__C)

.const:xdc_runtime_Startup_sfxnRts__C 
*          0    000012c8    00000004     
                  000012c8    00000004     app_ble_pem3.oem3 (.const:xdc_runtime_Startup_sfxnRts__C)

.const:xdc_runtime_Startup_sfxnTab__C 
*          0    000012cc    00000004     
                  000012cc    00000004     app_ble_pem3.oem3 (.const:xdc_runtime_Startup_sfxnTab__C)

.const:xdc_runtime_Startup_startModsFxn__C 
*          0    000012d0    00000004     
                  000012d0    00000004     app_ble_pem3.oem3 (.const:xdc_runtime_Startup_startModsFxn__C)

.const:xdc_runtime_SysCallback_abortFxn__C 
*          0    000012d4    00000004     
                  000012d4    00000004     app_ble_pem3.oem3 (.const:xdc_runtime_SysCallback_abortFxn__C)

.const:xdc_runtime_SysCallback_exitFxn__C 
*          0    000012d8    00000004     
                  000012d8    00000004     app_ble_pem3.oem3 (.const:xdc_runtime_SysCallback_exitFxn__C)

.const:xdc_runtime_System_abortFxn__C 
*          0    000012dc    00000004     
                  000012dc    00000004     app_ble_pem3.oem3 (.const:xdc_runtime_System_abortFxn__C)

.const:xdc_runtime_System_exitFxn__C 
*          0    000012e0    00000004     
                  000012e0    00000004     app_ble_pem3.oem3 (.const:xdc_runtime_System_exitFxn__C)

.const:xdc_runtime_System_maxAtexitHandlers__C 
*          0    000012e4    00000004     
                  000012e4    00000004     app_ble_pem3.oem3 (.const:xdc_runtime_System_maxAtexitHandlers__C)

.const:xdc_runtime_Text_charTab__C 
*          0    000012e8    00000004     
                  000012e8    00000004     app_ble_pem3.oem3 (.const:xdc_runtime_Text_charTab__C)

.const:xdc_runtime_Text_nameEmpty__C 
*          0    000012ec    00000004     
                  000012ec    00000004     app_ble_pem3.oem3 (.const:xdc_runtime_Text_nameEmpty__C)

.const:xdc_runtime_Text_nameStatic__C 
*          0    000012f0    00000004     
                  000012f0    00000004     app_ble_pem3.oem3 (.const:xdc_runtime_Text_nameStatic__C)

.const:xdc_runtime_Text_nameUnknown__C 
*          0    000012f4    00000004     
                  000012f4    00000004     app_ble_pem3.oem3 (.const:xdc_runtime_Text_nameUnknown__C)

.const:xdc_runtime_Error_maxDepth__C 
*          0    000012f8    00000002     
                  000012f8    00000002     app_ble_pem3.oem3 (.const:xdc_runtime_Error_maxDepth__C)

.const:xdc_runtime_Memory_Module__id__C 
*          0    000012fa    00000002     
                  000012fa    00000002     app_ble_pem3.oem3 (.const:xdc_runtime_Memory_Module__id__C)

.const:xdc_runtime_Text_charCnt__C 
*          0    000012fc    00000002     
                  000012fc    00000002     app_ble_pem3.oem3 (.const:xdc_runtime_Text_charCnt__C)

.const:xdc_runtime_Text_isLoaded__C 
*          0    000012fe    00000002     
                  000012fe    00000002     app_ble_pem3.oem3 (.const:xdc_runtime_Text_isLoaded__C)

.const:xdc_runtime_Error_policy__C 
*          0    00001300    00000001     
                  00001300    00000001     app_ble_pem3.oem3 (.const:xdc_runtime_Error_policy__C)

.const:ti_sysbios_rom_ROM_ti_sysbios_family_arm_cc26xx_Timer_getCount64__E 
*          0    00001304    00000004     
                  00001304    00000004     app_ble_pem3.oem3 (.const:ti_sysbios_rom_ROM_ti_sysbios_family_arm_cc26xx_Timer_getCount64__E)

.const:ti_sysbios_rom_ROM_ti_sysbios_family_arm_cc26xx_Timer_getCurrentTick__E 
*          0    00001308    00000004     
                  00001308    00000004     app_ble_pem3.oem3 (.const:ti_sysbios_rom_ROM_ti_sysbios_family_arm_cc26xx_Timer_getCurrentTick__E)

.const:ti_sysbios_rom_ROM_ti_sysbios_family_arm_cc26xx_Timer_getMaxTicks__E 
*          0    0000130c    00000004     
                  0000130c    00000004     app_ble_pem3.oem3 (.const:ti_sysbios_rom_ROM_ti_sysbios_family_arm_cc26xx_Timer_getMaxTicks__E)

.const:ti_sysbios_rom_ROM_ti_sysbios_family_arm_cc26xx_Timer_initDevice__I 
*          0    00001310    00000004     
                  00001310    00000004     app_ble_pem3.oem3 (.const:ti_sysbios_rom_ROM_ti_sysbios_family_arm_cc26xx_Timer_initDevice__I)

.const:ti_sysbios_rom_ROM_ti_sysbios_family_arm_cc26xx_Timer_setNextTick__E 
*          0    00001314    00000004     
                  00001314    00000004     app_ble_pem3.oem3 (.const:ti_sysbios_rom_ROM_ti_sysbios_family_arm_cc26xx_Timer_setNextTick__E)

.const:ti_sysbios_rom_ROM_ti_sysbios_family_arm_cc26xx_Timer_setThreshold__I 
*          0    00001318    00000004     
                  00001318    00000004     app_ble_pem3.oem3 (.const:ti_sysbios_rom_ROM_ti_sysbios_family_arm_cc26xx_Timer_setThreshold__I)

.const:ti_sysbios_rom_ROM_ti_sysbios_family_arm_cc26xx_Timer_start__E 
*          0    0000131c    00000004     
                  0000131c    00000004     app_ble_pem3.oem3 (.const:ti_sysbios_rom_ROM_ti_sysbios_family_arm_cc26xx_Timer_start__E)

.const:ti_sysbios_rom_ROM_ti_sysbios_family_arm_cc26xx_TimestampProvider_get32__E 
*          0    00001320    00000004     
                  00001320    00000004     app_ble_pem3.oem3 (.const:ti_sysbios_rom_ROM_ti_sysbios_family_arm_cc26xx_TimestampProvider_get32__E)

.const:ti_sysbios_rom_ROM_xdc_runtime_Startup_getState__I 
*          0    00001324    00000004     
                  00001324    00000004     app_ble_pem3.oem3 (.const:ti_sysbios_rom_ROM_xdc_runtime_Startup_getState__I)

.const:ti_sysbios_rom_ROM_xdc_runtime_System_SupportProxy_abort__E 
*          0    00001328    00000004     
                  00001328    00000004     app_ble_pem3.oem3 (.const:ti_sysbios_rom_ROM_xdc_runtime_System_SupportProxy_abort__E)

.const:ti_sysbios_rom_ROM_xdc_runtime_System_SupportProxy_exit__E 
*          0    0000132c    00000004     
                  0000132c    00000004     app_ble_pem3.oem3 (.const:ti_sysbios_rom_ROM_xdc_runtime_System_SupportProxy_exit__E)

.text.2    0    00001330    0000b93c     
                  00001330    0000059c     peripheral_observer.obj (.text:gapRole_taskFxn$22)
                  000018cc    00000420     oad.obj (.text:oadImgBlockWrite$16)
                  00001cec    00000418     oad.obj (.text:oadProcessExtControlCmd$16)
                  00002104    00000364     simple_peripheral_oad_offchip.obj (.text:SimplePeripheral_processStackMsg$3)
                  00002468    00000314     drivers_cc26x0r2.aem3 : PowerCC26XX_calibrateRCOSC.oem3 (.text:PowerCC26XX_auxISR)
                  0000277c    0000030c     rom_sysbios.aem3 : rom_sysbios.obj (.text:xdc_runtime_System_doPrint__I)
                  00002a88    000002b8     RFCC26XX_singleMode.obj (.text:RF_fsmActiveState$6)
                  00002d40    00000290     peripheral_observer.obj (.text:GAPRole_SetParameter)
                  00002fd0    0000027c     drivers_cc26x0r2.aem3 : CryptoCC26XX.oem3 (.text:cryptoTransactionExecute)
                  0000324c    00000264     simple_peripheral_oad_offchip.obj (.text:SimplePeripheral_processStateChangeEvt$3)
                  000034b0    0000022c     drivers_cc26x0r2.aem3 : PowerCC26XX.oem3 (.text:Power_sleep)
                  000036dc    00000220     driverlib.lib : sys_ctrl.obj (.text:NOROM_SysCtrlSetRechargeBeforePowerDown)
                  000038fc    0000021c     drivers_cc26x0r2.aem3 : SPICC26XXDMA.oem3 (.text:SPICC26XXDMA_transfer)
                  00003b18    0000020c     RFCC26XX_singleMode.obj (.text:RF_open)
                  00003d24    000001e0     ECCROMCC26XX.obj (.text:ECC_VerifyPublicKeyWeierstrass$5)
                  00003f04    000001bc     main.obj (.text:AssertHandler)
                  000040c0    000001bc     RFCC26XX_singleMode.obj (.text:RF_fsmSetupState$6)
                  0000427c    000001b0     drivers_cc26x0r2.aem3 : PINCC26XX.oem3 (.text:PIN_init)
                  0000442c    000001a4     ECCROMCC26XX.obj (.text:ECCROMCC26XX_genDHKey)
                  000045d0    00000198     icall.obj (.text:icall_directAPI)
                  00004768    00000190     drivers_cc26x0r2.aem3 : PowerCC26XX_calibrateRCOSC.oem3 (.text:PowerCC26XX_doCalibrate)
                  000048f8    00000184     simple_peripheral_oad_offchip.obj (.text:SimplePeripheral_processCharValueChangeEvt$3)
                  00004a7c    00000180     simple_peripheral_oad_offchip.obj (.text:ChangeWorkMode$3)
                  00004bfc    00000168     drivers_cc26x0r2.aem3 : PowerCC26XX.oem3 (.text:Power_shutdown)
                  00004d64    0000015c                           : UARTCC26XX.oem3 (.text:UARTCC26XX_open)
                  00004ec0    00000158                           : SPICC26XXDMA.oem3 (.text:SPICC26XXDMA_initIO)
                  00005018    00000154     myBlink.obj (.text:SendToBlink)
                  0000516c    00000148     simple_peripheral_oad_offchip.obj (.text:ExecuteCommand$3)
                  000052b4    00000148     drivers_cc26x0r2.aem3 : UARTCC26XX.oem3 (.text:UARTCC26XX_hwiIntFxn)
                  000053fc    00000140     simple_peripheral_oad_offchip.obj (.text:SendAsk$3)
                  0000553c    00000136     drivers_cc26x0r2.aem3 : UARTCC26XX.oem3 (.text:UARTCC26XX_read)
                  00005672    00000002     ble_user_config.obj (.text:DefaultAssertCback)
                  00005674    0000012c     drivers_cc26x0r2.aem3 : PowerCC26XX.oem3 (.text:Power_init)
                  000057a0    0000012c     simple_peripheral_oad_offchip.obj (.text:ReadStartParam$3)
                  000058cc    00000128     ECCROMCC26XX.obj (.text:ECCROMCC26XX_genKeys)
                  000059f4    00000124     peripheral_observer.obj (.text:GAPRole_GetParameter)
                  00005b18    0000011c     drivers_cc26x0r2.aem3 : SPICC26XXDMA.oem3 (.text:SPICC26XXDMA_open)
                  00005c34    00000114     main.obj (.text:main)
                  00005d48    0000010c     drivers_cc26x0r2.aem3 : SPICC26XXDMA.oem3 (.text:SPICC26XXDMA_configDMA)
                  00005e54    0000010c     oad.obj (.text:oadValidateCandidateHdr$16)
                  00005f60    000000f8     app_ble_pem3.oem3 (.text:xdc_runtime_System_printfExtend__I)
                  00006058    000000f0     drivers_cc26x0r2.aem3 : PINCC26XX.oem3 (.text:PINCC26XX_setIoCfg)
                  00006148    000000f0     RFCC26XX_singleMode.obj (.text:RF_radioOpDoneCb$6)
                  00006238    000000e8     dpl_cc26x0r2.aem3 : PowerCC26XX_tirtos.oem3 (.text:PowerCC26XX_standbyPolicy)
                  00006320    000000e4     drivers_cc26x0r2.aem3 : SPICC26XXDMA.oem3 (.text:SPICC26XXDMA_transferCancel)
                  00006404    000000e4     oad.obj (.text:oadWriteAttrCB$16)
                  000064e8    000000e2     drivers_cc26x0r2.aem3 : UARTCC26XX.oem3 (.text:UARTCC26XX_write)
                  000065ca    00000002     display.aem3 : DisplayUart.oem3 (.text:DisplayUartAnsi_init)
                  000065cc    000000d8     drivers_cc26x0r2.aem3 : ADCCC26XX.oem3 (.text:ADCCC26XX_convert)
                  000066a4    000000d4     RFCC26XX_singleMode.obj (.text:RF_pendCmd)
                  00006778    000000d0     simple_peripheral_oad_offchip.obj (.text:ChangeDiscoveryMode)
                  00006848    000000cc     RFCC26XX_singleMode.obj (.text:RF_swiHw$6)
                  00006914    000000c4     simple_peripheral_oad_offchip.obj (.text:GetAkkumVoltage$3)
                  000069d8    000000c4     RFCC26XX_singleMode.obj (.text:RF_control)
                  00006a9c    000000c4     RFCC26XX_singleMode.obj (.text:RF_postCmd)
                  00006b60    000000c0     RFCC26XX_singleMode.obj (.text:RF_fsmPowerUpState$6)
                  00006c20    000000bc     drivers_cc26x0r2.aem3 : PowerCC26XX.oem3 (.text:Power_releaseDependency)
                  00006cdc    000000b8     ExtFlash.obj (.text:ExtFlash_open)
                  00006d94    000000b8     driverlib.lib : aux_adc.obj (.text:NOROM_AUXADCEnableSync)
                  00006e4c    000000b4     drivers_cc26x0r2.aem3 : PowerCC26XX.oem3 (.text:Power_setDependency)
                  00006f00    000000b4     devinfoservice.obj (.text:devInfo_ReadAttrCB$18)
                  00006fb4    000000b0     TRNGCC26XX.obj (.text:TRNGCC26XX_getNumber)
                  00007064    000000b0     myDataTransfer.obj (.text:myDataTransfer_WriteAttrCB$21)
                  00007114    000000ac     display.aem3 : DisplayUart.oem3 (.text:DisplayUartAnsi_clearLines)
                  000071c0    000000ac     RFCC26XX_singleMode.obj (.text:RF_abortCmd$6)
                  0000726c    000000a7     display.aem3 : DisplayUart.oem3 (.text:DisplayUartAnsi_open)
                  00007313    00000001     --HOLE-- [fill = 0]
                  00007314    000000a6     rom_sysbios.aem3 : rom_sysbios.obj (.text:xdc_runtime_Text_putSite__E)
                  000073ba    00000002     RFCC26XX_singleMode.obj (.text:RF_defaultCallback$6)
                  000073bc    000000a4     drivers_cc26x0r2.aem3 : CryptoCC26XX.oem3 (.text:CryptoCC26XX_open)
                  00007460    000000a4     simple_peripheral_oad_offchip.obj (.text:MyPowerDown)
                  00007504    000000a4     RFCC26XX_singleMode.obj (.text:RF_ratRestartChannels$6)
                  000075a8    000000a4     drivers_cc26x0r2.aem3 : PowerCC26XX.oem3 (.text:switchXOSCHFclockFunc)
                  0000764c    000000a0                           : PINCC26XX.oem3 (.text:PIN_open)
                  000076ec    000000a0                           : SPICC26XXDMA.oem3 (.text:SPICC26XXDMA_hwiFxn)
                  0000778c    000000a0     auto_init.aem3 : auto_init.oem3 (.text)
                  0000782c    0000009f     display.aem3 : DisplayUart.oem3 (.text:DisplayUartAnsi_vprintf)
                  000078cb    00000001     --HOLE-- [fill = 0]
                  000078cc    0000009c     simple_peripheral_oad_offchip.obj (.text:ApplyParam$3)
                  00007968    0000009c     RFCC26XX_singleMode.obj (.text:RF_calculateDispatchTime$6)
                  00007a04    0000009c     rtsv7M3_T_le_eabi.lib : memcpy_t2.asm.obj (.text)
                  00007aa0    00000098     drivers_cc26x0r2.aem3 : UARTCC26XX.oem3 (.text:UARTCC26XX_initHw)
                  00007b38    00000098                           : UARTCC26XX.oem3 (.text:UARTCC26XX_initIO)
                  00007bd0    00000098     rom_sysbios.aem3 : rom_sysbios.obj (.text:ti_sysbios_knl_Clock_workFuncDynamic__E)
                  00007c68    00000098                      : rom_sysbios.obj (.text:xdc_runtime_Text_putMod__E)
                  00007d00    00000096     rtsv7M3_T_le_eabi.lib : ull_div_t2.asm.obj (.text)
                  00007d96    00000002                           : _lock.c.obj (.text:_nop)
                  00007d98    00000094     drivers_cc26x0r2.aem3 : CryptoCC26XX.oem3 (.text:CryptoCC26XX_allocateKey)
                  00007e2c    00000094     driverlib.lib : crypto.obj (.text:NOROM_CRYPTOAesLoadKey)
                  00007ec0    00000094     oad.obj (.text:oadFindCurrentImageHdr$16)
                  00007f54    00000090     drivers_cc26x0r2.aem3 : SPICC26XXDMA.oem3 (.text:SPICC26XXDMA_control)
                  00007fe4    00000090     driverlib.lib : setup.obj (.text:TrimAfterColdResetWakeupFromShutDown$31)
                  00008074    00000090     rom_sysbios.aem3 : rom_sysbios.obj (.text:ti_sysbios_family_arm_cc26xx_Timer_start__E)
                  00008104    0000008e     drivers_cc26x0r2.aem3 : UARTCC26XX.oem3 (.text:UARTCC26XX_writeCancel)
                  00008192    00000002                           : PowerCC26XX.oem3 (.text:emptyClockFunc)
                  00008194    0000008c     CC2640R2_LAUNCHXL_fxns.obj (.text:CC2640R2_LAUNCHXL_shutDownExtFlash)
                  00008220    0000008c     icall.obj (.text:ICall_heapMalloc)
                  000082ac    0000008c     drivers_cc26x0r2.aem3 : SPICC26XXDMA.oem3 (.text:SPICC26XXDMA_swiFxn)
                  00008338    00000088                           : ADCCC26XX.oem3 (.text:ADCCC26XX_open)
                  000083c0    00000088     driverlib.lib : aux_adc.obj (.text:NOROM_AUXADCDisable)
                  00008448    00000084     gattservapp_util.obj (.text:GATTServApp_ProcessCharCfg)
                  000084cc    00000084     icall.obj (.text:ICall_setTimer)
                  00008550    00000084     drivers_cc26x0r2.aem3 : UARTCC26XX.oem3 (.text:UARTCC26XX_close)
                  000085d4    00000084     rom_sysbios.aem3 : rom_sysbios.obj (.text:ti_sysbios_hal_SecondsClock_Module_startup__E)
                  00008658    00000084     flash_interface_ext_rtos.obj (.text:writeFlashPg)
                  000086dc    00000080     RFCC26XX_singleMode.obj (.text:RF_dispatchNextCmd$6)
                  0000875c    00000080     RFCC26XX_singleMode.obj (.text:RF_ratFreeChannel$6)
                  000087dc    00000080     peripheral_observer.obj (.text:gapRole_startConnUpdate$22)
                  0000885c    00000080     drivers_cc26x0r2.aem3 : UARTCC26XX.oem3 (.text:writeTxFifoFlush)
                  000088dc    0000007e     gattservapp_util.obj (.text:gattServApp_SendNotiInd$20)
                  0000895a    00000002     drivers_cc26x0r2.aem3 : CryptoResourceCC26XX.oem3 (.text:errorSpin)
                  0000895c    0000007c     RFCC26XX_singleMode.obj (.text:RF_hwiCpe0Active$6)
                  000089d8    0000007c     myDataTransfer.obj (.text:myDataTransfer_ReadAttrCB$21)
                  00008a54    0000007c     oad.obj (.text:oadResetState$16)
                  00008ad0    0000007c     oad.obj (.text:oadSendNotification$16)
                  00008b4c    0000007a     simple_peripheral_oad_offchip.obj (.text:SimpleBLEPeripheralObserver_StateChangeCB$3)
                  00008bc6    0000007a     rtsv7M3_T_le_eabi.lib : memset_t2.asm.obj (.text)
                  00008c40    00000070     icall.obj (.text:ICall_heapGetStats)
                  00008cb0    00000070     icall.obj (.text:ICall_heapInit)
                  00008d20    00000070     driverlib.lib : sys_ctrl.obj (.text:NOROM_SysCtrlAdjustRechargeAfterPowerDown)
                  00008d90    00000070     drivers_cc26x0r2.aem3 : PowerCC26XX.oem3 (.text:lfClockReadyCallback)
                  00008e00    0000006d     rom_sysbios.aem3 : rom_sysbios.obj (.text:xdc_runtime_System_formatNum__I)
                  00008e6d    00000001     --HOLE-- [fill = 0]
                  00008e6e    00000002     hal_assert.obj (.text:halAssertSpinlock)
                  00008e70    0000006c     icall.obj (.text:ICall_send)
                  00008edc    0000006c     icall.obj (.text:ICall_sendServiceComplete)
                  00008f48    0000006c     driverlib.lib : osc.obj (.text:NOROM_OSCHF_AttemptToSwitchToXosc)
                  00008fb4    0000006c     drivers_cc26x0r2.aem3 : PowerCC26XX_calibrateRCOSC.oem3 (.text:PowerCC26XX_initiateCalibration)
                  00009020    0000006c                           : PowerCC26XX.oem3 (.text:configureXOSCHF)
                  0000908c    0000006c     oad.obj (.text:oadFindExtFlMetaPage$16)
                  000090f8    00000068     drivers_cc26x0r2.aem3 : CryptoCC26XX.oem3 (.text:CryptoCC26XX_loadKey)
                  00009160    00000068     driverlib.lib : sys_ctrl.obj (.text:NOROM_SysCtrl_DCDC_VoltageConditionalControl)
                  000091c8    00000068     drivers_cc26x0r2.aem3 : PINCC26XX.oem3 (.text:PIN_add)
                  00009230    00000068     RFCC26XX_singleMode.obj (.text:RF_getCurrentTime)
                  00009298    00000068     RFCC26XX_singleMode.obj (.text:RF_hwiHw$6)
                  00009300    00000068     simple_peripheral_oad_offchip.obj (.text:ReadEprom_inter_osal$3)
                  00009368    00000068     simple_peripheral_oad_offchip.obj (.text:SaveBaseTable$3)
                  000093d0    00000068     simple_peripheral_oad_offchip.obj (.text:SimplePeripheral_freeAttRsp$3)
                  00009438    00000068     rtsv7M3_T_le_eabi.lib : copy_decompress_lzss.c.obj (.text:decompress:lzss:__TI_decompress_lzss)
                  000094a0    00000064     simple_peripheral_oad_offchip.obj (.text:AddBaseToList$3)
                  00009504    00000064     oad.obj (.text:OAD_getSWVersion)
                  00009568    00000064     flash_interface_ext_rtos.obj (.text:eraseFlashPg)
                  000095cc    00000060     gattservapp_util.obj (.text:GATTServApp_ProcessCCCWriteReq)
                  0000962c    00000060     icall.obj (.text:ICall_createRemoteTasksAtRuntime)
                  0000968c    00000060     icall.obj (.text:ICall_enrollService)
                  000096ec    00000060     drivers_cc26x0r2.aem3 : PowerCC26XX.oem3 (.text:PowerCC26XX_calibrate)
                  0000974c    00000060     RFCC26XX_singleMode.obj (.text:RF_dispatchNextEvent$6)
                  000097ac    0000005f     rom_sysbios.aem3 : rom_sysbios.obj (.text:xdc_runtime_Text_putLab__E)
                  0000980b    00000001     --HOLE-- [fill = 0]
                  0000980c    0000005e     icall.obj (.text:ICall_fetchMsg)
                  0000986a    0000005e     drivers_cc26x0r2.aem3 : UARTCC26XX.oem3 (.text:UARTCC26XX_swiIntFxn)
                  000098c8    0000005c                           : CryptoResourceCC26XX.oem3 (.text:CryptoResourceCC26XX_constructRTOSObjects)
                  00009924    0000005c     display.aem3 : Display.oem3 (.text:Display_doOpen)
                  00009980    0000005c     ExtFlash.obj (.text:ExtFlash_waitReady$13)
                  000099dc    0000005c     icall.obj (.text:ICall_pwrUpdActivityCounter)
                  00009a38    0000005c     drivers_cc26x0r2.aem3 : PowerCC26XX_calibrateRCOSC.oem3 (.text:PowerCC26XX_RCOSC_clockFunc)
                  00009a94    0000005c     RFCC26XX_singleMode.obj (.text:RF_cmdDispatchTime$6)
                  00009af0    0000005c     RFCC26XX_singleMode.obj (.text:RF_hwiCpe0PowerFsm$6)
                  00009b4c    0000005c     drivers_cc26x0r2.aem3 : UDMACC26XX.oem3 (.text:UDMACC26XX_open)
                  00009ba8    0000005c     simple_peripheral_oad_offchip.obj (.text:WriteEprom_inter_osal$3)
                  00009c04    0000005c     app_ble_pem3.oem3 (.text:xdc_runtime_Startup_getState__I)
                  00009c60    0000005a     RFCC26XX_singleMode.obj (.text:RF_syncCb$6)
                  00009cba    00000058     icall.obj (.text:ICall_wait)
                  00009d12    00000002     rtsv7M3_T_le_eabi.lib : div0.asm.obj (.text)
                  00009d14    00000058     drivers_cc26x0r2.aem3 : PINCC26XX.oem3 (.text:PIN_remove)
                  00009d6c    00000058     RFCC26XX_singleMode.obj (.text:RF_fsmXOSCState$6)
                  00009dc4    00000058     RFCC26XX_singleMode.obj (.text:RF_getInfo)
                  00009e1c    00000058     drivers_cc26x0r2.aem3 : UARTCC26XX.oem3 (.text:UARTCC26XX_control)
                  00009e74    00000054     ExtFlash.obj (.text:ExtFlash_close)
                  00009ec8    00000054     RFCC26XX_singleMode.obj (.text:RF_discardPendCmd$6)
                  00009f1c    00000054     drivers_cc26x0r2.aem3 : SPICC26XXDMA.oem3 (.text:SPICC26XXDMA_initHw)
                  00009f70    00000052                           : SPICC26XXDMA.oem3 (.text:SPICC26XXDMA_close)
                  00009fc2    00000002     app_ble_pem3.oem3 (.text:ti_sysbios_BIOS_nullFunc__I)
                  00009fc4    00000050     dpl_cc26x0r2.aem3 : ClockP_tirtos.oem3 (.text:ClockP_construct)
                  0000a014    00000050     ECCROMCC26XX.obj (.text:ECCROMCC26XX_Params_init)
                  0000a064    00000050     icall.obj (.text:ICall_registerApp)
                  0000a0b4    00000050     myDataTransfer.obj (.text:MyDataTransfer_SetParameter)
                  0000a104    00000050     simple_peripheral_oad_offchip.obj (.text:SimplePeripheral_enqueueMsg$3)
                  0000a154    00000050     util.obj (.text:Util_convertBdAddr2Str)
                  0000a1a4    00000050     oad.obj (.text:oadEnqueueMsg$16)
                  0000a1f4    00000050     drivers_cc26x0r2.aem3 : UARTCC26XX.oem3 (.text:startTxFifoEmptyClk)
                  0000a244    0000004c     board_key.obj (.text:Board_keyChangeHandler_short$0)
                  0000a290    0000004c     icall.obj (.text:ICall_newTask$8)
                  0000a2dc    0000004c     RFCC26XX_singleMode.obj (.text:RF_wakeupNotification$6)
                  0000a328    0000004c     rtsv7M3_T_le_eabi.lib : cpy_tbl.c.obj (.text:copy_in)
                  0000a374    0000004a     drivers_cc26x0r2.aem3 : UARTCC26XX.oem3 (.text:UARTCC26XX_readCancel)
                  0000a3be    00000002     app_ble_pem3.oem3 (.text:ti_sysbios_rom_cortexm_cc26xx_r2_CC26xx_badRomRevision__E)
                  0000a3c0    00000048     CC2640R2_LAUNCHXL_fxns.obj (.text:CC2640R2_LAUNCHXL_wakeUpExtFlash)
                  0000a408    00000048     ECCROMCC26XX.obj (.text:ECC_initGlobals$5)
                  0000a450    00000048     drivers_cc26x0r2.aem3 : PINCC26XX.oem3 (.text:PIN_setOutputEnable)
                  0000a498    00000048     util.obj (.text:Util_constructClock)
                  0000a4e0    00000048     rom_sysbios.aem3 : rom_sysbios.obj (.text:ti_sysbios_family_arm_cc26xx_Timer_setThreshold__I)
                  0000a528    00000048     drivers_cc26x0r2.aem3 : UARTCC26XX.oem3 (.text:writeFinishedDoCallback)
                  0000a570    00000044     board_key.obj (.text:Board_keyChangeHandler_long$0)
                  0000a5b4    00000044     driverlib.lib : osc.obj (.text:NOROM_OSCHF_SwitchToRcOscTurnOffXosc)
                  0000a5f8    00000044     drivers_cc26x0r2.aem3 : RingBuf.oem3 (.text:RingBuf_put)
                  0000a63c    00000044                           : SPICC26XXDMA.oem3 (.text:SPICC26XXDMA_csnCallback)
                  0000a680    00000044     boot.aem3 : boot.oem3 (.text)
                  0000a6c4    00000044     rom_sysbios.aem3 : rom_sysbios.obj (.text:ti_sysbios_hal_SecondsClock_increment__I)
                  0000a708    00000044                      : rom_sysbios.obj (.text:xdc_runtime_Text_xprintf__I)
                  0000a74c    00000042     driverlib.lib : ssi.obj (.text:NOROM_SSIConfigSetExpClk)
                  0000a78e    00000002     rom_sysbios.aem3 : rom_sysbios.obj (.text:xdc_runtime_SysCallback_defaultAbort)
                  0000a790    00000040     drivers_cc26x0r2.aem3 : ADCCC26XX.oem3 (.text:ADCCC26XX_convertToMicroVolts)
                  0000a7d0    00000040                           : ADC.oem3 (.text:ADC_init)
                  0000a810    00000040                           : ADC.oem3 (.text:ADC_open)
                  0000a850    00000040     ECCROMCC26XX.obj (.text:ECCROMCC26XX_init)
                  0000a890    00000040     ExtFlash.obj (.text:ExtFlash_read)
                  0000a8d0    00000040     ExtFlash.obj (.text:ExtFlash_readInfo$13)
                  0000a910    00000040     peripheral_observer.obj (.text:GAPRole_createTask)
                  0000a950    00000040     drivers_cc26x0r2.aem3 : PINCC26XX.oem3 (.text:PINCC26XX_getConfig)
                  0000a990    00000040                           : PINCC26XX.oem3 (.text:PIN_swi)
                  0000a9d0    00000040                           : PowerCC26XX.oem3 (.text:PowerCC26XX_isStableXOSC_HF)
                  0000aa10    00000040                           : SPI.oem3 (.text:SPI_init)
                  0000aa50    00000040                           : SPI.oem3 (.text:SPI_open)
                  0000aa90    00000040                           : UART.oem3 (.text:UART_init)
                  0000aad0    00000040                           : UART.oem3 (.text:UART_open)
                  0000ab10    00000040     oad.obj (.text:oadInactivityTimeout$16)
                  0000ab50    00000040     rtsv7M3_T_le_eabi.lib : u_divt2.asm.obj (.text)
                  0000ab90    00000040     rom_sysbios.aem3 : rom_sysbios.obj (.text:ti_sysbios_heaps_HeapCallback_Module_startup__E)
                  0000abd0    0000003e     dpl_cc26x0r2.aem3 : HwiP_tirtos.oem3 (.text:HwiP_construct)
                  0000ac0e    0000003e     drivers_cc26x0r2.aem3 : RingBuf.oem3 (.text:RingBuf_get)
                  0000ac4c    0000003c                           : ADCCC26XX.oem3 (.text:ADCCC26XX_close)
                  0000ac88    0000003c     board_key.obj (.text:Board_keyChangeHandler_verylong$0)
                  0000acc4    0000003c     driverlib.lib : osc.obj (.text:NOROM_OSC_HPOSCRelativeFrequencyOffsetGet)
                  0000ad00    0000003c     RFCC26XX_singleMode.obj (.text:RF_cmdStoreEvents$6)
                  0000ad3c    0000003c     simple_peripheral_oad_offchip.obj (.text:SimplePeripheral_createTask)
                  0000ad78    0000003c     dpl_cc26x0r2.aem3 : SwiP_tirtos.oem3 (.text:SwiP_construct)
                  0000adb4    0000003c     drivers_cc26x0r2.aem3 : PowerCC26XX.oem3 (.text:disableLfClkQualifiersEnableClkLoss)
                  0000adf0    0000003c     rom_sysbios.aem3 : rom_sysbios.obj (.text:ti_sysbios_family_arm_m3_Hwi_construct2__E)
                  0000ae2c    00000038     myDataTransfer.obj (.text:MyDataTransfer_GetParameter)
                  0000ae64    00000038     drivers_cc26x0r2.aem3 : PINCC26XX.oem3 (.text:PIN_setConfig)
                  0000ae9c    00000038                           : PINCC26XX.oem3 (.text:PIN_setInterrupt)
                  0000aed4    00000038                           : PINCC26XX.oem3 (.text:PIN_setOutputValue)
                  0000af0c    00000038     RFCC26XX_singleMode.obj (.text:RF_checkCmdFsError$6)
                  0000af44    00000038     RFCC26XX_singleMode.obj (.text:RF_powerConstraintRelease)
                  0000af7c    00000038     util.obj (.text:Util_restartClock)
                  0000afb4    00000038     rom_sysbios.aem3 : rom_sysbios.obj (.text:ti_sysbios_family_arm_cc26xx_Seconds_get__E)
                  0000afec    00000038                      : rom_sysbios.obj (.text:ti_sysbios_family_arm_cc26xx_Timer_getCurrentTick__E)
                  0000b024    00000036     drivers_cc26x0r2.aem3 : UDMACC26XX.oem3 (.text:UDMACC26XX_close)
                  0000b05a    00000036     rom_sysbios.aem3 : rom_sysbios.obj (.text:ti_sysbios_family_arm_cc26xx_Timer_setNextTick__E)
                  0000b090    00000034     icall.obj (.text:ICall_heapFree)
                  0000b0c4    00000034     icall.obj (.text:ICall_primEntityId2ServiceId$8)
                  0000b0f8    00000034     icall.obj (.text:ICall_searchServiceEntity)
                  0000b12c    00000034     drivers_cc26x0r2.aem3 : PowerCC26XX.oem3 (.text:Power_releaseConstraint)
                  0000b160    00000034     RFCC26XX_singleMode.obj (.text:RF_runDirectImmediateCmd$6)
                  0000b194    00000034     simple_peripheral_oad_offchip.obj (.text:SimplePeripheral_RegistertToAllConnectionEvent)
                  0000b1c8    00000034     simple_peripheral_oad_offchip.obj (.text:SimplePeripheral_passcodeCB$3)
                  0000b1fc    00000034     drivers_cc26x0r2.aem3 : CryptoCC26XX.oem3 (.text:cryptoTransactionPend)
                  0000b230    00000034                           : PowerCC26XX.oem3 (.text:notify)
                  0000b264    00000034     rom_sysbios.aem3 : rom_sysbios.obj (.text:ti_sysbios_family_arm_cc26xx_Timer_initDevice__I)
                  0000b298    00000034                      : rom_sysbios.obj (.text:ti_sysbios_knl_Swi_setPri__E)
                  0000b2cc    00000032     icall.obj (.text:ICall_fetchServiceMsg)
                  0000b2fe    00000002     rom_sysbios.aem3 : rom_sysbios.obj (.text:xdc_runtime_SysCallback_defaultExit)
                  0000b300    00000030     peripheral_observer.obj (.text:GAPRole_StartDiscovery)
                  0000b330    00000030     icall.obj (.text:ICall_dispatch$8)
                  0000b360    00000030     icall.obj (.text:ICall_msecs2Ticks$8)
                  0000b390    00000030     driverlib.lib : aux_adc.obj (.text:NOROM_AUXADCDisableInputScaling)
                  0000b3c0    00000030     drivers_cc26x0r2.aem3 : PINCC26XX.oem3 (.text:PINCC26XX_setMux)
                  0000b3f0    00000030                           : PowerCC26XX.oem3 (.text:Power_setConstraint)
                  0000b420    00000030     RFCC26XX_singleMode.obj (.text:RF_cmdGet$6)
                  0000b450    00000030     ExtFlash.obj (.text:Spi_read$13)
                  0000b480    00000030     ExtFlash.obj (.text:Spi_write$13)
                  0000b4b0    00000030     app_ble_pem3.oem3 (.text:ti_sysbios_BIOS_atExitFunc__I)
                  0000b4e0    00000030     app_ble_pem3.oem3 (.text:ti_sysbios_BIOS_startFunc__I)
                  0000b510    00000030     app_ble_pem3.oem3 (.text:ti_sysbios_heaps_HeapCallback_Object__create__S)
                  0000b540    0000002e     icall_cc2650.obj (.text:ICallPlatform_pwrDispenseImpl$9)
                  0000b56e    0000002e     icall_cc2650.obj (.text:ICallPlatform_pwrRequireImpl$9)
                  0000b59c    0000002e     drivers_cc26x0r2.aem3 : UARTCC26XX.oem3 (.text:readData)
                  0000b5ca    0000002e     app_ble_pem3.oem3 (.text:ti_sysbios_rts_gnu_MemAlloc_alloc)
                  0000b5f8    0000002e     drivers_cc26x0r2.aem3 : UARTCC26XX.oem3 (.text:writeData)
                  0000b626    00000002     rom_sysbios.aem3 : rom_sysbios.obj (.text:xdc_runtime_SysCallback_defaultPutch)
                  0000b628    0000002c     ExtFlash.obj (.text:ExtFlash_writeEnable$13)
                  0000b654    0000002c     peripheral_observer.obj (.text:GAPRole_TerminateConnection)
                  0000b680    0000002c     icall.obj (.text:ICall_msgEnqueue$8)
                  0000b6ac    0000002c     icall.obj (.text:ICall_searchTask$8)
                  0000b6d8    0000002c     driverlib.lib : chipinfo.obj (.text:NOROM_ChipInfo_GetChipFamily)
                  0000b704    0000002c     RFCC26XX_singleMode.obj (.text:RF_calculateDeltaTimeUs$6)
                  0000b730    0000002c     RFCC26XX_singleMode.obj (.text:RF_executeDirectImmediateCmd$6)
                  0000b75c    0000002c     driverlib.lib : adi.obj (.text:SafeHapiAuxAdiSelect)
                  0000b788    0000002c     dpl_cc26x0r2.aem3 : SemaphoreP_tirtos.oem3 (.text:SemaphoreP_constructBinary)
                  0000b7b4    0000002c                       : SemaphoreP_tirtos.oem3 (.text:SemaphoreP_createBinary)
                  0000b7e0    0000002c     oad.obj (.text:oadGetNextBlockReq$16)
                  0000b80c    0000002c     rom_sysbios.aem3 : rom_sysbios.obj (.text:ti_sysbios_knl_Clock_getTicksUntilInterrupt__E)
                  0000b838    0000002b                      : rom_sysbios.obj (.text:xdc_runtime_Text_printVisFxn__I)
                  0000b863    00000001     --HOLE-- [fill = 0]
                  0000b864    0000002a     display.aem3 : DisplayUart.oem3 (.text:DisplayUartAnsi_clear)
                  0000b88e    0000002a                  : Display.oem3 (.text:Display_doPrintf)
                  0000b8b8    0000002a     rom_sysbios.aem3 : rom_sysbios.obj (.text:ti_sysbios_knl_Clock_getTimeout__E)
                  0000b8e2    0000002a                      : rom_sysbios.obj (.text:xdc_runtime_System_putchar__I)
                  0000b90c    00000028     drivers_cc26x0r2.aem3 : CryptoCC26XX.oem3 (.text:CryptoCC26XX_hwiIntFxn)
                  0000b934    00000028     driverlib.lib : chipinfo.obj (.text:NOROM_ChipInfo_GetChipType)
                  0000b95c    00000028                   : rfc.obj (.text:NOROM_RFCDoorbellSendTo)
                  0000b984    00000028     drivers_cc26x0r2.aem3 : PINCC26XX.oem3 (.text:PINCC26XX_setWakeup)
                  0000b9ac    00000028                           : PowerCC26XX.oem3 (.text:Power_registerNotify)
                  0000b9d4    00000028     RFCC26XX_singleMode.obj (.text:RF_runCmd)
                  0000b9fc    00000028     drivers_cc26x0r2.aem3 : SPICC26XXDMA.oem3 (.text:SPICC26XXDMA_flushFifos)
                  0000ba24    00000028     driverlib.lib : adi.obj (.text:SafeHapiVoid)
                  0000ba4c    00000028     TRNGCC26XX.obj (.text:TRNGCC26XX_init)
                  0000ba74    00000028     bim_util.obj (.text:imgIDCheck)
                  0000ba9c    00000028     drivers_cc26x0r2.aem3 : UARTCC26XX.oem3 (.text:readData2RingBuf)
                  0000bac4    00000024     board_key.obj (.text:Board_keyCallback$0)
                  0000bae8    00000024     icall.obj (.text:ICall_getLocalMsgEntityId)
                  0000bb0c    00000024     drivers_cc26x0r2.aem3 : List.oem3 (.text:List_remove)
                  0000bb30    00000024     driverlib.lib : osc.obj (.text:NOROM_OSCHF_TurnOnXosc)
                  0000bb54    00000024     rtsv7M3_T_le_eabi.lib : memcmp.c.obj (.text:memcmp)
                  0000bb78    00000024     app_ble_pem3.oem3 (.text:ti_sysbios_BIOS_registerRTSLock__I)
                  0000bb9c    00000024     app_ble_pem3.oem3 (.text:ti_sysbios_BIOS_removeRTSLock__I)
                  0000bbc0    00000024     rom_sysbios.aem3 : rom_sysbios.obj (.text:ti_sysbios_family_arm_cc26xx_Seconds_set__E)
                  0000bbe4    00000024                      : rom_sysbios.obj (.text:ti_sysbios_family_arm_cc26xx_Timer_getMaxTicks__E)
                  0000bc08    00000024                      : rom_sysbios.obj (.text:ti_sysbios_family_arm_m3_Hwi_romInitNVIC__I)
                  0000bc2c    00000022     icall.obj (.text:ICall_setTimerMSecs)
                  0000bc4e    00000022     drivers_cc26x0r2.aem3 : List.oem3 (.text:List_get)
                  0000bc70    00000022                           : List.oem3 (.text:List_put)
                  0000bc92    00000022     driverlib.lib : aux_adc.obj (.text:NOROM_AUXADCAdjustValueForGainAndOffset)
                  0000bcb4    00000022                   : uart.obj (.text:NOROM_UARTConfigSetExpClk)
                  0000bcd6    00000002     --HOLE-- [fill = 0]
                  0000bcd8    00000020     peripheral_observer.obj (.text:GAPRole_CancelDiscovery)
                  0000bcf8    00000020     gattservapp_util.obj (.text:GATTServApp_InitCharCfg)
                  0000bd18    00000020     driverlib.lib : uart.obj (.text:NOROM_UARTDisable)
                  0000bd38    00000020     drivers_cc26x0r2.aem3 : PINCC26XX.oem3 (.text:PINCC26XX_setIoCfgMux)
                  0000bd58    00000020                           : PowerCC26XX.oem3 (.text:Power_unregisterNotify)
                  0000bd78    00000020     RFCC26XX_singleMode.obj (.text:RF_clkPowerUp$6)
                  0000bd98    00000020     RFCC26XX_singleMode.obj (.text:RF_ratIsRunning$6)
                  0000bdb8    00000020     gattservapp_util.obj (.text:gattServApp_FindCharCfgItem$20)
                  0000bdd8    00000020     drivers_cc26x0r2.aem3 : UARTCC26XX.oem3 (.text:threadSafeStdbyDisRelease)
                  0000bdf8    00000020                           : UARTCC26XX.oem3 (.text:threadSafeStdbyDisSet)
                  0000be18    00000020     app_ble_pem3.oem3 (.text:ti_sysbios_BIOS_rtsLock__I)
                  0000be38    00000020     rom_sysbios.aem3 : rom_sysbios.obj (.text:ti_sysbios_family_arm_cc26xx_Timer_dynamicStub__E)
                  0000be58    00000020                      : rom_sysbios.obj (.text:xdc_runtime_Registry_findById__E)
                  0000be78    0000001e     ECCROMCC26XX.obj (.text:ECC_ArrayAllZeros)
                  0000be96    0000001e     drivers_cc26x0r2.aem3 : PINCC26XX.oem3 (.text:PIN_close)
                  0000beb4    0000001e                           : PowerCC26XX.oem3 (.text:Power_getTransitionLatency)
                  0000bed2    00000002     --HOLE-- [fill = 0]
                  0000bed4    0000001c     icall_api_lite.obj (.text:GATT_bm_alloc)
                  0000bef0    0000001c     icall_api_lite.obj (.text:GATT_bm_free)
                  0000bf0c    0000001c     simple_peripheral_oad_offchip.obj (.text:GetCRC8$3)
                  0000bf28    0000001c     icall.obj (.text:ICall_primRepostSync$8)
                  0000bf44    0000001c     driverlib.lib : aux_adc.obj (.text:NOROM_AUXADCGetAdjustmentGain)
                  0000bf60    0000001c     drivers_cc26x0r2.aem3 : PINCC26XX.oem3 (.text:PIN_hwi)
                  0000bf7c    0000001c     RFCC26XX_singleMode.obj (.text:RF_clkInactivityCallback$6)
                  0000bf98    0000001c     RFCC26XX_singleMode.obj (.text:RF_getRssi)
                  0000bfb4    0000001c     RFCC26XX_singleMode.obj (.text:RF_powerConstraintSet)
                  0000bfd0    0000001c     TRNGCC26XX.obj (.text:TRNGCC26XX_open)
                  0000bfec    0000001c     crc32.obj (.text:memCpy)
                  0000c008    0000001c     TRNGCC26XX.obj (.text:openTRNG)
                  0000c024    0000001c     rom_sysbios.aem3 : rom_sysbios.obj (.text:ti_sysbios_family_arm_m3_Hwi_clearInterrupt__E)
                  0000c040    0000001c                      : rom_sysbios_config.obj (.text:ti_sysbios_knl_Clock_Module__startupDone__S)
                  0000c05c    0000001c                      : rom_sysbios.obj (.text:ti_sysbios_knl_Swi_construct2__E)
                  0000c078    0000001a     icall.obj (.text:ICall_enterCSImpl)
                  0000c092    0000001a     dpl_cc26x0r2.aem3 : SystemP_tirtos.oem3 (.text:SystemP_snprintf)
                  0000c0ac    00000018     board_key.obj (.text:Board_Power_down)
                  0000c0c4    00000018     icall.obj (.text:ICall_mallocLimited)
                  0000c0dc    00000018     driverlib.lib : aux_adc.obj (.text:NOROM_AUXADCGetAdjustmentOffset)
                  0000c0f4    00000018                   : chipinfo.obj (.text:NOROM_ChipInfo_GetPackageType)
                  0000c10c    00000018                   : rfc.obj (.text:NOROM_RFCCpeIntGetAndClear)
                  0000c124    00000018     drivers_cc26x0r2.aem3 : PINCC26XX.oem3 (.text:PIN_getConfig)
                  0000c13c    00000018     dpl_cc26x0r2.aem3 : PowerCC26XX_tirtos.oem3 (.text:PowerCC26XX_schedulerDisable)
                  0000c154    00000018                       : PowerCC26XX_tirtos.oem3 (.text:PowerCC26XX_schedulerRestore)
                  0000c16c    00000018     drivers_cc26x0r2.aem3 : PowerCC26XX.oem3 (.text:Power_idleFunc)
                  0000c184    00000018     RFCC26XX_singleMode.obj (.text:RF_swiFsm$6)
                  0000c19c    00000018     simple_peripheral_oad_offchip.obj (.text:SimplePeripheral_connEvtCB$3)
                  0000c1b4    00000018     board_key.obj (.text:Task_sleepMS)
                  0000c1cc    00000018     drivers_cc26x0r2.aem3 : UART.oem3 (.text:UART_Params_init)
                  0000c1e4    00000018     rtsv7M3_T_le_eabi.lib : args_main.c.obj (.text:_args_main)
                  0000c1fc    00000018     drivers_cc26x0r2.aem3 : CryptoCC26XX.oem3 (.text:cryptoTransactionPoll)
                  0000c214    00000018     flash_interface_ext_rtos.obj (.text:flash_open)
                  0000c22c    00000018     app_ble_pem3.oem3 (.text:free)
                  0000c244    00000018     flash_interface_ext_rtos.obj (.text:readFlashPg)
                  0000c25c    00000018     rtsv7M3_T_le_eabi.lib : ll_mul_t2.asm.obj (.text)
                  0000c274    00000018     app_ble_pem3.oem3 (.text:ti_sysbios_BIOS_rtsUnlock__I)
                  0000c28c    00000018     rom_sysbios.aem3 : rom_sysbios.obj (.text:ti_sysbios_heaps_HeapCallback_Instance_init__E)
                  0000c2a4    00000018                      : rom_sysbios.obj (.text:ti_sysbios_knl_Swi_or__E)
                  0000c2bc    00000018     app_ble_pem3.oem3 (.text:ti_sysbios_rom_cortexm_cc26xx_r2_CC26xx_checkRevision__E)
                  0000c2d4    00000018     rom_sysbios.aem3 : rom_sysbios.obj (.text:xdc_runtime_Error_init__E)
                  0000c2ec    00000016     display.aem3 : DisplayUart.oem3 (.text:DisplayUartAnsi_close)
                  0000c302    00000016     icall.obj (.text:ICall_leaveCSImpl)
                  0000c318    00000016     icall.obj (.text:ICall_pwrDispense)
                  0000c32e    00000016     icall.obj (.text:ICall_pwrRequire)
                  0000c344    00000016     RFCC26XX_singleMode.obj (.text:RF_restartClockTimeout$6)
                  0000c35a    00000016     ble_user_config.obj (.text:driverTable_fnSpinlock)
                  0000c370    00000016     oad.obj (.text:oadReadAttrCB$16)
                  0000c386    00000016     app_ble_pem3.oem3 (.text:ti_sysbios_BIOS_errorRaiseHook__I)
                  0000c39c    00000016     app_ble_pem3.oem3 (.text:ti_sysbios_BIOS_exitFunc__I)
                  0000c3b2    00000002     --HOLE-- [fill = 0]
                  0000c3b4    00000014     board_key.obj (.text:Board_setVibro)
                  0000c3c8    00000014     drivers_cc26x0r2.aem3 : CryptoCC26XX.oem3 (.text:CryptoCC26XX_init)
                  0000c3dc    00000014                           : List.oem3 (.text:List_clearList)
                  0000c3f0    00000014     driverlib.lib : aux_adc.obj (.text:NOROM_AUXADCValueToMicrovolts)
                  0000c404    00000014     drivers_cc26x0r2.aem3 : PINCC26XX.oem3 (.text:PINCC26XX_getInputValue)
                  0000c418    00000014     RFCC26XX_singleMode.obj (.text:RF_Params_init)
                  0000c42c    00000014     RFCC26XX_singleMode.obj (.text:RF_dbellSyncOnAck$6)
                  0000c440    00000014     RFCC26XX_singleMode.obj (.text:RF_getCmdOp)
                  0000c454    00000014     RFCC26XX_singleMode.obj (.text:RF_ratGetChannel$6)
                  0000c468    00000014     drivers_cc26x0r2.aem3 : SPI.oem3 (.text:SPI_Params_init)
                  0000c47c    00000014                           : PowerCC26XX.oem3 (.text:configureRFCoreClocks)
                  0000c490    00000014     flash_interface_ext_rtos.obj (.text:flash_close)
                  0000c4a4    00000014     rtsv7M3_T_le_eabi.lib : strlen.c.obj (.text:strlen)
                  0000c4b8    00000014     rom_sysbios.aem3 : rom_sysbios.obj (.text:ti_sysbios_family_arm_cc26xx_Timer_getCount64__E)
                  0000c4cc    00000014     app_ble_pem3.oem3 (.text:ti_sysbios_heaps_HeapCallback_Object__get__S)
                  0000c4e0    00000014     app_ble_pem3.oem3 (.text:ti_sysbios_knl_Clock_doTick__I)
                  0000c4f4    00000012     gattservapp_util.obj (.text:GATTServApp_FindAttr)
                  0000c506    00000012     drivers_cc26x0r2.aem3 : RingBuf.oem3 (.text:RingBuf_construct)
                  0000c518    00000012     dpl_cc26x0r2.aem3 : SemaphoreP_tirtos.oem3 (.text:SemaphoreP_pend)
                  0000c52a    00000012                       : SwiP_tirtos.oem3 (.text:SwiP_inISR)
                  0000c53c    00000012     app_ble_pem3.oem3 (.text:xdc_runtime_Startup_exec__I)
                  0000c54e    00000002     --HOLE-- [fill = 0]
                  0000c550    00000010     board_key.obj (.text:Board_setLed0_my)
                  0000c560    00000010     board_key.obj (.text:Board_setLed1_my)
                  0000c570    00000010     dpl_cc26x0r2.aem3 : ClockP_tirtos.oem3 (.text:ClockP_isActive)
                  0000c580    00000010     gattservapp_util.obj (.text:GATTServApp_ReadCharCfg)
                  0000c590    00000010     dpl_cc26x0r2.aem3 : HwiP_tirtos.oem3 (.text:HwiP_Params_init)
                  0000c5a0    00000010                       : HwiP_tirtos.oem3 (.text:HwiP_inISR)
                  0000c5b0    00000010     icall.obj (.text:ICall_taskEntry$8)
                  0000c5c0    00000010     driverlib.lib : aux_adc.obj (.text:NOROM_AUXADCFlushFifo)
                  0000c5d0    00000010                   : aux_adc.obj (.text:NOROM_AUXADCReadFifo)
                  0000c5e0    00000010     drivers_cc26x0r2.aem3 : PINCC26XX.oem3 (.text:PINCC26XX_getPinCount)
                  0000c5f0    00000010     RFCC26XX_singleMode.obj (.text:RF_dbellSubmitCmdAsync$6)
                  0000c600    00000010     simple_peripheral_oad_offchip.obj (.text:SimplePeripheral_clockHandler$3)
                  0000c610    00000010     simple_peripheral_oad_offchip.obj (.text:SimplePeripheral_processOadWriteCB$3)
                  0000c620    00000010     dpl_cc26x0r2.aem3 : SwiP_tirtos.oem3 (.text:SwiP_Params_init)
                  0000c630    00000010     util.obj (.text:Util_isActive)
                  0000c640    00000010     ExtFlash.obj (.text:extFlashDeselect$13)
                  0000c650    00000010     ExtFlash.obj (.text:extFlashSelect$13)
                  0000c660    00000010     peripheral_observer.obj (.text:gapRole_setEvent$22)
                  0000c670    00000010     hal_assert.obj (.text:halAssertHandlerExt)
                  0000c680    00000010     rom_sysbios.aem3 : rom_sysbios.obj (.text:ti_sysbios_family_arm_m3_Hwi_post__E)
                  0000c690    00000010                      : rom_sysbios.obj (.text:ti_sysbios_heaps_HeapCallback_alloc__E)
                  0000c6a0    00000010                      : rom_sysbios.obj (.text:ti_sysbios_heaps_HeapCallback_free__E)
                  0000c6b0    00000010                      : rom_sysbios.obj (.text:ti_sysbios_heaps_HeapCallback_getStats__E)
                  0000c6c0    00000010                      : rom_sysbios.obj (.text:ti_sysbios_heaps_HeapCallback_isBlocking__E)
                  0000c6d0    00000010     drivers_cc26x0r2.aem3 : UARTCC26XX.oem3 (.text:uartPostNotify)
                  0000c6e0    00000010     rom_sysbios.aem3 : rom_sysbios.obj (.text:xdc_runtime_SysCallback_putch__E)
                  0000c6f0    00000010                      : rom_sysbios.obj (.text:xdc_runtime_SysCallback_ready__E)
                  0000c700    00000010                      : rom_sysbios.obj (.text:xdc_runtime_System_vsnprintf__E)
                  0000c710    0000000e     icall.obj (.text:ICall_abort)
                  0000c71e    0000000e     icall.obj (.text:ICall_signal)
                  0000c72c    0000000e     driverlib.lib : uart.obj (.text:NOROM_UARTCharGetNonBlocking)
                  0000c73a    0000000e                   : uart.obj (.text:NOROM_UARTCharPutNonBlocking)
                  0000c748    0000000e     RFCC26XX_singleMode.obj (.text:RF_cancelCmd)
                  0000c756    0000000e     drivers_cc26x0r2.aem3 : SPICC26XXDMA.oem3 (.text:SPICC26XXDMA_init)
                  0000c764    0000000e     rtsv7M3_T_le_eabi.lib : copy_decompress_none.c.obj (.text:decompress:none:__TI_decompress_none)
                  0000c772    0000000e     rom_sysbios.aem3 : rom_sysbios.obj (.text:ti_sysbios_family_arm_cc26xx_TimestampProvider_get32__E)
                  0000c780    0000000c     display.aem3 : Display.oem3 (.text:Display_doClearLines)
                  0000c78c    0000000c                  : Display.oem3 (.text:Display_doClose)
                  0000c798    0000000c     icall.obj (.text:ICall_clockFunc$8)
                  0000c7a4    0000000c     driverlib.lib : cpu.obj (.text:NOROM_CPUcpsid)
                  0000c7b0    0000000c                   : cpu.obj (.text:NOROM_CPUcpsie)
                  0000c7bc    0000000c                   : osc.obj (.text:NOROM_OSC_HPOSCRelativeFrequencyOffsetToRFCoreFormatConvert)
                  0000c7c8    0000000c                   : ssi.obj (.text:NOROM_SSIDataGet)
                  0000c7d4    0000000c     drivers_cc26x0r2.aem3 : PINCC26XX.oem3 (.text:PIN_registerIntCb)
                  0000c7e0    0000000c                           : PowerCC26XX.oem3 (.text:Power_getConstraintMask)
                  0000c7ec    0000000c                           : PowerCC26XX.oem3 (.text:Power_getDependencyCount)
[...]
1001c705  xdc_runtime_Memory_free__E                                                
1001c715  xdc_runtime_SysCallback_abort__E                                          
1001c715  xdc_runtime_System_SupportProxy_abort__E                                  
1001c725  xdc_runtime_SysCallback_exit__E                                           
1001c725  xdc_runtime_System_SupportProxy_exit__E                                   
1001c735  xdc_runtime_Timestamp_SupportProxy_get32__E                               
1001c735  xdc_runtime_Timestamp_get32__E                                            
1001c735  xdc_runtime_Timestamp_get32__E                                            
1001c751  xdc_runtime_Memory_calloc__E                                              
1001c75d  xdc_runtime_Memory_getMaxDefaultTypeAlign__E                              
1001c769  xdc_runtime_Startup_rtsDone__E                                            
1001c775  xdc_runtime_Memory_HeapProxy_alloc__E                                     
1001c77f  xdc_runtime_Memory_HeapProxy_free__E                                      
1001c789  xdc_runtime_Gate_leaveSystem__E                                           
1001c78f  xdc_runtime_System_Module_startup__E                                      
1001c795  xdc_runtime_Gate_enterSystem__E                                           
1001c799  xdc_runtime_System_Module_GateProxy_enter__E                              
1001c79d  xdc_runtime_System_Module_GateProxy_leave__E                              
1001c7a1  xdc_runtime_System_abortSpin__E                                           
1001c7a3  xdc_runtime_System_exitSpin__E                                            
1001c7a5  ti_sysbios_family_arm_m3_Hwi_dispatch__I                                  
1001c86d  ti_sysbios_family_arm_m3_TaskSupport_buildTaskStack                       
1001c8b9  ti_sysbios_family_arm_m3_Hwi_initStacks__E                                
1001c901  ti_sysbios_family_arm_m3_Hwi_excHandlerAsm__I                             
1001c921  ti_sysbios_family_xxx_Hwi_switchAndRunFunc                                
1001c93f  ti_sysbios_family_arm_m3_Hwi_pendSV__I                                    
1001c957  ti_sysbios_family_arm_m3_Hwi_return                                       
1001c959  ti_sysbios_family_arm_m3_TaskSupport_glue                                 
1001c969  ti_sysbios_family_arm_m3_TaskSupport_swap__E                              
1001c969  ti_sysbios_knl_Task_SupportProxy_swap__E                                  
1001c969  ti_sysbios_knl_Task_SupportProxy_swap__E__mangled__                       
1001c971  ti_sysbios_knl_Task_swapReturn                                            
1001c978  ti_sysbios_knl_Task_Object__PARAMS__C                                     
1001c9b4  ti_sysbios_knl_Mailbox_Object__PARAMS__C                                  
1001c9e8  ti_sysbios_family_arm_m3_Hwi_Object__PARAMS__C                            
1001ca18  ti_sysbios_hal_Hwi_Object__PARAMS__C                                      
1001ca44  ti_sysbios_knl_Swi_Object__PARAMS__C                                      
1001ca6c  ti_sysbios_heaps_HeapMem_Object__PARAMS__C                                
1001ca90  ti_sysbios_knl_Clock_Object__PARAMS__C                                    
1001cab4  ti_sysbios_knl_Semaphore_Object__PARAMS__C                                
1001cad8  ti_sysbios_gates_GateHwi_Object__PARAMS__C                                
1001caf0  ti_sysbios_gates_GateMutex_Object__PARAMS__C                              
1001cb08  ti_sysbios_knl_Event_Object__PARAMS__C                                    
1001cb20  ti_sysbios_knl_Queue_Object__PARAMS__C                                    
1001cb68  ti_sysbios_gates_GateMutex_Instance_State_sem__O                          
1001cb6c  ti_sysbios_knl_Clock_Module_State_clockQ__O                               
1001cb70  ti_sysbios_knl_Event_Instance_State_pendQ__O                              
1001cb74  ti_sysbios_knl_Mailbox_Instance_State_dataQue__O                          
1001cb78  ti_sysbios_knl_Mailbox_Instance_State_dataSem__O                          
1001cb7c  ti_sysbios_knl_Mailbox_Instance_State_freeQue__O                          
1001cb80  ti_sysbios_knl_Mailbox_Instance_State_freeSem__O                          
1001cb84  ti_sysbios_knl_Semaphore_Instance_State_pendQ__O                          
1001cb88  ti_sysbios_knl_Task_Module_State_inactiveQ__O                             
20000000  __UNUSED_SRAM_start__                                                     
20000000  ti_sysbios_family_arm_m3_Hwi_ramVectors                                   
20000100  ti_sysbios_knl_Task_Module__state__V                                      
20000144  ti_sysbios_family_arm_m3_Hwi_Module__state__V                             
20000178  ti_sysbios_knl_Clock_Module__state__V                                     
200001a4  ti_sysbios_BIOS_Module__state__V                                          
200001c8  ti_sysbios_knl_Swi_Module__state__V                                       
200001e4  ti_sysbios_family_arm_cc26xx_Timer_Module__state__V                       
200001ec  ti_sysbios_family_arm_cc26xx_TimestampProvider_Module__state__V           
200001f0  xdc_runtime_Startup_Module__state__V                                      
200001f8  xdc_runtime_System_Module__state__V                                       
20000200  xdc_runtime_Memory_Module__state__V                                       
20000204  xdc_runtime_Error_Module__state__V                                        
20000520  ramStartHere                                                              
20000524  previonsMode                                                              
20000525  iExpectedCrc                                                              
20000526  iCurrCmd                                                                  
20000527  NumLastBase                                                               
20000528  currPosBaseTable                                                          
20000529  iCountDisco                                                               
2000052a  bLockEprom                                                                
2000052c  iRecivedLen                                                               
2000052e  iSendedLen                                                                
20000530  iExpectedLen                                                              
20000532  iBuffInLen                                                                
20000534  iBuffOutLen                                                               
20000538  dispHandle                                                                
2000054c  iRssiOld                                                                  
20000550  pBuffIn                                                                   
20000554  pBuffOut                                                                  
20000558  curCmd                                                                    
2000055c  TimeLastBase                                                              
20000560  timeShutdown                                                              
20000564  SoftVersion                                                               
20000570  connectionEventRegisterCauseBitMap                                        
20000618  sbpTask                                                                   
200006c6  cur_tag_settings                                                          
20000752  arBaseTable                                                               
20000850  sbpTaskStack                                                              
20000c50  linkDBNumConns                                                            
20000d64  gapRoleTask                                                               
20000db8  gapRoleTaskStack                                                          
2000104a  metaPage                                                                  
20001510  pinUpperBound                                                             
20001514  pinLowerBound                                                             
200015a8  pinHandleTable                                                            
20001624  PowerCC26XX_module                                                        
20001738  maxR                                                                      
20001739  outR                                                                      
2000173a  maxG                                                                      
2000173b  outG                                                                      
2000173c  maxV                                                                      
2000173d  outV                                                                      
2000173e  iR                                                                        
2000173f  valR                                                                      
20001740  iG                                                                        
20001741  valG                                                                      
20001742  iV                                                                        
20001743  valV                                                                      
20001744  cntR                                                                      
20001745  cntG                                                                      
20001746  cntV                                                                      
20001747  ignoreR                                                                   
20001748  ignoreG                                                                   
20001749  ignoreV                                                                   
2000174a  change_md                                                                 
20001752  run_md_n                                                                  
2000175a  run_md_t                                                                  
20001762  conn_md                                                                   
2000176a  on_pw                                                                     
20001772  off_pw                                                                    
2000177a  simpleblink                                                               
20001786  akk_full                                                                  
20001792  akk_medium                                                                
2000179e  akk_low                                                                   
200017aa  start_st                                                                  
200017b6  finish_st                                                                 
200017c4  redBP                                                                     
200017d0  greenBP                                                                   
200017dc  vibroBP                                                                   
200017e8  normal_st                                                                 
20001800  appKeyChangeHandler                                                       
20001804  hKeyPins                                                                  
20001808  ledPinHandle                                                              
2000180c  ButtonTableWakeUp                                                         
20001814  keyPinsCfg                                                                
20001820  keyPins                                                                   
2000182c  ledPinState                                                               
20001838  ledPinTable                                                               
200018bc  ICall_enterCriticalSection                                                
200018c0  ICall_leaveCriticalSection                                                
200018d0  heapmgrMemFreeTotal                                                       
200018dc  HEAPMGR_SIZE                                                              
200018e0  ICall_dispatcher                                                          
200019c0  CryptoResourceCC26XX_accessSemaphore                                      
200019dc  CryptoResourceCC26XX_operationSemaphore                                   
200019f8  CryptoResourceCC26XX_hwi                                                  
20001a14  ti_sysbios_knl_Task_Object__table__V                                      
20001a60  ti_sysbios_family_arm_cc26xx_Timer_Object__table__V                       
20001aa8  ti_sysbios_hal_SecondsClock_Module__state__V                              
20001ae4  ti_sysbios_gates_GateMutex_Object__table__V                               
20001b1c  rfRegTbl                                                                  
20001b4c  ti_sysbios_knl_Swi_Module_State_0_readyQ__A                               
20001b7c  ti_sysbios_knl_Swi_Object__table__V                                       
20001bac  ti_sysbios_knl_Task_Module_State_0_readyQ__A                              
20001be4  K2_mont                                                                   
20001c24  ti_sysbios_knl_Clock_Object__table__V                                     
20001c44  xdc_runtime_Error_IgnoreBlock                                             
20001c64  ti_sysbios_family_arm_m3_Hwi_Object__table__V                             
20001c7c  stackImageHeader                                                          
20001c80  user0Cfg                                                                  
20001c90  bleAppServiceInfoTable                                                    
20001ca0  rfModeOverride                                                            
20001cb0  ti_sysbios_heaps_HeapCallback_Object__table__V                            
20001cd0  pfnBMAlloc                                                                
20001cd4  pfnBMFree                                                                 
20001cd8  assertSubcause                                                            
20001cd9  legacyMode                                                                
20001cdc  halAssertCback                                                            
20001ce0  _lock                                                                     
20001ce4  _unlock                                                                   
20001ce8  pRfErrCb                                                                  
20001cec  lastAppOpcodeIdxSent                                                      
20001cf0  ti_sysbios_family_arm_cc26xx_Seconds_Module__state__V                     
20001cf8  ti_sysbios_family_arm_m3_Hwi_Module__root__V                              
20001d00  ti_sysbios_gates_GateHwi_Module__root__V                                  
20001d08  ti_sysbios_gates_GateMutex_Module__root__V                                
20001d10  ti_sysbios_hal_Hwi_Module__root__V                                        
20001d18  ti_sysbios_heaps_HeapCallback_Module__root__V                             
20001d20  ti_sysbios_heaps_HeapMem_Module__root__V                                  
20001d28  ti_sysbios_knl_Clock_Module__root__V                                      
20001d30  ti_sysbios_knl_Event_Module__root__V                                      
20001d38  ti_sysbios_knl_Mailbox_Module__root__V                                    
20001d40  ti_sysbios_knl_Queue_Module__root__V                                      
20001d48  ti_sysbios_knl_Semaphore_Module__root__V                                  
20001d50  ti_sysbios_knl_Swi_Module__root__V                                        
20001d58  ti_sysbios_knl_Task_Module__root__V                                       
20001d60  xdc_runtime_Registry_Module__state__V                                     
20001d68  appAssertCback                                                            
20001d70  main_func_sp                                                              
20001d74  ti_sysbios_family_arm_m3_Hwi_Module_State_0_excContext__A                 
20001d78  ti_sysbios_family_arm_m3_Hwi_Module_State_0_excStack__A                   
20001d7c  ti_sysbios_knl_Task_Module_State_0_idleTask__A                            
20001d80  ti_sysbios_family_arm_m3_Hwi_Module_State_0_excActive__A                  
20002128  ti_sysbios_knl_Task_Instance_State_0_stack__A                             
20002328  spiCC26XXDMAObjects                                                       
200024f0  uartCC26XXObjects                                                         
2000261c  crcBuf                                                                    
2000271c  adcCC26xxObjects                                                          
200027f8  ti_sysbios_family_arm_m3_Hwi_dispatchTable                                
20002940  cryptoCC26XXObjects                                                       
20002980  uartCC26XXRingBuffer                                                      
200029a0  udmaObjects                                                               
200029f8  displayUartObject                                                         
20002a04  PowerCC26XX_taskKey                                                       
20002a08  PowerCC26XX_swiKey                                                        
20002a14  ClockP_tickPeriod                                                         
20002a18  trngCC26XXObjects                                                         
20002a1e  driverlib_release_0_54539                                                 
20002a1f  heapStart                                                                 
20003b48  __stack                                                                   
20003b48  heapEnd                                                                   
20003f48  __STACK_END                                                               
20003f48  __STACK_TOP                                                               
20004f80  eccRom_param_Gx                                                           
20004f84  eccRom_param_Gy                                                           
20004f88  eccRom_workzone                                                           
20004f8c  eccRom_param_p                                                            
20004f90  eccRom_param_r                                                            
20004f94  eccRom_param_a                                                            
20004f98  eccRom_param_b                                                            
20004f9c  eccRom_windowSize                                                         
20005000  __UNUSED_SRAM_end__                                                       
e000e000  ti_sysbios_family_arm_m3_Hwi_nvic                                         
ffffffff  __TI_pprof_out_hndl                                                       
ffffffff  __TI_prof_data_size                                                       
ffffffff  __TI_prof_data_start                                                      
ffffffff  __binit__                                                                 
ffffffff  __c_args__                                                                
ffffffff  binit                                                                     
UNDEFED   SHT$$INIT_ARRAY$$Base                                                     
UNDEFED   SHT$$INIT_ARRAY$$Limit                                                    

[1222 symbols]
